Component: Arm Compiler for Embedded 6.21 Tool: armlink [5ec1fa00]

==============================================================================

Section Cross References

    main.o(.text.main) refers to system_config.o(.text.SysClockConfig) for SysClockConfig
    main.o(.text.main) refers to uart.o(.text.Uart2Init) for Uart2Init
    main.o(.text.main) refers to uart.o(.text.Uart6Init) for Uart6Init
    main.o(.text.main) refers to delay.o(.text.TIM5Config) for TIM5Config
    main.o(.text.main) refers to led.o(.text.GPIO_Config) for GPIO_Config
    main.o(.text.main) refers to system_config.o(.text.Sys_PowerMode_Config) for Sys_PowerMode_Config
    main.o(.text.main) refers to system_config.o(.data.oscillation_button_time) for oscillation_button_time
    main.o(.text.main) refers to system_config.o(.text.Timer2InterruptInit) for Timer2InterruptInit
    main.o(.text.main) refers to system_config.o(.text.Timer2InterruptEnable) for Timer2InterruptEnable
    main.o(.text.main) refers to led.o(.text.Testing_Toggle_4Led) for Testing_Toggle_4Led
    main.o(.text.main) refers to angles_estimation.o(.data.T) for T
    main.o(.text.main) refers to angles_estimation.o(.text.Timer3InterruptInit) for Timer3InterruptInit
    main.o(.text.main) refers to gyro.o(.text.GyroInit) for GyroInit
    main.o(.text.main) refers to accelerometer.o(.text.AccelerometerInit) for AccelerometerInit
    main.o(.text.main) refers to motor_pwm.o(.text.o_Motor_Initialization_o) for o_Motor_Initialization_o
    main.o(.text.main) refers to displaydata.o(.text.PrintConsole) for PrintConsole
    main.o(.text.main) refers to system_config.o(.text.getSystemClockSpeed) for getSystemClockSpeed
    main.o(.text.main) refers to system_config.o(.bss.power_on) for power_on
    main.o(.text.main) refers to system_config.o(.bss.count) for count
    main.o(.text.main) refers to led.o(.text.Power_On) for Power_On
    main.o(.ARM.exidx.text.main) refers to main.o(.text.main) for [Anonymous Symbol]
    system_config.o(.ARM.exidx.text.SysClockConfig) refers to system_config.o(.text.SysClockConfig) for [Anonymous Symbol]
    system_config.o(.ARM.exidx.text.Sys_PowerMode_Config) refers to system_config.o(.text.Sys_PowerMode_Config) for [Anonymous Symbol]
    system_config.o(.text.TIM2_IRQHandler) refers to system_config.o(.bss.button_pressed) for button_pressed
    system_config.o(.text.TIM2_IRQHandler) refers to system_config.o(.bss.power_on) for power_on
    system_config.o(.ARM.exidx.text.TIM2_IRQHandler) refers to system_config.o(.text.TIM2_IRQHandler) for [Anonymous Symbol]
    system_config.o(.text.EXTI1_IRQHandler) refers to system_config.o(.bss.button_pressed) for button_pressed
    system_config.o(.ARM.exidx.text.EXTI1_IRQHandler) refers to system_config.o(.text.EXTI1_IRQHandler) for [Anonymous Symbol]
    system_config.o(.text.getSystemClockSpeed) refers to system_config.o(.rodata.cst32) for .Lswitch.table.convertPPRE
    system_config.o(.text.getSystemClockSpeed) refers to uart.o(.text.SendString) for SendString
    system_config.o(.text.getSystemClockSpeed) refers to system_config.o(.rodata.str1.1) for .L.str.1
    system_config.o(.text.getSystemClockSpeed) refers to displaydata.o(.text.PrintConsole) for PrintConsole
    system_config.o(.ARM.exidx.text.getSystemClockSpeed) refers to system_config.o(.text.getSystemClockSpeed) for [Anonymous Symbol]
    system_config.o(.text.convertPPRE) refers to system_config.o(.rodata.cst32) for .Lswitch.table.convertPPRE
    system_config.o(.ARM.exidx.text.convertPPRE) refers to system_config.o(.text.convertPPRE) for [Anonymous Symbol]
    system_config.o(.ARM.exidx.text.Timer2InterruptEnable) refers to system_config.o(.text.Timer2InterruptEnable) for [Anonymous Symbol]
    system_config.o(.ARM.exidx.text.Timer2InterruptDisable) refers to system_config.o(.text.Timer2InterruptDisable) for [Anonymous Symbol]
    system_config.o(.text.Timer2InterruptInit) refers to system_config.o(.text.getSystemClockSpeed) for getSystemClockSpeed
    system_config.o(.text.Timer2InterruptInit) refers to dflt_clz.o(x$fpl$dfltu) for __aeabi_ui2d
    system_config.o(.text.Timer2InterruptInit) refers to displaydata.o(.text.PrintConsole) for PrintConsole
    system_config.o(.text.Timer2InterruptInit) refers to ddiv.o(x$fpl$ddiv) for __aeabi_ddiv
    system_config.o(.ARM.exidx.text.Timer2InterruptInit) refers to system_config.o(.text.Timer2InterruptInit) for [Anonymous Symbol]
    delay.o(.ARM.exidx.text.TIM5Config) refers to delay.o(.text.TIM5Config) for [Anonymous Symbol]
    delay.o(.ARM.exidx.text.delay_us) refers to delay.o(.text.delay_us) for [Anonymous Symbol]
    delay.o(.ARM.exidx.text.delay_ms) refers to delay.o(.text.delay_ms) for [Anonymous Symbol]
    led.o(.ARM.exidx.text.GPIO_Config) refers to led.o(.text.GPIO_Config) for [Anonymous Symbol]
    led.o(.text.Led_Trigger) refers to delay.o(.text.delay_ms) for delay_ms
    led.o(.ARM.exidx.text.Led_Trigger) refers to led.o(.text.Led_Trigger) for [Anonymous Symbol]
[...]
    .ARM.Collect$$rtentry$$0000000D          0x080002fa   Section        8  __rtentry2.o(.ARM.Collect$$rtentry$$0000000D)
    .ARM.Collect$$rtexit$$00000000           0x08000302   Section        2  rtexit.o(.ARM.Collect$$rtexit$$00000000)
    .ARM.Collect$$rtexit$$00000002           0x08000304   Section        0  rtexit2.o(.ARM.Collect$$rtexit$$00000002)
    .ARM.Collect$$rtexit$$00000003           0x08000304   Section        4  rtexit2.o(.ARM.Collect$$rtexit$$00000003)
    .ARM.Collect$$rtexit$$00000004           0x08000308   Section        6  rtexit2.o(.ARM.Collect$$rtexit$$00000004)
    $v0                                      0x08000310   Number         0  startup_stm32f411xe.o(.text)
    .text                                    0x08000310   Section       64  startup_stm32f411xe.o(.text)
    .text                                    0x08000350   Section        0  vsnprintf.o(.text)
    .text                                    0x0800038c   Section        0  __2snprintf.o(.text)
    .text                                    0x080003cc   Section        0  _printf_str.o(.text)
    .text                                    0x08000420   Section        0  __printf_flags_ss_wp.o(.text)
    .text                                    0x080005a8   Section        0  heapauxi.o(.text)
    .text                                    0x080005ae   Section        0  _rserrno.o(.text)
    .text                                    0x080005c4   Section        0  _printf_pad.o(.text)
    .text                                    0x08000612   Section        0  _printf_truncate.o(.text)
    .text                                    0x08000638   Section        0  _printf_dec.o(.text)
    .text                                    0x080006b0   Section        0  _printf_charcount.o(.text)
    _fp_digits                               0x080006d9   Thumb Code   432  _printf_fp_dec.o(.text)
    .text                                    0x080006d8   Section        0  _printf_fp_dec.o(.text)
    _printf_input_char                       0x08000af5   Thumb Code    10  _printf_char_common.o(.text)
    .text                                    0x08000af4   Section        0  _printf_char_common.o(.text)
    .text                                    0x08000b24   Section        0  _snputc.o(.text)
    .text                                    0x08000b34   Section        0  _printf_char.o(.text)
    .text                                    0x08000b60   Section        0  _printf_wctomb.o(.text)
    .text                                    0x08000c1c   Section        0  _printf_longlong_dec.o(.text)
    _printf_longlong_oct_internal            0x08000c99   Thumb Code     0  _printf_oct_int_ll.o(.text)
    .text                                    0x08000c98   Section        0  _printf_oct_int_ll.o(.text)
    _printf_hex_common                       0x08000d09   Thumb Code     0  _printf_hex_int_ll_ptr.o(.text)
    .text                                    0x08000d08   Section        0  _printf_hex_int_ll_ptr.o(.text)
    .text                                    0x08000d9c   Section        8  rt_locale_intlibspace.o(.text)
    .text                                    0x08000da4   Section        8  rt_errno_addr_intlibspace.o(.text)
    .text                                    0x08000dac   Section      138  lludiv10.o(.text)
    .text                                    0x08000e36   Section        0  _printf_intcommon.o(.text)
    .text                                    0x08000ee8   Section        0  _printf_fp_hex.o(.text)
    .text                                    0x080011e4   Section        0  _printf_fp_infnan.o(.text)
    .text                                    0x08001264   Section        0  _printf_wchar.o(.text)
    .text                                    0x08001290   Section        0  bigflt0.o(.text)
    .text                                    0x08001374   Section        0  _c16rtomb.o(.text)
    .text                                    0x080013bc   Section        8  libspace.o(.text)
    .text                                    0x080013c4   Section       74  sys_stackheap_outer.o(.text)
    .text                                    0x08001410   Section       16  rt_ctype_table.o(.text)
    .text                                    0x08001420   Section        0  exit.o(.text)
    .text                                    0x08001438   Section      124  strcmpv7em.o(.text)
    .text                                    0x080014b4   Section        0  sys_exit.o(.text)
    .text                                    0x080014c0   Section        2  use_no_semi.o(.text)
    .text                                    0x080014c2   Section        0  indicate_semi.o(.text)
    [Anonymous Symbol]                       0x080014c4   Section        0  accelerometer.o(.text.AccelerometerInit)
    [Anonymous Symbol]                       0x080015fc   Section        0  displaydata.o(.text.ApplyLevel)
    [Anonymous Symbol]                       0x08001638   Section        0  uart.o(.text.DMA1_Stream5_IRQHandler)
    [Anonymous Symbol]                       0x08001660   Section        0  uart.o(.text.DMA1_Stream6_IRQHandler)
    [Anonymous Symbol]                       0x08001694   Section        0  uart.o(.text.DMA2_Stream1_IRQHandler)
    [Anonymous Symbol]                       0x080016bc   Section        0  uart.o(.text.DMA2_Stream6_IRQHandler)
    [Anonymous Symbol]                       0x080016f0   Section        0  displaydata.o(.text.DisplayAxisValues)
    [Anonymous Symbol]                       0x08001900   Section        0  system_config.o(.text.EXTI1_IRQHandler)
    [Anonymous Symbol]                       0x08001928   Section        0  led.o(.text.GPIO_Config)
    [Anonymous Symbol]                       0x08001964   Section        0  accelerometer.o(.text.GetAccelerometerValues)
    [Anonymous Symbol]                       0x080019b0   Section        0  angles_estimation.o(.text.GetAccelerometerValuesInMS2)
    [Anonymous Symbol]                       0x08001aa4   Section        0  gyro.o(.text.GetAxisValue)
    [Anonymous Symbol]                       0x08001b84   Section        0  gyro.o(.text.GetGyroValues)
    [Anonymous Symbol]                       0x08001bac   Section        0  gyro.o(.text.GetGyroY)
    [Anonymous Symbol]                       0x08001bc0   Section        0  angles_estimation.o(.text.GetPhiAcc_deg)
    [Anonymous Symbol]                       0x08001c28   Section        0  angles_estimation.o(.text.GetThetaAcc_deg)
    [Anonymous Symbol]                       0x08001c90   Section        0  gyro.o(.text.GyroInit)
    [Anonymous Symbol]                       0x08001dac   Section        0  led.o(.text.Led_Trigger)
    [Anonymous Symbol]                       0x08001dc8   Section        0  led.o(.text.Power_On)
    [Anonymous Symbol]                       0x08001de0   Section        0  displaydata.o(.text.PrintConsole)
    [Anonymous Symbol]                       0x08001e24   Section        0  accelerometer.o(.text.ReadFromAccelerometer)
    [Anonymous Symbol]                       0x08001ea8   Section        0  uart.o(.text.SendString)
    [Anonymous Symbol]                       0x08001f10   Section        0  system_config.o(.text.SysClockConfig)
    [Anonymous Symbol]                       0x08001f98   Section        0  system_config.o(.text.Sys_PowerMode_Config)
    [Anonymous Symbol]                       0x08002054   Section        0  system_stm32f4xx.o(.text.SystemInit)
    [Anonymous Symbol]                       0x08002068   Section        0  system_config.o(.text.TIM2_IRQHandler)
    [Anonymous Symbol]                       0x080020a0   Section        0  angles_estimation.o(.text.TIM3_IRQHandler)
    [Anonymous Symbol]                       0x080021d8   Section        0  delay.o(.text.TIM5Config)
    [Anonymous Symbol]                       0x0800220c   Section        0  led.o(.text.Testing_Toggle_4Led)
    [Anonymous Symbol]                       0x0800228c   Section        0  system_config.o(.text.Timer2InterruptEnable)
    [Anonymous Symbol]                       0x080022a0   Section        0  system_config.o(.text.Timer2InterruptInit)
    [Anonymous Symbol]                       0x08002438   Section        0  angles_estimation.o(.text.Timer3InterruptInit)
    [Anonymous Symbol]                       0x080025a8   Section        0  uart.o(.text.USART2_IRQHandler)
    [Anonymous Symbol]                       0x080025d0   Section        0  uart.o(.text.USART6_IRQHandler)
    [Anonymous Symbol]                       0x080025f8   Section        0  uart.o(.text.Uart2Init)
    [Anonymous Symbol]                       0x080026cc   Section        0  uart.o(.text.Uart6Init)
    [Anonymous Symbol]                       0x080027a0   Section        0  delay.o(.text.delay_ms)
    [Anonymous Symbol]                       0x080027c8   Section        0  system_config.o(.text.getSystemClockSpeed)
    [Anonymous Symbol]                       0x080029ac   Section        0  main.o(.text.main)
    [Anonymous Symbol]                       0x08002a40   Section        0  motor_pwm.o(.text.o_Motor_Initialization_o)
    CL$$btod_d2e                             0x08002b00   Section       62  btod.o(CL$$btod_d2e)
    CL$$btod_d2e_denorm_low                  0x08002b3e   Section       70  btod.o(CL$$btod_d2e_denorm_low)
    CL$$btod_d2e_norm_op1                    0x08002b84   Section       96  btod.o(CL$$btod_d2e_norm_op1)
    CL$$btod_div_common                      0x08002be4   Section      824  btod.o(CL$$btod_div_common)
    CL$$btod_e2e                             0x08002f1c   Section      220  btod.o(CL$$btod_e2e)
    CL$$btod_ediv                            0x08002ff8   Section       42  btod.o(CL$$btod_ediv)
    CL$$btod_emul                            0x08003022   Section       42  btod.o(CL$$btod_emul)
    CL$$btod_mult_common                     0x0800304c   Section      580  btod.o(CL$$btod_mult_common)
    i.__ARM_fpclassify                       0x08003290   Section        0  fpclassify.o(i.__ARM_fpclassify)
    i.__hardfp_asin                          0x080032c0   Section        0  asin.o(i.__hardfp_asin)
    i.__hardfp_atan                          0x08003620   Section        0  atan.o(i.__hardfp_atan)
    i.__kernel_poly                          0x080038f8   Section        0  poly.o(i.__kernel_poly)
    i.__mathlib_dbl_infnan                   0x080039f0   Section        0  dunder.o(i.__mathlib_dbl_infnan)
    i.__mathlib_dbl_invalid                  0x08003a08   Section        0  dunder.o(i.__mathlib_dbl_invalid)
    i.__mathlib_dbl_underflow                0x08003a28   Section        0  dunder.o(i.__mathlib_dbl_underflow)
    i._is_digit                              0x08003a48   Section        0  __printf_wp.o(i._is_digit)
    i.fabs                                   0x08003a56   Section        0  fabs.o(i.fabs)
    i.sqrt                                   0x08003a6e   Section        0  sqrt.o(i.sqrt)
    locale$$code                             0x08003adc   Section       44  lc_numeric_c.o(locale$$code)
    locale$$code                             0x08003b08   Section       44  lc_ctype_c.o(locale$$code)
    $v0                                      0x08003b34   Number         0  basic.o(x$fpl$basic)
    x$fpl$basic                              0x08003b34   Section       24  basic.o(x$fpl$basic)
    $v0                                      0x08003b4c   Number         0  d2f.o(x$fpl$d2f)
    x$fpl$d2f                                0x08003b4c   Section       98  d2f.o(x$fpl$d2f)
    $v0                                      0x08003bb0   Number         0  daddsub_clz.o(x$fpl$dadd)
    x$fpl$dadd                               0x08003bb0   Section      336  daddsub_clz.o(x$fpl$dadd)
    _dadd1                                   0x08003bc1   Thumb Code     0  daddsub_clz.o(x$fpl$dadd)
    $v0                                      0x08003d00   Number         0  ddiv.o(x$fpl$ddiv)
    x$fpl$ddiv                               0x08003d00   Section      692  ddiv.o(x$fpl$ddiv)
    ddiv_entry                               0x08003d07   Thumb Code     0  ddiv.o(x$fpl$ddiv)
    $v0                                      0x08003fb4   Number         0  dflt_clz.o(x$fpl$dflt)
    x$fpl$dflt                               0x08003fb4   Section       46  dflt_clz.o(x$fpl$dflt)
    $v0                                      0x08003fe2   Number         0  dflt_clz.o(x$fpl$dfltu)
    x$fpl$dfltu                              0x08003fe2   Section       38  dflt_clz.o(x$fpl$dfltu)
    $v0                                      0x08004008   Number         0  dmul.o(x$fpl$dmul)
    x$fpl$dmul                               0x08004008   Section      340  dmul.o(x$fpl$dmul)
    $v0                                      0x0800415c   Number         0  dnaninf.o(x$fpl$dnaninf)
    x$fpl$dnaninf                            0x0800415c   Section      156  dnaninf.o(x$fpl$dnaninf)
    $v0                                      0x080041f8   Number         0  dretinf.o(x$fpl$dretinf)
    x$fpl$dretinf                            0x080041f8   Section       12  dretinf.o(x$fpl$dretinf)
    $v0                                      0x08004204   Number         0  daddsub_clz.o(x$fpl$drsb)
    x$fpl$drsb                               0x08004204   Section       22  daddsub_clz.o(x$fpl$drsb)
    $v0                                      0x0800421c   Number         0  dsqrt_umaal.o(x$fpl$dsqrt)
    x$fpl$dsqrt                              0x0800421c   Section      408  dsqrt_umaal.o(x$fpl$dsqrt)
    $v0                                      0x080043b4   Number         0  daddsub_clz.o(x$fpl$dsub)
    x$fpl$dsub                               0x080043b4   Section      476  daddsub_clz.o(x$fpl$dsub)
    _dsub1                                   0x080043c5   Thumb Code     0  daddsub_clz.o(x$fpl$dsub)
    $v0                                      0x08004590   Number         0  f2d.o(x$fpl$f2d)
    x$fpl$f2d                                0x08004590   Section       86  f2d.o(x$fpl$f2d)
    $v0                                      0x080045e6   Number         0  fnaninf.o(x$fpl$fnaninf)
    x$fpl$fnaninf                            0x080045e6   Section      140  fnaninf.o(x$fpl$fnaninf)
    $v0                                      0x08004672   Number         0  fpinit.o(x$fpl$fpinit)
    x$fpl$fpinit                             0x08004672   Section       26  fpinit.o(x$fpl$fpinit)
    $v0                                      0x0800468c   Number         0  fretinf.o(x$fpl$fretinf)
    x$fpl$fretinf                            0x0800468c   Section       10  fretinf.o(x$fpl$fretinf)
    $v0                                      0x08004696   Number         0  printf1.o(x$fpl$printf1)
    x$fpl$printf1                            0x08004696   Section        4  printf1.o(x$fpl$printf1)
    $v0                                      0x0800469a   Number         0  printf2.o(x$fpl$printf2)
    x$fpl$printf2                            0x0800469a   Section        4  printf2.o(x$fpl$printf2)
    maptable                                 0x0800469e   Data          17  __printf_flags_ss_wp.o(.constdata)
    .constdata                               0x0800469e   Section       17  __printf_flags_ss_wp.o(.constdata)
    x$fpl$usenofp                            0x0800469e   Section        0  usenofp.o(x$fpl$usenofp)
    pS                                       0x080046b0   Data          48  asin.o(.constdata)
    .constdata                               0x080046b0   Section       80  asin.o(.constdata)
    qS                                       0x080046e0   Data          32  asin.o(.constdata)
    atanhi                                   0x08004700   Data          32  atan.o(.constdata)
    .constdata                               0x08004700   Section      152  atan.o(.constdata)
    atanlo                                   0x08004720   Data          32  atan.o(.constdata)
    aTodd                                    0x08004740   Data          40  atan.o(.constdata)
    aTeven                                   0x08004768   Data          48  atan.o(.constdata)
    initial_mbstate                          0x08004798   Data           8  _printf_wctomb.o(.constdata)
    .constdata                               0x08004798   Section        8  _printf_wctomb.o(.constdata)
    uc_hextab                                0x080047a0   Data          20  _printf_hex_int_ll_ptr.o(.constdata)
    .constdata                               0x080047a0   Section       40  _printf_hex_int_ll_ptr.o(.constdata)
    lc_hextab                                0x080047b4   Data          20  _printf_hex_int_ll_ptr.o(.constdata)
    lc_hextab                                0x080047c8   Data          19  _printf_fp_hex.o(.constdata)
    .constdata                               0x080047c8   Section       38  _printf_fp_hex.o(.constdata)
    uc_hextab                                0x080047db   Data          19  _printf_fp_hex.o(.constdata)
    tenpwrs_x                                0x080047f0   Data          60  bigflt0.o(.constdata)
    .constdata                               0x080047f0   Section      148  bigflt0.o(.constdata)
    tenpwrs_i                                0x0800482c   Data          64  bigflt0.o(.constdata)
    .Lswitch.table.convertPPRE               0x08004884   Data          32  system_config.o(.rodata.cst32)
    .L.str.3                                 0x080048a4   Data          23  system_config.o(.rodata.str1.1)
    [Anonymous Symbol]                       0x080048a4   Section        0  system_config.o(.rodata.str1.1)
    .L.str.4                                 0x080048bb   Data          23  system_config.o(.rodata.str1.1)
    .L.str.1                                 0x080048d2   Data          45  system_config.o(.rodata.str1.1)
    .L.str.2                                 0x080048ff   Data          24  system_config.o(.rodata.str1.1)
    .L.str.8                                 0x08004915   Data           2  system_config.o(.rodata.str1.1)
    [Anonymous Symbol]                       0x08004917   Section        0  displaydata.o(.rodata.str1.1)
    .L.str.6                                 0x08004940   Data           4  displaydata.o(.rodata.str1.1)
    .L.str.7                                 0x0800494a   Data           2  displaydata.o(.rodata.str1.1)
    locale$$data                             0x0800496c   Section       28  lc_numeric_c.o(locale$$data)
    __lcnum_c_name                           0x08004970   Data           2  lc_numeric_c.o(locale$$data)
    __lcnum_c_start                          0x08004978   Data           0  lc_numeric_c.o(locale$$data)
    __lcnum_c_point                          0x08004984   Data           0  lc_numeric_c.o(locale$$data)
    __lcnum_c_thousands                      0x08004986   Data           0  lc_numeric_c.o(locale$$data)
    __lcnum_c_grouping                       0x08004987   Data           0  lc_numeric_c.o(locale$$data)
    __lcnum_c_end                            0x08004988   Data           0  lc_numeric_c.o(locale$$data)
    locale$$data                             0x08004988   Section      272  lc_ctype_c.o(locale$$data)
    __lcctype_c_name                         0x0800498c   Data           2  lc_ctype_c.o(locale$$data)
    __lcctype_c_start                        0x08004994   Data           0  lc_ctype_c.o(locale$$data)
    __lcctype_c_end                          0x08004a98   Data           0  lc_ctype_c.o(locale$$data)
    .bss                                     0x20000008   Section       96  libspace.o(.bss)
    Heap_Mem                                 0x20001038   Data         512  startup_stm32f411xe.o(HEAP)
    HEAP                                     0x20001038   Section      512  startup_stm32f411xe.o(HEAP)
    Stack_Mem                                0x20001238   Data        1024  startup_stm32f411xe.o(STACK)
    STACK                                    0x20001238   Section     1024  startup_stm32f411xe.o(STACK)
    __initial_sp                             0x20001638   Data           0  startup_stm32f411xe.o(STACK)

    Global Symbols

    Symbol Name                              Value     Ov Type        Size  Object(Section)

    BuildAttributes$$THM_ISAv4$E$P$D$K$B$S$7EM$VFPi3$EXTD16$VFPS$VFMA$PE$A:L22UL41UL21$X:L11$S22US41US21$IEEE1$IW$~IW$USESV6$~STKCKD$USESV7$~SHL$OTIME$ROPI$IEEEX$EBA8$UX$STANDARDLIB$REQ8$PRES8$EABIv2 0x00000000   Number         0  anon$$obj.o ABSOLUTE
    _printf_flags                            0x00000000   Number         0  printf_stubs.o ABSOLUTE
    _printf_return_value                     0x00000000   Number         0  printf_stubs.o ABSOLUTE
    _printf_sizespec                         0x00000000   Number         0  printf_stubs.o ABSOLUTE
    _printf_widthprec                        0x00000000   Number         0  printf_stubs.o ABSOLUTE
    __ARM_exceptions_init                     - Undefined Weak Reference
    __alloca_initialize                       - Undefined Weak Reference
    __arm_preinit_                            - Undefined Weak Reference
    __arm_relocate_pie_                       - Undefined Weak Reference
    __cpp_initialize__aeabi_                  - Undefined Weak Reference
    __cxa_finalize                            - Undefined Weak Reference
    __sigvec_lookup                           - Undefined Weak Reference
    _atexit_init                              - Undefined Weak Reference
    _call_atexit_fns                          - Undefined Weak Reference
    _clock_init                               - Undefined Weak Reference
    _fp_trap_init                             - Undefined Weak Reference
    _fp_trap_shutdown                         - Undefined Weak Reference
    _get_lc_collate                           - Undefined Weak Reference
    _get_lc_monetary                          - Undefined Weak Reference
    _get_lc_time                              - Undefined Weak Reference
    _getenv_init                              - Undefined Weak Reference
    _handle_redirection                       - Undefined Weak Reference
    _init_alloc                               - Undefined Weak Reference
    _init_user_alloc                          - Undefined Weak Reference
    _initio                                   - Undefined Weak Reference
    _printf_mbtowc                            - Undefined Weak Reference
    _printf_wc                                - Undefined Weak Reference
    _rand_init                                - Undefined Weak Reference
    _signal_finish                            - Undefined Weak Reference
    _signal_init                              - Undefined Weak Reference
    _terminate_alloc                          - Undefined Weak Reference
    _terminate_user_alloc                     - Undefined Weak Reference
    _terminateio                              - Undefined Weak Reference
    __Vectors_Size                           0x00000198   Number         0  startup_stm32f411xe.o ABSOLUTE
    __Vectors                                0x08000000   Data           4  startup_stm32f411xe.o(RESET)
    __Vectors_End                            0x08000198   Data           0  startup_stm32f411xe.o(RESET)
    __main                                   0x08000199   Thumb Code     8  __main.o(!!!main)
    __scatterload                            0x080001a1   Thumb Code     0  __scatter.o(!!!scatter)
    __scatterload_rt2                        0x080001a1   Thumb Code    84  __scatter.o(!!!scatter)
    __scatterload_rt2_thumb_only             0x080001a1   Thumb Code     0  __scatter.o(!!!scatter)
    __scatterload_loop                       0x080001ab   Thumb Code     0  __scatter.o(!!!scatter)
    __scatterload_copy                       0x080001fd   Thumb Code    26  __scatter_copy.o(!!handler_copy)
    __scatterload_null                       0x08000219   Thumb Code     2  __scatter.o(!!handler_null)
    __scatterload_zeroinit                   0x0800021d   Thumb Code    28  __scatter_zi.o(!!handler_zi)
    _printf_n                                0x08000239   Thumb Code     0  _printf_n.o(.ARM.Collect$$_printf_percent$$00000001)
    _printf_percent                          0x08000239   Thumb Code     0  _printf_percent.o(.ARM.Collect$$_printf_percent$$00000000)
    _printf_p                                0x0800023f   Thumb Code     0  _printf_p.o(.ARM.Collect$$_printf_percent$$00000002)
    _printf_f                                0x08000245   Thumb Code     0  _printf_f.o(.ARM.Collect$$_printf_percent$$00000003)
    _printf_e                                0x0800024b   Thumb Code     0  _printf_e.o(.ARM.Collect$$_printf_percent$$00000004)
    _printf_g                                0x08000251   Thumb Code     0  _printf_g.o(.ARM.Collect$$_printf_percent$$00000005)
    _printf_a                                0x08000257   Thumb Code     0  _printf_a.o(.ARM.Collect$$_printf_percent$$00000006)
    _printf_ll                               0x0800025d   Thumb Code     0  _printf_ll.o(.ARM.Collect$$_printf_percent$$00000007)
    _printf_i                                0x08000267   Thumb Code     0  _printf_i.o(.ARM.Collect$$_printf_percent$$00000008)
    _printf_d                                0x0800026d   Thumb Code     0  _printf_d.o(.ARM.Collect$$_printf_percent$$00000009)
    _printf_u                                0x08000273   Thumb Code     0  _printf_u.o(.ARM.Collect$$_printf_percent$$0000000A)
    _printf_o                                0x08000279   Thumb Code     0  _printf_o.o(.ARM.Collect$$_printf_percent$$0000000B)
    _printf_x                                0x0800027f   Thumb Code     0  _printf_x.o(.ARM.Collect$$_printf_percent$$0000000C)
    _printf_lli                              0x08000285   Thumb Code     0  _printf_lli.o(.ARM.Collect$$_printf_percent$$0000000D)
    _printf_lld                              0x0800028b   Thumb Code     0  _printf_lld.o(.ARM.Collect$$_printf_percent$$0000000E)
    _printf_llu                              0x08000291   Thumb Code     0  _printf_llu.o(.ARM.Collect$$_printf_percent$$0000000F)
    _printf_llo                              0x08000297   Thumb Code     0  _printf_llo.o(.ARM.Collect$$_printf_percent$$00000010)
    _printf_llx                              0x0800029d   Thumb Code     0  _printf_llx.o(.ARM.Collect$$_printf_percent$$00000011)
    _printf_l                                0x080002a3   Thumb Code     0  _printf_l.o(.ARM.Collect$$_printf_percent$$00000012)
    _printf_c                                0x080002ad   Thumb Code     0  _printf_c.o(.ARM.Collect$$_printf_percent$$00000013)
    _printf_s                                0x080002b3   Thumb Code     0  _printf_s.o(.ARM.Collect$$_printf_percent$$00000014)
    _printf_lc                               0x080002b9   Thumb Code     0  _printf_lc.o(.ARM.Collect$$_printf_percent$$00000015)
    _printf_ls                               0x080002bf   Thumb Code     0  _printf_ls.o(.ARM.Collect$$_printf_percent$$00000016)
    _printf_percent_end                      0x080002c5   Thumb Code     0  _printf_percent_end.o(.ARM.Collect$$_printf_percent$$00000017)
    __rt_lib_init                            0x080002c9   Thumb Code     0  libinit.o(.ARM.Collect$$libinit$$00000000)
    __rt_lib_init_fp_1                       0x080002cb   Thumb Code     0  libinit2.o(.ARM.Collect$$libinit$$00000001)
    __rt_lib_init_heap_1                     0x080002cf   Thumb Code     0  libinit2.o(.ARM.Collect$$libinit$$0000000C)
    __rt_lib_init_lc_common                  0x080002cf   Thumb Code     0  libinit2.o(.ARM.Collect$$libinit$$00000011)
    __rt_lib_init_preinit_1                  0x080002cf   Thumb Code     0  libinit2.o(.ARM.Collect$$libinit$$00000006)
    __rt_lib_init_rand_1                     0x080002cf   Thumb Code     0  libinit2.o(.ARM.Collect$$libinit$$00000010)
    __rt_lib_init_relocate_pie_1             0x080002cf   Thumb Code     0  libinit2.o(.ARM.Collect$$libinit$$00000004)
    __rt_lib_init_user_alloc_1               0x080002cf   Thumb Code     0  libinit2.o(.ARM.Collect$$libinit$$0000000E)
    __rt_lib_init_lc_collate_1               0x080002d5   Thumb Code     0  libinit2.o(.ARM.Collect$$libinit$$00000013)
    __rt_lib_init_lc_ctype_2                 0x080002d5   Thumb Code     0  libinit2.o(.ARM.Collect$$libinit$$00000014)
    __rt_lib_init_lc_ctype_1                 0x080002e1   Thumb Code     0  libinit2.o(.ARM.Collect$$libinit$$00000015)
    __rt_lib_init_lc_monetary_1              0x080002e1   Thumb Code     0  libinit2.o(.ARM.Collect$$libinit$$00000017)
    __rt_lib_init_lc_numeric_2               0x080002e1   Thumb Code     0  libinit2.o(.ARM.Collect$$libinit$$00000018)
    __rt_lib_init_alloca_1                   0x080002eb   Thumb Code     0  libinit2.o(.ARM.Collect$$libinit$$00000030)
    __rt_lib_init_argv_1                     0x080002eb   Thumb Code     0  libinit2.o(.ARM.Collect$$libinit$$0000002E)
    __rt_lib_init_atexit_1                   0x080002eb   Thumb Code     0  libinit2.o(.ARM.Collect$$libinit$$0000001D)
    __rt_lib_init_clock_1                    0x080002eb   Thumb Code     0  libinit2.o(.ARM.Collect$$libinit$$00000023)
    __rt_lib_init_cpp_1                      0x080002eb   Thumb Code     0  libinit2.o(.ARM.Collect$$libinit$$00000034)
    __rt_lib_init_exceptions_1               0x080002eb   Thumb Code     0  libinit2.o(.ARM.Collect$$libinit$$00000032)
    __rt_lib_init_fp_trap_1                  0x080002eb   Thumb Code     0  libinit2.o(.ARM.Collect$$libinit$$00000021)
    __rt_lib_init_getenv_1                   0x080002eb   Thumb Code     0  libinit2.o(.ARM.Collect$$libinit$$00000025)
    __rt_lib_init_lc_numeric_1               0x080002eb   Thumb Code     0  libinit2.o(.ARM.Collect$$libinit$$00000019)
    __rt_lib_init_lc_time_1                  0x080002eb   Thumb Code     0  libinit2.o(.ARM.Collect$$libinit$$0000001B)
    __rt_lib_init_return                     0x080002eb   Thumb Code     0  libinit2.o(.ARM.Collect$$libinit$$00000035)
    __rt_lib_init_signal_1                   0x080002eb   Thumb Code     0  libinit2.o(.ARM.Collect$$libinit$$0000001F)
    __rt_lib_init_stdio_1                    0x080002eb   Thumb Code     0  libinit2.o(.ARM.Collect$$libinit$$00000027)
    __rt_lib_shutdown                        0x080002ed   Thumb Code     0  libshutdown.o(.ARM.Collect$$libshutdown$$00000000)
    __rt_lib_shutdown_cpp_1                  0x080002ef   Thumb Code     0  libshutdown2.o(.ARM.Collect$$libshutdown$$00000002)
    __rt_lib_shutdown_fp_trap_1              0x080002ef   Thumb Code     0  libshutdown2.o(.ARM.Collect$$libshutdown$$00000007)
    __rt_lib_shutdown_heap_1                 0x080002ef   Thumb Code     0  libshutdown2.o(.ARM.Collect$$libshutdown$$0000000F)
    __rt_lib_shutdown_return                 0x080002ef   Thumb Code     0  libshutdown2.o(.ARM.Collect$$libshutdown$$00000010)
    __rt_lib_shutdown_signal_1               0x080002ef   Thumb Code     0  libshutdown2.o(.ARM.Collect$$libshutdown$$0000000A)
    __rt_lib_shutdown_stdio_1                0x080002ef   Thumb Code     0  libshutdown2.o(.ARM.Collect$$libshutdown$$00000004)
    __rt_lib_shutdown_user_alloc_1           0x080002ef   Thumb Code     0  libshutdown2.o(.ARM.Collect$$libshutdown$$0000000C)
    __rt_entry                               0x080002f1   Thumb Code     0  __rtentry.o(.ARM.Collect$$rtentry$$00000000)
    __rt_entry_presh_1                       0x080002f1   Thumb Code     0  __rtentry2.o(.ARM.Collect$$rtentry$$00000002)
    __rt_entry_sh                            0x080002f1   Thumb Code     0  __rtentry4.o(.ARM.Collect$$rtentry$$00000004)
    __rt_entry_li                            0x080002f7   Thumb Code     0  __rtentry2.o(.ARM.Collect$$rtentry$$0000000A)
    __rt_entry_postsh_1                      0x080002f7   Thumb Code     0  __rtentry2.o(.ARM.Collect$$rtentry$$00000009)
    __rt_entry_main                          0x080002fb   Thumb Code     0  __rtentry2.o(.ARM.Collect$$rtentry$$0000000D)
    __rt_entry_postli_1                      0x080002fb   Thumb Code     0  __rtentry2.o(.ARM.Collect$$rtentry$$0000000C)
    __rt_exit                                0x08000303   Thumb Code     0  rtexit.o(.ARM.Collect$$rtexit$$00000000)
    __rt_exit_ls                             0x08000305   Thumb Code     0  rtexit2.o(.ARM.Collect$$rtexit$$00000003)
    __rt_exit_prels_1                        0x08000305   Thumb Code     0  rtexit2.o(.ARM.Collect$$rtexit$$00000002)
    __rt_exit_exit                           0x08000309   Thumb Code     0  rtexit2.o(.ARM.Collect$$rtexit$$00000004)
    Reset_Handler                            0x08000311   Thumb Code     8  startup_stm32f411xe.o(.text)
    NMI_Handler                              0x08000319   Thumb Code     2  startup_stm32f411xe.o(.text)
    HardFault_Handler                        0x0800031b   Thumb Code     2  startup_stm32f411xe.o(.text)
    MemManage_Handler                        0x0800031d   Thumb Code     2  startup_stm32f411xe.o(.text)
    BusFault_Handler                         0x0800031f   Thumb Code     2  startup_stm32f411xe.o(.text)
    UsageFault_Handler                       0x08000321   Thumb Code     2  startup_stm32f411xe.o(.text)
    SVC_Handler                              0x08000323   Thumb Code     2  startup_stm32f411xe.o(.text)
    DebugMon_Handler                         0x08000325   Thumb Code     2  startup_stm32f411xe.o(.text)
    PendSV_Handler                           0x08000327   Thumb Code     2  startup_stm32f411xe.o(.text)
    SysTick_Handler                          0x08000329   Thumb Code     2  startup_stm32f411xe.o(.text)
    ADC_IRQHandler                           0x0800032b   Thumb Code     0  startup_stm32f411xe.o(.text)
    DMA1_Stream0_IRQHandler                  0x0800032b   Thumb Code     0  startup_stm32f411xe.o(.text)
    DMA1_Stream1_IRQHandler                  0x0800032b   Thumb Code     0  startup_stm32f411xe.o(.text)
    DMA1_Stream2_IRQHandler                  0x0800032b   Thumb Code     0  startup_stm32f411xe.o(.text)
    DMA1_Stream3_IRQHandler                  0x0800032b   Thumb Code     0  startup_stm32f411xe.o(.text)
    DMA1_Stream4_IRQHandler                  0x0800032b   Thumb Code     0  startup_stm32f411xe.o(.text)
    DMA1_Stream7_IRQHandler                  0x0800032b   Thumb Code     0  startup_stm32f411xe.o(.text)
    DMA2_Stream0_IRQHandler                  0x0800032b   Thumb Code     0  startup_stm32f411xe.o(.text)
    DMA2_Stream2_IRQHandler                  0x0800032b   Thumb Code     0  startup_stm32f411xe.o(.text)
    DMA2_Stream3_IRQHandler                  0x0800032b   Thumb Code     0  startup_stm32f411xe.o(.text)
    DMA2_Stream4_IRQHandler                  0x0800032b   Thumb Code     0  startup_stm32f411xe.o(.text)
    DMA2_Stream5_IRQHandler                  0x0800032b   Thumb Code     0  startup_stm32f411xe.o(.text)
    DMA2_Stream7_IRQHandler                  0x0800032b   Thumb Code     0  startup_stm32f411xe.o(.text)
    EXTI0_IRQHandler                         0x0800032b   Thumb Code     0  startup_stm32f411xe.o(.text)
    EXTI15_10_IRQHandler                     0x0800032b   Thumb Code     0  startup_stm32f411xe.o(.text)
    EXTI2_IRQHandler                         0x0800032b   Thumb Code     0  startup_stm32f411xe.o(.text)
    EXTI3_IRQHandler                         0x0800032b   Thumb Code     0  startup_stm32f411xe.o(.text)
    EXTI4_IRQHandler                         0x0800032b   Thumb Code     0  startup_stm32f411xe.o(.text)
    EXTI9_5_IRQHandler                       0x0800032b   Thumb Code     0  startup_stm32f411xe.o(.text)
    FLASH_IRQHandler                         0x0800032b   Thumb Code     0  startup_stm32f411xe.o(.text)
    FPU_IRQHandler                           0x0800032b   Thumb Code     0  startup_stm32f411xe.o(.text)
    I2C1_ER_IRQHandler                       0x0800032b   Thumb Code     0  startup_stm32f411xe.o(.text)
    I2C1_EV_IRQHandler                       0x0800032b   Thumb Code     0  startup_stm32f411xe.o(.text)
    I2C2_ER_IRQHandler                       0x0800032b   Thumb Code     0  startup_stm32f411xe.o(.text)
    I2C2_EV_IRQHandler                       0x0800032b   Thumb Code     0  startup_stm32f411xe.o(.text)
    I2C3_ER_IRQHandler                       0x0800032b   Thumb Code     0  startup_stm32f411xe.o(.text)
    I2C3_EV_IRQHandler                       0x0800032b   Thumb Code     0  startup_stm32f411xe.o(.text)
    OTG_FS_IRQHandler                        0x0800032b   Thumb Code     0  startup_stm32f411xe.o(.text)
    OTG_FS_WKUP_IRQHandler                   0x0800032b   Thumb Code     0  startup_stm32f411xe.o(.text)
    PVD_IRQHandler                           0x0800032b   Thumb Code     0  startup_stm32f411xe.o(.text)
    RCC_IRQHandler                           0x0800032b   Thumb Code     0  startup_stm32f411xe.o(.text)
    RTC_Alarm_IRQHandler                     0x0800032b   Thumb Code     0  startup_stm32f411xe.o(.text)
    RTC_WKUP_IRQHandler                      0x0800032b   Thumb Code     0  startup_stm32f411xe.o(.text)
    SDIO_IRQHandler                          0x0800032b   Thumb Code     0  startup_stm32f411xe.o(.text)
    SPI1_IRQHandler                          0x0800032b   Thumb Code     0  startup_stm32f411xe.o(.text)
    SPI2_IRQHandler                          0x0800032b   Thumb Code     0  startup_stm32f411xe.o(.text)
    SPI3_IRQHandler                          0x0800032b   Thumb Code     0  startup_stm32f411xe.o(.text)
    SPI4_IRQHandler                          0x0800032b   Thumb Code     0  startup_stm32f411xe.o(.text)
    SPI5_IRQHandler                          0x0800032b   Thumb Code     0  startup_stm32f411xe.o(.text)
    TAMP_STAMP_IRQHandler                    0x0800032b   Thumb Code     0  startup_stm32f411xe.o(.text)
    TIM1_BRK_TIM9_IRQHandler                 0x0800032b   Thumb Code     0  startup_stm32f411xe.o(.text)
    TIM1_CC_IRQHandler                       0x0800032b   Thumb Code     0  startup_stm32f411xe.o(.text)
    TIM1_TRG_COM_TIM11_IRQHandler            0x0800032b   Thumb Code     0  startup_stm32f411xe.o(.text)
    TIM1_UP_TIM10_IRQHandler                 0x0800032b   Thumb Code     0  startup_stm32f411xe.o(.text)
    TIM4_IRQHandler                          0x0800032b   Thumb Code     0  startup_stm32f411xe.o(.text)
    TIM5_IRQHandler                          0x0800032b   Thumb Code     0  startup_stm32f411xe.o(.text)
    USART1_IRQHandler                        0x0800032b   Thumb Code     0  startup_stm32f411xe.o(.text)
    WWDG_IRQHandler                          0x0800032b   Thumb Code     0  startup_stm32f411xe.o(.text)
    __user_initial_stackheap                 0x0800032d   Thumb Code     0  startup_stm32f411xe.o(.text)
    vsnprintf                                0x08000351   Thumb Code    56  vsnprintf.o(.text)
    __2snprintf                              0x0800038d   Thumb Code    58  __2snprintf.o(.text)
    _printf_str                              0x080003cd   Thumb Code    82  _printf_str.o(.text)
    __printf                                 0x08000421   Thumb Code   388  __printf_flags_ss_wp.o(.text)
    __use_two_region_memory                  0x080005a9   Thumb Code     2  heapauxi.o(.text)
    __rt_heap_escrow$2region                 0x080005ab   Thumb Code     2  heapauxi.o(.text)
    __rt_heap_expand$2region                 0x080005ad   Thumb Code     2  heapauxi.o(.text)
    __read_errno                             0x080005af   Thumb Code    10  _rserrno.o(.text)
    __set_errno                              0x080005b9   Thumb Code    12  _rserrno.o(.text)
    _printf_pre_padding                      0x080005c5   Thumb Code    44  _printf_pad.o(.text)
    _printf_post_padding                     0x080005f1   Thumb Code    34  _printf_pad.o(.text)
    _printf_truncate_signed                  0x08000613   Thumb Code    18  _printf_truncate.o(.text)
    _printf_truncate_unsigned                0x08000625   Thumb Code    18  _printf_truncate.o(.text)
    _printf_int_dec                          0x08000639   Thumb Code   104  _printf_dec.o(.text)
    _printf_charcount                        0x080006b1   Thumb Code    40  _printf_charcount.o(.text)
    _printf_fp_dec_real                      0x08000889   Thumb Code   620  _printf_fp_dec.o(.text)
    _printf_char_common                      0x08000aff   Thumb Code    32  _printf_char_common.o(.text)
    _snputc                                  0x08000b25   Thumb Code    16  _snputc.o(.text)
    _printf_cs_common                        0x08000b35   Thumb Code    20  _printf_char.o(.text)
    _printf_char                             0x08000b49   Thumb Code    16  _printf_char.o(.text)
    _printf_string                           0x08000b59   Thumb Code     8  _printf_char.o(.text)
    _printf_wctomb                           0x08000b61   Thumb Code   182  _printf_wctomb.o(.text)
    _printf_longlong_dec                     0x08000c1d   Thumb Code   108  _printf_longlong_dec.o(.text)
    _printf_longlong_oct                     0x08000c99   Thumb Code    68  _printf_oct_int_ll.o(.text)
    _printf_int_oct                          0x08000cdd   Thumb Code    24  _printf_oct_int_ll.o(.text)
    _printf_ll_oct                           0x08000cf5   Thumb Code    12  _printf_oct_int_ll.o(.text)
    _printf_longlong_hex                     0x08000d09   Thumb Code    86  _printf_hex_int_ll_ptr.o(.text)
    _printf_int_hex                          0x08000d5f   Thumb Code    28  _printf_hex_int_ll_ptr.o(.text)
    _printf_ll_hex                           0x08000d7b   Thumb Code    12  _printf_hex_int_ll_ptr.o(.text)
    _printf_hex_ptr                          0x08000d87   Thumb Code    18  _printf_hex_int_ll_ptr.o(.text)
    __rt_locale                              0x08000d9d   Thumb Code     8  rt_locale_intlibspace.o(.text)
    __aeabi_errno_addr                       0x08000da5   Thumb Code     8  rt_errno_addr_intlibspace.o(.text)
    __errno$intlibspace                      0x08000da5   Thumb Code     0  rt_errno_addr_intlibspace.o(.text)
    __rt_errno_addr$intlibspace              0x08000da5   Thumb Code     0  rt_errno_addr_intlibspace.o(.text)
    _ll_udiv10                               0x08000dad   Thumb Code   138  lludiv10.o(.text)
    _printf_int_common                       0x08000e37   Thumb Code   178  _printf_intcommon.o(.text)
    _printf_fp_hex_real                      0x08000ee9   Thumb Code   756  _printf_fp_hex.o(.text)
    _printf_fp_infnan                        0x080011e5   Thumb Code   112  _printf_fp_infnan.o(.text)
    _printf_lcs_common                       0x08001265   Thumb Code    20  _printf_wchar.o(.text)
    _printf_wchar                            0x08001279   Thumb Code    16  _printf_wchar.o(.text)
    _printf_wstring                          0x08001289   Thumb Code     8  _printf_wchar.o(.text)
    _btod_etento                             0x08001291   Thumb Code   224  bigflt0.o(.text)
    _c16rtomb                                0x08001375   Thumb Code    72  _c16rtomb.o(.text)
    _wcrtomb                                 0x08001375   Thumb Code     0  _c16rtomb.o(.text)
    __user_libspace                          0x080013bd   Thumb Code     8  libspace.o(.text)
    __user_perproc_libspace                  0x080013bd   Thumb Code     0  libspace.o(.text)
    __user_perthread_libspace                0x080013bd   Thumb Code     0  libspace.o(.text)
    __user_setup_stackheap                   0x080013c5   Thumb Code    74  sys_stackheap_outer.o(.text)
    __rt_ctype_table                         0x08001411   Thumb Code    16  rt_ctype_table.o(.text)
    exit                                     0x08001421   Thumb Code    18  exit.o(.text)
    strcmp                                   0x08001439   Thumb Code   124  strcmpv7em.o(.text)
    _sys_exit                                0x080014b5   Thumb Code     8  sys_exit.o(.text)
    __I$use$semihosting                      0x080014c1   Thumb Code     0  use_no_semi.o(.text)
    __use_no_semihosting_swi                 0x080014c1   Thumb Code     2  use_no_semi.o(.text)
    __semihosting_library_function           0x080014c3   Thumb Code     0  indicate_semi.o(.text)
    AccelerometerInit                        0x080014c5   Thumb Code   256  accelerometer.o(.text.AccelerometerInit)
    ApplyLevel                               0x080015fd   Thumb Code    36  displaydata.o(.text.ApplyLevel)
    DMA1_Stream5_IRQHandler                  0x08001639   Thumb Code    40  uart.o(.text.DMA1_Stream5_IRQHandler)
    DMA1_Stream6_IRQHandler                  0x08001661   Thumb Code    52  uart.o(.text.DMA1_Stream6_IRQHandler)
    DMA2_Stream1_IRQHandler                  0x08001695   Thumb Code    40  uart.o(.text.DMA2_Stream1_IRQHandler)
    DMA2_Stream6_IRQHandler                  0x080016bd   Thumb Code    52  uart.o(.text.DMA2_Stream6_IRQHandler)
    DisplayAxisValues                        0x080016f1   Thumb Code   392  displaydata.o(.text.DisplayAxisValues)
    EXTI1_IRQHandler                         0x08001901   Thumb Code    38  system_config.o(.text.EXTI1_IRQHandler)
    GPIO_Config                              0x08001929   Thumb Code    58  led.o(.text.GPIO_Config)
    GetAccelerometerValues                   0x08001965   Thumb Code    74  accelerometer.o(.text.GetAccelerometerValues)
    GetAccelerometerValuesInMS2              0x080019b1   Thumb Code   224  angles_estimation.o(.text.GetAccelerometerValuesInMS2)
    GetAxisValue                             0x08001aa5   Thumb Code   220  gyro.o(.text.GetAxisValue)
    GetGyroValues                            0x08001b85   Thumb Code    40  gyro.o(.text.GetGyroValues)
    GetGyroY                                 0x08001bad   Thumb Code    16  gyro.o(.text.GetGyroY)
    GetPhiAcc_deg                            0x08001bc1   Thumb Code    88  angles_estimation.o(.text.GetPhiAcc_deg)
    GetThetaAcc_deg                          0x08001c29   Thumb Code    80  angles_estimation.o(.text.GetThetaAcc_deg)
    GyroInit                                 0x08001c91   Thumb Code   282  gyro.o(.text.GyroInit)
    Led_Trigger                              0x08001dad   Thumb Code    28  led.o(.text.Led_Trigger)
    Power_On                                 0x08001dc9   Thumb Code    22  led.o(.text.Power_On)
    PrintConsole                             0x08001de1   Thumb Code    68  displaydata.o(.text.PrintConsole)
    ReadFromAccelerometer                    0x08001e25   Thumb Code   132  accelerometer.o(.text.ReadFromAccelerometer)
    SendString                               0x08001ea9   Thumb Code   104  uart.o(.text.SendString)
    SysClockConfig                           0x08001f11   Thumb Code   136  system_config.o(.text.SysClockConfig)
    Sys_PowerMode_Config                     0x08001f99   Thumb Code   186  system_config.o(.text.Sys_PowerMode_Config)
    SystemInit                               0x08002055   Thumb Code    18  system_stm32f4xx.o(.text.SystemInit)
    TIM2_IRQHandler                          0x08002069   Thumb Code    50  system_config.o(.text.TIM2_IRQHandler)
    TIM3_IRQHandler                          0x080020a1   Thumb Code   288  angles_estimation.o(.text.TIM3_IRQHandler)
    TIM5Config                               0x080021d9   Thumb Code    52  delay.o(.text.TIM5Config)
    Testing_Toggle_4Led                      0x0800220d   Thumb Code   126  led.o(.text.Testing_Toggle_4Led)
    Timer2InterruptEnable                    0x0800228d   Thumb Code    14  system_config.o(.text.Timer2InterruptEnable)
    Timer2InterruptInit                      0x080022a1   Thumb Code   296  system_config.o(.text.Timer2InterruptInit)
    Timer3InterruptInit                      0x08002439   Thumb Code   304  angles_estimation.o(.text.Timer3InterruptInit)
    USART2_IRQHandler                        0x080025a9   Thumb Code    40  uart.o(.text.USART2_IRQHandler)
    USART6_IRQHandler                        0x080025d1   Thumb Code    40  uart.o(.text.USART6_IRQHandler)
    Uart2Init                                0x080025f9   Thumb Code   210  uart.o(.text.Uart2Init)
    Uart6Init                                0x080026cd   Thumb Code   210  uart.o(.text.Uart6Init)
    delay_ms                                 0x080027a1   Thumb Code    40  delay.o(.text.delay_ms)
    getSystemClockSpeed                      0x080027c9   Thumb Code   328  system_config.o(.text.getSystemClockSpeed)
    main                                     0x080029ad   Thumb Code   140  main.o(.text.main)
    o_Motor_Initialization_o                 0x08002a41   Thumb Code   192  motor_pwm.o(.text.o_Motor_Initialization_o)
    _btod_d2e                                0x08002b01   Thumb Code    62  btod.o(CL$$btod_d2e)
    _d2e_denorm_low                          0x08002b3f   Thumb Code    70  btod.o(CL$$btod_d2e_denorm_low)
    _d2e_norm_op1                            0x08002b85   Thumb Code    96  btod.o(CL$$btod_d2e_norm_op1)
    __btod_div_common                        0x08002be5   Thumb Code   696  btod.o(CL$$btod_div_common)
    _e2e                                     0x08002f1d   Thumb Code   220  btod.o(CL$$btod_e2e)
    _btod_ediv                               0x08002ff9   Thumb Code    42  btod.o(CL$$btod_ediv)
    _btod_emul                               0x08003023   Thumb Code    42  btod.o(CL$$btod_emul)
    __btod_mult_common                       0x0800304d   Thumb Code   580  btod.o(CL$$btod_mult_common)
    __ARM_fpclassify                         0x08003291   Thumb Code    48  fpclassify.o(i.__ARM_fpclassify)
    __hardfp_asin                            0x080032c1   Thumb Code   770  asin.o(i.__hardfp_asin)
    __hardfp_atan                            0x08003621   Thumb Code   622  atan.o(i.__hardfp_atan)
    __kernel_poly                            0x080038f9   Thumb Code   248  poly.o(i.__kernel_poly)
    __mathlib_dbl_infnan                     0x080039f1   Thumb Code    20  dunder.o(i.__mathlib_dbl_infnan)
    __mathlib_dbl_invalid                    0x08003a09   Thumb Code    24  dunder.o(i.__mathlib_dbl_invalid)
    __mathlib_dbl_underflow                  0x08003a29   Thumb Code    24  dunder.o(i.__mathlib_dbl_underflow)
    _is_digit                                0x08003a49   Thumb Code    14  __printf_wp.o(i._is_digit)
    fabs                                     0x08003a57   Thumb Code    24  fabs.o(i.fabs)
    sqrt                                     0x08003a6f   Thumb Code   110  sqrt.o(i.sqrt)
    _get_lc_numeric                          0x08003add   Thumb Code    44  lc_numeric_c.o(locale$$code)
    _get_lc_ctype                            0x08003b09   Thumb Code    44  lc_ctype_c.o(locale$$code)
    __aeabi_dneg                             0x08003b35   Thumb Code     0  basic.o(x$fpl$basic)
    _dneg                                    0x08003b35   Thumb Code     6  basic.o(x$fpl$basic)
    __aeabi_fneg                             0x08003b3b   Thumb Code     0  basic.o(x$fpl$basic)
    _fneg                                    0x08003b3b   Thumb Code     6  basic.o(x$fpl$basic)
    _dabs                                    0x08003b41   Thumb Code     6  basic.o(x$fpl$basic)
    _fabs                                    0x08003b47   Thumb Code     6  basic.o(x$fpl$basic)
    __aeabi_d2f                              0x08003b4d   Thumb Code     0  d2f.o(x$fpl$d2f)
    _d2f                                     0x08003b4d   Thumb Code    98  d2f.o(x$fpl$d2f)
    __aeabi_dadd                             0x08003bb1   Thumb Code     0  daddsub_clz.o(x$fpl$dadd)
    _dadd                                    0x08003bb1   Thumb Code   332  daddsub_clz.o(x$fpl$dadd)
    __aeabi_ddiv                             0x08003d01   Thumb Code     0  ddiv.o(x$fpl$ddiv)
    _ddiv                                    0x08003d01   Thumb Code   556  ddiv.o(x$fpl$ddiv)
    __aeabi_i2d                              0x08003fb5   Thumb Code     0  dflt_clz.o(x$fpl$dflt)
    _dflt                                    0x08003fb5   Thumb Code    46  dflt_clz.o(x$fpl$dflt)
    __aeabi_ui2d                             0x08003fe3   Thumb Code     0  dflt_clz.o(x$fpl$dfltu)
    _dfltu                                   0x08003fe3   Thumb Code    38  dflt_clz.o(x$fpl$dfltu)
    __aeabi_dmul                             0x08004009   Thumb Code     0  dmul.o(x$fpl$dmul)
    _dmul                                    0x08004009   Thumb Code   332  dmul.o(x$fpl$dmul)
    __fpl_dnaninf                            0x0800415d   Thumb Code   156  dnaninf.o(x$fpl$dnaninf)
    __fpl_dretinf                            0x080041f9   Thumb Code    12  dretinf.o(x$fpl$dretinf)
    __aeabi_drsub                            0x08004205   Thumb Code     0  daddsub_clz.o(x$fpl$drsb)
    _drsb                                    0x08004205   Thumb Code    22  daddsub_clz.o(x$fpl$drsb)
    _dsqrt                                   0x0800421d   Thumb Code   404  dsqrt_umaal.o(x$fpl$dsqrt)
    __aeabi_dsub                             0x080043b5   Thumb Code     0  daddsub_clz.o(x$fpl$dsub)
    _dsub                                    0x080043b5   Thumb Code   472  daddsub_clz.o(x$fpl$dsub)
    __aeabi_f2d                              0x08004591   Thumb Code     0  f2d.o(x$fpl$f2d)
    _f2d                                     0x08004591   Thumb Code    86  f2d.o(x$fpl$f2d)
    __fpl_fnaninf                            0x080045e7   Thumb Code   140  fnaninf.o(x$fpl$fnaninf)
    _fp_init                                 0x08004673   Thumb Code    26  fpinit.o(x$fpl$fpinit)
    __fplib_config_fpu_vfp                   0x0800468b   Thumb Code     0  fpinit.o(x$fpl$fpinit)
    __fplib_config_pureend_doubles           0x0800468b   Thumb Code     0  fpinit.o(x$fpl$fpinit)
    __fpl_fretinf                            0x0800468d   Thumb Code    10  fretinf.o(x$fpl$fretinf)
    _printf_fp_dec                           0x08004697   Thumb Code     4  printf1.o(x$fpl$printf1)
    _printf_fp_hex                           0x0800469b   Thumb Code     4  printf2.o(x$fpl$printf2)
    __I$use$fp                               0x0800469e   Number         0  usenofp.o(x$fpl$usenofp)
    Region$$Table$$Base                      0x0800494c   Number         0  anon$$obj.o(Region$$Table)
    Region$$Table$$Limit                     0x0800496c   Number         0  anon$$obj.o(Region$$Table)
    __ctype                                  0x08004995   Data           0  lc_ctype_c.o(locale$$data)
    T                                        0x20000000   Data           4  angles_estimation.o(.data.T)
    oscillation_button_time                  0x20000004   Data           4  system_config.o(.data.oscillation_button_time)
    __libspace_start                         0x20000008   Data          96  libspace.o(.bss)
    __temporary_stack_top$libspace           0x20000068   Data           0  libspace.o(.bss)
    button_pressed                           0x20000068   Data           4  system_config.o(.bss.button_pressed)
    count                                    0x2000006c   Data           4  system_config.o(.bss.count)
    dmaBuffer2                               0x20000070   Data        2000  uart.o(.bss.dmaBuffer2)
    dmaBuffer6                               0x20000840   Data        2000  uart.o(.bss.dmaBuffer6)
    gyro_y                                   0x20001010   Data           4  angles_estimation.o(.bss.gyro_y)
    power_on                                 0x20001014   Data           4  system_config.o(.bss.power_on)
    pre_gyro_y                               0x20001018   Data           4  angles_estimation.o(.bss.pre_gyro_y)
    pre_theta                                0x2000101c   Data           4  angles_estimation.o(.bss.pre_theta)
    pre_theta_acc                            0x20001020   Data           4  angles_estimation.o(.bss.pre_theta_acc)
    theta                                    0x20001024   Data           4  angles_estimation.o(.bss.theta)
    theta_acc                                0x20001028   Data           4  angles_estimation.o(.bss.theta_acc)
    theta_ref                                0x2000102c   Data           4  angles_estimation.o(.bss.theta_ref)
    uart2Busy                                0x20001030   Data           4  uart.o(.bss.uart2Busy)
    uart6Busy                                0x20001034   Data           4  uart.o(.bss.uart6Busy)



==============================================================================

Memory Map of the image

  Image Entry point : 0x08000199

  Load Region LR_IROM1 (Base: 0x08000000, Size: 0x00004aa0, Max: 0x00080000, ABSOLUTE)

    Execution Region ER_IROM1 (Exec base: 0x08000000, Load base: 0x08000000, Size: 0x00004a98, Max: 0x00080000, ABSOLUTE)

    Exec Addr    Load Addr    Size         Type   Attr      Idx    E Section Name        Object

    0x08000000   0x08000000   0x00000198   Data   RO          345    RESET               startup_stm32f411xe.o
    0x08000198   0x08000198   0x00000008   Code   RO          404  * !!!main             c_w.l(__main.o)
    0x080001a0   0x080001a0   0x0000005c   Code   RO          797    !!!scatter          c_w.l(__scatter.o)
    0x080001fc   0x080001fc   0x0000001a   Code   RO          801    !!handler_copy      c_w.l(__scatter_copy.o)
    0x08000216   0x08000216   0x00000002   PAD
    0x08000218   0x08000218   0x00000002   Code   RO          798    !!handler_null      c_w.l(__scatter.o)
    0x0800021a   0x0800021a   0x00000002   PAD
    0x0800021c   0x0800021c   0x0000001c   Code   RO          803    !!handler_zi        c_w.l(__scatter_zi.o)
    0x08000238   0x08000238   0x00000000   Code   RO          401    .ARM.Collect$$_printf_percent$$00000000  c_w.l(_printf_percent.o)
    0x08000238   0x08000238   0x00000006   Code   RO          498    .ARM.Collect$$_printf_percent$$00000001  c_w.l(_printf_n.o)
    0x0800023e   0x0800023e   0x00000006   Code   RO          500    .ARM.Collect$$_printf_percent$$00000002  c_w.l(_printf_p.o)
    0x08000244   0x08000244   0x00000006   Code   RO          400    .ARM.Collect$$_printf_percent$$00000003  c_w.l(_printf_f.o)
    0x0800024a   0x0800024a   0x00000006   Code   RO          505    .ARM.Collect$$_printf_percent$$00000004  c_w.l(_printf_e.o)
    0x08000250   0x08000250   0x00000006   Code   RO          506    .ARM.Collect$$_printf_percent$$00000005  c_w.l(_printf_g.o)
    0x08000256   0x08000256   0x00000006   Code   RO          507    .ARM.Collect$$_printf_percent$$00000006  c_w.l(_printf_a.o)
    0x0800025c   0x0800025c   0x0000000a   Code   RO          512    .ARM.Collect$$_printf_percent$$00000007  c_w.l(_printf_ll.o)
    0x08000266   0x08000266   0x00000006   Code   RO          502    .ARM.Collect$$_printf_percent$$00000008  c_w.l(_printf_i.o)
    0x0800026c   0x0800026c   0x00000006   Code   RO          503    .ARM.Collect$$_printf_percent$$00000009  c_w.l(_printf_d.o)
    0x08000272   0x08000272   0x00000006   Code   RO          504    .ARM.Collect$$_printf_percent$$0000000A  c_w.l(_printf_u.o)
    0x08000278   0x08000278   0x00000006   Code   RO          501    .ARM.Collect$$_printf_percent$$0000000B  c_w.l(_printf_o.o)
    0x0800027e   0x0800027e   0x00000006   Code   RO          499    .ARM.Collect$$_printf_percent$$0000000C  c_w.l(_printf_x.o)
    0x08000284   0x08000284   0x00000006   Code   RO          509    .ARM.Collect$$_printf_percent$$0000000D  c_w.l(_printf_lli.o)
    0x0800028a   0x0800028a   0x00000006   Code   RO          510    .ARM.Collect$$_printf_percent$$0000000E  c_w.l(_printf_lld.o)
    0x08000290   0x08000290   0x00000006   Code   RO          511    .ARM.Collect$$_printf_percent$$0000000F  c_w.l(_printf_llu.o)
    0x08000296   0x08000296   0x00000006   Code   RO          516    .ARM.Collect$$_printf_percent$$00000010  c_w.l(_printf_llo.o)
    0x0800029c   0x0800029c   0x00000006   Code   RO          517    .ARM.Collect$$_printf_percent$$00000011  c_w.l(_printf_llx.o)
    0x080002a2   0x080002a2   0x0000000a   Code   RO          513    .ARM.Collect$$_printf_percent$$00000012  c_w.l(_printf_l.o)
    0x080002ac   0x080002ac   0x00000006   Code   RO          497    .ARM.Collect$$_printf_percent$$00000013  c_w.l(_printf_c.o)
    0x080002b2   0x080002b2   0x00000006   Code   RO          399    .ARM.Collect$$_printf_percent$$00000014  c_w.l(_printf_s.o)
    0x080002b8   0x080002b8   0x00000006   Code   RO          514    .ARM.Collect$$_printf_percent$$00000015  c_w.l(_printf_lc.o)
    0x080002be   0x080002be   0x00000006   Code   RO          515    .ARM.Collect$$_printf_percent$$00000016  c_w.l(_printf_ls.o)
    0x080002c4   0x080002c4   0x00000004   Code   RO          508    .ARM.Collect$$_printf_percent$$00000017  c_w.l(_printf_percent_end.o)
    0x080002c8   0x080002c8   0x00000002   Code   RO          657    .ARM.Collect$$libinit$$00000000  c_w.l(libinit.o)
    0x080002ca   0x080002ca   0x00000004   Code   RO          658    .ARM.Collect$$libinit$$00000001  c_w.l(libinit2.o)
    0x080002ce   0x080002ce   0x00000000   Code   RO          661    .ARM.Collect$$libinit$$00000004  c_w.l(libinit2.o)
    0x080002ce   0x080002ce   0x00000000   Code   RO          663    .ARM.Collect$$libinit$$00000006  c_w.l(libinit2.o)
    0x080002ce   0x080002ce   0x00000000   Code   RO          666    .ARM.Collect$$libinit$$0000000C  c_w.l(libinit2.o)
    0x080002ce   0x080002ce   0x00000000   Code   RO          668    .ARM.Collect$$libinit$$0000000E  c_w.l(libinit2.o)
    0x080002ce   0x080002ce   0x00000000   Code   RO          670    .ARM.Collect$$libinit$$00000010  c_w.l(libinit2.o)
    0x080002ce   0x080002ce   0x00000006   Code   RO          671    .ARM.Collect$$libinit$$00000011  c_w.l(libinit2.o)
    0x080002d4   0x080002d4   0x00000000   Code   RO          673    .ARM.Collect$$libinit$$00000013  c_w.l(libinit2.o)
    0x080002d4   0x080002d4   0x0000000c   Code   RO          674    .ARM.Collect$$libinit$$00000014  c_w.l(libinit2.o)
    0x080002e0   0x080002e0   0x00000000   Code   RO          675    .ARM.Collect$$libinit$$00000015  c_w.l(libinit2.o)
    0x080002e0   0x080002e0   0x00000000   Code   RO          677    .ARM.Collect$$libinit$$00000017  c_w.l(libinit2.o)
    0x080002e0   0x080002e0   0x0000000a   Code   RO          678    .ARM.Collect$$libinit$$00000018  c_w.l(libinit2.o)
    0x080002ea   0x080002ea   0x00000000   Code   RO          679    .ARM.Collect$$libinit$$00000019  c_w.l(libinit2.o)
    0x080002ea   0x080002ea   0x00000000   Code   RO          681    .ARM.Collect$$libinit$$0000001B  c_w.l(libinit2.o)
    0x080002ea   0x080002ea   0x00000000   Code   RO          683    .ARM.Collect$$libinit$$0000001D  c_w.l(libinit2.o)
    0x080002ea   0x080002ea   0x00000000   Code   RO          685    .ARM.Collect$$libinit$$0000001F  c_w.l(libinit2.o)
    0x080002ea   0x080002ea   0x00000000   Code   RO          687    .ARM.Collect$$libinit$$00000021  c_w.l(libinit2.o)
    0x080002ea   0x080002ea   0x00000000   Code   RO          689    .ARM.Collect$$libinit$$00000023  c_w.l(libinit2.o)
    0x080002ea   0x080002ea   0x00000000   Code   RO          691    .ARM.Collect$$libinit$$00000025  c_w.l(libinit2.o)
    0x080002ea   0x080002ea   0x00000000   Code   RO          693    .ARM.Collect$$libinit$$00000027  c_w.l(libinit2.o)
    0x080002ea   0x080002ea   0x00000000   Code   RO          697    .ARM.Collect$$libinit$$0000002E  c_w.l(libinit2.o)
    0x080002ea   0x080002ea   0x00000000   Code   RO          699    .ARM.Collect$$libinit$$00000030  c_w.l(libinit2.o)
    0x080002ea   0x080002ea   0x00000000   Code   RO          701    .ARM.Collect$$libinit$$00000032  c_w.l(libinit2.o)
    0x080002ea   0x080002ea   0x00000000   Code   RO          703    .ARM.Collect$$libinit$$00000034  c_w.l(libinit2.o)
    0x080002ea   0x080002ea   0x00000002   Code   RO          704    .ARM.Collect$$libinit$$00000035  c_w.l(libinit2.o)
    0x080002ec   0x080002ec   0x00000002   Code   RO          743    .ARM.Collect$$libshutdown$$00000000  c_w.l(libshutdown.o)
    0x080002ee   0x080002ee   0x00000000   Code   RO          754    .ARM.Collect$$libshutdown$$00000002  c_w.l(libshutdown2.o)
    0x080002ee   0x080002ee   0x00000000   Code   RO          756    .ARM.Collect$$libshutdown$$00000004  c_w.l(libshutdown2.o)
    0x080002ee   0x080002ee   0x00000000   Code   RO          759    .ARM.Collect$$libshutdown$$00000007  c_w.l(libshutdown2.o)
    0x080002ee   0x080002ee   0x00000000   Code   RO          762    .ARM.Collect$$libshutdown$$0000000A  c_w.l(libshutdown2.o)
    0x080002ee   0x080002ee   0x00000000   Code   RO          764    .ARM.Collect$$libshutdown$$0000000C  c_w.l(libshutdown2.o)
    0x080002ee   0x080002ee   0x00000000   Code   RO          767    .ARM.Collect$$libshutdown$$0000000F  c_w.l(libshutdown2.o)
    0x080002ee   0x080002ee   0x00000002   Code   RO          768    .ARM.Collect$$libshutdown$$00000010  c_w.l(libshutdown2.o)
    0x080002f0   0x080002f0   0x00000000   Code   RO          444    .ARM.Collect$$rtentry$$00000000  c_w.l(__rtentry.o)
    0x080002f0   0x080002f0   0x00000000   Code   RO          566    .ARM.Collect$$rtentry$$00000002  c_w.l(__rtentry2.o)
    0x080002f0   0x080002f0   0x00000006   Code   RO          578    .ARM.Collect$$rtentry$$00000004  c_w.l(__rtentry4.o)
    0x080002f6   0x080002f6   0x00000000   Code   RO          568    .ARM.Collect$$rtentry$$00000009  c_w.l(__rtentry2.o)
    0x080002f6   0x080002f6   0x00000004   Code   RO          569    .ARM.Collect$$rtentry$$0000000A  c_w.l(__rtentry2.o)
    0x080002fa   0x080002fa   0x00000000   Code   RO          571    .ARM.Collect$$rtentry$$0000000C  c_w.l(__rtentry2.o)
    0x080002fa   0x080002fa   0x00000008   Code   RO          572    .ARM.Collect$$rtentry$$0000000D  c_w.l(__rtentry2.o)
    0x08000302   0x08000302   0x00000002   Code   RO          705    .ARM.Collect$$rtexit$$00000000  c_w.l(rtexit.o)
    0x08000304   0x08000304   0x00000000   Code   RO          717    .ARM.Collect$$rtexit$$00000002  c_w.l(rtexit2.o)
    0x08000304   0x08000304   0x00000004   Code   RO          718    .ARM.Collect$$rtexit$$00000003  c_w.l(rtexit2.o)
    0x08000308   0x08000308   0x00000006   Code   RO          719    .ARM.Collect$$rtexit$$00000004  c_w.l(rtexit2.o)
    0x0800030e   0x0800030e   0x00000002   PAD
    0x08000310   0x08000310   0x00000040   Code   RO          346    .text               startup_stm32f411xe.o
    0x08000350   0x08000350   0x0000003c   Code   RO          369    .text               c_w.l(vsnprintf.o)
    0x0800038c   0x0800038c   0x00000040   Code   RO          371    .text               c_w.l(__2snprintf.o)
    0x080003cc   0x080003cc   0x00000052   Code   RO          377    .text               c_w.l(_printf_str.o)
    0x0800041e   0x0800041e   0x00000002   PAD
    0x08000420   0x08000420   0x00000188   Code   RO          396    .text               c_w.l(__printf_flags_ss_wp.o)
    0x080005a8   0x080005a8   0x00000006   Code   RO          402    .text               c_w.l(heapauxi.o)
    0x080005ae   0x080005ae   0x00000016   Code   RO          445    .text               c_w.l(_rserrno.o)
    0x080005c4   0x080005c4   0x0000004e   Code   RO          447    .text               c_w.l(_printf_pad.o)
    0x08000612   0x08000612   0x00000024   Code   RO          449    .text               c_w.l(_printf_truncate.o)
    0x08000636   0x08000636   0x00000002   PAD
    0x08000638   0x08000638   0x00000078   Code   RO          451    .text               c_w.l(_printf_dec.o)
    0x080006b0   0x080006b0   0x00000028   Code   RO          453    .text               c_w.l(_printf_charcount.o)
    0x080006d8   0x080006d8   0x0000041c   Code   RO          455    .text               c_w.l(_printf_fp_dec.o)
    0x08000af4   0x08000af4   0x00000030   Code   RO          459    .text               c_w.l(_printf_char_common.o)
    0x08000b24   0x08000b24   0x00000010   Code   RO          461    .text               c_w.l(_snputc.o)
    0x08000b34   0x08000b34   0x0000002c   Code   RO          463    .text               c_w.l(_printf_char.o)
    0x08000b60   0x08000b60   0x000000bc   Code   RO          465    .text               c_w.l(_printf_wctomb.o)
    0x08000c1c   0x08000c1c   0x0000007c   Code   RO          468    .text               c_w.l(_printf_longlong_dec.o)
    0x08000c98   0x08000c98   0x00000070   Code   RO          474    .text               c_w.l(_printf_oct_int_ll.o)
    0x08000d08   0x08000d08   0x00000094   Code   RO          494    .text               c_w.l(_printf_hex_int_ll_ptr.o)
    0x08000d9c   0x08000d9c   0x00000008   Code   RO          583    .text               c_w.l(rt_locale_intlibspace.o)
    0x08000da4   0x08000da4   0x00000008   Code   RO          588    .text               c_w.l(rt_errno_addr_intlibspace.o)
    0x08000dac   0x08000dac   0x0000008a   Code   RO          590    .text               c_w.l(lludiv10.o)
    0x08000e36   0x08000e36   0x000000b2   Code   RO          592    .text               c_w.l(_printf_intcommon.o)
    0x08000ee8   0x08000ee8   0x000002fc   Code   RO          594    .text               c_w.l(_printf_fp_hex.o)
    0x080011e4   0x080011e4   0x00000080   Code   RO          597    .text               c_w.l(_printf_fp_infnan.o)
    0x08001264   0x08001264   0x0000002c   Code   RO          601    .text               c_w.l(_printf_wchar.o)
    0x08001290   0x08001290   0x000000e4   Code   RO          603    .text               c_w.l(bigflt0.o)
    0x08001374   0x08001374   0x00000048   Code   RO          630    .text               c_w.l(_c16rtomb.o)
    0x080013bc   0x080013bc   0x00000008   Code   RO          639    .text               c_w.l(libspace.o)
    0x080013c4   0x080013c4   0x0000004a   Code   RO          642    .text               c_w.l(sys_stackheap_outer.o)
    0x0800140e   0x0800140e   0x00000002   PAD
    0x08001410   0x08001410   0x00000010   Code   RO          644    .text               c_w.l(rt_ctype_table.o)
    0x08001420   0x08001420   0x00000012   Code   RO          648    .text               c_w.l(exit.o)
    0x08001432   0x08001432   0x00000006   PAD
    0x08001438   0x08001438   0x0000007c   Code   RO          650    .text               c_w.l(strcmpv7em.o)
    0x080014b4   0x080014b4   0x0000000c   Code   RO          729    .text               c_w.l(sys_exit.o)
    0x080014c0   0x080014c0   0x00000002   Code   RO          744    .text               c_w.l(use_no_semi.o)
    0x080014c2   0x080014c2   0x00000000   Code   RO          746    .text               c_w.l(indicate_semi.o)
    0x080014c2   0x080014c2   0x00000002   PAD
    0x080014c4   0x080014c4   0x00000138   Code   RO           99    .text.AccelerometerInit  accelerometer.o
    0x080015fc   0x080015fc   0x0000003c   Code   RO          277    .text.ApplyLevel    displaydata.o
    0x08001638   0x08001638   0x00000028   Code   RO          225    .text.DMA1_Stream5_IRQHandler  uart.o
    0x08001660   0x08001660   0x00000034   Code   RO          227    .text.DMA1_Stream6_IRQHandler  uart.o
    0x08001694   0x08001694   0x00000028   Code   RO          239    .text.DMA2_Stream1_IRQHandler  uart.o
    0x080016bc   0x080016bc   0x00000034   Code   RO          241    .text.DMA2_Stream6_IRQHandler  uart.o
    0x080016f0   0x080016f0   0x00000210   Code   RO          285    .text.DisplayAxisValues  displaydata.o
    0x08001900   0x08001900   0x00000026   Code   RO           17    .text.EXTI1_IRQHandler  system_config.o
    0x08001926   0x08001926   0x00000002   PAD
    0x08001928   0x08001928   0x0000003a   Code   RO           57    .text.GPIO_Config   led.o
    0x08001962   0x08001962   0x00000002   PAD
    0x08001964   0x08001964   0x0000004a   Code   RO          101    .text.GetAccelerometerValues  accelerometer.o
    0x080019ae   0x080019ae   0x00000002   PAD
    0x080019b0   0x080019b0   0x000000f4   Code   RO          129    .text.GetAccelerometerValuesInMS2  angles_estimation.o
    0x08001aa4   0x08001aa4   0x000000e0   Code   RO          167    .text.GetAxisValue  gyro.o
    0x08001b84   0x08001b84   0x00000028   Code   RO          169    .text.GetGyroValues  gyro.o
    0x08001bac   0x08001bac   0x00000010   Code   RO          171    .text.GetGyroY      gyro.o
    0x08001bbc   0x08001bbc   0x00000004   PAD
    0x08001bc0   0x08001bc0   0x00000068   Code   RO          135    .text.GetPhiAcc_deg  angles_estimation.o
    0x08001c28   0x08001c28   0x00000068   Code   RO          131    .text.GetThetaAcc_deg  angles_estimation.o
    0x08001c90   0x08001c90   0x0000011a   Code   RO          165    .text.GyroInit      gyro.o
    0x08001daa   0x08001daa   0x00000002   PAD
    0x08001dac   0x08001dac   0x0000001c   Code   RO           59    .text.Led_Trigger   led.o
    0x08001dc8   0x08001dc8   0x00000016   Code   RO           65    .text.Power_On      led.o
    0x08001dde   0x08001dde   0x00000002   PAD
    0x08001de0   0x08001de0   0x00000044   Code   RO          279    .text.PrintConsole  displaydata.o
    0x08001e24   0x08001e24   0x00000084   Code   RO           95    .text.ReadFromAccelerometer  accelerometer.o
    0x08001ea8   0x08001ea8   0x00000068   Code   RO          237    .text.SendString    uart.o
    0x08001f10   0x08001f10   0x00000088   Code   RO           11    .text.SysClockConfig  system_config.o
    0x08001f98   0x08001f98   0x000000ba   Code   RO           13    .text.Sys_PowerMode_Config  system_config.o
    0x08002052   0x08002052   0x00000002   PAD
    0x08002054   0x08002054   0x00000012   Code   RO          353    .text.SystemInit    system_stm32f4xx.o
    0x08002066   0x08002066   0x00000002   PAD
    0x08002068   0x08002068   0x00000032   Code   RO           15    .text.TIM2_IRQHandler  system_config.o
    0x0800209a   0x0800209a   0x00000006   PAD
    0x080020a0   0x080020a0   0x00000138   Code   RO          117    .text.TIM3_IRQHandler  angles_estimation.o
    0x080021d8   0x080021d8   0x00000034   Code   RO           43    .text.TIM5Config    delay.o
    0x0800220c   0x0800220c   0x0000007e   Code   RO           61    .text.Testing_Toggle_4Led  led.o
    0x0800228a   0x0800228a   0x00000002   PAD
    0x0800228c   0x0800228c   0x0000000e   Code   RO           23    .text.Timer2InterruptEnable  system_config.o
    0x0800229a   0x0800229a   0x00000006   PAD
    0x080022a0   0x080022a0   0x00000194   Code   RO           27    .text.Timer2InterruptInit  system_config.o
    0x08002434   0x08002434   0x00000004   PAD
    0x08002438   0x08002438   0x00000170   Code   RO          111    .text.Timer3InterruptInit  angles_estimation.o
    0x080025a8   0x080025a8   0x00000028   Code   RO          229    .text.USART2_IRQHandler  uart.o
    0x080025d0   0x080025d0   0x00000028   Code   RO          243    .text.USART6_IRQHandler  uart.o
    0x080025f8   0x080025f8   0x000000d2   Code   RO          235    .text.Uart2Init     uart.o
    0x080026ca   0x080026ca   0x00000002   PAD
    0x080026cc   0x080026cc   0x000000d2   Code   RO          249    .text.Uart6Init     uart.o
    0x0800279e   0x0800279e   0x00000002   PAD
    0x080027a0   0x080027a0   0x00000028   Code   RO           47    .text.delay_ms      delay.o
    0x080027c8   0x080027c8   0x000001e4   Code   RO           19    .text.getSystemClockSpeed  system_config.o
    0x080029ac   0x080029ac   0x00000094   Code   RO            2    .text.main          main.o
    0x08002a40   0x08002a40   0x000000c0   Code   RO          320    .text.o_Motor_Initialization_o  motor_pwm.o
    0x08002b00   0x08002b00   0x0000003e   Code   RO          606    CL$$btod_d2e        c_w.l(btod.o)
    0x08002b3e   0x08002b3e   0x00000046   Code   RO          608    CL$$btod_d2e_denorm_low  c_w.l(btod.o)
    0x08002b84   0x08002b84   0x00000060   Code   RO          607    CL$$btod_d2e_norm_op1  c_w.l(btod.o)
    0x08002be4   0x08002be4   0x00000338   Code   RO          616    CL$$btod_div_common  c_w.l(btod.o)
    0x08002f1c   0x08002f1c   0x000000dc   Code   RO          613    CL$$btod_e2e        c_w.l(btod.o)
    0x08002ff8   0x08002ff8   0x0000002a   Code   RO          610    CL$$btod_ediv       c_w.l(btod.o)
    0x08003022   0x08003022   0x0000002a   Code   RO          609    CL$$btod_emul       c_w.l(btod.o)
    0x0800304c   0x0800304c   0x00000244   Code   RO          615    CL$$btod_mult_common  c_w.l(btod.o)
    0x08003290   0x08003290   0x00000030   Code   RO          555    i.__ARM_fpclassify  m_wm.l(fpclassify.o)
    0x080032c0   0x080032c0   0x00000360   Code   RO          430    i.__hardfp_asin     m_wm.l(asin.o)
    0x08003620   0x08003620   0x000002d8   Code   RO          437    i.__hardfp_atan     m_wm.l(atan.o)
    0x080038f8   0x080038f8   0x000000f8   Code   RO          557    i.__kernel_poly     m_wm.l(poly.o)
    0x080039f0   0x080039f0   0x00000014   Code   RO          536    i.__mathlib_dbl_infnan  m_wm.l(dunder.o)
    0x08003a04   0x08003a04   0x00000004   PAD
    0x08003a08   0x08003a08   0x00000020   Code   RO          538    i.__mathlib_dbl_invalid  m_wm.l(dunder.o)
    0x08003a28   0x08003a28   0x00000020   Code   RO          541    i.__mathlib_dbl_underflow  m_wm.l(dunder.o)
    0x08003a48   0x08003a48   0x0000000e   Code   RO          389    i._is_digit         c_w.l(__printf_wp.o)
    0x08003a56   0x08003a56   0x00000018   Code   RO          551    i.fabs              m_wm.l(fabs.o)
    0x08003a6e   0x08003a6e   0x0000006e   Code   RO          561    i.sqrt              m_wm.l(sqrt.o)
    0x08003adc   0x08003adc   0x0000002c   Code   RO          633    locale$$code        c_w.l(lc_numeric_c.o)
    0x08003b08   0x08003b08   0x0000002c   Code   RO          710    locale$$code        c_w.l(lc_ctype_c.o)
    0x08003b34   0x08003b34   0x00000018   Code   RO          518    x$fpl$basic         fz_wm.l(basic.o)
    0x08003b4c   0x08003b4c   0x00000062   Code   RO          406    x$fpl$d2f           fz_wm.l(d2f.o)
    0x08003bae   0x08003bae   0x00000002   PAD
    0x08003bb0   0x08003bb0   0x00000150   Code   RO          408    x$fpl$dadd          fz_wm.l(daddsub_clz.o)
    0x08003d00   0x08003d00   0x000002b4   Code   RO          415    x$fpl$ddiv          fz_wm.l(ddiv.o)
    0x08003fb4   0x08003fb4   0x0000002e   Code   RO          419    x$fpl$dflt          fz_wm.l(dflt_clz.o)
    0x08003fe2   0x08003fe2   0x00000026   Code   RO          418    x$fpl$dfltu         fz_wm.l(dflt_clz.o)
    0x08004008   0x08004008   0x00000154   Code   RO          424    x$fpl$dmul          fz_wm.l(dmul.o)
    0x0800415c   0x0800415c   0x0000009c   Code   RO          520    x$fpl$dnaninf       fz_wm.l(dnaninf.o)
    0x080041f8   0x080041f8   0x0000000c   Code   RO          522    x$fpl$dretinf       fz_wm.l(dretinf.o)
    0x08004204   0x08004204   0x00000016   Code   RO          409    x$fpl$drsb          fz_wm.l(daddsub_clz.o)
    0x0800421a   0x0800421a   0x00000002   PAD
    0x0800421c   0x0800421c   0x00000198   Code   RO          635    x$fpl$dsqrt         fz_wm.l(dsqrt_umaal.o)
    0x080043b4   0x080043b4   0x000001dc   Code   RO          410    x$fpl$dsub          fz_wm.l(daddsub_clz.o)
    0x08004590   0x08004590   0x00000056   Code   RO          426    x$fpl$f2d           fz_wm.l(f2d.o)
    0x080045e6   0x080045e6   0x0000008c   Code   RO          524    x$fpl$fnaninf       fz_wm.l(fnaninf.o)
    0x08004672   0x08004672   0x0000001a   Code   RO          714    x$fpl$fpinit        fz_wm.l(fpinit.o)
    0x0800468c   0x0800468c   0x0000000a   Code   RO          526    x$fpl$fretinf       fz_wm.l(fretinf.o)
    0x08004696   0x08004696   0x00000004   Code   RO          428    x$fpl$printf1       fz_wm.l(printf1.o)
    0x0800469a   0x0800469a   0x00000004   Code   RO          528    x$fpl$printf2       fz_wm.l(printf2.o)
    0x0800469e   0x0800469e   0x00000000   Code   RO          534    x$fpl$usenofp       fz_wm.l(usenofp.o)
    0x0800469e   0x0800469e   0x00000011   Data   RO          397    .constdata          c_w.l(__printf_flags_ss_wp.o)
    0x080046af   0x080046af   0x00000001   PAD
    0x080046b0   0x080046b0   0x00000050   Data   RO          433    .constdata          m_wm.l(asin.o)
    0x08004700   0x08004700   0x00000098   Data   RO          440    .constdata          m_wm.l(atan.o)
    0x08004798   0x08004798   0x00000008   Data   RO          466    .constdata          c_w.l(_printf_wctomb.o)
    0x080047a0   0x080047a0   0x00000028   Data   RO          495    .constdata          c_w.l(_printf_hex_int_ll_ptr.o)
    0x080047c8   0x080047c8   0x00000026   Data   RO          595    .constdata          c_w.l(_printf_fp_hex.o)
    0x080047ee   0x080047ee   0x00000002   PAD
    0x080047f0   0x080047f0   0x00000094   Data   RO          604    .constdata          c_w.l(bigflt0.o)
    0x08004884   0x08004884   0x00000020   Data   RO           34    .rodata.cst32       system_config.o
    0x080048a4   0x080048a4   0x00000073   Data   RO           33    .rodata.str1.1      system_config.o
    0x08004917   0x08004917   0x00000032   Data   RO          287    .rodata.str1.1      displaydata.o
    0x08004949   0x08004949   0x00000003   PAD
    0x0800494c   0x0800494c   0x00000020   Data   RO          796    Region$$Table       anon$$obj.o
    0x0800496c   0x0800496c   0x0000001c   Data   RO          632    locale$$data        c_w.l(lc_numeric_c.o)
    0x08004988   0x08004988   0x00000110   Data   RO          709    locale$$data        c_w.l(lc_ctype_c.o)


    Execution Region RW_IRAM1 (Exec base: 0x20000000, Load base: 0x08004a98, Size: 0x00001638, Max: 0x00020000, ABSOLUTE)

    Exec Addr    Load Addr    Size         Type   Attr      Idx    E Section Name        Object

    0x20000000   0x08004a98   0x00000004   Data   RW          137    .data.T             angles_estimation.o
    0x20000004   0x08004a9c   0x00000004   Data   RW           32    .data.oscillation_button_time  system_config.o
    0x20000008        -       0x00000060   Zero   RW          640    .bss                c_w.l(libspace.o)
    0x20000068        -       0x00000004   Zero   RW           31    .bss.button_pressed  system_config.o
    0x2000006c        -       0x00000004   Zero   RW           30    .bss.count          system_config.o
    0x20000070        -       0x000007d0   Zero   RW          255    .bss.dmaBuffer2     uart.o
    0x20000840        -       0x000007d0   Zero   RW          256    .bss.dmaBuffer6     uart.o
    0x20001010        -       0x00000004   Zero   RW          144    .bss.gyro_y         angles_estimation.o
    0x20001014        -       0x00000004   Zero   RW           29    .bss.power_on       system_config.o
    0x20001018        -       0x00000004   Zero   RW          145    .bss.pre_gyro_y     angles_estimation.o
    0x2000101c        -       0x00000004   Zero   RW          138    .bss.pre_theta      angles_estimation.o
    0x20001020        -       0x00000004   Zero   RW          142    .bss.pre_theta_acc  angles_estimation.o
    0x20001024        -       0x00000004   Zero   RW          140    .bss.theta          angles_estimation.o
    0x20001028        -       0x00000004   Zero   RW          141    .bss.theta_acc      angles_estimation.o
    0x2000102c        -       0x00000004   Zero   RW          148    .bss.theta_ref      angles_estimation.o
    0x20001030        -       0x00000004   Zero   RW          253    .bss.uart2Busy      uart.o
    0x20001034        -       0x00000004   Zero   RW          254    .bss.uart6Busy      uart.o
    0x20001038        -       0x00000200   Zero   RW          344    HEAP                startup_stm32f411xe.o
    0x20001238        -       0x00000400   Zero   RW          343    STACK               startup_stm32f411xe.o


==============================================================================

Image component sizes


      Code (inc. data)   RO Data    RW Data    ZI Data      Debug   Object Name

       518         56          0          0          0       3742   accelerometer.o
      1132        148          0          4         28       9719   angles_estimation.o
        92          0          0          0          0       2509   delay.o
       656        160         50          0          0       3801   displaydata.o
       562          4          0          0          0       3188   gyro.o
       234          0          0          0          0       3179   led.o
       148          8          0          0          0        779   main.o
       192          0          0          0          0       4478   motor_pwm.o
        64         26        408          0       1536        964   startup_stm32f411xe.o
      1312        264        147          4         12       9915   system_config.o
        18          0          0          0          0       2986   system_stm32f4xx.o
       788          0          0          0       4008       2807   uart.o

    ----------------------------------------------------------------------
      5756        670        640          8       5584      48067   Object Totals
         0          0         32          0          0          0   (incl. Generated)
        40          4          3          0          0          0   (incl. Padding)

    ----------------------------------------------------------------------

      Code (inc. data)   RO Data    RW Data    ZI Data      Debug   Library Member Name

        64          6          0          0          0         84   __2snprintf.o
         8          0          0          0          0         68   __main.o
       392          4         17          0          0         92   __printf_flags_ss_wp.o
        14          0          0          0          0         68   __printf_wp.o
         0          0          0          0          0          0   __rtentry.o
        12          0          0          0          0          0   __rtentry2.o
         6          0          0          0          0          0   __rtentry4.o
        94          8          0          0          0          0   __scatter.o
        26          0          0          0          0          0   __scatter_copy.o
        28          0          0          0          0          0   __scatter_zi.o
        72          0          0          0          0         96   _c16rtomb.o
         6          0          0          0          0          0   _printf_a.o
         6          0          0          0          0          0   _printf_c.o
        44          0          0          0          0        108   _printf_char.o
        48          6          0          0          0         96   _printf_char_common.o
        40          0          0          0          0         68   _printf_charcount.o
         6          0          0          0          0          0   _printf_d.o
       120         16          0          0          0         92   _printf_dec.o
         6          0          0          0          0          0   _printf_e.o
         6          0          0          0          0          0   _printf_f.o
      1052          0          0          0          0        148   _printf_fp_dec.o
       764          8         38          0          0        100   _printf_fp_hex.o
       128         16          0          0          0         84   _printf_fp_infnan.o
         6          0          0          0          0          0   _printf_g.o
       148          4         40          0          0        160   _printf_hex_int_ll_ptr.o
         6          0          0          0          0          0   _printf_i.o
       178          0          0          0          0         88   _printf_intcommon.o
        10          0          0          0          0          0   _printf_l.o
         6          0          0          0          0          0   _printf_lc.o
        10          0          0          0          0          0   _printf_ll.o
         6          0          0          0          0          0   _printf_lld.o
         6          0          0          0          0          0   _printf_lli.o
         6          0          0          0          0          0   _printf_llo.o
         6          0          0          0          0          0   _printf_llu.o
         6          0          0          0          0          0   _printf_llx.o
       124         16          0          0          0         92   _printf_longlong_dec.o
         6          0          0          0          0          0   _printf_ls.o
         6          0          0          0          0          0   _printf_n.o
         6          0          0          0          0          0   _printf_o.o
       112          8          0          0          0        124   _printf_oct_int_ll.o
         6          0          0          0          0          0   _printf_p.o
        78          0          0          0          0        108   _printf_pad.o
         0          0          0          0          0          0   _printf_percent.o
         4          0          0          0          0          0   _printf_percent_end.o
         6          0          0          0          0          0   _printf_s.o
        82          0          0          0          0         80   _printf_str.o
        36          0          0          0          0         84   _printf_truncate.o
         6          0          0          0          0          0   _printf_u.o
        44          0          0          0          0        108   _printf_wchar.o
       188          6          8          0          0         92   _printf_wctomb.o
         6          0          0          0          0          0   _printf_x.o
        22          0          0          0          0        100   _rserrno.o
        16          0          0          0          0         68   _snputc.o
       228          4        148          0          0         96   bigflt0.o
      1936        128          0          0          0        668   btod.o
        18          0          0          0          0         80   exit.o
         6          0          0          0          0        152   heapauxi.o
         0          0          0          0          0          0   indicate_semi.o
        44         10        272          0          0         76   lc_ctype_c.o
        44         10         28          0          0         76   lc_numeric_c.o
         2          0          0          0          0          0   libinit.o
        34          0          0          0          0          0   libinit2.o
         2          0          0          0          0          0   libshutdown.o
         2          0          0          0          0          0   libshutdown2.o
         8          4          0          0         96         68   libspace.o
       138          0          0          0          0         80   lludiv10.o
        16          4          0          0          0         76   rt_ctype_table.o
         8          4          0          0          0         68   rt_errno_addr_intlibspace.o
         8          4          0          0          0         68   rt_locale_intlibspace.o
         2          0          0          0          0          0   rtexit.o
        10          0          0          0          0          0   rtexit2.o
       124          0          0          0          0         88   strcmpv7em.o
        12          4          0          0          0         68   sys_exit.o
        74          0          0          0          0         80   sys_stackheap_outer.o
         2          0          0          0          0         68   use_no_semi.o
        60          4          0          0          0         80   vsnprintf.o
        24          0          0          0          0        164   basic.o
        98          4          0          0          0        140   d2f.o
       834         16          0          0          0        516   daddsub_clz.o
       692        140          0          0          0        264   ddiv.o
        84          0          0          0          0        232   dflt_clz.o
       340         12          0          0          0        152   dmul.o
       156          4          0          0          0        140   dnaninf.o
        12          0          0          0          0        116   dretinf.o
       408         56          0          0          0        168   dsqrt_umaal.o
        86          4          0          0          0        132   f2d.o
       140          4          0          0          0        132   fnaninf.o
        26          0          0          0          0        116   fpinit.o
        10          0          0          0          0        116   fretinf.o
         4          0          0          0          0        116   printf1.o
         4          0          0          0          0        116   printf2.o
         0          0          0          0          0          0   usenofp.o
       864         94         80          0          0        280   asin.o
       728        106        152          0          0        228   atan.o
        84         16          0          0          0        372   dunder.o
        24          0          0          0          0        124   fabs.o
        48          0          0          0          0        124   fpclassify.o
       248          0          0          0          0        152   poly.o
       110          0          0          0          0        148   sqrt.o

    ----------------------------------------------------------------------
     11914        730        786          0         96       8148   Library Totals
        28          0          3          0          0          0   (incl. Padding)

    ----------------------------------------------------------------------

      Code (inc. data)   RO Data    RW Data    ZI Data      Debug   Library Name

      6862        274        551          0         96       4100   c_w.l
      2918        240          0          0          0       2620   fz_wm.l
      2106        216        232          0          0       1428   m_wm.l

    ----------------------------------------------------------------------
     11914        730        786          0         96       8148   Library Totals

    ----------------------------------------------------------------------

==============================================================================


      Code (inc. data)   RO Data    RW Data    ZI Data      Debug   

     17670       1400       1426          8       5680      51399   Grand Totals
     17670       1400       1426          8       5680      51399   ELF Image Totals
     17670       1400       1426          8          0          0   ROM Totals

==============================================================================

    Total RO  Size (Code + RO Data)                19096 (  18.65kB)
    Total RW  Size (RW Data + ZI Data)              5688 (   5.55kB)
    Total ROM Size (Code + RO Data + RW Data)      19104 (  18.66kB)

==============================================================================

