Component: Arm Compiler for Embedded 6.21 Tool: armlink [5ec1fa00]

==============================================================================

Section Cross References

    main.o(.text.main) refers to system_config.o(.text.SysClockConfig) for SysClockConfig
    main.o(.text.main) refers to system_config.o(.text.SysTick_Init) for SysTick_Init
    main.o(.text.main) refers to delay.o(.text.TIM5Config) for TIM5Config
    main.o(.text.main) refers to system_config.o(.text.Sys_PowerMode_Config) for Sys_PowerMode_Config
    main.o(.text.main) refers to led.o(.text.GPIO_Config) for GPIO_Config
    main.o(.text.main) refers to led.o(.text.Testing_Toggle_4Led) for Testing_Toggle_4Led
    main.o(.text.main) refers to uart.o(.text.Uart2Init) for Uart2Init
    main.o(.text.main) refers to displaydata.o(.text.PrintConsole) for PrintConsole
    main.o(.text.main) refers to main.o(.rodata.str1.1) for .L.str.3
    main.o(.text.main) refers to system_config.o(.text.Timer2InterruptInit) for Timer2InterruptInit
    main.o(.text.main) refers to system_config.o(.text.Timer2InterruptEnable) for Timer2InterruptEnable
    main.o(.text.main) refers to gyro.o(.text.GyroInit) for GyroInit
    main.o(.text.main) refers to accelerometer.o(.text.AccelerometerInit) for AccelerometerInit
    main.o(.text.main) refers to motor_pwm.o(.text.o_Motor_Initialization_o) for o_Motor_Initialization_o
    main.o(.text.main) refers to i2c-st_slave_ard_master.o(.text.I2C3_Init) for I2C3_Init
    main.o(.text.main) refers to system_config.o(.text.getSystemClockSpeed) for getSystemClockSpeed
    main.o(.text.main) refers to angles_estimation.o(.text.Timer3InterruptInit) for Timer3InterruptInit
    main.o(.text.main) refers to main.o(.bss.power_on) for power_on
    main.o(.text.main) refers to i2c-st_slave_ard_master.o(.text.I3C3_Stop) for I3C3_Stop
    main.o(.text.main) refers to angles_estimation.o(.text.Timer3InterruptEnable) for Timer3InterruptEnable
    main.o(.text.main) refers to led.o(.text.Power_On) for Power_On
    main.o(.text.main) refers to angles_estimation.o(.text.Timer3InterruptDisable) for Timer3InterruptDisable
    main.o(.text.main) refers to i2c-st_slave_ard_master.o(.text.I2C3_Begin) for I2C3_Begin
    main.o(.text.main) refers to led.o(.text.Power_Off) for Power_Off
    main.o(.text.main) refers to delay.o(.text.delay_us) for delay_us
    main.o(.ARM.exidx.text.main) refers to main.o(.text.main) for [Anonymous Symbol]
    delay.o(.ARM.exidx.text.TIM5Config) refers to delay.o(.text.TIM5Config) for [Anonymous Symbol]
    delay.o(.ARM.exidx.text.delay_us) refers to delay.o(.text.delay_us) for [Anonymous Symbol]
    delay.o(.ARM.exidx.text.delay_ms) refers to delay.o(.text.delay_ms) for [Anonymous Symbol]
    led.o(.ARM.exidx.text.GPIO_Config) refers to led.o(.text.GPIO_Config) for [Anonymous Symbol]
    led.o(.text.Led_Trigger) refers to delay.o(.text.delay_ms) for delay_ms
    led.o(.ARM.exidx.text.Led_Trigger) refers to led.o(.text.Led_Trigger) for [Anonymous Symbol]
    led.o(.text.Testing_Toggle_4Led) refers to delay.o(.text.delay_ms) for delay_ms
    led.o(.ARM.exidx.text.Testing_Toggle_4Led) refers to led.o(.text.Testing_Toggle_4Led) for [Anonymous Symbol]
    led.o(.text.Blinking_4Led) refers to delay.o(.text.delay_ms) for delay_ms
    led.o(.ARM.exidx.text.Blinking_4Led) refers to led.o(.text.Blinking_4Led) for [Anonymous Symbol]
    led.o(.ARM.exidx.text.Power_On) refers to led.o(.text.Power_On) for [Anonymous Symbol]
    led.o(.ARM.exidx.text.Power_Off) refers to led.o(.text.Power_Off) for [Anonymous Symbol]
    system_config.o(.text.SysTick_Init) refers to system_stm32f4xx.o(.data.SystemCoreClock) for SystemCoreClock
    system_config.o(.ARM.exidx.text.SysTick_Init) refers to system_config.o(.text.SysTick_Init) for [Anonymous Symbol]
    system_config.o(.text.Get_Timestamp) refers to system_config.o(.bss.msTicks) for msTicks
    system_config.o(.text.Get_Timestamp) refers to dflt_clz.o(x$fpl$dfltu) for __aeabi_ui2d
    system_config.o(.text.Get_Timestamp) refers to ddiv.o(x$fpl$ddiv) for __aeabi_ddiv
    system_config.o(.text.Get_Timestamp) refers to dfixu.o(x$fpl$dfixu) for __aeabi_d2uiz
    system_config.o(.ARM.exidx.text.Get_Timestamp) refers to system_config.o(.text.Get_Timestamp) for [Anonymous Symbol]
    system_config.o(.text.SysTick_Handler) refers to system_config.o(.bss.msTicks) for msTicks
    system_config.o(.ARM.exidx.text.SysTick_Handler) refers to system_config.o(.text.SysTick_Handler) for [Anonymous Symbol]
    system_config.o(.text.delay_systick) refers to system_config.o(.bss.msTicks) for msTicks
    system_config.o(.text.delay_systick) refers to dflt_clz.o(x$fpl$dfltu) for __aeabi_ui2d
    system_config.o(.text.delay_systick) refers to ddiv.o(x$fpl$ddiv) for __aeabi_ddiv
    system_config.o(.text.delay_systick) refers to dfixu.o(x$fpl$dfixu) for __aeabi_d2uiz
    system_config.o(.ARM.exidx.text.delay_systick) refers to system_config.o(.text.delay_systick) for [Anonymous Symbol]
[...]
    .text                                    0x08000350   Section        0  vsnprintf.o(.text)
    .text                                    0x0800038c   Section        0  __2sprintf.o(.text)
    .text                                    0x080003b8   Section        0  __2snprintf.o(.text)
    .text                                    0x080003f8   Section        0  _printf_pad.o(.text)
    .text                                    0x08000446   Section        0  _printf_str.o(.text)
    _printf_hex_common                       0x08000499   Thumb Code     0  _printf_hex_int_ll_ptr.o(.text)
    .text                                    0x08000498   Section        0  _printf_hex_int_ll_ptr.o(.text)
    .text                                    0x0800052c   Section        0  __printf_flags_ss_wp.o(.text)
    .text                                    0x080006b4   Section        0  heapauxi.o(.text)
    .text                                    0x080006ba   Section        0  _rserrno.o(.text)
    .text                                    0x080006d0   Section        0  _printf_truncate.o(.text)
    .text                                    0x080006f4   Section        0  _printf_intcommon.o(.text)
    .text                                    0x080007a8   Section        0  _printf_dec.o(.text)
    .text                                    0x08000820   Section        0  _printf_charcount.o(.text)
    _fp_digits                               0x08000849   Thumb Code   432  _printf_fp_dec.o(.text)
    .text                                    0x08000848   Section        0  _printf_fp_dec.o(.text)
    _printf_input_char                       0x08000c65   Thumb Code    10  _printf_char_common.o(.text)
    .text                                    0x08000c64   Section        0  _printf_char_common.o(.text)
    .text                                    0x08000c94   Section        0  _sputc.o(.text)
    .text                                    0x08000c9e   Section        0  _snputc.o(.text)
    .text                                    0x08000cae   Section        0  _printf_char.o(.text)
    .text                                    0x08000cdc   Section        0  _printf_wctomb.o(.text)
    .text                                    0x08000d98   Section        0  _printf_longlong_dec.o(.text)
    _printf_longlong_oct_internal            0x08000e15   Thumb Code     0  _printf_oct_int_ll.o(.text)
    .text                                    0x08000e14   Section        0  _printf_oct_int_ll.o(.text)
    .text                                    0x08000e84   Section        8  rt_locale_intlibspace.o(.text)
    .text                                    0x08000e8c   Section        8  rt_errno_addr_intlibspace.o(.text)
    .text                                    0x08000e94   Section      138  lludiv10.o(.text)
    .text                                    0x08000f20   Section        0  _printf_fp_hex.o(.text)
    .text                                    0x0800121c   Section        0  _printf_fp_infnan.o(.text)
    .text                                    0x0800129c   Section        0  _printf_wchar.o(.text)
    .text                                    0x080012c8   Section        0  bigflt0.o(.text)
    .text                                    0x080013ac   Section        0  _c16rtomb.o(.text)
    .text                                    0x080013f4   Section        8  libspace.o(.text)
    .text                                    0x080013fc   Section       74  sys_stackheap_outer.o(.text)
    .text                                    0x08001448   Section       16  rt_ctype_table.o(.text)
    .text                                    0x08001458   Section        0  exit.o(.text)
    .text                                    0x08001470   Section      124  strcmpv7em.o(.text)
    .text                                    0x080014ec   Section        0  sys_exit.o(.text)
    .text                                    0x080014f8   Section        2  use_no_semi.o(.text)
    .text                                    0x080014fa   Section        0  indicate_semi.o(.text)
    [Anonymous Symbol]                       0x080014fc   Section        0  accelerometer.o(.text.AccelerometerInit)
    [Anonymous Symbol]                       0x08001634   Section        0  displaydata.o(.text.ApplyLevel)
    [Anonymous Symbol]                       0x08001670   Section        0  angles_estimation.o(.text.Control_Loop_ThetaEstimation_CommandThrottle)
    [Anonymous Symbol]                       0x080019a8   Section        0  uart.o(.text.DMA1_Stream5_IRQHandler)
    [Anonymous Symbol]                       0x080019d0   Section        0  uart.o(.text.DMA1_Stream6_IRQHandler)
    [Anonymous Symbol]                       0x08001a04   Section        0  uart.o(.text.DMA2_Stream1_IRQHandler)
    [Anonymous Symbol]                       0x08001a2c   Section        0  uart.o(.text.DMA2_Stream6_IRQHandler)
    [Anonymous Symbol]                       0x08001a60   Section        0  led.o(.text.GPIO_Config)
    [Anonymous Symbol]                       0x08001a9c   Section        0  gyro.o(.text.GetAxisValue)
    [Anonymous Symbol]                       0x08001b7c   Section        0  gyro.o(.text.GyroInit)
    [Anonymous Symbol]                       0x08001c98   Section        0  i2c-st_slave_ard_master.o(.text.I2C3_Begin)
    [Anonymous Symbol]                       0x08001cc4   Section        0  i2c-st_slave_ard_master.o(.text.I2C3_ER_IRQHandler)
    [Anonymous Symbol]                       0x08001d10   Section        0  i2c-st_slave_ard_master.o(.text.I2C3_EV_IRQHandler)
    [Anonymous Symbol]                       0x08001e34   Section        0  i2c-st_slave_ard_master.o(.text.I2C3_Init)
    [Anonymous Symbol]                       0x08001ef4   Section        0  i2c-st_slave_ard_master.o(.text.I3C3_Stop)
    [Anonymous Symbol]                       0x08001f2c   Section        0  motor_pwm.o(.text.MotorPWM_Set)
    [Anonymous Symbol]                       0x08001f6c   Section        0  led.o(.text.Power_Off)
    [Anonymous Symbol]                       0x08001f84   Section        0  led.o(.text.Power_On)
    [Anonymous Symbol]                       0x08001f9c   Section        0  displaydata.o(.text.PrintConsole)
    [Anonymous Symbol]                       0x08001fe0   Section        0  accelerometer.o(.text.ReadFromAccelerometer)
    [Anonymous Symbol]                       0x08002064   Section        0  uart.o(.text.SendString)
    [Anonymous Symbol]                       0x080020cc   Section        0  system_config.o(.text.SysClockConfig)
    [Anonymous Symbol]                       0x08002154   Section        0  system_config.o(.text.SysTick_Handler)
    [Anonymous Symbol]                       0x08002164   Section        0  system_config.o(.text.SysTick_Init)
    [Anonymous Symbol]                       0x08002198   Section        0  system_config.o(.text.Sys_PowerMode_Config)
    [Anonymous Symbol]                       0x080021c0   Section        0  system_stm32f4xx.o(.text.SystemInit)
    [Anonymous Symbol]                       0x080021d4   Section        0  system_config.o(.text.TIM2_IRQHandler)
    [Anonymous Symbol]                       0x08002224   Section        0  angles_estimation.o(.text.TIM3_IRQHandler)
    [Anonymous Symbol]                       0x0800223c   Section        0  delay.o(.text.TIM5Config)
    [Anonymous Symbol]                       0x08002270   Section        0  led.o(.text.Testing_Toggle_4Led)
    [Anonymous Symbol]                       0x080022f0   Section        0  angles_estimation.o(.text.TiltCompensatedThetaEstimation)
    [Anonymous Symbol]                       0x080023d0   Section        0  system_config.o(.text.Timer2InterruptEnable)
    [Anonymous Symbol]                       0x080023e0   Section        0  system_config.o(.text.Timer2InterruptInit)
    [Anonymous Symbol]                       0x0800253c   Section        0  angles_estimation.o(.text.Timer3InterruptDisable)
    [Anonymous Symbol]                       0x08002550   Section        0  angles_estimation.o(.text.Timer3InterruptEnable)
    [Anonymous Symbol]                       0x08002568   Section        0  angles_estimation.o(.text.Timer3InterruptInit)
    [Anonymous Symbol]                       0x08002694   Section        0  uart.o(.text.USART2_IRQHandler)
    [Anonymous Symbol]                       0x080026bc   Section        0  uart.o(.text.USART6_IRQHandler)
    [Anonymous Symbol]                       0x080026e4   Section        0  uart.o(.text.Uart2Init)
    [Anonymous Symbol]                       0x080027c4   Section        0  delay.o(.text.delay_ms)
    [Anonymous Symbol]                       0x080027ec   Section        0  delay.o(.text.delay_us)
    [Anonymous Symbol]                       0x08002800   Section        0  system_config.o(.text.getSystemClockSpeed)
    [Anonymous Symbol]                       0x080029f4   Section        0  main.o(.text.main)
    [Anonymous Symbol]                       0x08002ab8   Section        0  motor_pwm.o(.text.o_Motor_Initialization_o)
    CL$$btod_d2e                             0x08002b78   Section       62  btod.o(CL$$btod_d2e)
    CL$$btod_d2e_denorm_low                  0x08002bb6   Section       70  btod.o(CL$$btod_d2e_denorm_low)
    CL$$btod_d2e_norm_op1                    0x08002bfc   Section       96  btod.o(CL$$btod_d2e_norm_op1)
    CL$$btod_div_common                      0x08002c5c   Section      824  btod.o(CL$$btod_div_common)
    CL$$btod_e2e                             0x08002f94   Section      220  btod.o(CL$$btod_e2e)
    CL$$btod_ediv                            0x08003070   Section       42  btod.o(CL$$btod_ediv)
    CL$$btod_emul                            0x0800309a   Section       42  btod.o(CL$$btod_emul)
    CL$$btod_mult_common                     0x080030c4   Section      580  btod.o(CL$$btod_mult_common)
    i.__ARM_fpclassify                       0x08003308   Section        0  fpclassify.o(i.__ARM_fpclassify)
    i.__ARM_fpclassifyf                      0x08003338   Section        0  fpclassifyf.o(i.__ARM_fpclassifyf)
    i.__hardfp_asinf                         0x08003360   Section        0  asinf.o(i.__hardfp_asinf)
    i.__mathlib_flt_infnan                   0x0800348c   Section        0  funder.o(i.__mathlib_flt_infnan)
    i.__mathlib_flt_invalid                  0x08003494   Section        0  funder.o(i.__mathlib_flt_invalid)
    i.__mathlib_flt_underflow                0x080034a4   Section        0  funder.o(i.__mathlib_flt_underflow)
    i._is_digit                              0x080034b4   Section        0  __printf_wp.o(i._is_digit)
    i.sqrtf                                  0x080034c2   Section        0  sqrtf.o(i.sqrtf)
    locale$$code                             0x08003500   Section       44  lc_numeric_c.o(locale$$code)
    locale$$code                             0x0800352c   Section       44  lc_ctype_c.o(locale$$code)
    $v0                                      0x08003558   Number         0  d2f.o(x$fpl$d2f)
    x$fpl$d2f                                0x08003558   Section       98  d2f.o(x$fpl$d2f)
    $v0                                      0x080035bc   Number         0  daddsub_clz.o(x$fpl$dadd)
    x$fpl$dadd                               0x080035bc   Section      336  daddsub_clz.o(x$fpl$dadd)
    _dadd1                                   0x080035cd   Thumb Code     0  daddsub_clz.o(x$fpl$dadd)
    $v0                                      0x0800370c   Number         0  ddiv.o(x$fpl$ddiv)
    x$fpl$ddiv                               0x0800370c   Section      692  ddiv.o(x$fpl$ddiv)
    ddiv_entry                               0x08003713   Thumb Code     0  ddiv.o(x$fpl$ddiv)
    $v0                                      0x080039c0   Number         0  dflt_clz.o(x$fpl$dflt)
    x$fpl$dflt                               0x080039c0   Section       46  dflt_clz.o(x$fpl$dflt)
    $v0                                      0x080039ee   Number         0  dflt_clz.o(x$fpl$dfltu)
    x$fpl$dfltu                              0x080039ee   Section       38  dflt_clz.o(x$fpl$dfltu)
    $v0                                      0x08003a14   Number         0  dmul.o(x$fpl$dmul)
    x$fpl$dmul                               0x08003a14   Section      340  dmul.o(x$fpl$dmul)
    $v0                                      0x08003b68   Number         0  dnaninf.o(x$fpl$dnaninf)
    x$fpl$dnaninf                            0x08003b68   Section      156  dnaninf.o(x$fpl$dnaninf)
    $v0                                      0x08003c04   Number         0  dretinf.o(x$fpl$dretinf)
    x$fpl$dretinf                            0x08003c04   Section       12  dretinf.o(x$fpl$dretinf)
    $v0                                      0x08003c10   Number         0  daddsub_clz.o(x$fpl$dsub)
    x$fpl$dsub                               0x08003c10   Section      476  daddsub_clz.o(x$fpl$dsub)
    _dsub1                                   0x08003c21   Thumb Code     0  daddsub_clz.o(x$fpl$dsub)
    $v0                                      0x08003dec   Number         0  f2d.o(x$fpl$f2d)
    x$fpl$f2d                                0x08003dec   Section       86  f2d.o(x$fpl$f2d)
    $v0                                      0x08003e42   Number         0  fnaninf.o(x$fpl$fnaninf)
    x$fpl$fnaninf                            0x08003e42   Section      140  fnaninf.o(x$fpl$fnaninf)
    $v0                                      0x08003ece   Number         0  fpinit.o(x$fpl$fpinit)
    x$fpl$fpinit                             0x08003ece   Section       26  fpinit.o(x$fpl$fpinit)
    $v0                                      0x08003ee8   Number         0  fretinf.o(x$fpl$fretinf)
    x$fpl$fretinf                            0x08003ee8   Section       10  fretinf.o(x$fpl$fretinf)
    $v0                                      0x08003ef2   Number         0  printf1.o(x$fpl$printf1)
    x$fpl$printf1                            0x08003ef2   Section        4  printf1.o(x$fpl$printf1)
    $v0                                      0x08003ef6   Number         0  printf2.o(x$fpl$printf2)
    x$fpl$printf2                            0x08003ef6   Section        4  printf2.o(x$fpl$printf2)
    uc_hextab                                0x08003efa   Data          20  _printf_hex_int_ll_ptr.o(.constdata)
    .constdata                               0x08003efa   Section       40  _printf_hex_int_ll_ptr.o(.constdata)
    x$fpl$usenofp                            0x08003efa   Section        0  usenofp.o(x$fpl$usenofp)
    lc_hextab                                0x08003f0e   Data          20  _printf_hex_int_ll_ptr.o(.constdata)
    maptable                                 0x08003f22   Data          17  __printf_flags_ss_wp.o(.constdata)
    .constdata                               0x08003f22   Section       17  __printf_flags_ss_wp.o(.constdata)
    initial_mbstate                          0x08003f34   Data           8  _printf_wctomb.o(.constdata)
    .constdata                               0x08003f34   Section        8  _printf_wctomb.o(.constdata)
    lc_hextab                                0x08003f3c   Data          19  _printf_fp_hex.o(.constdata)
    .constdata                               0x08003f3c   Section       38  _printf_fp_hex.o(.constdata)
    uc_hextab                                0x08003f4f   Data          19  _printf_fp_hex.o(.constdata)
    tenpwrs_x                                0x08003f64   Data          60  bigflt0.o(.constdata)
    .constdata                               0x08003f64   Section      148  bigflt0.o(.constdata)
    tenpwrs_i                                0x08003fa0   Data          64  bigflt0.o(.constdata)
    .Lswitch.table.convertPPRE               0x08003ff8   Data          32  system_config.o(.rodata.cst32)
    .L.str.3                                 0x08004018   Data          75  main.o(.rodata.str1.1)
    [Anonymous Symbol]                       0x08004018   Section        0  main.o(.rodata.str1.1)
    .L.str.5                                 0x08004063   Data          25  system_config.o(.rodata.str1.1)
    [Anonymous Symbol]                       0x08004063   Section        0  system_config.o(.rodata.str1.1)
    .L.str.4                                 0x0800407c   Data          25  system_config.o(.rodata.str1.1)
    .L.str.2                                 0x08004095   Data          46  system_config.o(.rodata.str1.1)
    .L.str.1                                 0x080040c3   Data          45  system_config.o(.rodata.str1.1)
    .L.str.6                                 0x080040f0   Data          35  system_config.o(.rodata.str1.1)
    .L.str.3                                 0x08004113   Data          27  system_config.o(.rodata.str1.1)
    .L.str.4                                 0x0800412e   Data          53  angles_estimation.o(.rodata.str1.1)
    [Anonymous Symbol]                       0x0800412e   Section        0  angles_estimation.o(.rodata.str1.1)
    .L.str                                   0x08004163   Data          65  angles_estimation.o(.rodata.str1.1)
    [Anonymous Symbol]                       0x080041a4   Section        0  displaydata.o(.rodata.str1.1)
    .L.str                                   0x080041ce   Data           5  displaydata.o(.rodata.str1.1)
    .L.str.6                                 0x080041d3   Data           2  displaydata.o(.rodata.str1.1)
    .L.str.4                                 0x080041d5   Data          32  i2c-st_slave_ard_master.o(.rodata.str1.1)
    .L.str.7                                 0x080041d5   Data           2  displaydata.o(.rodata.str1.1)
    [Anonymous Symbol]                       0x080041d5   Section        0  i2c-st_slave_ard_master.o(.rodata.str1.1)
    .L.str.3                                 0x080041f8   Data          27  i2c-st_slave_ard_master.o(.rodata.str1.4)
    [Anonymous Symbol]                       0x080041f8   Section        0  i2c-st_slave_ard_master.o(.rodata.str1.4)
    .L.str.2                                 0x08004214   Data          26  i2c-st_slave_ard_master.o(.rodata.str1.4)
    .L.str.1                                 0x08004240   Data          25  i2c-st_slave_ard_master.o(.rodata.str1.4)
    locale$$data                             0x0800427c   Section       28  lc_numeric_c.o(locale$$data)
    __lcnum_c_name                           0x08004280   Data           2  lc_numeric_c.o(locale$$data)
    __lcnum_c_start                          0x08004288   Data           0  lc_numeric_c.o(locale$$data)
    __lcnum_c_point                          0x08004294   Data           0  lc_numeric_c.o(locale$$data)
    __lcnum_c_thousands                      0x08004296   Data           0  lc_numeric_c.o(locale$$data)
    __lcnum_c_grouping                       0x08004297   Data           0  lc_numeric_c.o(locale$$data)
    __lcnum_c_end                            0x08004298   Data           0  lc_numeric_c.o(locale$$data)
    locale$$data                             0x08004298   Section      272  lc_ctype_c.o(locale$$data)
    __lcctype_c_name                         0x0800429c   Data           2  lc_ctype_c.o(locale$$data)
    __lcctype_c_start                        0x080042a4   Data           0  lc_ctype_c.o(locale$$data)
    __lcctype_c_end                          0x080043a8   Data           0  lc_ctype_c.o(locale$$data)
    .bss                                     0x20000008   Section       96  libspace.o(.bss)
    Heap_Mem                                 0x20000890   Data         512  startup_stm32f411xe.o(HEAP)
    HEAP                                     0x20000890   Section      512  startup_stm32f411xe.o(HEAP)
    Stack_Mem                                0x20000a90   Data        1024  startup_stm32f411xe.o(STACK)
    STACK                                    0x20000a90   Section     1024  startup_stm32f411xe.o(STACK)
    __initial_sp                             0x20000e90   Data           0  startup_stm32f411xe.o(STACK)

    Global Symbols

    Symbol Name                              Value     Ov Type        Size  Object(Section)

    BuildAttributes$$THM_ISAv4$E$P$D$K$B$S$7EM$VFPi3$EXTD16$VFPS$VFMA$PE$A:L22UL41UL21$X:L11$S22US41US21$IEEE1$IW$~IW$USESV6$~STKCKD$USESV7$~SHL$OTIME$ROPI$IEEEX$EBA8$UX$STANDARDLIB$REQ8$PRES8$EABIv2 0x00000000   Number         0  anon$$obj.o ABSOLUTE
    _printf_flags                            0x00000000   Number         0  printf_stubs.o ABSOLUTE
    _printf_return_value                     0x00000000   Number         0  printf_stubs.o ABSOLUTE
    _printf_sizespec                         0x00000000   Number         0  printf_stubs.o ABSOLUTE
    _printf_widthprec                        0x00000000   Number         0  printf_stubs.o ABSOLUTE
    __ARM_exceptions_init                     - Undefined Weak Reference
    __alloca_initialize                       - Undefined Weak Reference
    __arm_preinit_                            - Undefined Weak Reference
    __arm_relocate_pie_                       - Undefined Weak Reference
    __cpp_initialize__aeabi_                  - Undefined Weak Reference
    __cxa_finalize                            - Undefined Weak Reference
    __sigvec_lookup                           - Undefined Weak Reference
    _atexit_init                              - Undefined Weak Reference
    _call_atexit_fns                          - Undefined Weak Reference
    _clock_init                               - Undefined Weak Reference
    _fp_trap_init                             - Undefined Weak Reference
    _fp_trap_shutdown                         - Undefined Weak Reference
    _get_lc_collate                           - Undefined Weak Reference
    _get_lc_monetary                          - Undefined Weak Reference
    _get_lc_time                              - Undefined Weak Reference
    _getenv_init                              - Undefined Weak Reference
    _handle_redirection                       - Undefined Weak Reference
    _init_alloc                               - Undefined Weak Reference
    _init_user_alloc                          - Undefined Weak Reference
    _initio                                   - Undefined Weak Reference
    _printf_mbtowc                            - Undefined Weak Reference
    _printf_wc                                - Undefined Weak Reference
    _rand_init                                - Undefined Weak Reference
    _signal_finish                            - Undefined Weak Reference
    _signal_init                              - Undefined Weak Reference
    _terminate_alloc                          - Undefined Weak Reference
    _terminate_user_alloc                     - Undefined Weak Reference
    _terminateio                              - Undefined Weak Reference
    __Vectors_Size                           0x00000198   Number         0  startup_stm32f411xe.o ABSOLUTE
    __Vectors                                0x08000000   Data           4  startup_stm32f411xe.o(RESET)
    __Vectors_End                            0x08000198   Data           0  startup_stm32f411xe.o(RESET)
    __main                                   0x08000199   Thumb Code     8  __main.o(!!!main)
    __scatterload                            0x080001a1   Thumb Code     0  __scatter.o(!!!scatter)
    __scatterload_rt2                        0x080001a1   Thumb Code    84  __scatter.o(!!!scatter)
    __scatterload_rt2_thumb_only             0x080001a1   Thumb Code     0  __scatter.o(!!!scatter)
    __scatterload_loop                       0x080001ab   Thumb Code     0  __scatter.o(!!!scatter)
    __scatterload_copy                       0x080001fd   Thumb Code    26  __scatter_copy.o(!!handler_copy)
    __scatterload_null                       0x08000219   Thumb Code     2  __scatter.o(!!handler_null)
    __scatterload_zeroinit                   0x0800021d   Thumb Code    28  __scatter_zi.o(!!handler_zi)
    _printf_n                                0x08000239   Thumb Code     0  _printf_n.o(.ARM.Collect$$_printf_percent$$00000001)
    _printf_percent                          0x08000239   Thumb Code     0  _printf_percent.o(.ARM.Collect$$_printf_percent$$00000000)
    _printf_p                                0x0800023f   Thumb Code     0  _printf_p.o(.ARM.Collect$$_printf_percent$$00000002)
    _printf_f                                0x08000245   Thumb Code     0  _printf_f.o(.ARM.Collect$$_printf_percent$$00000003)
    _printf_e                                0x0800024b   Thumb Code     0  _printf_e.o(.ARM.Collect$$_printf_percent$$00000004)
    _printf_g                                0x08000251   Thumb Code     0  _printf_g.o(.ARM.Collect$$_printf_percent$$00000005)
    _printf_a                                0x08000257   Thumb Code     0  _printf_a.o(.ARM.Collect$$_printf_percent$$00000006)
    _printf_ll                               0x0800025d   Thumb Code     0  _printf_ll.o(.ARM.Collect$$_printf_percent$$00000007)
    _printf_i                                0x08000267   Thumb Code     0  _printf_i.o(.ARM.Collect$$_printf_percent$$00000008)
    _printf_d                                0x0800026d   Thumb Code     0  _printf_d.o(.ARM.Collect$$_printf_percent$$00000009)
    _printf_u                                0x08000273   Thumb Code     0  _printf_u.o(.ARM.Collect$$_printf_percent$$0000000A)
    _printf_o                                0x08000279   Thumb Code     0  _printf_o.o(.ARM.Collect$$_printf_percent$$0000000B)
    _printf_x                                0x0800027f   Thumb Code     0  _printf_x.o(.ARM.Collect$$_printf_percent$$0000000C)
    _printf_lli                              0x08000285   Thumb Code     0  _printf_lli.o(.ARM.Collect$$_printf_percent$$0000000D)
    _printf_lld                              0x0800028b   Thumb Code     0  _printf_lld.o(.ARM.Collect$$_printf_percent$$0000000E)
    _printf_llu                              0x08000291   Thumb Code     0  _printf_llu.o(.ARM.Collect$$_printf_percent$$0000000F)
    _printf_llo                              0x08000297   Thumb Code     0  _printf_llo.o(.ARM.Collect$$_printf_percent$$00000010)
    _printf_llx                              0x0800029d   Thumb Code     0  _printf_llx.o(.ARM.Collect$$_printf_percent$$00000011)
    _printf_l                                0x080002a3   Thumb Code     0  _printf_l.o(.ARM.Collect$$_printf_percent$$00000012)
    _printf_c                                0x080002ad   Thumb Code     0  _printf_c.o(.ARM.Collect$$_printf_percent$$00000013)
    _printf_s                                0x080002b3   Thumb Code     0  _printf_s.o(.ARM.Collect$$_printf_percent$$00000014)
    _printf_lc                               0x080002b9   Thumb Code     0  _printf_lc.o(.ARM.Collect$$_printf_percent$$00000015)
    _printf_ls                               0x080002bf   Thumb Code     0  _printf_ls.o(.ARM.Collect$$_printf_percent$$00000016)
    _printf_percent_end                      0x080002c5   Thumb Code     0  _printf_percent_end.o(.ARM.Collect$$_printf_percent$$00000017)
    __rt_lib_init                            0x080002c9   Thumb Code     0  libinit.o(.ARM.Collect$$libinit$$00000000)
    __rt_lib_init_fp_1                       0x080002cb   Thumb Code     0  libinit2.o(.ARM.Collect$$libinit$$00000001)
    __rt_lib_init_heap_1                     0x080002cf   Thumb Code     0  libinit2.o(.ARM.Collect$$libinit$$0000000C)
    __rt_lib_init_lc_common                  0x080002cf   Thumb Code     0  libinit2.o(.ARM.Collect$$libinit$$00000011)
    __rt_lib_init_preinit_1                  0x080002cf   Thumb Code     0  libinit2.o(.ARM.Collect$$libinit$$00000006)
    __rt_lib_init_rand_1                     0x080002cf   Thumb Code     0  libinit2.o(.ARM.Collect$$libinit$$00000010)
    __rt_lib_init_relocate_pie_1             0x080002cf   Thumb Code     0  libinit2.o(.ARM.Collect$$libinit$$00000004)
    __rt_lib_init_user_alloc_1               0x080002cf   Thumb Code     0  libinit2.o(.ARM.Collect$$libinit$$0000000E)
    __rt_lib_init_lc_collate_1               0x080002d5   Thumb Code     0  libinit2.o(.ARM.Collect$$libinit$$00000013)
    __rt_lib_init_lc_ctype_2                 0x080002d5   Thumb Code     0  libinit2.o(.ARM.Collect$$libinit$$00000014)
    __rt_lib_init_lc_ctype_1                 0x080002e1   Thumb Code     0  libinit2.o(.ARM.Collect$$libinit$$00000015)
    __rt_lib_init_lc_monetary_1              0x080002e1   Thumb Code     0  libinit2.o(.ARM.Collect$$libinit$$00000017)
    __rt_lib_init_lc_numeric_2               0x080002e1   Thumb Code     0  libinit2.o(.ARM.Collect$$libinit$$00000018)
    __rt_lib_init_alloca_1                   0x080002eb   Thumb Code     0  libinit2.o(.ARM.Collect$$libinit$$00000030)
    __rt_lib_init_argv_1                     0x080002eb   Thumb Code     0  libinit2.o(.ARM.Collect$$libinit$$0000002E)
    __rt_lib_init_atexit_1                   0x080002eb   Thumb Code     0  libinit2.o(.ARM.Collect$$libinit$$0000001D)
    __rt_lib_init_clock_1                    0x080002eb   Thumb Code     0  libinit2.o(.ARM.Collect$$libinit$$00000023)
    __rt_lib_init_cpp_1                      0x080002eb   Thumb Code     0  libinit2.o(.ARM.Collect$$libinit$$00000034)
    __rt_lib_init_exceptions_1               0x080002eb   Thumb Code     0  libinit2.o(.ARM.Collect$$libinit$$00000032)
    __rt_lib_init_fp_trap_1                  0x080002eb   Thumb Code     0  libinit2.o(.ARM.Collect$$libinit$$00000021)
    __rt_lib_init_getenv_1                   0x080002eb   Thumb Code     0  libinit2.o(.ARM.Collect$$libinit$$00000025)
    __rt_lib_init_lc_numeric_1               0x080002eb   Thumb Code     0  libinit2.o(.ARM.Collect$$libinit$$00000019)
    __rt_lib_init_lc_time_1                  0x080002eb   Thumb Code     0  libinit2.o(.ARM.Collect$$libinit$$0000001B)
    __rt_lib_init_return                     0x080002eb   Thumb Code     0  libinit2.o(.ARM.Collect$$libinit$$00000035)
    __rt_lib_init_signal_1                   0x080002eb   Thumb Code     0  libinit2.o(.ARM.Collect$$libinit$$0000001F)
    __rt_lib_init_stdio_1                    0x080002eb   Thumb Code     0  libinit2.o(.ARM.Collect$$libinit$$00000027)
    __rt_lib_shutdown                        0x080002ed   Thumb Code     0  libshutdown.o(.ARM.Collect$$libshutdown$$00000000)
    __rt_lib_shutdown_cpp_1                  0x080002ef   Thumb Code     0  libshutdown2.o(.ARM.Collect$$libshutdown$$00000002)
    __rt_lib_shutdown_fp_trap_1              0x080002ef   Thumb Code     0  libshutdown2.o(.ARM.Collect$$libshutdown$$00000007)
    __rt_lib_shutdown_heap_1                 0x080002ef   Thumb Code     0  libshutdown2.o(.ARM.Collect$$libshutdown$$0000000F)
    __rt_lib_shutdown_return                 0x080002ef   Thumb Code     0  libshutdown2.o(.ARM.Collect$$libshutdown$$00000010)
    __rt_lib_shutdown_signal_1               0x080002ef   Thumb Code     0  libshutdown2.o(.ARM.Collect$$libshutdown$$0000000A)
    __rt_lib_shutdown_stdio_1                0x080002ef   Thumb Code     0  libshutdown2.o(.ARM.Collect$$libshutdown$$00000004)
    __rt_lib_shutdown_user_alloc_1           0x080002ef   Thumb Code     0  libshutdown2.o(.ARM.Collect$$libshutdown$$0000000C)
    __rt_entry                               0x080002f1   Thumb Code     0  __rtentry.o(.ARM.Collect$$rtentry$$00000000)
    __rt_entry_presh_1                       0x080002f1   Thumb Code     0  __rtentry2.o(.ARM.Collect$$rtentry$$00000002)
    __rt_entry_sh                            0x080002f1   Thumb Code     0  __rtentry4.o(.ARM.Collect$$rtentry$$00000004)
    __rt_entry_li                            0x080002f7   Thumb Code     0  __rtentry2.o(.ARM.Collect$$rtentry$$0000000A)
    __rt_entry_postsh_1                      0x080002f7   Thumb Code     0  __rtentry2.o(.ARM.Collect$$rtentry$$00000009)
    __rt_entry_main                          0x080002fb   Thumb Code     0  __rtentry2.o(.ARM.Collect$$rtentry$$0000000D)
    __rt_entry_postli_1                      0x080002fb   Thumb Code     0  __rtentry2.o(.ARM.Collect$$rtentry$$0000000C)
    __rt_exit                                0x08000303   Thumb Code     0  rtexit.o(.ARM.Collect$$rtexit$$00000000)
    __rt_exit_ls                             0x08000305   Thumb Code     0  rtexit2.o(.ARM.Collect$$rtexit$$00000003)
    __rt_exit_prels_1                        0x08000305   Thumb Code     0  rtexit2.o(.ARM.Collect$$rtexit$$00000002)
    __rt_exit_exit                           0x08000309   Thumb Code     0  rtexit2.o(.ARM.Collect$$rtexit$$00000004)
    Reset_Handler                            0x08000311   Thumb Code     8  startup_stm32f411xe.o(.text)
    NMI_Handler                              0x08000319   Thumb Code     2  startup_stm32f411xe.o(.text)
    HardFault_Handler                        0x0800031b   Thumb Code     2  startup_stm32f411xe.o(.text)
    MemManage_Handler                        0x0800031d   Thumb Code     2  startup_stm32f411xe.o(.text)
    BusFault_Handler                         0x0800031f   Thumb Code     2  startup_stm32f411xe.o(.text)
    UsageFault_Handler                       0x08000321   Thumb Code     2  startup_stm32f411xe.o(.text)
    SVC_Handler                              0x08000323   Thumb Code     2  startup_stm32f411xe.o(.text)
    DebugMon_Handler                         0x08000325   Thumb Code     2  startup_stm32f411xe.o(.text)
    PendSV_Handler                           0x08000327   Thumb Code     2  startup_stm32f411xe.o(.text)
    ADC_IRQHandler                           0x0800032b   Thumb Code     0  startup_stm32f411xe.o(.text)
    DMA1_Stream0_IRQHandler                  0x0800032b   Thumb Code     0  startup_stm32f411xe.o(.text)
    DMA1_Stream1_IRQHandler                  0x0800032b   Thumb Code     0  startup_stm32f411xe.o(.text)
    DMA1_Stream2_IRQHandler                  0x0800032b   Thumb Code     0  startup_stm32f411xe.o(.text)
    DMA1_Stream3_IRQHandler                  0x0800032b   Thumb Code     0  startup_stm32f411xe.o(.text)
    DMA1_Stream4_IRQHandler                  0x0800032b   Thumb Code     0  startup_stm32f411xe.o(.text)
    DMA1_Stream7_IRQHandler                  0x0800032b   Thumb Code     0  startup_stm32f411xe.o(.text)
    DMA2_Stream0_IRQHandler                  0x0800032b   Thumb Code     0  startup_stm32f411xe.o(.text)
    DMA2_Stream2_IRQHandler                  0x0800032b   Thumb Code     0  startup_stm32f411xe.o(.text)
    DMA2_Stream3_IRQHandler                  0x0800032b   Thumb Code     0  startup_stm32f411xe.o(.text)
    DMA2_Stream4_IRQHandler                  0x0800032b   Thumb Code     0  startup_stm32f411xe.o(.text)
    DMA2_Stream5_IRQHandler                  0x0800032b   Thumb Code     0  startup_stm32f411xe.o(.text)
    DMA2_Stream7_IRQHandler                  0x0800032b   Thumb Code     0  startup_stm32f411xe.o(.text)
    EXTI0_IRQHandler                         0x0800032b   Thumb Code     0  startup_stm32f411xe.o(.text)
    EXTI15_10_IRQHandler                     0x0800032b   Thumb Code     0  startup_stm32f411xe.o(.text)
    EXTI1_IRQHandler                         0x0800032b   Thumb Code     0  startup_stm32f411xe.o(.text)
    EXTI2_IRQHandler                         0x0800032b   Thumb Code     0  startup_stm32f411xe.o(.text)
    EXTI3_IRQHandler                         0x0800032b   Thumb Code     0  startup_stm32f411xe.o(.text)
    EXTI4_IRQHandler                         0x0800032b   Thumb Code     0  startup_stm32f411xe.o(.text)
    EXTI9_5_IRQHandler                       0x0800032b   Thumb Code     0  startup_stm32f411xe.o(.text)
    FLASH_IRQHandler                         0x0800032b   Thumb Code     0  startup_stm32f411xe.o(.text)
    FPU_IRQHandler                           0x0800032b   Thumb Code     0  startup_stm32f411xe.o(.text)
    I2C1_ER_IRQHandler                       0x0800032b   Thumb Code     0  startup_stm32f411xe.o(.text)
    I2C1_EV_IRQHandler                       0x0800032b   Thumb Code     0  startup_stm32f411xe.o(.text)
    I2C2_ER_IRQHandler                       0x0800032b   Thumb Code     0  startup_stm32f411xe.o(.text)
    I2C2_EV_IRQHandler                       0x0800032b   Thumb Code     0  startup_stm32f411xe.o(.text)
    OTG_FS_IRQHandler                        0x0800032b   Thumb Code     0  startup_stm32f411xe.o(.text)
    OTG_FS_WKUP_IRQHandler                   0x0800032b   Thumb Code     0  startup_stm32f411xe.o(.text)
    PVD_IRQHandler                           0x0800032b   Thumb Code     0  startup_stm32f411xe.o(.text)
    RCC_IRQHandler                           0x0800032b   Thumb Code     0  startup_stm32f411xe.o(.text)
    RTC_Alarm_IRQHandler                     0x0800032b   Thumb Code     0  startup_stm32f411xe.o(.text)
    RTC_WKUP_IRQHandler                      0x0800032b   Thumb Code     0  startup_stm32f411xe.o(.text)
    SDIO_IRQHandler                          0x0800032b   Thumb Code     0  startup_stm32f411xe.o(.text)
    SPI1_IRQHandler                          0x0800032b   Thumb Code     0  startup_stm32f411xe.o(.text)
    SPI2_IRQHandler                          0x0800032b   Thumb Code     0  startup_stm32f411xe.o(.text)
    SPI3_IRQHandler                          0x0800032b   Thumb Code     0  startup_stm32f411xe.o(.text)
    SPI4_IRQHandler                          0x0800032b   Thumb Code     0  startup_stm32f411xe.o(.text)
    SPI5_IRQHandler                          0x0800032b   Thumb Code     0  startup_stm32f411xe.o(.text)
    TAMP_STAMP_IRQHandler                    0x0800032b   Thumb Code     0  startup_stm32f411xe.o(.text)
    TIM1_BRK_TIM9_IRQHandler                 0x0800032b   Thumb Code     0  startup_stm32f411xe.o(.text)
    TIM1_CC_IRQHandler                       0x0800032b   Thumb Code     0  startup_stm32f411xe.o(.text)
    TIM1_TRG_COM_TIM11_IRQHandler            0x0800032b   Thumb Code     0  startup_stm32f411xe.o(.text)
    TIM1_UP_TIM10_IRQHandler                 0x0800032b   Thumb Code     0  startup_stm32f411xe.o(.text)
    TIM4_IRQHandler                          0x0800032b   Thumb Code     0  startup_stm32f411xe.o(.text)
    TIM5_IRQHandler                          0x0800032b   Thumb Code     0  startup_stm32f411xe.o(.text)
    USART1_IRQHandler                        0x0800032b   Thumb Code     0  startup_stm32f411xe.o(.text)
    WWDG_IRQHandler                          0x0800032b   Thumb Code     0  startup_stm32f411xe.o(.text)
    __user_initial_stackheap                 0x0800032d   Thumb Code     0  startup_stm32f411xe.o(.text)
    vsnprintf                                0x08000351   Thumb Code    56  vsnprintf.o(.text)
    __2sprintf                               0x0800038d   Thumb Code    38  __2sprintf.o(.text)
    __2snprintf                              0x080003b9   Thumb Code    58  __2snprintf.o(.text)
    _printf_pre_padding                      0x080003f9   Thumb Code    44  _printf_pad.o(.text)
    _printf_post_padding                     0x08000425   Thumb Code    34  _printf_pad.o(.text)
    _printf_str                              0x08000447   Thumb Code    82  _printf_str.o(.text)
    _printf_longlong_hex                     0x08000499   Thumb Code    86  _printf_hex_int_ll_ptr.o(.text)
    _printf_int_hex                          0x080004ef   Thumb Code    28  _printf_hex_int_ll_ptr.o(.text)
    _printf_ll_hex                           0x0800050b   Thumb Code    12  _printf_hex_int_ll_ptr.o(.text)
    _printf_hex_ptr                          0x08000517   Thumb Code    18  _printf_hex_int_ll_ptr.o(.text)
    __printf                                 0x0800052d   Thumb Code   388  __printf_flags_ss_wp.o(.text)
    __use_two_region_memory                  0x080006b5   Thumb Code     2  heapauxi.o(.text)
    __rt_heap_escrow$2region                 0x080006b7   Thumb Code     2  heapauxi.o(.text)
    __rt_heap_expand$2region                 0x080006b9   Thumb Code     2  heapauxi.o(.text)
    __read_errno                             0x080006bb   Thumb Code    10  _rserrno.o(.text)
    __set_errno                              0x080006c5   Thumb Code    12  _rserrno.o(.text)
    _printf_truncate_signed                  0x080006d1   Thumb Code    18  _printf_truncate.o(.text)
    _printf_truncate_unsigned                0x080006e3   Thumb Code    18  _printf_truncate.o(.text)
    _printf_int_common                       0x080006f5   Thumb Code   178  _printf_intcommon.o(.text)
    _printf_int_dec                          0x080007a9   Thumb Code   104  _printf_dec.o(.text)
    _printf_charcount                        0x08000821   Thumb Code    40  _printf_charcount.o(.text)
    _printf_fp_dec_real                      0x080009f9   Thumb Code   620  _printf_fp_dec.o(.text)
    _printf_char_common                      0x08000c6f   Thumb Code    32  _printf_char_common.o(.text)
    _sputc                                   0x08000c95   Thumb Code    10  _sputc.o(.text)
    _snputc                                  0x08000c9f   Thumb Code    16  _snputc.o(.text)
    _printf_cs_common                        0x08000caf   Thumb Code    20  _printf_char.o(.text)
    _printf_char                             0x08000cc3   Thumb Code    16  _printf_char.o(.text)
    _printf_string                           0x08000cd3   Thumb Code     8  _printf_char.o(.text)
    _printf_wctomb                           0x08000cdd   Thumb Code   182  _printf_wctomb.o(.text)
    _printf_longlong_dec                     0x08000d99   Thumb Code   108  _printf_longlong_dec.o(.text)
    _printf_longlong_oct                     0x08000e15   Thumb Code    68  _printf_oct_int_ll.o(.text)
    _printf_int_oct                          0x08000e59   Thumb Code    24  _printf_oct_int_ll.o(.text)
    _printf_ll_oct                           0x08000e71   Thumb Code    12  _printf_oct_int_ll.o(.text)
    __rt_locale                              0x08000e85   Thumb Code     8  rt_locale_intlibspace.o(.text)
    __aeabi_errno_addr                       0x08000e8d   Thumb Code     8  rt_errno_addr_intlibspace.o(.text)
    __errno$intlibspace                      0x08000e8d   Thumb Code     0  rt_errno_addr_intlibspace.o(.text)
    __rt_errno_addr$intlibspace              0x08000e8d   Thumb Code     0  rt_errno_addr_intlibspace.o(.text)
    _ll_udiv10                               0x08000e95   Thumb Code   138  lludiv10.o(.text)
    _printf_fp_hex_real                      0x08000f21   Thumb Code   756  _printf_fp_hex.o(.text)
    _printf_fp_infnan                        0x0800121d   Thumb Code   112  _printf_fp_infnan.o(.text)
    _printf_lcs_common                       0x0800129d   Thumb Code    20  _printf_wchar.o(.text)
    _printf_wchar                            0x080012b1   Thumb Code    16  _printf_wchar.o(.text)
    _printf_wstring                          0x080012c1   Thumb Code     8  _printf_wchar.o(.text)
    _btod_etento                             0x080012c9   Thumb Code   224  bigflt0.o(.text)
    _c16rtomb                                0x080013ad   Thumb Code    72  _c16rtomb.o(.text)
    _wcrtomb                                 0x080013ad   Thumb Code     0  _c16rtomb.o(.text)
    __user_libspace                          0x080013f5   Thumb Code     8  libspace.o(.text)
    __user_perproc_libspace                  0x080013f5   Thumb Code     0  libspace.o(.text)
    __user_perthread_libspace                0x080013f5   Thumb Code     0  libspace.o(.text)
    __user_setup_stackheap                   0x080013fd   Thumb Code    74  sys_stackheap_outer.o(.text)
    __rt_ctype_table                         0x08001449   Thumb Code    16  rt_ctype_table.o(.text)
    exit                                     0x08001459   Thumb Code    18  exit.o(.text)
    strcmp                                   0x08001471   Thumb Code   124  strcmpv7em.o(.text)
    _sys_exit                                0x080014ed   Thumb Code     8  sys_exit.o(.text)
    __I$use$semihosting                      0x080014f9   Thumb Code     0  use_no_semi.o(.text)
    __use_no_semihosting_swi                 0x080014f9   Thumb Code     2  use_no_semi.o(.text)
    __semihosting_library_function           0x080014fb   Thumb Code     0  indicate_semi.o(.text)
    AccelerometerInit                        0x080014fd   Thumb Code   256  accelerometer.o(.text.AccelerometerInit)
    ApplyLevel                               0x08001635   Thumb Code    44  displaydata.o(.text.ApplyLevel)
    Control_Loop_ThetaEstimation_CommandThrottle 0x08001671   Thumb Code   680  angles_estimation.o(.text.Control_Loop_ThetaEstimation_CommandThrottle)
    DMA1_Stream5_IRQHandler                  0x080019a9   Thumb Code    40  uart.o(.text.DMA1_Stream5_IRQHandler)
    DMA1_Stream6_IRQHandler                  0x080019d1   Thumb Code    52  uart.o(.text.DMA1_Stream6_IRQHandler)
    DMA2_Stream1_IRQHandler                  0x08001a05   Thumb Code    40  uart.o(.text.DMA2_Stream1_IRQHandler)
    DMA2_Stream6_IRQHandler                  0x08001a2d   Thumb Code    52  uart.o(.text.DMA2_Stream6_IRQHandler)
    GPIO_Config                              0x08001a61   Thumb Code    58  led.o(.text.GPIO_Config)
    GetAxisValue                             0x08001a9d   Thumb Code   220  gyro.o(.text.GetAxisValue)
    GyroInit                                 0x08001b7d   Thumb Code   282  gyro.o(.text.GyroInit)
    I2C3_Begin                               0x08001c99   Thumb Code    42  i2c-st_slave_ard_master.o(.text.I2C3_Begin)
    I2C3_ER_IRQHandler                       0x08001cc5   Thumb Code    74  i2c-st_slave_ard_master.o(.text.I2C3_ER_IRQHandler)
    I2C3_EV_IRQHandler                       0x08001d11   Thumb Code   290  i2c-st_slave_ard_master.o(.text.I2C3_EV_IRQHandler)
    I2C3_Init                                0x08001e35   Thumb Code   190  i2c-st_slave_ard_master.o(.text.I2C3_Init)
    I3C3_Stop                                0x08001ef5   Thumb Code    54  i2c-st_slave_ard_master.o(.text.I3C3_Stop)
    MotorPWM_Set                             0x08001f2d   Thumb Code    64  motor_pwm.o(.text.MotorPWM_Set)
    Power_Off                                0x08001f6d   Thumb Code    22  led.o(.text.Power_Off)
    Power_On                                 0x08001f85   Thumb Code    22  led.o(.text.Power_On)
    PrintConsole                             0x08001f9d   Thumb Code    68  displaydata.o(.text.PrintConsole)
    ReadFromAccelerometer                    0x08001fe1   Thumb Code   132  accelerometer.o(.text.ReadFromAccelerometer)
    SendString                               0x08002065   Thumb Code   104  uart.o(.text.SendString)
    SysClockConfig                           0x080020cd   Thumb Code   136  system_config.o(.text.SysClockConfig)
    SysTick_Handler                          0x08002155   Thumb Code    16  system_config.o(.text.SysTick_Handler)
    SysTick_Init                             0x08002165   Thumb Code    50  system_config.o(.text.SysTick_Init)
    Sys_PowerMode_Config                     0x08002199   Thumb Code    40  system_config.o(.text.Sys_PowerMode_Config)
    SystemInit                               0x080021c1   Thumb Code    18  system_stm32f4xx.o(.text.SystemInit)
    TIM2_IRQHandler                          0x080021d5   Thumb Code    80  system_config.o(.text.TIM2_IRQHandler)
    TIM3_IRQHandler                          0x08002225   Thumb Code    24  angles_estimation.o(.text.TIM3_IRQHandler)
    TIM5Config                               0x0800223d   Thumb Code    52  delay.o(.text.TIM5Config)
    Testing_Toggle_4Led                      0x08002271   Thumb Code   126  led.o(.text.Testing_Toggle_4Led)
    TiltCompensatedThetaEstimation           0x080022f1   Thumb Code   208  angles_estimation.o(.text.TiltCompensatedThetaEstimation)
    Timer2InterruptEnable                    0x080023d1   Thumb Code    14  system_config.o(.text.Timer2InterruptEnable)
    Timer2InterruptInit                      0x080023e1   Thumb Code   240  system_config.o(.text.Timer2InterruptInit)
    Timer3InterruptDisable                   0x0800253d   Thumb Code    18  angles_estimation.o(.text.Timer3InterruptDisable)
    Timer3InterruptEnable                    0x08002551   Thumb Code    18  angles_estimation.o(.text.Timer3InterruptEnable)
    Timer3InterruptInit                      0x08002569   Thumb Code   264  angles_estimation.o(.text.Timer3InterruptInit)
    USART2_IRQHandler                        0x08002695   Thumb Code    40  uart.o(.text.USART2_IRQHandler)
    USART6_IRQHandler                        0x080026bd   Thumb Code    40  uart.o(.text.USART6_IRQHandler)
    Uart2Init                                0x080026e5   Thumb Code   222  uart.o(.text.Uart2Init)
    delay_ms                                 0x080027c5   Thumb Code    40  delay.o(.text.delay_ms)
    delay_us                                 0x080027ed   Thumb Code    20  delay.o(.text.delay_us)
    getSystemClockSpeed                      0x08002801   Thumb Code   352  system_config.o(.text.getSystemClockSpeed)
    main                                     0x080029f5   Thumb Code   168  main.o(.text.main)
    o_Motor_Initialization_o                 0x08002ab9   Thumb Code   192  motor_pwm.o(.text.o_Motor_Initialization_o)
    _btod_d2e                                0x08002b79   Thumb Code    62  btod.o(CL$$btod_d2e)
    _d2e_denorm_low                          0x08002bb7   Thumb Code    70  btod.o(CL$$btod_d2e_denorm_low)
    _d2e_norm_op1                            0x08002bfd   Thumb Code    96  btod.o(CL$$btod_d2e_norm_op1)
    __btod_div_common                        0x08002c5d   Thumb Code   696  btod.o(CL$$btod_div_common)
    _e2e                                     0x08002f95   Thumb Code   220  btod.o(CL$$btod_e2e)
    _btod_ediv                               0x08003071   Thumb Code    42  btod.o(CL$$btod_ediv)
    _btod_emul                               0x0800309b   Thumb Code    42  btod.o(CL$$btod_emul)
    __btod_mult_common                       0x080030c5   Thumb Code   580  btod.o(CL$$btod_mult_common)
    __ARM_fpclassify                         0x08003309   Thumb Code    48  fpclassify.o(i.__ARM_fpclassify)
    __ARM_fpclassifyf                        0x08003339   Thumb Code    38  fpclassifyf.o(i.__ARM_fpclassifyf)
    __hardfp_asinf                           0x08003361   Thumb Code   258  asinf.o(i.__hardfp_asinf)
    __mathlib_flt_infnan                     0x0800348d   Thumb Code     6  funder.o(i.__mathlib_flt_infnan)
    __mathlib_flt_invalid                    0x08003495   Thumb Code    10  funder.o(i.__mathlib_flt_invalid)
    __mathlib_flt_underflow                  0x080034a5   Thumb Code    10  funder.o(i.__mathlib_flt_underflow)
    _is_digit                                0x080034b5   Thumb Code    14  __printf_wp.o(i._is_digit)
    sqrtf                                    0x080034c3   Thumb Code    62  sqrtf.o(i.sqrtf)
    _get_lc_numeric                          0x08003501   Thumb Code    44  lc_numeric_c.o(locale$$code)
    _get_lc_ctype                            0x0800352d   Thumb Code    44  lc_ctype_c.o(locale$$code)
    __aeabi_d2f                              0x08003559   Thumb Code     0  d2f.o(x$fpl$d2f)
    _d2f                                     0x08003559   Thumb Code    98  d2f.o(x$fpl$d2f)
    __aeabi_dadd                             0x080035bd   Thumb Code     0  daddsub_clz.o(x$fpl$dadd)
    _dadd                                    0x080035bd   Thumb Code   332  daddsub_clz.o(x$fpl$dadd)
    __aeabi_ddiv                             0x0800370d   Thumb Code     0  ddiv.o(x$fpl$ddiv)
    _ddiv                                    0x0800370d   Thumb Code   556  ddiv.o(x$fpl$ddiv)
    __aeabi_i2d                              0x080039c1   Thumb Code     0  dflt_clz.o(x$fpl$dflt)
    _dflt                                    0x080039c1   Thumb Code    46  dflt_clz.o(x$fpl$dflt)
    __aeabi_ui2d                             0x080039ef   Thumb Code     0  dflt_clz.o(x$fpl$dfltu)
    _dfltu                                   0x080039ef   Thumb Code    38  dflt_clz.o(x$fpl$dfltu)
    __aeabi_dmul                             0x08003a15   Thumb Code     0  dmul.o(x$fpl$dmul)
    _dmul                                    0x08003a15   Thumb Code   332  dmul.o(x$fpl$dmul)
    __fpl_dnaninf                            0x08003b69   Thumb Code   156  dnaninf.o(x$fpl$dnaninf)
    __fpl_dretinf                            0x08003c05   Thumb Code    12  dretinf.o(x$fpl$dretinf)
    __aeabi_dsub                             0x08003c11   Thumb Code     0  daddsub_clz.o(x$fpl$dsub)
    _dsub                                    0x08003c11   Thumb Code   472  daddsub_clz.o(x$fpl$dsub)
    __aeabi_f2d                              0x08003ded   Thumb Code     0  f2d.o(x$fpl$f2d)
    _f2d                                     0x08003ded   Thumb Code    86  f2d.o(x$fpl$f2d)
    __fpl_fnaninf                            0x08003e43   Thumb Code   140  fnaninf.o(x$fpl$fnaninf)
    _fp_init                                 0x08003ecf   Thumb Code    26  fpinit.o(x$fpl$fpinit)
    __fplib_config_fpu_vfp                   0x08003ee7   Thumb Code     0  fpinit.o(x$fpl$fpinit)
    __fplib_config_pureend_doubles           0x08003ee7   Thumb Code     0  fpinit.o(x$fpl$fpinit)
    __fpl_fretinf                            0x08003ee9   Thumb Code    10  fretinf.o(x$fpl$fretinf)
    _printf_fp_dec                           0x08003ef3   Thumb Code     4  printf1.o(x$fpl$printf1)
    _printf_fp_hex                           0x08003ef7   Thumb Code     4  printf2.o(x$fpl$printf2)
    __I$use$fp                               0x08003efa   Number         0  usenofp.o(x$fpl$usenofp)
    Region$$Table$$Base                      0x0800425c   Number         0  anon$$obj.o(Region$$Table)
    Region$$Table$$Limit                     0x0800427c   Number         0  anon$$obj.o(Region$$Table)
    __ctype                                  0x080042a5   Data           0  lc_ctype_c.o(locale$$data)
    SystemCoreClock                          0x20000000   Data           4  system_stm32f4xx.o(.data.SystemCoreClock)
    button_state                             0x20000004   Data           1  system_config.o(.data.button_state)
    sampling_byte                            0x20000005   Data           1  system_config.o(.data.sampling_byte)
    __libspace_start                         0x20000008   Data          96  libspace.o(.bss)
    PWMd                                     0x20000068   Data           4  angles_estimation.o(.bss.PWMd)
    __temporary_stack_top$libspace           0x20000068   Data           0  libspace.o(.bss)
    PWMg                                     0x2000006c   Data           4  angles_estimation.o(.bss.PWMg)
    acc_data                                 0x20000070   Data          12  angles_estimation.o(.bss.acc_data)
    command                                  0x2000007c   Data           4  angles_estimation.o(.bss.command)
    data_received                            0x20000080   Data           1  i2c-st_slave_ard_master.o(.bss.data_received)
    dmaBuffer2                               0x20000081   Data        2000  uart.o(.bss.dmaBuffer2)
    gyro_data                                0x20000854   Data          16  angles_estimation.o(.bss.gyro_data)
    msTicks                                  0x20000864   Data           4  system_config.o(.bss.msTicks)
    power_on                                 0x20000868   Data           4  main.o(.bss.power_on)
    theta_data                               0x2000086c   Data          20  angles_estimation.o(.bss.theta_data)
    theta_ref                                0x20000880   Data           4  angles_estimation.o(.bss.theta_ref)
    uart2Busy                                0x20000884   Data           4  uart.o(.bss.uart2Busy)
    uart6Busy                                0x20000888   Data           4  uart.o(.bss.uart6Busy)



==============================================================================

Memory Map of the image

  Image Entry point : 0x08000199

  Load Region LR_IROM1 (Base: 0x08000000, Size: 0x000043b0, Max: 0x00080000, ABSOLUTE)

    Execution Region ER_IROM1 (Exec base: 0x08000000, Load base: 0x08000000, Size: 0x000043a8, Max: 0x00080000, ABSOLUTE)

    Exec Addr    Load Addr    Size         Type   Attr      Idx    E Section Name        Object

    0x08000000   0x08000000   0x00000198   Data   RO          379    RESET               startup_stm32f411xe.o
    0x08000198   0x08000198   0x00000008   Code   RO          466  * !!!main             c_w.l(__main.o)
    0x080001a0   0x080001a0   0x0000005c   Code   RO          869    !!!scatter          c_w.l(__scatter.o)
    0x080001fc   0x080001fc   0x0000001a   Code   RO          873    !!handler_copy      c_w.l(__scatter_copy.o)
    0x08000216   0x08000216   0x00000002   PAD
    0x08000218   0x08000218   0x00000002   Code   RO          870    !!handler_null      c_w.l(__scatter.o)
    0x0800021a   0x0800021a   0x00000002   PAD
    0x0800021c   0x0800021c   0x0000001c   Code   RO          875    !!handler_zi        c_w.l(__scatter_zi.o)
    0x08000238   0x08000238   0x00000000   Code   RO          463    .ARM.Collect$$_printf_percent$$00000000  c_w.l(_printf_percent.o)
    0x08000238   0x08000238   0x00000006   Code   RO          551    .ARM.Collect$$_printf_percent$$00000001  c_w.l(_printf_n.o)
    0x0800023e   0x0800023e   0x00000006   Code   RO          552    .ARM.Collect$$_printf_percent$$00000002  c_w.l(_printf_p.o)
    0x08000244   0x08000244   0x00000006   Code   RO          462    .ARM.Collect$$_printf_percent$$00000003  c_w.l(_printf_f.o)
    0x0800024a   0x0800024a   0x00000006   Code   RO          557    .ARM.Collect$$_printf_percent$$00000004  c_w.l(_printf_e.o)
    0x08000250   0x08000250   0x00000006   Code   RO          558    .ARM.Collect$$_printf_percent$$00000005  c_w.l(_printf_g.o)
    0x08000256   0x08000256   0x00000006   Code   RO          559    .ARM.Collect$$_printf_percent$$00000006  c_w.l(_printf_a.o)
    0x0800025c   0x0800025c   0x0000000a   Code   RO          564    .ARM.Collect$$_printf_percent$$00000007  c_w.l(_printf_ll.o)
    0x08000266   0x08000266   0x00000006   Code   RO          554    .ARM.Collect$$_printf_percent$$00000008  c_w.l(_printf_i.o)
    0x0800026c   0x0800026c   0x00000006   Code   RO          555    .ARM.Collect$$_printf_percent$$00000009  c_w.l(_printf_d.o)
    0x08000272   0x08000272   0x00000006   Code   RO          556    .ARM.Collect$$_printf_percent$$0000000A  c_w.l(_printf_u.o)
    0x08000278   0x08000278   0x00000006   Code   RO          553    .ARM.Collect$$_printf_percent$$0000000B  c_w.l(_printf_o.o)
    0x0800027e   0x0800027e   0x00000006   Code   RO          461    .ARM.Collect$$_printf_percent$$0000000C  c_w.l(_printf_x.o)
    0x08000284   0x08000284   0x00000006   Code   RO          561    .ARM.Collect$$_printf_percent$$0000000D  c_w.l(_printf_lli.o)
    0x0800028a   0x0800028a   0x00000006   Code   RO          562    .ARM.Collect$$_printf_percent$$0000000E  c_w.l(_printf_lld.o)
    0x08000290   0x08000290   0x00000006   Code   RO          563    .ARM.Collect$$_printf_percent$$0000000F  c_w.l(_printf_llu.o)
    0x08000296   0x08000296   0x00000006   Code   RO          568    .ARM.Collect$$_printf_percent$$00000010  c_w.l(_printf_llo.o)
    0x0800029c   0x0800029c   0x00000006   Code   RO          569    .ARM.Collect$$_printf_percent$$00000011  c_w.l(_printf_llx.o)
    0x080002a2   0x080002a2   0x0000000a   Code   RO          565    .ARM.Collect$$_printf_percent$$00000012  c_w.l(_printf_l.o)
    0x080002ac   0x080002ac   0x00000006   Code   RO          550    .ARM.Collect$$_printf_percent$$00000013  c_w.l(_printf_c.o)
    0x080002b2   0x080002b2   0x00000006   Code   RO          460    .ARM.Collect$$_printf_percent$$00000014  c_w.l(_printf_s.o)
    0x080002b8   0x080002b8   0x00000006   Code   RO          566    .ARM.Collect$$_printf_percent$$00000015  c_w.l(_printf_lc.o)
    0x080002be   0x080002be   0x00000006   Code   RO          567    .ARM.Collect$$_printf_percent$$00000016  c_w.l(_printf_ls.o)
    0x080002c4   0x080002c4   0x00000004   Code   RO          560    .ARM.Collect$$_printf_percent$$00000017  c_w.l(_printf_percent_end.o)
    0x080002c8   0x080002c8   0x00000002   Code   RO          729    .ARM.Collect$$libinit$$00000000  c_w.l(libinit.o)
    0x080002ca   0x080002ca   0x00000004   Code   RO          730    .ARM.Collect$$libinit$$00000001  c_w.l(libinit2.o)
    0x080002ce   0x080002ce   0x00000000   Code   RO          733    .ARM.Collect$$libinit$$00000004  c_w.l(libinit2.o)
    0x080002ce   0x080002ce   0x00000000   Code   RO          735    .ARM.Collect$$libinit$$00000006  c_w.l(libinit2.o)
    0x080002ce   0x080002ce   0x00000000   Code   RO          738    .ARM.Collect$$libinit$$0000000C  c_w.l(libinit2.o)
    0x080002ce   0x080002ce   0x00000000   Code   RO          740    .ARM.Collect$$libinit$$0000000E  c_w.l(libinit2.o)
    0x080002ce   0x080002ce   0x00000000   Code   RO          742    .ARM.Collect$$libinit$$00000010  c_w.l(libinit2.o)
    0x080002ce   0x080002ce   0x00000006   Code   RO          743    .ARM.Collect$$libinit$$00000011  c_w.l(libinit2.o)
    0x080002d4   0x080002d4   0x00000000   Code   RO          745    .ARM.Collect$$libinit$$00000013  c_w.l(libinit2.o)
    0x080002d4   0x080002d4   0x0000000c   Code   RO          746    .ARM.Collect$$libinit$$00000014  c_w.l(libinit2.o)
    0x080002e0   0x080002e0   0x00000000   Code   RO          747    .ARM.Collect$$libinit$$00000015  c_w.l(libinit2.o)
    0x080002e0   0x080002e0   0x00000000   Code   RO          749    .ARM.Collect$$libinit$$00000017  c_w.l(libinit2.o)
    0x080002e0   0x080002e0   0x0000000a   Code   RO          750    .ARM.Collect$$libinit$$00000018  c_w.l(libinit2.o)
    0x080002ea   0x080002ea   0x00000000   Code   RO          751    .ARM.Collect$$libinit$$00000019  c_w.l(libinit2.o)
    0x080002ea   0x080002ea   0x00000000   Code   RO          753    .ARM.Collect$$libinit$$0000001B  c_w.l(libinit2.o)
    0x080002ea   0x080002ea   0x00000000   Code   RO          755    .ARM.Collect$$libinit$$0000001D  c_w.l(libinit2.o)
    0x080002ea   0x080002ea   0x00000000   Code   RO          757    .ARM.Collect$$libinit$$0000001F  c_w.l(libinit2.o)
    0x080002ea   0x080002ea   0x00000000   Code   RO          759    .ARM.Collect$$libinit$$00000021  c_w.l(libinit2.o)
    0x080002ea   0x080002ea   0x00000000   Code   RO          761    .ARM.Collect$$libinit$$00000023  c_w.l(libinit2.o)
    0x080002ea   0x080002ea   0x00000000   Code   RO          763    .ARM.Collect$$libinit$$00000025  c_w.l(libinit2.o)
    0x080002ea   0x080002ea   0x00000000   Code   RO          765    .ARM.Collect$$libinit$$00000027  c_w.l(libinit2.o)
    0x080002ea   0x080002ea   0x00000000   Code   RO          769    .ARM.Collect$$libinit$$0000002E  c_w.l(libinit2.o)
    0x080002ea   0x080002ea   0x00000000   Code   RO          771    .ARM.Collect$$libinit$$00000030  c_w.l(libinit2.o)
    0x080002ea   0x080002ea   0x00000000   Code   RO          773    .ARM.Collect$$libinit$$00000032  c_w.l(libinit2.o)
    0x080002ea   0x080002ea   0x00000000   Code   RO          775    .ARM.Collect$$libinit$$00000034  c_w.l(libinit2.o)
    0x080002ea   0x080002ea   0x00000002   Code   RO          776    .ARM.Collect$$libinit$$00000035  c_w.l(libinit2.o)
    0x080002ec   0x080002ec   0x00000002   Code   RO          815    .ARM.Collect$$libshutdown$$00000000  c_w.l(libshutdown.o)
    0x080002ee   0x080002ee   0x00000000   Code   RO          826    .ARM.Collect$$libshutdown$$00000002  c_w.l(libshutdown2.o)
    0x080002ee   0x080002ee   0x00000000   Code   RO          828    .ARM.Collect$$libshutdown$$00000004  c_w.l(libshutdown2.o)
    0x080002ee   0x080002ee   0x00000000   Code   RO          831    .ARM.Collect$$libshutdown$$00000007  c_w.l(libshutdown2.o)
    0x080002ee   0x080002ee   0x00000000   Code   RO          834    .ARM.Collect$$libshutdown$$0000000A  c_w.l(libshutdown2.o)
    0x080002ee   0x080002ee   0x00000000   Code   RO          836    .ARM.Collect$$libshutdown$$0000000C  c_w.l(libshutdown2.o)
    0x080002ee   0x080002ee   0x00000000   Code   RO          839    .ARM.Collect$$libshutdown$$0000000F  c_w.l(libshutdown2.o)
    0x080002ee   0x080002ee   0x00000002   Code   RO          840    .ARM.Collect$$libshutdown$$00000010  c_w.l(libshutdown2.o)
    0x080002f0   0x080002f0   0x00000000   Code   RO          516    .ARM.Collect$$rtentry$$00000000  c_w.l(__rtentry.o)
    0x080002f0   0x080002f0   0x00000000   Code   RO          640    .ARM.Collect$$rtentry$$00000002  c_w.l(__rtentry2.o)
    0x080002f0   0x080002f0   0x00000006   Code   RO          652    .ARM.Collect$$rtentry$$00000004  c_w.l(__rtentry4.o)
    0x080002f6   0x080002f6   0x00000000   Code   RO          642    .ARM.Collect$$rtentry$$00000009  c_w.l(__rtentry2.o)
    0x080002f6   0x080002f6   0x00000004   Code   RO          643    .ARM.Collect$$rtentry$$0000000A  c_w.l(__rtentry2.o)
    0x080002fa   0x080002fa   0x00000000   Code   RO          645    .ARM.Collect$$rtentry$$0000000C  c_w.l(__rtentry2.o)
    0x080002fa   0x080002fa   0x00000008   Code   RO          646    .ARM.Collect$$rtentry$$0000000D  c_w.l(__rtentry2.o)
    0x08000302   0x08000302   0x00000002   Code   RO          777    .ARM.Collect$$rtexit$$00000000  c_w.l(rtexit.o)
    0x08000304   0x08000304   0x00000000   Code   RO          789    .ARM.Collect$$rtexit$$00000002  c_w.l(rtexit2.o)
    0x08000304   0x08000304   0x00000004   Code   RO          790    .ARM.Collect$$rtexit$$00000003  c_w.l(rtexit2.o)
    0x08000308   0x08000308   0x00000006   Code   RO          791    .ARM.Collect$$rtexit$$00000004  c_w.l(rtexit2.o)
    0x0800030e   0x0800030e   0x00000002   PAD
    0x08000310   0x08000310   0x00000040   Code   RO          380    .text               startup_stm32f411xe.o
    0x08000350   0x08000350   0x0000003c   Code   RO          403    .text               c_w.l(vsnprintf.o)
    0x0800038c   0x0800038c   0x0000002c   Code   RO          405    .text               c_w.l(__2sprintf.o)
    0x080003b8   0x080003b8   0x00000040   Code   RO          407    .text               c_w.l(__2snprintf.o)
    0x080003f8   0x080003f8   0x0000004e   Code   RO          415    .text               c_w.l(_printf_pad.o)
    0x08000446   0x08000446   0x00000052   Code   RO          417    .text               c_w.l(_printf_str.o)
    0x08000498   0x08000498   0x00000094   Code   RO          437    .text               c_w.l(_printf_hex_int_ll_ptr.o)
    0x0800052c   0x0800052c   0x00000188   Code   RO          457    .text               c_w.l(__printf_flags_ss_wp.o)
    0x080006b4   0x080006b4   0x00000006   Code   RO          464    .text               c_w.l(heapauxi.o)
    0x080006ba   0x080006ba   0x00000016   Code   RO          517    .text               c_w.l(_rserrno.o)
    0x080006d0   0x080006d0   0x00000024   Code   RO          519    .text               c_w.l(_printf_truncate.o)
    0x080006f4   0x080006f4   0x000000b2   Code   RO          521    .text               c_w.l(_printf_intcommon.o)
    0x080007a6   0x080007a6   0x00000002   PAD
    0x080007a8   0x080007a8   0x00000078   Code   RO          523    .text               c_w.l(_printf_dec.o)
    0x08000820   0x08000820   0x00000028   Code   RO          525    .text               c_w.l(_printf_charcount.o)
    0x08000848   0x08000848   0x0000041c   Code   RO          527    .text               c_w.l(_printf_fp_dec.o)
    0x08000c64   0x08000c64   0x00000030   Code   RO          531    .text               c_w.l(_printf_char_common.o)
    0x08000c94   0x08000c94   0x0000000a   Code   RO          533    .text               c_w.l(_sputc.o)
    0x08000c9e   0x08000c9e   0x00000010   Code   RO          535    .text               c_w.l(_snputc.o)
    0x08000cae   0x08000cae   0x0000002c   Code   RO          537    .text               c_w.l(_printf_char.o)
    0x08000cda   0x08000cda   0x00000002   PAD
    0x08000cdc   0x08000cdc   0x000000bc   Code   RO          539    .text               c_w.l(_printf_wctomb.o)
    0x08000d98   0x08000d98   0x0000007c   Code   RO          542    .text               c_w.l(_printf_longlong_dec.o)
    0x08000e14   0x08000e14   0x00000070   Code   RO          548    .text               c_w.l(_printf_oct_int_ll.o)
    0x08000e84   0x08000e84   0x00000008   Code   RO          657    .text               c_w.l(rt_locale_intlibspace.o)
    0x08000e8c   0x08000e8c   0x00000008   Code   RO          662    .text               c_w.l(rt_errno_addr_intlibspace.o)
    0x08000e94   0x08000e94   0x0000008a   Code   RO          664    .text               c_w.l(lludiv10.o)
    0x08000f1e   0x08000f1e   0x00000002   PAD
    0x08000f20   0x08000f20   0x000002fc   Code   RO          666    .text               c_w.l(_printf_fp_hex.o)
    0x0800121c   0x0800121c   0x00000080   Code   RO          669    .text               c_w.l(_printf_fp_infnan.o)
    0x0800129c   0x0800129c   0x0000002c   Code   RO          673    .text               c_w.l(_printf_wchar.o)
    0x080012c8   0x080012c8   0x000000e4   Code   RO          675    .text               c_w.l(bigflt0.o)
    0x080013ac   0x080013ac   0x00000048   Code   RO          702    .text               c_w.l(_c16rtomb.o)
    0x080013f4   0x080013f4   0x00000008   Code   RO          711    .text               c_w.l(libspace.o)
    0x080013fc   0x080013fc   0x0000004a   Code   RO          714    .text               c_w.l(sys_stackheap_outer.o)
    0x08001446   0x08001446   0x00000002   PAD
    0x08001448   0x08001448   0x00000010   Code   RO          716    .text               c_w.l(rt_ctype_table.o)
    0x08001458   0x08001458   0x00000012   Code   RO          720    .text               c_w.l(exit.o)
    0x0800146a   0x0800146a   0x00000006   PAD
    0x08001470   0x08001470   0x0000007c   Code   RO          722    .text               c_w.l(strcmpv7em.o)
    0x080014ec   0x080014ec   0x0000000c   Code   RO          801    .text               c_w.l(sys_exit.o)
    0x080014f8   0x080014f8   0x00000002   Code   RO          816    .text               c_w.l(use_no_semi.o)
    0x080014fa   0x080014fa   0x00000000   Code   RO          818    .text               c_w.l(indicate_semi.o)
    0x080014fa   0x080014fa   0x00000002   PAD
    0x080014fc   0x080014fc   0x00000138   Code   RO          108    .text.AccelerometerInit  accelerometer.o
    0x08001634   0x08001634   0x0000003c   Code   RO          245    .text.ApplyLevel    displaydata.o
    0x08001670   0x08001670   0x00000338   Code   RO          128    .text.Control_Loop_ThetaEstimation_CommandThrottle  angles_estimation.o
    0x080019a8   0x080019a8   0x00000028   Code   RO          276    .text.DMA1_Stream5_IRQHandler  uart.o
    0x080019d0   0x080019d0   0x00000034   Code   RO          278    .text.DMA1_Stream6_IRQHandler  uart.o
    0x08001a04   0x08001a04   0x00000028   Code   RO          290    .text.DMA2_Stream1_IRQHandler  uart.o
    0x08001a2c   0x08001a2c   0x00000034   Code   RO          292    .text.DMA2_Stream6_IRQHandler  uart.o
    0x08001a60   0x08001a60   0x0000003a   Code   RO           29    .text.GPIO_Config   led.o
    0x08001a9a   0x08001a9a   0x00000002   PAD
    0x08001a9c   0x08001a9c   0x000000e0   Code   RO          178    .text.GetAxisValue  gyro.o
    0x08001b7c   0x08001b7c   0x0000011a   Code   RO          176    .text.GyroInit      gyro.o
    0x08001c96   0x08001c96   0x00000002   PAD
    0x08001c98   0x08001c98   0x0000002a   Code   RO          353    .text.I2C3_Begin    i2c-st_slave_ard_master.o
    0x08001cc2   0x08001cc2   0x00000002   PAD
    0x08001cc4   0x08001cc4   0x0000004a   Code   RO          363    .text.I2C3_ER_IRQHandler  i2c-st_slave_ard_master.o
    0x08001d0e   0x08001d0e   0x00000002   PAD
    0x08001d10   0x08001d10   0x00000122   Code   RO          361    .text.I2C3_EV_IRQHandler  i2c-st_slave_ard_master.o
    0x08001e32   0x08001e32   0x00000002   PAD
    0x08001e34   0x08001e34   0x000000be   Code   RO          355    .text.I2C3_Init     i2c-st_slave_ard_master.o
    0x08001ef2   0x08001ef2   0x00000002   PAD
    0x08001ef4   0x08001ef4   0x00000036   Code   RO          357    .text.I3C3_Stop     i2c-st_slave_ard_master.o
    0x08001f2a   0x08001f2a   0x00000002   PAD
    0x08001f2c   0x08001f2c   0x00000040   Code   RO          202    .text.MotorPWM_Set  motor_pwm.o
    0x08001f6c   0x08001f6c   0x00000016   Code   RO           39    .text.Power_Off     led.o
    0x08001f82   0x08001f82   0x00000002   PAD
    0x08001f84   0x08001f84   0x00000016   Code   RO           37    .text.Power_On      led.o
    0x08001f9a   0x08001f9a   0x00000002   PAD
    0x08001f9c   0x08001f9c   0x00000044   Code   RO          247    .text.PrintConsole  displaydata.o
    0x08001fe0   0x08001fe0   0x00000084   Code   RO          104    .text.ReadFromAccelerometer  accelerometer.o
    0x08002064   0x08002064   0x00000068   Code   RO          288    .text.SendString    uart.o
    0x080020cc   0x080020cc   0x00000088   Code   RO           57    .text.SysClockConfig  system_config.o
    0x08002154   0x08002154   0x00000010   Code   RO           53    .text.SysTick_Handler  system_config.o
    0x08002164   0x08002164   0x00000032   Code   RO           49    .text.SysTick_Init  system_config.o
    0x08002196   0x08002196   0x00000002   PAD
    0x08002198   0x08002198   0x00000028   Code   RO           59    .text.Sys_PowerMode_Config  system_config.o
    0x080021c0   0x080021c0   0x00000012   Code   RO          387    .text.SystemInit    system_stm32f4xx.o
    0x080021d2   0x080021d2   0x00000002   PAD
    0x080021d4   0x080021d4   0x00000050   Code   RO           61    .text.TIM2_IRQHandler  system_config.o
    0x08002224   0x08002224   0x00000018   Code   RO          126    .text.TIM3_IRQHandler  angles_estimation.o
    0x0800223c   0x0800223c   0x00000034   Code   RO           15    .text.TIM5Config    delay.o
    0x08002270   0x08002270   0x0000007e   Code   RO           33    .text.Testing_Toggle_4Led  led.o
    0x080022ee   0x080022ee   0x00000002   PAD
    0x080022f0   0x080022f0   0x000000e0   Code   RO          130    .text.TiltCompensatedThetaEstimation  angles_estimation.o
    0x080023d0   0x080023d0   0x0000000e   Code   RO           67    .text.Timer2InterruptEnable  system_config.o
    0x080023de   0x080023de   0x00000002   PAD
    0x080023e0   0x080023e0   0x0000015c   Code   RO           71    .text.Timer2InterruptInit  system_config.o
    0x0800253c   0x0800253c   0x00000012   Code   RO          124    .text.Timer3InterruptDisable  angles_estimation.o
    0x0800254e   0x0800254e   0x00000002   PAD
    0x08002550   0x08002550   0x00000012   Code   RO          122    .text.Timer3InterruptEnable  angles_estimation.o
    0x08002562   0x08002562   0x00000006   PAD
    0x08002568   0x08002568   0x0000012c   Code   RO          120    .text.Timer3InterruptInit  angles_estimation.o
    0x08002694   0x08002694   0x00000028   Code   RO          280    .text.USART2_IRQHandler  uart.o
    0x080026bc   0x080026bc   0x00000028   Code   RO          294    .text.USART6_IRQHandler  uart.o
    0x080026e4   0x080026e4   0x000000de   Code   RO          286    .text.Uart2Init     uart.o
    0x080027c2   0x080027c2   0x00000002   PAD
    0x080027c4   0x080027c4   0x00000028   Code   RO           19    .text.delay_ms      delay.o
    0x080027ec   0x080027ec   0x00000014   Code   RO           17    .text.delay_us      delay.o
    0x08002800   0x08002800   0x000001f4   Code   RO           63    .text.getSystemClockSpeed  system_config.o
    0x080029f4   0x080029f4   0x000000c4   Code   RO            2    .text.main          main.o
    0x08002ab8   0x08002ab8   0x000000c0   Code   RO          192    .text.o_Motor_Initialization_o  motor_pwm.o
    0x08002b78   0x08002b78   0x0000003e   Code   RO          678    CL$$btod_d2e        c_w.l(btod.o)
    0x08002bb6   0x08002bb6   0x00000046   Code   RO          680    CL$$btod_d2e_denorm_low  c_w.l(btod.o)
    0x08002bfc   0x08002bfc   0x00000060   Code   RO          679    CL$$btod_d2e_norm_op1  c_w.l(btod.o)
    0x08002c5c   0x08002c5c   0x00000338   Code   RO          688    CL$$btod_div_common  c_w.l(btod.o)
    0x08002f94   0x08002f94   0x000000dc   Code   RO          685    CL$$btod_e2e        c_w.l(btod.o)
    0x08003070   0x08003070   0x0000002a   Code   RO          682    CL$$btod_ediv       c_w.l(btod.o)
    0x0800309a   0x0800309a   0x0000002a   Code   RO          681    CL$$btod_emul       c_w.l(btod.o)
    0x080030c4   0x080030c4   0x00000244   Code   RO          687    CL$$btod_mult_common  c_w.l(btod.o)
    0x08003308   0x08003308   0x00000030   Code   RO          607    i.__ARM_fpclassify  m_wm.l(fpclassify.o)
    0x08003338   0x08003338   0x00000026   Code   RO          609    i.__ARM_fpclassifyf  m_wm.l(fpclassifyf.o)
    0x0800335e   0x0800335e   0x00000002   PAD
    0x08003360   0x08003360   0x0000012c   Code   RO          503    i.__hardfp_asinf    m_wm.l(asinf.o)
    0x0800348c   0x0800348c   0x00000006   Code   RO          612    i.__mathlib_flt_infnan  m_wm.l(funder.o)
    0x08003492   0x08003492   0x00000002   PAD
    0x08003494   0x08003494   0x00000010   Code   RO          614    i.__mathlib_flt_invalid  m_wm.l(funder.o)
    0x080034a4   0x080034a4   0x00000010   Code   RO          617    i.__mathlib_flt_underflow  m_wm.l(funder.o)
    0x080034b4   0x080034b4   0x0000000e   Code   RO          450    i._is_digit         c_w.l(__printf_wp.o)
    0x080034c2   0x080034c2   0x0000003e   Code   RO          635    i.sqrtf             m_wm.l(sqrtf.o)
    0x08003500   0x08003500   0x0000002c   Code   RO          705    locale$$code        c_w.l(lc_numeric_c.o)
    0x0800352c   0x0800352c   0x0000002c   Code   RO          782    locale$$code        c_w.l(lc_ctype_c.o)
    0x08003558   0x08003558   0x00000062   Code   RO          468    x$fpl$d2f           fz_wm.l(d2f.o)
    0x080035ba   0x080035ba   0x00000002   PAD
    0x080035bc   0x080035bc   0x00000150   Code   RO          470    x$fpl$dadd          fz_wm.l(daddsub_clz.o)
    0x0800370c   0x0800370c   0x000002b4   Code   RO          477    x$fpl$ddiv          fz_wm.l(ddiv.o)
    0x080039c0   0x080039c0   0x0000002e   Code   RO          485    x$fpl$dflt          fz_wm.l(dflt_clz.o)
    0x080039ee   0x080039ee   0x00000026   Code   RO          484    x$fpl$dfltu         fz_wm.l(dflt_clz.o)
    0x08003a14   0x08003a14   0x00000154   Code   RO          490    x$fpl$dmul          fz_wm.l(dmul.o)
    0x08003b68   0x08003b68   0x0000009c   Code   RO          572    x$fpl$dnaninf       fz_wm.l(dnaninf.o)
    0x08003c04   0x08003c04   0x0000000c   Code   RO          574    x$fpl$dretinf       fz_wm.l(dretinf.o)
    0x08003c10   0x08003c10   0x000001dc   Code   RO          472    x$fpl$dsub          fz_wm.l(daddsub_clz.o)
    0x08003dec   0x08003dec   0x00000056   Code   RO          492    x$fpl$f2d           fz_wm.l(f2d.o)
    0x08003e42   0x08003e42   0x0000008c   Code   RO          576    x$fpl$fnaninf       fz_wm.l(fnaninf.o)
    0x08003ece   0x08003ece   0x0000001a   Code   RO          786    x$fpl$fpinit        fz_wm.l(fpinit.o)
    0x08003ee8   0x08003ee8   0x0000000a   Code   RO          578    x$fpl$fretinf       fz_wm.l(fretinf.o)
    0x08003ef2   0x08003ef2   0x00000004   Code   RO          494    x$fpl$printf1       fz_wm.l(printf1.o)
    0x08003ef6   0x08003ef6   0x00000004   Code   RO          580    x$fpl$printf2       fz_wm.l(printf2.o)
    0x08003efa   0x08003efa   0x00000000   Code   RO          586    x$fpl$usenofp       fz_wm.l(usenofp.o)
    0x08003efa   0x08003efa   0x00000028   Data   RO          438    .constdata          c_w.l(_printf_hex_int_ll_ptr.o)
    0x08003f22   0x08003f22   0x00000011   Data   RO          458    .constdata          c_w.l(__printf_flags_ss_wp.o)
    0x08003f33   0x08003f33   0x00000001   PAD
    0x08003f34   0x08003f34   0x00000008   Data   RO          540    .constdata          c_w.l(_printf_wctomb.o)
    0x08003f3c   0x08003f3c   0x00000026   Data   RO          667    .constdata          c_w.l(_printf_fp_hex.o)
    0x08003f62   0x08003f62   0x00000002   PAD
    0x08003f64   0x08003f64   0x00000094   Data   RO          676    .constdata          c_w.l(bigflt0.o)
    0x08003ff8   0x08003ff8   0x00000020   Data   RO           77    .rodata.cst32       system_config.o
    0x08004018   0x08004018   0x0000004b   Data   RO            5    .rodata.str1.1      main.o
    0x08004063   0x08004063   0x000000cb   Data   RO           76    .rodata.str1.1      system_config.o
    0x0800412e   0x0800412e   0x00000076   Data   RO          159    .rodata.str1.1      angles_estimation.o
    0x080041a4   0x080041a4   0x00000031   Data   RO          257    .rodata.str1.1      displaydata.o
    0x080041d5   0x080041d5   0x00000020   Data   RO          369    .rodata.str1.1      i2c-st_slave_ard_master.o
    0x080041f5   0x080041f5   0x00000003   PAD
    0x080041f8   0x080041f8   0x00000061   Data   RO          368    .rodata.str1.4      i2c-st_slave_ard_master.o
    0x08004259   0x08004259   0x00000003   PAD
    0x0800425c   0x0800425c   0x00000020   Data   RO          868    Region$$Table       anon$$obj.o
    0x0800427c   0x0800427c   0x0000001c   Data   RO          704    locale$$data        c_w.l(lc_numeric_c.o)
    0x08004298   0x08004298   0x00000110   Data   RO          781    locale$$data        c_w.l(lc_ctype_c.o)


    Execution Region RW_IRAM1 (Exec base: 0x20000000, Load base: 0x080043a8, Size: 0x00000e90, Max: 0x00020000, ABSOLUTE)

    Exec Addr    Load Addr    Size         Type   Attr      Idx    E Section Name        Object

    0x20000000   0x080043a8   0x00000004   Data   RW          391    .data.SystemCoreClock  system_stm32f4xx.o
    0x20000004   0x080043ac   0x00000001   Data   RW           74    .data.button_state  system_config.o
    0x20000005   0x080043ad   0x00000001   Data   RW           73    .data.sampling_byte  system_config.o
    0x20000006   0x080043ae   0x00000002   PAD
    0x20000008        -       0x00000060   Zero   RW          712    .bss                c_w.l(libspace.o)
    0x20000068        -       0x00000004   Zero   RW          156    .bss.PWMd           angles_estimation.o
    0x2000006c        -       0x00000004   Zero   RW          157    .bss.PWMg           angles_estimation.o
    0x20000070        -       0x0000000c   Zero   RW          153    .bss.acc_data       angles_estimation.o
    0x2000007c        -       0x00000004   Zero   RW          155    .bss.command        angles_estimation.o
    0x20000080        -       0x00000001   Zero   RW          367    .bss.data_received  i2c-st_slave_ard_master.o
    0x20000081        -       0x000007d0   Zero   RW          306    .bss.dmaBuffer2     uart.o
    0x20000851   0x080043ae   0x00000003   PAD
    0x20000854        -       0x00000010   Zero   RW          152    .bss.gyro_data      angles_estimation.o
    0x20000864        -       0x00000004   Zero   RW           75    .bss.msTicks        system_config.o
    0x20000868        -       0x00000004   Zero   RW            4    .bss.power_on       main.o
    0x2000086c        -       0x00000014   Zero   RW          154    .bss.theta_data     angles_estimation.o
    0x20000880        -       0x00000004   Zero   RW          158    .bss.theta_ref      angles_estimation.o
    0x20000884        -       0x00000004   Zero   RW          304    .bss.uart2Busy      uart.o
    0x20000888        -       0x00000004   Zero   RW          305    .bss.uart6Busy      uart.o
    0x2000088c   0x080043ae   0x00000004   PAD
    0x20000890        -       0x00000200   Zero   RW          378    HEAP                startup_stm32f411xe.o
    0x20000a90        -       0x00000400   Zero   RW          377    STACK               startup_stm32f411xe.o


==============================================================================

Image component sizes


      Code (inc. data)   RO Data    RW Data    ZI Data      Debug   Object Name

       444         56          0          0          0       3755   accelerometer.o
      1408        196        118          0         64       9940   angles_estimation.o
       112          0          0          0          0       2501   delay.o
       128         16         49          0          0       3969   displaydata.o
       506          4          0          0          0       3208   gyro.o
       650          4        129          0          1       6314   i2c-st_slave_ard_master.o
       228          0          0          0          0       3171   led.o
       196         28         75          0          4       1035   main.o
       256          0          0          0          0       4984   motor_pwm.o
        64         26        408          0       1536        964   startup_stm32f411xe.o
      1184        256        235          2          4       9357   system_config.o
        18          0          0          4          0       2986   system_stm32f4xx.o
       590          0          0          0       2008       5721   uart.o

    ----------------------------------------------------------------------
      5820        586       1052          8       3624      57905   Object Totals
         0          0         32          0          0          0   (incl. Generated)
        36          0          6          2          7          0   (incl. Padding)

    ----------------------------------------------------------------------

      Code (inc. data)   RO Data    RW Data    ZI Data      Debug   Library Member Name

        64          6          0          0          0         84   __2snprintf.o
        44          6          0          0          0         84   __2sprintf.o
         8          0          0          0          0         68   __main.o
       392          4         17          0          0         92   __printf_flags_ss_wp.o
        14          0          0          0          0         68   __printf_wp.o
         0          0          0          0          0          0   __rtentry.o
        12          0          0          0          0          0   __rtentry2.o
         6          0          0          0          0          0   __rtentry4.o
        94          8          0          0          0          0   __scatter.o
        26          0          0          0          0          0   __scatter_copy.o
        28          0          0          0          0          0   __scatter_zi.o
        72          0          0          0          0         96   _c16rtomb.o
         6          0          0          0          0          0   _printf_a.o
         6          0          0          0          0          0   _printf_c.o
        44          0          0          0          0        108   _printf_char.o
        48          6          0          0          0         96   _printf_char_common.o
        40          0          0          0          0         68   _printf_charcount.o
         6          0          0          0          0          0   _printf_d.o
       120         16          0          0          0         92   _printf_dec.o
         6          0          0          0          0          0   _printf_e.o
         6          0          0          0          0          0   _printf_f.o
      1052          0          0          0          0        148   _printf_fp_dec.o
       764          8         38          0          0        100   _printf_fp_hex.o
       128         16          0          0          0         84   _printf_fp_infnan.o
         6          0          0          0          0          0   _printf_g.o
       148          4         40          0          0        160   _printf_hex_int_ll_ptr.o
         6          0          0          0          0          0   _printf_i.o
       178          0          0          0          0         88   _printf_intcommon.o
        10          0          0          0          0          0   _printf_l.o
         6          0          0          0          0          0   _printf_lc.o
        10          0          0          0          0          0   _printf_ll.o
         6          0          0          0          0          0   _printf_lld.o
         6          0          0          0          0          0   _printf_lli.o
         6          0          0          0          0          0   _printf_llo.o
         6          0          0          0          0          0   _printf_llu.o
         6          0          0          0          0          0   _printf_llx.o
       124         16          0          0          0         92   _printf_longlong_dec.o
         6          0          0          0          0          0   _printf_ls.o
         6          0          0          0          0          0   _printf_n.o
         6          0          0          0          0          0   _printf_o.o
       112          8          0          0          0        124   _printf_oct_int_ll.o
         6          0          0          0          0          0   _printf_p.o
        78          0          0          0          0        108   _printf_pad.o
         0          0          0          0          0          0   _printf_percent.o
         4          0          0          0          0          0   _printf_percent_end.o
         6          0          0          0          0          0   _printf_s.o
        82          0          0          0          0         80   _printf_str.o
        36          0          0          0          0         84   _printf_truncate.o
         6          0          0          0          0          0   _printf_u.o
        44          0          0          0          0        108   _printf_wchar.o
       188          6          8          0          0         92   _printf_wctomb.o
         6          0          0          0          0          0   _printf_x.o
        22          0          0          0          0        100   _rserrno.o
        16          0          0          0          0         68   _snputc.o
        10          0          0          0          0         68   _sputc.o
       228          4        148          0          0         96   bigflt0.o
      1936        128          0          0          0        668   btod.o
        18          0          0          0          0         80   exit.o
         6          0          0          0          0        152   heapauxi.o
         0          0          0          0          0          0   indicate_semi.o
        44         10        272          0          0         76   lc_ctype_c.o
        44         10         28          0          0         76   lc_numeric_c.o
         2          0          0          0          0          0   libinit.o
        34          0          0          0          0          0   libinit2.o
         2          0          0          0          0          0   libshutdown.o
         2          0          0          0          0          0   libshutdown2.o
         8          4          0          0         96         68   libspace.o
       138          0          0          0          0         80   lludiv10.o
        16          4          0          0          0         76   rt_ctype_table.o
         8          4          0          0          0         68   rt_errno_addr_intlibspace.o
         8          4          0          0          0         68   rt_locale_intlibspace.o
         2          0          0          0          0          0   rtexit.o
        10          0          0          0          0          0   rtexit2.o
       124          0          0          0          0         88   strcmpv7em.o
        12          4          0          0          0         68   sys_exit.o
        74          0          0          0          0         80   sys_stackheap_outer.o
         2          0          0          0          0         68   use_no_semi.o
        60          4          0          0          0         80   vsnprintf.o
        98          4          0          0          0        140   d2f.o
       812         16          0          0          0        392   daddsub_clz.o
       692        140          0          0          0        264   ddiv.o
        84          0          0          0          0        232   dflt_clz.o
       340         12          0          0          0        152   dmul.o
       156          4          0          0          0        140   dnaninf.o
        12          0          0          0          0        116   dretinf.o
        86          4          0          0          0        132   f2d.o
       140          4          0          0          0        132   fnaninf.o
        26          0          0          0          0        116   fpinit.o
        10          0          0          0          0        116   fretinf.o
         4          0          0          0          0        116   printf1.o
         4          0          0          0          0        116   printf2.o
         0          0          0          0          0          0   usenofp.o
       300         42          0          0          0        176   asinf.o
        48          0          0          0          0        124   fpclassify.o
        38          0          0          0          0        116   fpclassifyf.o
        38         12          0          0          0        348   funder.o
        62          0          0          0          0        136   sqrtf.o

    ----------------------------------------------------------------------
      9894        518        554          0         96       7316   Library Totals
        28          0          3          0          0          0   (incl. Padding)

    ----------------------------------------------------------------------

      Code (inc. data)   RO Data    RW Data    ZI Data      Debug   Library Name

      6916        280        551          0         96       4252   c_w.l
      2464        184          0          0          0       2164   fz_wm.l
       486         54          0          0          0        900   m_wm.l

    ----------------------------------------------------------------------
      9894        518        554          0         96       7316   Library Totals

    ----------------------------------------------------------------------

==============================================================================


      Code (inc. data)   RO Data    RW Data    ZI Data      Debug   

     15714       1104       1606          8       3720      60781   Grand Totals
     15714       1104       1606          8       3720      60781   ELF Image Totals
     15714       1104       1606          8          0          0   ROM Totals

==============================================================================

    Total RO  Size (Code + RO Data)                17320 (  16.91kB)
    Total RW  Size (RW Data + ZI Data)              3728 (   3.64kB)
    Total ROM Size (Code + RO Data + RW Data)      17328 (  16.92kB)

==============================================================================

