Component: ARM Compiler 5.06 update 7 (build 960) Tool: armlink [4d3601]

==============================================================================

Section Cross References

    main.o(i.main) refers to system_config.o(i.SysClockConfig) for SysClockConfig
    main.o(i.main) refers to uart.o(i.Uart2Init) for Uart2Init
    main.o(i.main) refers to delay.o(i.TIM5Config) for TIM5Config
    main.o(i.main) refers to led.o(i.LED_GPIO_Config) for LED_GPIO_Config
    main.o(i.main) refers to system_config.o(i.Sys_PowerMode_Config) for Sys_PowerMode_Config
    main.o(i.main) refers to led.o(i.Testing_Toggle_4Led) for Testing_Toggle_4Led
    main.o(i.main) refers to angles_estimation.o(i.Timer3InterruptInit) for Timer3InterruptInit
    main.o(i.main) refers to gyro.o(i.GyroInit) for GyroInit
    main.o(i.main) refers to accelerometer.o(i.AccelerometerInit) for AccelerometerInit
    main.o(i.main) refers to displaydata.o(i.PrintConsole) for PrintConsole
    main.o(i.main) refers to motor_pwm.o(i.o_MotorPWM_Initialization_o) for o_MotorPWM_Initialization_o
    main.o(i.main) refers to system_config.o(i.getSystemClockSpeed) for getSystemClockSpeed
    main.o(i.main) refers to led.o(i.Power_On) for Power_On
    main.o(i.main) refers to angles_estimation.o(.data) for T
    main.o(i.main) refers to system_config.o(.data) for count
    delay.o(i.delay_ms) refers to delay.o(i.delay_us) for delay_us
    led.o(i.Blinking_4Led) refers to led.o(i.Led_Trigger) for Led_Trigger
    led.o(i.Blinking_4Led) refers to delay.o(i.delay_ms) for delay_ms
    led.o(i.Led_Trigger) refers to delay.o(i.delay_ms) for delay_ms
    led.o(i.Testing_Toggle_4Led) refers to led.o(i.Led_Trigger) for Led_Trigger
    system_config.o(i.EXTI1_IRQHandler) refers to system_config.o(.data) for .data
    system_config.o(i.getSystemClockSpeed) refers to system_config.o(i.convertPPRE) for convertPPRE
    system_config.o(i.getSystemClockSpeed) refers to displaydata.o(i.PrintConsole) for PrintConsole
    system_config.o(i.getSystemClockSpeed) refers to memcpya.o(.text) for __aeabi_memcpy4
    accelerometer.o(i.AccelerometerInit) refers to accelerometer.o(i.ReadFromAccelerometer) for ReadFromAccelerometer
    accelerometer.o(i.AccelerometerInit) refers to displaydata.o(i.PrintConsole) for PrintConsole
    accelerometer.o(i.AccelerometerInit) refers to accelerometer.o(i.WriteToAccelerometer) for WriteToAccelerometer
    accelerometer.o(i.GetAccelerometerValues) refers to accelerometer.o(i.ReadFromAccelerometer) for ReadFromAccelerometer
    accelerometer.o(i.ReadFromAccelerometer) refers to accelerometer.o(i.I2CWaitIfBusy) for I2CWaitIfBusy
    accelerometer.o(i.ReadFromAccelerometer) refers to accelerometer.o(i.I2CEnableAcknowledge) for I2CEnableAcknowledge
    accelerometer.o(i.ReadFromAccelerometer) refers to accelerometer.o(i.I2CStartRestart) for I2CStartRestart
    accelerometer.o(i.ReadFromAccelerometer) refers to accelerometer.o(i.I2CSendSlaveAddress) for I2CSendSlaveAddress
    accelerometer.o(i.ReadFromAccelerometer) refers to accelerometer.o(i.I2CSendRegister) for I2CSendRegister
    accelerometer.o(i.ReadFromAccelerometer) refers to accelerometer.o(i.I2CDisableAcknowledge) for I2CDisableAcknowledge
    accelerometer.o(i.ReadFromAccelerometer) refers to accelerometer.o(i.I2CStop) for I2CStop
    accelerometer.o(i.ReadFromAccelerometer) refers to accelerometer.o(i.I2CGetData) for I2CGetData
    accelerometer.o(i.WriteToAccelerometer) refers to accelerometer.o(i.I2CWaitIfBusy) for I2CWaitIfBusy
    accelerometer.o(i.WriteToAccelerometer) refers to accelerometer.o(i.I2CStartRestart) for I2CStartRestart
    accelerometer.o(i.WriteToAccelerometer) refers to accelerometer.o(i.I2CSendSlaveAddress) for I2CSendSlaveAddress
    accelerometer.o(i.WriteToAccelerometer) refers to accelerometer.o(i.I2CSendRegister) for I2CSendRegister
    accelerometer.o(i.WriteToAccelerometer) refers to accelerometer.o(i.I2CWriteByte) for I2CWriteByte
    accelerometer.o(i.WriteToAccelerometer) refers to accelerometer.o(i.I2CStop) for I2CStop
    gyro.o(i.GetAxisValue) refers to gyro.o(i.ReadFromGyro) for ReadFromGyro
    gyro.o(i.GetGyroValues) refers to gyro.o(i.GetAxisValue) for GetAxisValue
    gyro.o(i.GetGyroY) refers to gyro.o(i.GetAxisValue) for GetAxisValue
    gyro.o(i.GyroInit) refers to gyro.o(i.ReadFromGyro) for ReadFromGyro
    gyro.o(i.GyroInit) refers to gyro.o(i.WriteToGyro) for WriteToGyro
    gyro.o(i.ReadFromGyro) refers to gyro.o(i.WaitForSPI1TXReady) for WaitForSPI1TXReady
    gyro.o(i.ReadFromGyro) refers to gyro.o(i.WaitForSPI1RXReady) for WaitForSPI1RXReady
    gyro.o(i.WriteToGyro) refers to gyro.o(i.WaitForSPI1TXReady) for WaitForSPI1TXReady
    gyro.o(i.WriteToGyro) refers to gyro.o(i.WaitForSPI1RXReady) for WaitForSPI1RXReady
    angles_estimation.o(i.GetAccelerometerValuesInMS2) refers to accelerometer.o(i.GetAccelerometerValues) for GetAccelerometerValues
[...]
    printf7.o(i.__0snprintf$7) refers to printf7.o(i._printf_core) for _printf_core
    printf7.o(i.__0snprintf$7) refers to printf7.o(i._snputc) for _snputc
    printf7.o(i.__0sprintf$7) refers to printf7.o(i._printf_core) for _printf_core
    printf7.o(i.__0sprintf$7) refers to printf7.o(i._sputc) for _sputc
    printf7.o(i.__0vfprintf$7) refers to printf7.o(i._printf_core) for _printf_core
    printf7.o(i.__0vfprintf$7) refers to fputc.o(i.fputc) for fputc
    printf7.o(i.__0vprintf$7) refers to printf7.o(i._printf_core) for _printf_core
    printf7.o(i.__0vprintf$7) refers to fputc.o(i.fputc) for fputc
    printf7.o(i.__0vprintf$7) refers to stdout.o(.data) for __stdout
    printf7.o(i.__0vsnprintf$7) refers to printf7.o(i._printf_core) for _printf_core
    printf7.o(i.__0vsnprintf$7) refers to printf7.o(i._snputc) for _snputc
    printf7.o(i.__0vsprintf$7) refers to printf7.o(i._printf_core) for _printf_core
    printf7.o(i.__0vsprintf$7) refers to printf7.o(i._sputc) for _sputc
    printf7.o(i._printf_core) refers to printf7.o(i._printf_pre_padding) for _printf_pre_padding
    printf7.o(i._printf_core) refers to uldiv.o(.text) for __aeabi_uldivmod
    printf7.o(i._printf_core) refers to printf7.o(i._printf_post_padding) for _printf_post_padding
    printf8.o(i.__0fprintf$8) refers to printf8.o(i._printf_core) for _printf_core
    printf8.o(i.__0fprintf$8) refers to fputc.o(i.fputc) for fputc
    printf8.o(i.__0printf$8) refers to printf8.o(i._printf_core) for _printf_core
    printf8.o(i.__0printf$8) refers to fputc.o(i.fputc) for fputc
    printf8.o(i.__0printf$8) refers to stdout.o(.data) for __stdout
    printf8.o(i.__0snprintf$8) refers to printf8.o(i._printf_core) for _printf_core
    printf8.o(i.__0snprintf$8) refers to printf8.o(i._snputc) for _snputc
    printf8.o(i.__0sprintf$8) refers to printf8.o(i._printf_core) for _printf_core
    printf8.o(i.__0sprintf$8) refers to printf8.o(i._sputc) for _sputc
    printf8.o(i.__0vfprintf$8) refers to printf8.o(i._printf_core) for _printf_core
    printf8.o(i.__0vfprintf$8) refers to fputc.o(i.fputc) for fputc
    printf8.o(i.__0vprintf$8) refers to printf8.o(i._printf_core) for _printf_core
    printf8.o(i.__0vprintf$8) refers to fputc.o(i.fputc) for fputc
    printf8.o(i.__0vprintf$8) refers to stdout.o(.data) for __stdout
    printf8.o(i.__0vsnprintf$8) refers to printf8.o(i._printf_core) for _printf_core
    printf8.o(i.__0vsnprintf$8) refers to printf8.o(i._snputc) for _snputc
    printf8.o(i.__0vsprintf$8) refers to printf8.o(i._printf_core) for _printf_core
    printf8.o(i.__0vsprintf$8) refers to printf8.o(i._sputc) for _sputc
    printf8.o(i._printf_core) refers to printf8.o(i._printf_pre_padding) for _printf_pre_padding
    printf8.o(i._printf_core) refers to uldiv.o(.text) for __aeabi_uldivmod
    printf8.o(i._printf_core) refers to printf8.o(i._printf_post_padding) for _printf_post_padding
    printfa.o(i.__0fprintf) refers (Special) to iusefp.o(.text) for __I$use$fp
    printfa.o(i.__0fprintf) refers to printfa.o(i._printf_core) for _printf_core
    printfa.o(i.__0fprintf) refers to fputc.o(i.fputc) for fputc
    printfa.o(i.__0printf) refers (Special) to iusefp.o(.text) for __I$use$fp
    printfa.o(i.__0printf) refers to printfa.o(i._printf_core) for _printf_core
    printfa.o(i.__0printf) refers to fputc.o(i.fputc) for fputc
    printfa.o(i.__0printf) refers to stdout.o(.data) for __stdout
    printfa.o(i.__0snprintf) refers (Special) to iusefp.o(.text) for __I$use$fp
    printfa.o(i.__0snprintf) refers to printfa.o(i._printf_core) for _printf_core
    printfa.o(i.__0snprintf) refers to printfa.o(i._snputc) for _snputc
    printfa.o(i.__0sprintf) refers (Special) to iusefp.o(.text) for __I$use$fp
    printfa.o(i.__0sprintf) refers to printfa.o(i._printf_core) for _printf_core
    printfa.o(i.__0sprintf) refers to printfa.o(i._sputc) for _sputc
    printfa.o(i.__0vfprintf) refers (Special) to iusefp.o(.text) for __I$use$fp
    printfa.o(i.__0vfprintf) refers to printfa.o(i._printf_core) for _printf_core
    printfa.o(i.__0vfprintf) refers to fputc.o(i.fputc) for fputc
    printfa.o(i.__0vprintf) refers (Special) to iusefp.o(.text) for __I$use$fp
    printfa.o(i.__0vprintf) refers to printfa.o(i._printf_core) for _printf_core
    printfa.o(i.__0vprintf) refers to fputc.o(i.fputc) for fputc
    printfa.o(i.__0vprintf) refers to stdout.o(.data) for __stdout
    printfa.o(i.__0vsnprintf) refers (Special) to iusefp.o(.text) for __I$use$fp
    printfa.o(i.__0vsnprintf) refers to printfa.o(i._printf_core) for _printf_core
    printfa.o(i.__0vsnprintf) refers to printfa.o(i._snputc) for _snputc
    printfa.o(i.__0vsprintf) refers (Special) to iusefp.o(.text) for __I$use$fp
    printfa.o(i.__0vsprintf) refers to printfa.o(i._printf_core) for _printf_core
    printfa.o(i.__0vsprintf) refers to printfa.o(i._sputc) for _sputc
    printfa.o(i._fp_digits) refers (Special) to iusefp.o(.text) for __I$use$fp
    printfa.o(i._fp_digits) refers to dmul.o(.text) for __aeabi_dmul
    printfa.o(i._fp_digits) refers to ddiv.o(.text) for __aeabi_ddiv
    printfa.o(i._fp_digits) refers to cdrcmple.o(.text) for __aeabi_cdrcmple
    printfa.o(i._fp_digits) refers to dadd.o(.text) for __aeabi_dadd
    printfa.o(i._fp_digits) refers to dfixul.o(.text) for __aeabi_d2ulz
    printfa.o(i._fp_digits) refers to uldiv.o(.text) for __aeabi_uldivmod
    printfa.o(i._printf_core) refers (Special) to iusefp.o(.text) for __I$use$fp
    printfa.o(i._printf_core) refers to printfa.o(i._printf_pre_padding) for _printf_pre_padding
    printfa.o(i._printf_core) refers to uldiv.o(.text) for __aeabi_uldivmod
    printfa.o(i._printf_core) refers to printfa.o(i._printf_post_padding) for _printf_post_padding
    printfa.o(i._printf_core) refers to printfa.o(i._fp_digits) for _fp_digits
    printfa.o(i._printf_core) refers to uidiv.o(.text) for __aeabi_uidivmod
    printfa.o(i._printf_post_padding) refers (Special) to iusefp.o(.text) for __I$use$fp
    printfa.o(i._printf_pre_padding) refers (Special) to iusefp.o(.text) for __I$use$fp
    printfa.o(i._snputc) refers (Special) to iusefp.o(.text) for __I$use$fp
    printfa.o(i._sputc) refers (Special) to iusefp.o(.text) for __I$use$fp
    dmul.o(.text) refers (Special) to iusefp.o(.text) for __I$use$fp
    dmul.o(.text) refers to depilogue.o(.text) for _double_epilogue
    ddiv.o(.text) refers (Special) to iusefp.o(.text) for __I$use$fp
    ddiv.o(.text) refers to depilogue.o(.text) for _double_round
    dflti.o(.text) refers (Special) to iusefp.o(.text) for __I$use$fp
    dflti.o(.text) refers to depilogue.o(.text) for _double_epilogue
    dfltui.o(.text) refers (Special) to iusefp.o(.text) for __I$use$fp
    dfltui.o(.text) refers to depilogue.o(.text) for _double_epilogue
    f2d.o(.text) refers (Special) to iusefp.o(.text) for __I$use$fp
    d2f.o(.text) refers (Special) to iusefp.o(.text) for __I$use$fp
    d2f.o(.text) refers to fepilogue.o(.text) for _float_round
    dunder.o(i.__mathlib_dbl_divzero) refers to ddiv.o(.text) for __aeabi_ddiv
    dunder.o(i.__mathlib_dbl_infnan) refers to dadd.o(.text) for __aeabi_dadd
    dunder.o(i.__mathlib_dbl_infnan2) refers to dadd.o(.text) for __aeabi_dadd
    dunder.o(i.__mathlib_dbl_invalid) refers to ddiv.o(.text) for __aeabi_ddiv
    dunder.o(i.__mathlib_dbl_overflow) refers to dmul.o(.text) for __aeabi_dmul
    dunder.o(i.__mathlib_dbl_posinfnan) refers to dmul.o(.text) for __aeabi_dmul
    dunder.o(i.__mathlib_dbl_underflow) refers to dmul.o(.text) for __aeabi_dmul
    fabs.o(i.__hardfp_fabs) refers (Special) to iusefp.o(.text) for __I$use$fp
    fabs.o(i.__softfp_fabs) refers (Special) to iusefp.o(.text) for __I$use$fp
    fabs.o(i.fabs) refers (Special) to iusefp.o(.text) for __I$use$fp
    fpclassify.o(i.__ARM_fpclassify) refers (Special) to iusefp.o(.text) for __I$use$fp
    poly.o(i.__kernel_poly) refers (Special) to iusefp.o(.text) for __I$use$fp
    poly.o(i.__kernel_poly) refers to dmul.o(.text) for __aeabi_dmul
    poly.o(i.__kernel_poly) refers to dadd.o(.text) for __aeabi_dadd
    sqrt.o(i.__hardfp_sqrt) refers (Special) to iusefp.o(.text) for __I$use$fp
    sqrt.o(i.__hardfp_sqrt) refers to dsqrt.o(.text) for _dsqrt
    sqrt.o(i.__hardfp_sqrt) refers to errno.o(i.__set_errno) for __set_errno
    sqrt.o(i.__softfp_sqrt) refers (Special) to iusefp.o(.text) for __I$use$fp
    sqrt.o(i.__softfp_sqrt) refers to dsqrt.o(.text) for _dsqrt
    sqrt.o(i.__softfp_sqrt) refers to errno.o(i.__set_errno) for __set_errno
    sqrt.o(i.sqrt) refers (Special) to iusefp.o(.text) for __I$use$fp
    sqrt.o(i.sqrt) refers to dsqrt.o(.text) for _dsqrt
    sqrt.o(i.sqrt) refers to errno.o(i.__set_errno) for __set_errno
    sqrt_x.o(i.____hardfp_sqrt$lsc) refers (Special) to iusefp.o(.text) for __I$use$fp
    sqrt_x.o(i.____hardfp_sqrt$lsc) refers to cdcmple.o(.text) for __aeabi_cdcmple
    sqrt_x.o(i.____hardfp_sqrt$lsc) refers to errno.o(i.__set_errno) for __set_errno
    sqrt_x.o(i.____hardfp_sqrt$lsc) refers to dsqrt.o(.text) for _dsqrt
    sqrt_x.o(i.____softfp_sqrt$lsc) refers (Special) to iusefp.o(.text) for __I$use$fp
    sqrt_x.o(i.____softfp_sqrt$lsc) refers to cdcmple.o(.text) for __aeabi_cdcmple
    sqrt_x.o(i.____softfp_sqrt$lsc) refers to errno.o(i.__set_errno) for __set_errno
    sqrt_x.o(i.____softfp_sqrt$lsc) refers to dsqrt.o(.text) for _dsqrt
    sqrt_x.o(i.__sqrt$lsc) refers (Special) to iusefp.o(.text) for __I$use$fp
    sqrt_x.o(i.__sqrt$lsc) refers to cdcmple.o(.text) for __aeabi_cdcmple
    sqrt_x.o(i.__sqrt$lsc) refers to errno.o(i.__set_errno) for __set_errno
    sqrt_x.o(i.__sqrt$lsc) refers to dsqrt.o(.text) for _dsqrt
    entry2.o(.ARM.Collect$$$$00000001) refers to entry2.o(.ARM.Collect$$$$00002712) for __lit__00000000
    entry2.o(.ARM.Collect$$$$00002712) refers to startup_stm32f411xe.o(STACK) for __initial_sp
    entry2.o(__vectab_stack_and_reset_area) refers to startup_stm32f411xe.o(STACK) for __initial_sp
    entry2.o(__vectab_stack_and_reset_area) refers to entry.o(.ARM.Collect$$$$00000000) for __main
    entry5.o(.ARM.Collect$$$$00000004) refers to init.o(.text) for __scatterload
    entry9a.o(.ARM.Collect$$$$0000000B) refers to main.o(i.main) for main
    entry9b.o(.ARM.Collect$$$$0000000C) refers to main.o(i.main) for main
    fputc.o(i.fputc) refers (Special) to iusesemip.o(.text) for __I$use$semihosting$fputc
    fputc.o(i.fputc) refers (Special) to semi.o(.text) for __semihosting_library_function
    errno.o(i.__aeabi_errno_addr) refers to errno.o(.data) for .data
    errno.o(i.__read_errno) refers to errno.o(.data) for .data
    errno.o(i.__set_errno) refers to errno.o(.data) for .data
    depilogue.o(.text) refers to llshl.o(.text) for __aeabi_llsl
    depilogue.o(.text) refers to llushr.o(.text) for __aeabi_llsr
    dadd.o(.text) refers to llshl.o(.text) for __aeabi_llsl
    dadd.o(.text) refers to llsshr.o(.text) for __aeabi_lasr
    dadd.o(.text) refers to depilogue.o(.text) for _double_epilogue
    dfixul.o(.text) refers to llushr.o(.text) for __aeabi_llsr
    dfixul.o(.text) refers to llshl.o(.text) for __aeabi_llsl
    init.o(.text) refers to entry5.o(.ARM.Collect$$$$00000004) for __main_after_scatterload
    dsqrt.o(.text) refers to llushr.o(.text) for __aeabi_llsr
    dsqrt.o(.text) refers to depilogue.o(.text) for _double_round


==============================================================================

Removing Unused input sections from the image.

    Removing main.o(.rev16_text), (4 bytes).
    Removing main.o(.revsh_text), (4 bytes).
    Removing main.o(.rrx_text), (6 bytes).
    Removing delay.o(.rev16_text), (4 bytes).
    Removing delay.o(.revsh_text), (4 bytes).
    Removing delay.o(.rrx_text), (6 bytes).
    Removing led.o(.rev16_text), (4 bytes).
    Removing led.o(.revsh_text), (4 bytes).
    Removing led.o(.rrx_text), (6 bytes).
    Removing led.o(i.Blinking_4Led), (46 bytes).
    Removing led.o(i.Power_Off), (20 bytes).
    Removing system_config.o(.rev16_text), (4 bytes).
    Removing system_config.o(.revsh_text), (4 bytes).
    Removing system_config.o(.rrx_text), (6 bytes).
    Removing accelerometer.o(.rev16_text), (4 bytes).
    Removing accelerometer.o(.revsh_text), (4 bytes).
    Removing accelerometer.o(.rrx_text), (6 bytes).
    Removing gyro.o(i.GetGyroValues), (40 bytes).
    Removing angles_estimation.o(.rev16_text), (4 bytes).
    Removing angles_estimation.o(.revsh_text), (4 bytes).
    Removing angles_estimation.o(.rrx_text), (6 bytes).
    Removing angles_estimation.o(i.GetPhiAcc), (100 bytes).
    Removing angles_estimation.o(i.HomeMadeThetaEstimation), (36 bytes).
    Removing angles_estimation.o(i.TiltCompensatedThetaEstimation), (156 bytes).
    Removing angles_estimation.o(i.TiltCompensatedThetaEstimation3), (152 bytes).
    Removing angles_estimation.o(i.Timer3InterruptDisable), (16 bytes).
    Removing angles_estimation.o(i.Timer3InterruptEnable), (2 bytes).
    Removing i2c-lcd.o(.rev16_text), (4 bytes).
    Removing i2c-lcd.o(.revsh_text), (4 bytes).
    Removing i2c-lcd.o(.rrx_text), (6 bytes).
    Removing i2c-lcd.o(i.LCD_Write), (52 bytes).
    Removing i2c-lcd.o(i.lcd_clear), (24 bytes).
    Removing i2c-lcd.o(i.lcd_init), (120 bytes).
    Removing i2c-lcd.o(i.lcd_put_cur), (26 bytes).
    Removing i2c-lcd.o(i.lcd_send_cmd), (52 bytes).
    Removing i2c-lcd.o(i.lcd_send_data), (52 bytes).
    Removing i2c-lcd.o(i.lcd_send_string), (20 bytes).
    Removing motor_pwm.o(.rev16_text), (4 bytes).
    Removing motor_pwm.o(.revsh_text), (4 bytes).
    Removing motor_pwm.o(.rrx_text), (6 bytes).
    Removing i2c.o(.rev16_text), (4 bytes).
    Removing i2c.o(.revsh_text), (4 bytes).
    Removing i2c.o(.rrx_text), (6 bytes).
    Removing i2c.o(i.I2C_Address), (28 bytes).
    Removing i2c.o(i.I2C_Config), (148 bytes).
    Removing i2c.o(i.I2C_Read), (152 bytes).
    Removing i2c.o(i.I2C_Start), (36 bytes).
    Removing i2c.o(i.I2C_Stop), (16 bytes).
    Removing i2c.o(i.I2C_Write), (28 bytes).
    Removing i2c.o(i.I2C_WriteMulti), (48 bytes).
    Removing displaydata.o(.rev16_text), (4 bytes).
    Removing displaydata.o(.revsh_text), (4 bytes).
    Removing displaydata.o(.rrx_text), (6 bytes).
    Removing displaydata.o(i.DisplayAxisValue), (48 bytes).
    Removing displaydata.o(i.DisplayAxisValues), (280 bytes).
    Removing displaydata.o(i.DisplayFloatValue), (72 bytes).
    Removing displaydata.o(i.DisplayIntegerValue), (56 bytes).
    Removing stringutilities.o(i.IntegerToString), (92 bytes).
    Removing stringutilities.o(.conststring), (72 bytes).
    Removing uart.o(i.QTSendFloat), (104 bytes).
    Removing uart.o(i.Uart1DmaInit), (84 bytes).
    Removing uart.o(i.Uart1GpioInit), (48 bytes).
    Removing uart.o(i.Uart1Init), (64 bytes).
    Removing potentiometer.o(.rev16_text), (4 bytes).
    Removing potentiometer.o(.revsh_text), (4 bytes).
    Removing potentiometer.o(.rrx_text), (6 bytes).
    Removing potentiometer.o(i.ADC_Disable), (16 bytes).
    Removing potentiometer.o(i.ADC_Enable), (20 bytes).
    Removing potentiometer.o(i.ADC_GetVal), (12 bytes).
    Removing potentiometer.o(i.ADC_Init), (116 bytes).
    Removing potentiometer.o(i.ADC_Start), (28 bytes).
    Removing potentiometer.o(i.ADC_WaitForConv), (16 bytes).
    Removing potentiometer.o(i.o_Potentiometer_Initialization_o), (14 bytes).
    Removing potentiometer.o(i.o_Read_Potentiometer_o), (24 bytes).
    Removing stm32f4xx_hal.o(.rev16_text), (4 bytes).
    Removing stm32f4xx_hal.o(.revsh_text), (4 bytes).
    Removing stm32f4xx_hal.o(.rrx_text), (6 bytes).
    Removing stm32f4xx_hal.o(i.HAL_DBGMCU_DisableDBGSleepMode), (16 bytes).
    Removing stm32f4xx_hal.o(i.HAL_DBGMCU_DisableDBGStandbyMode), (16 bytes).
    Removing stm32f4xx_hal.o(i.HAL_DBGMCU_DisableDBGStopMode), (16 bytes).
    Removing stm32f4xx_hal.o(i.HAL_DBGMCU_EnableDBGSleepMode), (16 bytes).
    Removing stm32f4xx_hal.o(i.HAL_DBGMCU_EnableDBGStandbyMode), (16 bytes).
    Removing stm32f4xx_hal.o(i.HAL_DBGMCU_EnableDBGStopMode), (16 bytes).
    Removing stm32f4xx_hal.o(i.HAL_DeInit), (52 bytes).
    Removing stm32f4xx_hal.o(i.HAL_Delay), (36 bytes).
    Removing stm32f4xx_hal.o(i.HAL_DisableCompensationCell), (12 bytes).
    Removing stm32f4xx_hal.o(i.HAL_EnableCompensationCell), (12 bytes).
    Removing stm32f4xx_hal.o(i.HAL_GetDEVID), (16 bytes).
    Removing stm32f4xx_hal.o(i.HAL_GetHalVersion), (8 bytes).
    Removing stm32f4xx_hal.o(i.HAL_GetREVID), (12 bytes).
    Removing stm32f4xx_hal.o(i.HAL_GetTick), (12 bytes).
    Removing stm32f4xx_hal.o(i.HAL_GetTickFreq), (12 bytes).
    Removing stm32f4xx_hal.o(i.HAL_GetTickPrio), (12 bytes).
    Removing stm32f4xx_hal.o(i.HAL_GetUIDw0), (12 bytes).
    Removing stm32f4xx_hal.o(i.HAL_GetUIDw1), (12 bytes).
    Removing stm32f4xx_hal.o(i.HAL_GetUIDw2), (12 bytes).
    Removing stm32f4xx_hal.o(i.HAL_IncTick), (16 bytes).
    Removing stm32f4xx_hal.o(i.HAL_Init), (44 bytes).
    Removing stm32f4xx_hal.o(i.HAL_InitTick), (68 bytes).
    Removing stm32f4xx_hal.o(i.HAL_MspDeInit), (2 bytes).
    Removing stm32f4xx_hal.o(i.HAL_MspInit), (2 bytes).
    Removing stm32f4xx_hal.o(i.HAL_ResumeTick), (14 bytes).
    Removing stm32f4xx_hal.o(i.HAL_SetTickFreq), (36 bytes).
    Removing stm32f4xx_hal.o(i.HAL_SuspendTick), (14 bytes).
    Removing stm32f4xx_hal.o(.data), (12 bytes).
    Removing stm32f4xx_hal_cortex.o(.rev16_text), (4 bytes).
    Removing stm32f4xx_hal_cortex.o(.revsh_text), (4 bytes).
    Removing stm32f4xx_hal_cortex.o(.rrx_text), (6 bytes).
    Removing stm32f4xx_hal_cortex.o(i.HAL_MPU_ConfigRegion), (88 bytes).
    Removing stm32f4xx_hal_cortex.o(i.HAL_MPU_Disable), (28 bytes).
    Removing stm32f4xx_hal_cortex.o(i.HAL_MPU_Enable), (36 bytes).
    Removing stm32f4xx_hal_cortex.o(i.HAL_NVIC_ClearPendingIRQ), (26 bytes).
    Removing stm32f4xx_hal_cortex.o(i.HAL_NVIC_DisableIRQ), (34 bytes).
    Removing stm32f4xx_hal_cortex.o(i.HAL_NVIC_EnableIRQ), (26 bytes).
    Removing stm32f4xx_hal_cortex.o(i.HAL_NVIC_GetActive), (40 bytes).
    Removing stm32f4xx_hal_cortex.o(i.HAL_NVIC_GetPendingIRQ), (40 bytes).
    Removing stm32f4xx_hal_cortex.o(i.HAL_NVIC_GetPriority), (86 bytes).
    Removing stm32f4xx_hal_cortex.o(i.HAL_NVIC_GetPriorityGrouping), (16 bytes).
    Removing stm32f4xx_hal_cortex.o(i.HAL_NVIC_SetPendingIRQ), (26 bytes).
    Removing stm32f4xx_hal_cortex.o(i.HAL_NVIC_SetPriority), (64 bytes).
    Removing stm32f4xx_hal_cortex.o(i.HAL_NVIC_SetPriorityGrouping), (36 bytes).
    Removing stm32f4xx_hal_cortex.o(i.HAL_NVIC_SystemReset), (36 bytes).
    Removing stm32f4xx_hal_cortex.o(i.HAL_SYSTICK_CLKSourceConfig), (28 bytes).
    Removing stm32f4xx_hal_cortex.o(i.HAL_SYSTICK_Callback), (2 bytes).
    Removing stm32f4xx_hal_cortex.o(i.HAL_SYSTICK_Config), (40 bytes).
    Removing stm32f4xx_hal_cortex.o(i.HAL_SYSTICK_IRQHandler), (8 bytes).
    Removing stm32f4xx_hal_cortex.o(i.__NVIC_SetPriority), (32 bytes).
    Removing stm32f4xx_hal_gpio.o(.rev16_text), (4 bytes).
    Removing stm32f4xx_hal_gpio.o(.revsh_text), (4 bytes).
    Removing stm32f4xx_hal_gpio.o(.rrx_text), (6 bytes).
    Removing stm32f4xx_hal_gpio.o(i.HAL_GPIO_DeInit), (276 bytes).
    Removing stm32f4xx_hal_gpio.o(i.HAL_GPIO_EXTI_Callback), (2 bytes).
    Removing stm32f4xx_hal_gpio.o(i.HAL_GPIO_EXTI_IRQHandler), (24 bytes).
    Removing stm32f4xx_hal_gpio.o(i.HAL_GPIO_Init), (424 bytes).
    Removing stm32f4xx_hal_gpio.o(i.HAL_GPIO_LockPin), (36 bytes).
    Removing stm32f4xx_hal_gpio.o(i.HAL_GPIO_ReadPin), (14 bytes).
    Removing stm32f4xx_hal_gpio.o(i.HAL_GPIO_TogglePin), (16 bytes).
    Removing stm32f4xx_hal_gpio.o(i.HAL_GPIO_WritePin), (14 bytes).
    Removing stm32f4xx_hal_pwr.o(.rev16_text), (4 bytes).
    Removing stm32f4xx_hal_pwr.o(.revsh_text), (4 bytes).
    Removing stm32f4xx_hal_pwr.o(.rrx_text), (6 bytes).
    Removing stm32f4xx_hal_pwr.o(i.HAL_PWR_ConfigPVD), (124 bytes).
    Removing stm32f4xx_hal_pwr.o(i.HAL_PWR_DeInit), (24 bytes).
    Removing stm32f4xx_hal_pwr.o(i.HAL_PWR_DisableBkUpAccess), (24 bytes).
    Removing stm32f4xx_hal_pwr.o(i.HAL_PWR_DisablePVD), (12 bytes).
    Removing stm32f4xx_hal_pwr.o(i.HAL_PWR_DisableSEVOnPend), (16 bytes).
    Removing stm32f4xx_hal_pwr.o(i.HAL_PWR_DisableSleepOnExit), (16 bytes).
    Removing stm32f4xx_hal_pwr.o(i.HAL_PWR_DisableWakeUpPin), (16 bytes).
    Removing stm32f4xx_hal_pwr.o(i.HAL_PWR_EnableBkUpAccess), (24 bytes).
    Removing stm32f4xx_hal_pwr.o(i.HAL_PWR_EnablePVD), (12 bytes).
    Removing stm32f4xx_hal_pwr.o(i.HAL_PWR_EnableSEVOnPend), (16 bytes).
    Removing stm32f4xx_hal_pwr.o(i.HAL_PWR_EnableSleepOnExit), (16 bytes).
    Removing stm32f4xx_hal_pwr.o(i.HAL_PWR_EnableWakeUpPin), (16 bytes).
    Removing stm32f4xx_hal_pwr.o(i.HAL_PWR_EnterSLEEPMode), (32 bytes).
    Removing stm32f4xx_hal_pwr.o(i.HAL_PWR_EnterSTANDBYMode), (32 bytes).
    Removing stm32f4xx_hal_pwr.o(i.HAL_PWR_EnterSTOPMode), (56 bytes).
    Removing stm32f4xx_hal_pwr.o(i.HAL_PWR_PVDCallback), (2 bytes).
    Removing stm32f4xx_hal_pwr.o(i.HAL_PWR_PVD_IRQHandler), (28 bytes).
    Removing stm32f4xx_hal_pwr_ex.o(.rev16_text), (4 bytes).
    Removing stm32f4xx_hal_pwr_ex.o(.revsh_text), (4 bytes).
    Removing stm32f4xx_hal_pwr_ex.o(.rrx_text), (6 bytes).
    Removing stm32f4xx_hal_pwr_ex.o(i.HAL_PWREx_ControlVoltageScaling), (180 bytes).
    Removing stm32f4xx_hal_pwr_ex.o(i.HAL_PWREx_DisableBkUpReg), (56 bytes).
    Removing stm32f4xx_hal_pwr_ex.o(i.HAL_PWREx_DisableFlashPowerDown), (12 bytes).
    Removing stm32f4xx_hal_pwr_ex.o(i.HAL_PWREx_DisableLowRegulatorLowVoltage), (12 bytes).
    Removing stm32f4xx_hal_pwr_ex.o(i.HAL_PWREx_DisableMainRegulatorLowVoltage), (12 bytes).
    Removing stm32f4xx_hal_pwr_ex.o(i.HAL_PWREx_EnableBkUpReg), (56 bytes).
    Removing stm32f4xx_hal_pwr_ex.o(i.HAL_PWREx_EnableFlashPowerDown), (12 bytes).
    Removing stm32f4xx_hal_pwr_ex.o(i.HAL_PWREx_EnableLowRegulatorLowVoltage), (12 bytes).
    Removing stm32f4xx_hal_pwr_ex.o(i.HAL_PWREx_EnableMainRegulatorLowVoltage), (12 bytes).
    Removing stm32f4xx_hal_pwr_ex.o(i.HAL_PWREx_GetVoltageRange), (16 bytes).
    Removing stm32f4xx_hal_rcc.o(.rev16_text), (4 bytes).
    Removing stm32f4xx_hal_rcc.o(.revsh_text), (4 bytes).
    Removing stm32f4xx_hal_rcc.o(.rrx_text), (6 bytes).
    Removing stm32f4xx_hal_rcc.o(i.HAL_RCC_CSSCallback), (2 bytes).
    Removing stm32f4xx_hal_rcc.o(i.HAL_RCC_ClockConfig), (332 bytes).
    Removing stm32f4xx_hal_rcc.o(i.HAL_RCC_DeInit), (4 bytes).
    Removing stm32f4xx_hal_rcc.o(i.HAL_RCC_DisableCSS), (12 bytes).
    Removing stm32f4xx_hal_rcc.o(i.HAL_RCC_EnableCSS), (12 bytes).
    Removing stm32f4xx_hal_rcc.o(i.HAL_RCC_GetClockConfig), (60 bytes).
    Removing stm32f4xx_hal_rcc.o(i.HAL_RCC_GetHCLKFreq), (12 bytes).
    Removing stm32f4xx_hal_rcc.o(i.HAL_RCC_GetOscConfig), (180 bytes).
    Removing stm32f4xx_hal_rcc.o(i.HAL_RCC_GetPCLK1Freq), (32 bytes).
    Removing stm32f4xx_hal_rcc.o(i.HAL_RCC_GetPCLK2Freq), (32 bytes).
    Removing stm32f4xx_hal_rcc.o(i.HAL_RCC_GetSysClockFreq), (104 bytes).
    Removing stm32f4xx_hal_rcc.o(i.HAL_RCC_MCOConfig), (144 bytes).
    Removing stm32f4xx_hal_rcc.o(i.HAL_RCC_NMI_IRQHandler), (28 bytes).
    Removing stm32f4xx_hal_rcc.o(i.HAL_RCC_OscConfig), (960 bytes).
    Removing stm32f4xx_hal_rcc_ex.o(.rev16_text), (4 bytes).
    Removing stm32f4xx_hal_rcc_ex.o(.revsh_text), (4 bytes).
    Removing stm32f4xx_hal_rcc_ex.o(.rrx_text), (6 bytes).
    Removing stm32f4xx_hal_rcc_ex.o(i.HAL_RCCEx_DisablePLLI2S), (52 bytes).
    Removing stm32f4xx_hal_rcc_ex.o(i.HAL_RCCEx_EnablePLLI2S), (108 bytes).
    Removing stm32f4xx_hal_rcc_ex.o(i.HAL_RCCEx_GetPeriphCLKConfig), (80 bytes).
    Removing stm32f4xx_hal_rcc_ex.o(i.HAL_RCCEx_GetPeriphCLKFreq), (104 bytes).
    Removing stm32f4xx_hal_rcc_ex.o(i.HAL_RCCEx_PeriphCLKConfig), (348 bytes).
    Removing stm32f4xx_hal_rcc_ex.o(i.HAL_RCCEx_SelectLSEMode), (32 bytes).
    Removing stm32f4xx_hal_rcc_ex.o(i.HAL_RCC_DeInit), (324 bytes).
    Removing startup_stm32f411xe.o(HEAP), (512 bytes).
    Removing system_stm32f4xx.o(.rev16_text), (4 bytes).
    Removing system_stm32f4xx.o(.revsh_text), (4 bytes).
    Removing system_stm32f4xx.o(.rrx_text), (6 bytes).
    Removing system_stm32f4xx.o(i.SystemCoreClockUpdate), (136 bytes).
    Removing system_stm32f4xx.o(.constdata), (16 bytes).
    Removing system_stm32f4xx.o(.constdata), (8 bytes).
    Removing system_stm32f4xx.o(.data), (4 bytes).
    Removing dneg.o(.text), (6 bytes).
    Removing cdcmple.o(.text), (48 bytes).

208 unused section(s) (total 9362 bytes) removed from the image.

==============================================================================

Image Symbol Table

    Local Symbols

    Symbol Name                              Value     Ov Type        Size  Object(Section)

    ../clib/microlib/division.c              0x00000000   Number         0  uldiv.o ABSOLUTE
    ../clib/microlib/division.c              0x00000000   Number         0  uidiv.o ABSOLUTE
    ../clib/microlib/errno.c                 0x00000000   Number         0  errno.o ABSOLUTE
    ../clib/microlib/init/entry.s            0x00000000   Number         0  entry12a.o ABSOLUTE
    ../clib/microlib/init/entry.s            0x00000000   Number         0  entry11b.o ABSOLUTE
    ../clib/microlib/init/entry.s            0x00000000   Number         0  entry12b.o ABSOLUTE
    ../clib/microlib/init/entry.s            0x00000000   Number         0  entry.o ABSOLUTE
    ../clib/microlib/init/entry.s            0x00000000   Number         0  entry2.o ABSOLUTE
    ../clib/microlib/init/entry.s            0x00000000   Number         0  entry5.o ABSOLUTE
    ../clib/microlib/init/entry.s            0x00000000   Number         0  entry11a.o ABSOLUTE
    ../clib/microlib/init/entry.s            0x00000000   Number         0  entry7a.o ABSOLUTE
    ../clib/microlib/init/entry.s            0x00000000   Number         0  entry7b.o ABSOLUTE
    ../clib/microlib/init/entry.s            0x00000000   Number         0  entry10b.o ABSOLUTE
    ../clib/microlib/init/entry.s            0x00000000   Number         0  entry8a.o ABSOLUTE
    ../clib/microlib/init/entry.s            0x00000000   Number         0  entry8b.o ABSOLUTE
    ../clib/microlib/init/entry.s            0x00000000   Number         0  entry9a.o ABSOLUTE
    ../clib/microlib/init/entry.s            0x00000000   Number         0  entry9b.o ABSOLUTE
    ../clib/microlib/init/entry.s            0x00000000   Number         0  entry10a.o ABSOLUTE
    ../clib/microlib/longlong.c              0x00000000   Number         0  llshl.o ABSOLUTE
    ../clib/microlib/longlong.c              0x00000000   Number         0  llsshr.o ABSOLUTE
    ../clib/microlib/longlong.c              0x00000000   Number         0  llushr.o ABSOLUTE
    ../clib/microlib/printf/printf.c         0x00000000   Number         0  printfa.o ABSOLUTE
    ../clib/microlib/printf/printf.c         0x00000000   Number         0  printf0.o ABSOLUTE
    ../clib/microlib/printf/printf.c         0x00000000   Number         0  printfb.o ABSOLUTE
    ../clib/microlib/printf/printf.c         0x00000000   Number         0  printf2.o ABSOLUTE
    ../clib/microlib/printf/printf.c         0x00000000   Number         0  printf1.o ABSOLUTE
    ../clib/microlib/printf/printf.c         0x00000000   Number         0  printf3.o ABSOLUTE
    ../clib/microlib/printf/printf.c         0x00000000   Number         0  printf4.o ABSOLUTE
    ../clib/microlib/printf/printf.c         0x00000000   Number         0  printf5.o ABSOLUTE
    ../clib/microlib/printf/printf.c         0x00000000   Number         0  printf6.o ABSOLUTE
    ../clib/microlib/printf/printf.c         0x00000000   Number         0  printf7.o ABSOLUTE
    ../clib/microlib/printf/printf.c         0x00000000   Number         0  printf8.o ABSOLUTE
    ../clib/microlib/printf/stubs.s          0x00000000   Number         0  stubs.o ABSOLUTE
    ../clib/microlib/stdio/fputc.c           0x00000000   Number         0  fputc.o ABSOLUTE
    ../clib/microlib/stdio/semi.s            0x00000000   Number         0  semi.o ABSOLUTE
    ../clib/microlib/stdio/streams.c         0x00000000   Number         0  stdout.o ABSOLUTE
    ../clib/microlib/string/memcpy.c         0x00000000   Number         0  memcpyb.o ABSOLUTE
    ../clib/microlib/string/memcpy.c         0x00000000   Number         0  memcpya.o ABSOLUTE
    ../clib/microlib/stubs.s                 0x00000000   Number         0  iusefp.o ABSOLUTE
    ../clib/microlib/stubs.s                 0x00000000   Number         0  iusesemip.o ABSOLUTE
    ../fplib/microlib/d2f.c                  0x00000000   Number         0  d2f.o ABSOLUTE
    ../fplib/microlib/f2d.c                  0x00000000   Number         0  f2d.o ABSOLUTE
    ../fplib/microlib/fpadd.c                0x00000000   Number         0  dadd.o ABSOLUTE
    ../fplib/microlib/fpdiv.c                0x00000000   Number         0  ddiv.o ABSOLUTE
    ../fplib/microlib/fpepilogue.c           0x00000000   Number         0  fepilogue.o ABSOLUTE
    ../fplib/microlib/fpepilogue.c           0x00000000   Number         0  depilogue.o ABSOLUTE
    ../fplib/microlib/fpfix.c                0x00000000   Number         0  dfixul.o ABSOLUTE
    ../fplib/microlib/fpflt.c                0x00000000   Number         0  dflti.o ABSOLUTE
    ../fplib/microlib/fpflt.c                0x00000000   Number         0  dfltui.o ABSOLUTE
    ../fplib/microlib/fpmul.c                0x00000000   Number         0  dmul.o ABSOLUTE
    ../fplib/microlib/fpneg.c                0x00000000   Number         0  dneg.o ABSOLUTE
    ../fplib/microlib/fpsqrt.c               0x00000000   Number         0  dsqrt.o ABSOLUTE
    ../mathlib/asin.c                        0x00000000   Number         0  asin.o ABSOLUTE
    ../mathlib/asin.c                        0x00000000   Number         0  asin_x.o ABSOLUTE
    ../mathlib/atan.c                        0x00000000   Number         0  atan.o ABSOLUTE
    ../mathlib/atan.c                        0x00000000   Number         0  atan_x.o ABSOLUTE
    ../mathlib/dunder.c                      0x00000000   Number         0  dunder.o ABSOLUTE
    ../mathlib/fabs.c                        0x00000000   Number         0  fabs.o ABSOLUTE
    ../mathlib/fpclassify.c                  0x00000000   Number         0  fpclassify.o ABSOLUTE
    ../mathlib/poly.c                        0x00000000   Number         0  poly.o ABSOLUTE
    ../mathlib/sqrt.c                        0x00000000   Number         0  sqrt_x.o ABSOLUTE
    ../mathlib/sqrt.c                        0x00000000   Number         0  sqrt.o ABSOLUTE
    00_MyCustomHAL_register_lb\Delay.c       0x00000000   Number         0  delay.o ABSOLUTE
    00_MyCustomHAL_register_lb\DisplayData.c 0x00000000   Number         0  displaydata.o ABSOLUTE
    00_MyCustomHAL_register_lb\I2C.c         0x00000000   Number         0  i2c.o ABSOLUTE
    00_MyCustomHAL_register_lb\Led.c         0x00000000   Number         0  led.o ABSOLUTE
    00_MyCustomHAL_register_lb\StringUtilities.c 0x00000000   Number         0  stringutilities.o ABSOLUTE
    00_MyCustomHAL_register_lb\System_Config.c 0x00000000   Number         0  system_config.o ABSOLUTE
    00_MyCustomHAL_register_lb\UART.c        0x00000000   Number         0  uart.o ABSOLUTE
    00_MyCustomHAL_register_lb\\Delay.c      0x00000000   Number         0  delay.o ABSOLUTE
    00_MyCustomHAL_register_lb\\DisplayData.c 0x00000000   Number         0  displaydata.o ABSOLUTE
    00_MyCustomHAL_register_lb\\I2C.c        0x00000000   Number         0  i2c.o ABSOLUTE
    00_MyCustomHAL_register_lb\\Led.c        0x00000000   Number         0  led.o ABSOLUTE
    00_MyCustomHAL_register_lb\\System_Config.c 0x00000000   Number         0  system_config.o ABSOLUTE
    01-Acc&Gyro_lb\Accelerometer.c           0x00000000   Number         0  accelerometer.o ABSOLUTE
    01-Acc&Gyro_lb\Angles_Estimation.c       0x00000000   Number         0  angles_estimation.o ABSOLUTE
    01-Acc&Gyro_lb\Gyro.c                    0x00000000   Number         0  gyro.o ABSOLUTE
    01-Acc&Gyro_lb\\Accelerometer.c          0x00000000   Number         0  accelerometer.o ABSOLUTE
    01-Acc&Gyro_lb\\Angles_Estimation.c      0x00000000   Number         0  angles_estimation.o ABSOLUTE
    04_LCD1602_I2C_NOHAL\\i2c-lcd.c          0x00000000   Number         0  i2c-lcd.o ABSOLUTE
    04_LCD1602_I2C_NOHAL\i2c-lcd.c           0x00000000   Number         0  i2c-lcd.o ABSOLUTE
    C:/Users/Hugo/AppData/Local/Arm/Packs/Keil/STM32F4xx_DFP/2.17.1/Drivers/STM32F4xx_HAL_Driver/Src/stm32f4xx_hal.c 0x00000000   Number         0  stm32f4xx_hal.o ABSOLUTE
    C:/Users/Hugo/AppData/Local/Arm/Packs/Keil/STM32F4xx_DFP/2.17.1/Drivers/STM32F4xx_HAL_Driver/Src/stm32f4xx_hal_cortex.c 0x00000000   Number         0  stm32f4xx_hal_cortex.o ABSOLUTE
    C:/Users/Hugo/AppData/Local/Arm/Packs/Keil/STM32F4xx_DFP/2.17.1/Drivers/STM32F4xx_HAL_Driver/Src/stm32f4xx_hal_gpio.c 0x00000000   Number         0  stm32f4xx_hal_gpio.o ABSOLUTE
    C:/Users/Hugo/AppData/Local/Arm/Packs/Keil/STM32F4xx_DFP/2.17.1/Drivers/STM32F4xx_HAL_Driver/Src/stm32f4xx_hal_pwr.c 0x00000000   Number         0  stm32f4xx_hal_pwr.o ABSOLUTE
    C:/Users/Hugo/AppData/Local/Arm/Packs/Keil/STM32F4xx_DFP/2.17.1/Drivers/STM32F4xx_HAL_Driver/Src/stm32f4xx_hal_pwr_ex.c 0x00000000   Number         0  stm32f4xx_hal_pwr_ex.o ABSOLUTE
    C:/Users/Hugo/AppData/Local/Arm/Packs/Keil/STM32F4xx_DFP/2.17.1/Drivers/STM32F4xx_HAL_Driver/Src/stm32f4xx_hal_rcc.c 0x00000000   Number         0  stm32f4xx_hal_rcc.o ABSOLUTE
    C:/Users/Hugo/AppData/Local/Arm/Packs/Keil/STM32F4xx_DFP/2.17.1/Drivers/STM32F4xx_HAL_Driver/Src/stm32f4xx_hal_rcc_ex.c 0x00000000   Number         0  stm32f4xx_hal_rcc_ex.o ABSOLUTE
    C:\Users\Hugo\AppData\Local\Arm\Packs\Keil\STM32F4xx_DFP\2.17.1\Drivers\STM32F4xx_HAL_Driver\Src\stm32f4xx_hal.c 0x00000000   Number         0  stm32f4xx_hal.o ABSOLUTE
    C:\Users\Hugo\AppData\Local\Arm\Packs\Keil\STM32F4xx_DFP\2.17.1\Drivers\STM32F4xx_HAL_Driver\Src\stm32f4xx_hal_cortex.c 0x00000000   Number         0  stm32f4xx_hal_cortex.o ABSOLUTE
    C:\Users\Hugo\AppData\Local\Arm\Packs\Keil\STM32F4xx_DFP\2.17.1\Drivers\STM32F4xx_HAL_Driver\Src\stm32f4xx_hal_gpio.c 0x00000000   Number         0  stm32f4xx_hal_gpio.o ABSOLUTE
    C:\Users\Hugo\AppData\Local\Arm\Packs\Keil\STM32F4xx_DFP\2.17.1\Drivers\STM32F4xx_HAL_Driver\Src\stm32f4xx_hal_pwr.c 0x00000000   Number         0  stm32f4xx_hal_pwr.o ABSOLUTE
    C:\Users\Hugo\AppData\Local\Arm\Packs\Keil\STM32F4xx_DFP\2.17.1\Drivers\STM32F4xx_HAL_Driver\Src\stm32f4xx_hal_pwr_ex.c 0x00000000   Number         0  stm32f4xx_hal_pwr_ex.o ABSOLUTE
    C:\Users\Hugo\AppData\Local\Arm\Packs\Keil\STM32F4xx_DFP\2.17.1\Drivers\STM32F4xx_HAL_Driver\Src\stm32f4xx_hal_rcc.c 0x00000000   Number         0  stm32f4xx_hal_rcc.o ABSOLUTE
    C:\Users\Hugo\AppData\Local\Arm\Packs\Keil\STM32F4xx_DFP\2.17.1\Drivers\STM32F4xx_HAL_Driver\Src\stm32f4xx_hal_rcc_ex.c 0x00000000   Number         0  stm32f4xx_hal_rcc_ex.o ABSOLUTE
    Potentiometer.c                          0x00000000   Number         0  potentiometer.o ABSOLUTE
    Potentiometer.c                          0x00000000   Number         0  potentiometer.o ABSOLUTE
    RTE/Device/STM32F411VETx/startup_stm32f411xe.s 0x00000000   Number         0  startup_stm32f411xe.o ABSOLUTE
    RTE/Device/STM32F411VETx/system_stm32f4xx.c 0x00000000   Number         0  system_stm32f4xx.o ABSOLUTE
    RTE\Device\STM32F411VETx\system_stm32f4xx.c 0x00000000   Number         0  system_stm32f4xx.o ABSOLUTE
    cdcmple.s                                0x00000000   Number         0  cdcmple.o ABSOLUTE
    cdrcmple.s                               0x00000000   Number         0  cdrcmple.o ABSOLUTE
    dc.s                                     0x00000000   Number         0  dc.o ABSOLUTE
    handlers.s                               0x00000000   Number         0  handlers.o ABSOLUTE
    init.s                                   0x00000000   Number         0  init.o ABSOLUTE
    main.c                                   0x00000000   Number         0  main.o ABSOLUTE
    main.c                                   0x00000000   Number         0  main.o ABSOLUTE
    motor_pwm.c                              0x00000000   Number         0  motor_pwm.o ABSOLUTE
    motor_pwm.c                              0x00000000   Number         0  motor_pwm.o ABSOLUTE
    RESET                                    0x08000000   Section      408  startup_stm32f411xe.o(RESET)
    .ARM.Collect$$$$00000000                 0x08000198   Section        0  entry.o(.ARM.Collect$$$$00000000)
    .ARM.Collect$$$$00000001                 0x08000198   Section        4  entry2.o(.ARM.Collect$$$$00000001)
    .ARM.Collect$$$$00000004                 0x0800019c   Section        4  entry5.o(.ARM.Collect$$$$00000004)
    .ARM.Collect$$$$00000008                 0x080001a0   Section        0  entry7b.o(.ARM.Collect$$$$00000008)
    .ARM.Collect$$$$0000000A                 0x080001a0   Section        0  entry8b.o(.ARM.Collect$$$$0000000A)
    .ARM.Collect$$$$0000000B                 0x080001a0   Section        8  entry9a.o(.ARM.Collect$$$$0000000B)
    .ARM.Collect$$$$0000000E                 0x080001a8   Section        4  entry12b.o(.ARM.Collect$$$$0000000E)
    .ARM.Collect$$$$0000000F                 0x080001ac   Section        0  entry10a.o(.ARM.Collect$$$$0000000F)
    .ARM.Collect$$$$00000011                 0x080001ac   Section        0  entry11a.o(.ARM.Collect$$$$00000011)
    .ARM.Collect$$$$00002712                 0x080001ac   Section        4  entry2.o(.ARM.Collect$$$$00002712)
    __lit__00000000                          0x080001ac   Data           4  entry2.o(.ARM.Collect$$$$00002712)
    .text                                    0x080001b0   Section       36  startup_stm32f411xe.o(.text)
    $v0                                      0x080001b0   Number         0  startup_stm32f411xe.o(.text)
    .text                                    0x080001d4   Section        0  uldiv.o(.text)
    .text                                    0x08000236   Section        0  memcpya.o(.text)
    .text                                    0x0800025a   Section        0  dmul.o(.text)
    .text                                    0x0800033e   Section        0  ddiv.o(.text)
    .text                                    0x0800041c   Section        0  dflti.o(.text)
    .text                                    0x0800043e   Section        0  dfltui.o(.text)
    .text                                    0x08000458   Section        0  f2d.o(.text)
    .text                                    0x0800047e   Section        0  d2f.o(.text)
    .text                                    0x080004b6   Section        0  uidiv.o(.text)
    .text                                    0x080004e2   Section        0  llshl.o(.text)
    .text                                    0x08000500   Section        0  llushr.o(.text)
    .text                                    0x08000520   Section        0  fepilogue.o(.text)
    .text                                    0x08000520   Section        0  iusefp.o(.text)
    .text                                    0x0800058e   Section        0  depilogue.o(.text)
    .text                                    0x08000648   Section        0  dadd.o(.text)
    .text                                    0x08000796   Section        0  dfixul.o(.text)
    .text                                    0x080007c8   Section       48  cdrcmple.o(.text)
    .text                                    0x080007f8   Section       36  init.o(.text)
    .text                                    0x0800081c   Section        0  llsshr.o(.text)
    .text                                    0x08000840   Section        0  dsqrt.o(.text)
    i.AccelerometerInit                      0x080008e4   Section        0  accelerometer.o(i.AccelerometerInit)
    i.ApplyLevel                             0x080009f4   Section        0  displaydata.o(i.ApplyLevel)
    i.DMA1_Stream4_IRQHandler                0x08000a88   Section        0  uart.o(i.DMA1_Stream4_IRQHandler)
    i.DMA1_Stream5_IRQHandler                0x08000aa8   Section        0  uart.o(i.DMA1_Stream5_IRQHandler)
    i.DMA1_Stream6_IRQHandler                0x08000acc   Section        0  uart.o(i.DMA1_Stream6_IRQHandler)
    i.EXTI1_IRQHandler                       0x08000afc   Section        0  system_config.o(i.EXTI1_IRQHandler)
    i.FormatString                           0x08000b2c   Section        0  displaydata.o(i.FormatString)
    i.GetAccelerometerValues                 0x08000b36   Section        0  accelerometer.o(i.GetAccelerometerValues)
    i.GetAccelerometerValuesInMS2            0x08000b7c   Section        0  angles_estimation.o(i.GetAccelerometerValuesInMS2)
    i.GetAxisValue                           0x08000c54   Section        0  gyro.o(i.GetAxisValue)
    i.GetGyroY                               0x08000c8c   Section        0  gyro.o(i.GetGyroY)
    i.GetRollTurnRateGyro                    0x08000c9c   Section        0  angles_estimation.o(i.GetRollTurnRateGyro)
    i.GetThetaAcc                            0x08000cb4   Section        0  angles_estimation.o(i.GetThetaAcc)
    i.GyroInit                               0x08000d18   Section        0  gyro.o(i.GyroInit)
    i.I2CDisableAcknowledge                  0x08000da8   Section        0  accelerometer.o(i.I2CDisableAcknowledge)
    i.I2CEnableAcknowledge                   0x08000db8   Section        0  accelerometer.o(i.I2CEnableAcknowledge)
    i.I2CGetData                             0x08000dc8   Section        0  accelerometer.o(i.I2CGetData)
    i.I2CSendRegister                        0x08000de0   Section        0  accelerometer.o(i.I2CSendRegister)
    i.I2CSendSlaveAddress                    0x08000dfc   Section        0  accelerometer.o(i.I2CSendSlaveAddress)
    i.I2CStartRestart                        0x08000e20   Section        0  accelerometer.o(i.I2CStartRestart)
    i.I2CStop                                0x08000e30   Section        0  accelerometer.o(i.I2CStop)
    i.I2CWaitIfBusy                          0x08000e40   Section        0  accelerometer.o(i.I2CWaitIfBusy)
    i.I2CWriteByte                           0x08000e50   Section        0  accelerometer.o(i.I2CWriteByte)
    i.LED_GPIO_Config                        0x08000e64   Section        0  led.o(i.LED_GPIO_Config)
    i.Led_Trigger                            0x08000e9c   Section        0  led.o(i.Led_Trigger)
    i.MotorPWM_ESC_calibration               0x08000eb8   Section        0  motor_pwm.o(i.MotorPWM_ESC_calibration)
    i.MotorPWM_PIN_Init                      0x08000ee0   Section        0  motor_pwm.o(i.MotorPWM_PIN_Init)
    i.MotorPWM_PWM_Init                      0x08000f28   Section        0  motor_pwm.o(i.MotorPWM_PWM_Init)
    i.MotorPWM_Set                           0x08000f64   Section        0  motor_pwm.o(i.MotorPWM_Set)
    i.MotorPWM_TIMER_Init                    0x08000f8c   Section        0  motor_pwm.o(i.MotorPWM_TIMER_Init)
    i.Power_On                               0x08000fd0   Section        0  led.o(i.Power_On)
    i.PrintConsole                           0x08000fe4   Section        0  displaydata.o(i.PrintConsole)
    i.ReadFromAccelerometer                  0x0800101a   Section        0  accelerometer.o(i.ReadFromAccelerometer)
    i.ReadFromGyro                           0x08001050   Section        0  gyro.o(i.ReadFromGyro)
    i.SendString                             0x08001098   Section        0  uart.o(i.SendString)
    i.SysClockConfig                         0x08001104   Section        0  system_config.o(i.SysClockConfig)
    i.Sys_PowerMode_Config                   0x08001184   Section        0  system_config.o(i.Sys_PowerMode_Config)
    i.SystemInit                             0x080011fc   Section        0  system_stm32f4xx.o(i.SystemInit)
    i.TIM3_IRQHandler                        0x0800120c   Section        0  angles_estimation.o(i.TIM3_IRQHandler)
    i.TIM5Config                             0x08001260   Section        0  delay.o(i.TIM5Config)
    i.Testing_Toggle_4Led                    0x08001298   Section        0  led.o(i.Testing_Toggle_4Led)
    i.TiltCompensatedThetaEstimation2        0x080012e0   Section        0  angles_estimation.o(i.TiltCompensatedThetaEstimation2)
    i.Timer3InterruptInit                    0x0800137c   Section        0  angles_estimation.o(i.Timer3InterruptInit)
    i.USART1_IRQHandler                      0x080014f0   Section        0  uart.o(i.USART1_IRQHandler)
    i.USART2_IRQHandler                      0x08001510   Section        0  uart.o(i.USART2_IRQHandler)
    i.Uart2DmaInit                           0x08001534   Section        0  uart.o(i.Uart2DmaInit)
    i.Uart2GpioInit                          0x080015a8   Section        0  uart.o(i.Uart2GpioInit)
    i.Uart2Init                              0x080015d8   Section        0  uart.o(i.Uart2Init)
    i.WaitForSPI1RXReady                     0x08001624   Section        0  gyro.o(i.WaitForSPI1RXReady)
    i.WaitForSPI1TXReady                     0x08001634   Section        0  gyro.o(i.WaitForSPI1TXReady)
    i.WriteToAccelerometer                   0x08001644   Section        0  accelerometer.o(i.WriteToAccelerometer)
    i.WriteToGyro                            0x0800166c   Section        0  gyro.o(i.WriteToGyro)
    i.__0snprintf                            0x080016a8   Section        0  printfa.o(i.__0snprintf)
    i.__0vsnprintf                           0x080016dc   Section        0  printfa.o(i.__0vsnprintf)
    i.__ARM_fpclassify                       0x08001710   Section        0  fpclassify.o(i.__ARM_fpclassify)
    i.__hardfp_asin                          0x08001740   Section        0  asin.o(i.__hardfp_asin)
    i.__kernel_poly                          0x08001aa0   Section        0  poly.o(i.__kernel_poly)
    i.__mathlib_dbl_infnan                   0x08001b98   Section        0  dunder.o(i.__mathlib_dbl_infnan)
    i.__mathlib_dbl_invalid                  0x08001bb0   Section        0  dunder.o(i.__mathlib_dbl_invalid)
    i.__mathlib_dbl_underflow                0x08001bd0   Section        0  dunder.o(i.__mathlib_dbl_underflow)
    i.__scatterload_copy                     0x08001bf0   Section       14  handlers.o(i.__scatterload_copy)
    i.__scatterload_null                     0x08001bfe   Section        2  handlers.o(i.__scatterload_null)
    i.__scatterload_zeroinit                 0x08001c00   Section       14  handlers.o(i.__scatterload_zeroinit)
    i.__set_errno                            0x08001c10   Section        0  errno.o(i.__set_errno)
    i._fp_digits                             0x08001c1c   Section        0  printfa.o(i._fp_digits)
    _fp_digits                               0x08001c1d   Thumb Code   366  printfa.o(i._fp_digits)
    i._printf_core                           0x08001da0   Section        0  printfa.o(i._printf_core)
    _printf_core                             0x08001da1   Thumb Code  1704  printfa.o(i._printf_core)
    i._printf_post_padding                   0x08002454   Section        0  printfa.o(i._printf_post_padding)
    _printf_post_padding                     0x08002455   Thumb Code    36  printfa.o(i._printf_post_padding)
    i._printf_pre_padding                    0x08002478   Section        0  printfa.o(i._printf_pre_padding)
    _printf_pre_padding                      0x08002479   Thumb Code    46  printfa.o(i._printf_pre_padding)
    i._snputc                                0x080024a6   Section        0  printfa.o(i._snputc)
    _snputc                                  0x080024a7   Thumb Code    22  printfa.o(i._snputc)
    i.convertPPRE                            0x080024bc   Section        0  system_config.o(i.convertPPRE)
    i.delay_ms                               0x080024e6   Section        0  delay.o(i.delay_ms)
    i.delay_us                               0x08002504   Section        0  delay.o(i.delay_us)
    i.fabs                                   0x08002518   Section        0  fabs.o(i.fabs)
    i.getSystemClockSpeed                    0x08002530   Section        0  system_config.o(i.getSystemClockSpeed)
    i.main                                   0x08002754   Section        0  main.o(i.main)
    i.o_MotorPWM_Initialization_o            0x080027d4   Section        0  motor_pwm.o(i.o_MotorPWM_Initialization_o)
    i.saturate                               0x080027fc   Section        0  motor_pwm.o(i.saturate)
    i.sqrt                                   0x0800282c   Section        0  sqrt.o(i.sqrt)
    .constdata                               0x080028a0   Section       80  asin.o(.constdata)
    pS                                       0x080028a0   Data          48  asin.o(.constdata)
    qS                                       0x080028d0   Data          32  asin.o(.constdata)
    .data                                    0x20000000   Section        8  system_config.o(.data)
    .data                                    0x20000008   Section       40  angles_estimation.o(.data)
    .data                                    0x20000030   Section        8  uart.o(.data)
    .data                                    0x20000038   Section        4  errno.o(.data)
    _errno                                   0x20000038   Data           4  errno.o(.data)
    .bss                                     0x2000003c   Section     4000  uart.o(.bss)
    STACK                                    0x20000fe0   Section     1024  startup_stm32f411xe.o(STACK)

    Global Symbols

    Symbol Name                              Value     Ov Type        Size  Object(Section)

    BuildAttributes$$THM_ISAv4$E$P$D$K$B$S$7EM$VFPi3$EXTD16$VFPS$VFMA$PE$A:L22UL41UL21$X:L11$S22US41US21$IEEE1$IW$USESV6$~STKCKD$USESV7$~SHL$OTIME$ROPI$IEEEX$EBA8$MICROLIB$REQ8$PRES8$EABIv2 0x00000000   Number         0  anon$$obj.o ABSOLUTE
    __ARM_use_no_argv                        0x00000000   Number         0  main.o ABSOLUTE
    _printf_a                                0x00000000   Number         0  stubs.o ABSOLUTE
    _printf_c                                0x00000000   Number         0  stubs.o ABSOLUTE
    _printf_charcount                        0x00000000   Number         0  stubs.o ABSOLUTE
    _printf_d                                0x00000000   Number         0  stubs.o ABSOLUTE
    _printf_e                                0x00000000   Number         0  stubs.o ABSOLUTE
    _printf_f                                0x00000000   Number         0  stubs.o ABSOLUTE
    _printf_flags                            0x00000000   Number         0  stubs.o ABSOLUTE
    _printf_fp_dec                           0x00000000   Number         0  stubs.o ABSOLUTE
    _printf_fp_hex                           0x00000000   Number         0  stubs.o ABSOLUTE
    _printf_g                                0x00000000   Number         0  stubs.o ABSOLUTE
    _printf_i                                0x00000000   Number         0  stubs.o ABSOLUTE
    _printf_int_dec                          0x00000000   Number         0  stubs.o ABSOLUTE
    _printf_l                                0x00000000   Number         0  stubs.o ABSOLUTE
    _printf_lc                               0x00000000   Number         0  stubs.o ABSOLUTE
    _printf_ll                               0x00000000   Number         0  stubs.o ABSOLUTE
    _printf_lld                              0x00000000   Number         0  stubs.o ABSOLUTE
    _printf_lli                              0x00000000   Number         0  stubs.o ABSOLUTE
    _printf_llo                              0x00000000   Number         0  stubs.o ABSOLUTE
    _printf_llu                              0x00000000   Number         0  stubs.o ABSOLUTE
    _printf_llx                              0x00000000   Number         0  stubs.o ABSOLUTE
    _printf_longlong_dec                     0x00000000   Number         0  stubs.o ABSOLUTE
    _printf_longlong_hex                     0x00000000   Number         0  stubs.o ABSOLUTE
    _printf_longlong_oct                     0x00000000   Number         0  stubs.o ABSOLUTE
    _printf_ls                               0x00000000   Number         0  stubs.o ABSOLUTE
    _printf_mbtowc                           0x00000000   Number         0  stubs.o ABSOLUTE
    _printf_n                                0x00000000   Number         0  stubs.o ABSOLUTE
    _printf_o                                0x00000000   Number         0  stubs.o ABSOLUTE
    _printf_p                                0x00000000   Number         0  stubs.o ABSOLUTE
    _printf_percent                          0x00000000   Number         0  stubs.o ABSOLUTE
    _printf_pre_padding                      0x00000000   Number         0  stubs.o ABSOLUTE
    _printf_return_value                     0x00000000   Number         0  stubs.o ABSOLUTE
    _printf_s                                0x00000000   Number         0  stubs.o ABSOLUTE
    _printf_sizespec                         0x00000000   Number         0  stubs.o ABSOLUTE
    _printf_str                              0x00000000   Number         0  stubs.o ABSOLUTE
    _printf_truncate_signed                  0x00000000   Number         0  stubs.o ABSOLUTE
    _printf_truncate_unsigned                0x00000000   Number         0  stubs.o ABSOLUTE
    _printf_u                                0x00000000   Number         0  stubs.o ABSOLUTE
    _printf_wc                               0x00000000   Number         0  stubs.o ABSOLUTE
    _printf_wctomb                           0x00000000   Number         0  stubs.o ABSOLUTE
    _printf_widthprec                        0x00000000   Number         0  stubs.o ABSOLUTE
    _printf_x                                0x00000000   Number         0  stubs.o ABSOLUTE
    __arm_fini_                               - Undefined Weak Reference
    __cpp_initialize__aeabi_                  - Undefined Weak Reference
    __cxa_finalize                            - Undefined Weak Reference
    __decompress                              - Undefined Weak Reference
    _clock_init                               - Undefined Weak Reference
    _microlib_exit                            - Undefined Weak Reference
    __Vectors_Size                           0x00000198   Number         0  startup_stm32f411xe.o ABSOLUTE
    __Vectors                                0x08000000   Data           4  startup_stm32f411xe.o(RESET)
    __Vectors_End                            0x08000198   Data           0  startup_stm32f411xe.o(RESET)
    __main                                   0x08000199   Thumb Code     0  entry.o(.ARM.Collect$$$$00000000)
    _main_stk                                0x08000199   Thumb Code     0  entry2.o(.ARM.Collect$$$$00000001)
    _main_scatterload                        0x0800019d   Thumb Code     0  entry5.o(.ARM.Collect$$$$00000004)
    __main_after_scatterload                 0x080001a1   Thumb Code     0  entry5.o(.ARM.Collect$$$$00000004)
    _main_clock                              0x080001a1   Thumb Code     0  entry7b.o(.ARM.Collect$$$$00000008)
    _main_cpp_init                           0x080001a1   Thumb Code     0  entry8b.o(.ARM.Collect$$$$0000000A)
    _main_init                               0x080001a1   Thumb Code     0  entry9a.o(.ARM.Collect$$$$0000000B)
    __rt_lib_shutdown_fini                   0x080001a9   Thumb Code     0  entry12b.o(.ARM.Collect$$$$0000000E)
    __rt_final_cpp                           0x080001ad   Thumb Code     0  entry10a.o(.ARM.Collect$$$$0000000F)
    __rt_final_exit                          0x080001ad   Thumb Code     0  entry11a.o(.ARM.Collect$$$$00000011)
    Reset_Handler                            0x080001b1   Thumb Code     8  startup_stm32f411xe.o(.text)
    NMI_Handler                              0x080001b9   Thumb Code     2  startup_stm32f411xe.o(.text)
    HardFault_Handler                        0x080001bb   Thumb Code     2  startup_stm32f411xe.o(.text)
    MemManage_Handler                        0x080001bd   Thumb Code     2  startup_stm32f411xe.o(.text)
    BusFault_Handler                         0x080001bf   Thumb Code     2  startup_stm32f411xe.o(.text)
    UsageFault_Handler                       0x080001c1   Thumb Code     2  startup_stm32f411xe.o(.text)
    SVC_Handler                              0x080001c3   Thumb Code     2  startup_stm32f411xe.o(.text)
    DebugMon_Handler                         0x080001c5   Thumb Code     2  startup_stm32f411xe.o(.text)
    PendSV_Handler                           0x080001c7   Thumb Code     2  startup_stm32f411xe.o(.text)
    SysTick_Handler                          0x080001c9   Thumb Code     2  startup_stm32f411xe.o(.text)
    ADC_IRQHandler                           0x080001cb   Thumb Code     0  startup_stm32f411xe.o(.text)
    DMA1_Stream0_IRQHandler                  0x080001cb   Thumb Code     0  startup_stm32f411xe.o(.text)
    DMA1_Stream1_IRQHandler                  0x080001cb   Thumb Code     0  startup_stm32f411xe.o(.text)
    DMA1_Stream2_IRQHandler                  0x080001cb   Thumb Code     0  startup_stm32f411xe.o(.text)
    DMA1_Stream3_IRQHandler                  0x080001cb   Thumb Code     0  startup_stm32f411xe.o(.text)
    DMA1_Stream7_IRQHandler                  0x080001cb   Thumb Code     0  startup_stm32f411xe.o(.text)
    DMA2_Stream0_IRQHandler                  0x080001cb   Thumb Code     0  startup_stm32f411xe.o(.text)
    DMA2_Stream1_IRQHandler                  0x080001cb   Thumb Code     0  startup_stm32f411xe.o(.text)
    DMA2_Stream2_IRQHandler                  0x080001cb   Thumb Code     0  startup_stm32f411xe.o(.text)
    DMA2_Stream3_IRQHandler                  0x080001cb   Thumb Code     0  startup_stm32f411xe.o(.text)
    DMA2_Stream4_IRQHandler                  0x080001cb   Thumb Code     0  startup_stm32f411xe.o(.text)
    DMA2_Stream5_IRQHandler                  0x080001cb   Thumb Code     0  startup_stm32f411xe.o(.text)
    DMA2_Stream6_IRQHandler                  0x080001cb   Thumb Code     0  startup_stm32f411xe.o(.text)
    DMA2_Stream7_IRQHandler                  0x080001cb   Thumb Code     0  startup_stm32f411xe.o(.text)
    EXTI0_IRQHandler                         0x080001cb   Thumb Code     0  startup_stm32f411xe.o(.text)
    EXTI15_10_IRQHandler                     0x080001cb   Thumb Code     0  startup_stm32f411xe.o(.text)
    EXTI2_IRQHandler                         0x080001cb   Thumb Code     0  startup_stm32f411xe.o(.text)
    EXTI3_IRQHandler                         0x080001cb   Thumb Code     0  startup_stm32f411xe.o(.text)
    EXTI4_IRQHandler                         0x080001cb   Thumb Code     0  startup_stm32f411xe.o(.text)
    EXTI9_5_IRQHandler                       0x080001cb   Thumb Code     0  startup_stm32f411xe.o(.text)
    FLASH_IRQHandler                         0x080001cb   Thumb Code     0  startup_stm32f411xe.o(.text)
    FPU_IRQHandler                           0x080001cb   Thumb Code     0  startup_stm32f411xe.o(.text)
    I2C1_ER_IRQHandler                       0x080001cb   Thumb Code     0  startup_stm32f411xe.o(.text)
    I2C1_EV_IRQHandler                       0x080001cb   Thumb Code     0  startup_stm32f411xe.o(.text)
    I2C2_ER_IRQHandler                       0x080001cb   Thumb Code     0  startup_stm32f411xe.o(.text)
    I2C2_EV_IRQHandler                       0x080001cb   Thumb Code     0  startup_stm32f411xe.o(.text)
    I2C3_ER_IRQHandler                       0x080001cb   Thumb Code     0  startup_stm32f411xe.o(.text)
    I2C3_EV_IRQHandler                       0x080001cb   Thumb Code     0  startup_stm32f411xe.o(.text)
    OTG_FS_IRQHandler                        0x080001cb   Thumb Code     0  startup_stm32f411xe.o(.text)
    OTG_FS_WKUP_IRQHandler                   0x080001cb   Thumb Code     0  startup_stm32f411xe.o(.text)
    PVD_IRQHandler                           0x080001cb   Thumb Code     0  startup_stm32f411xe.o(.text)
    RCC_IRQHandler                           0x080001cb   Thumb Code     0  startup_stm32f411xe.o(.text)
    RTC_Alarm_IRQHandler                     0x080001cb   Thumb Code     0  startup_stm32f411xe.o(.text)
    RTC_WKUP_IRQHandler                      0x080001cb   Thumb Code     0  startup_stm32f411xe.o(.text)
    SDIO_IRQHandler                          0x080001cb   Thumb Code     0  startup_stm32f411xe.o(.text)
    SPI1_IRQHandler                          0x080001cb   Thumb Code     0  startup_stm32f411xe.o(.text)
    SPI2_IRQHandler                          0x080001cb   Thumb Code     0  startup_stm32f411xe.o(.text)
    SPI3_IRQHandler                          0x080001cb   Thumb Code     0  startup_stm32f411xe.o(.text)
    SPI4_IRQHandler                          0x080001cb   Thumb Code     0  startup_stm32f411xe.o(.text)
    SPI5_IRQHandler                          0x080001cb   Thumb Code     0  startup_stm32f411xe.o(.text)
    TAMP_STAMP_IRQHandler                    0x080001cb   Thumb Code     0  startup_stm32f411xe.o(.text)
    TIM1_BRK_TIM9_IRQHandler                 0x080001cb   Thumb Code     0  startup_stm32f411xe.o(.text)
    TIM1_CC_IRQHandler                       0x080001cb   Thumb Code     0  startup_stm32f411xe.o(.text)
    TIM1_TRG_COM_TIM11_IRQHandler            0x080001cb   Thumb Code     0  startup_stm32f411xe.o(.text)
    TIM1_UP_TIM10_IRQHandler                 0x080001cb   Thumb Code     0  startup_stm32f411xe.o(.text)
    TIM2_IRQHandler                          0x080001cb   Thumb Code     0  startup_stm32f411xe.o(.text)
    TIM4_IRQHandler                          0x080001cb   Thumb Code     0  startup_stm32f411xe.o(.text)
    TIM5_IRQHandler                          0x080001cb   Thumb Code     0  startup_stm32f411xe.o(.text)
    USART6_IRQHandler                        0x080001cb   Thumb Code     0  startup_stm32f411xe.o(.text)
    WWDG_IRQHandler                          0x080001cb   Thumb Code     0  startup_stm32f411xe.o(.text)
    __aeabi_uldivmod                         0x080001d5   Thumb Code    98  uldiv.o(.text)
    __aeabi_memcpy                           0x08000237   Thumb Code    36  memcpya.o(.text)
    __aeabi_memcpy4                          0x08000237   Thumb Code     0  memcpya.o(.text)
    __aeabi_memcpy8                          0x08000237   Thumb Code     0  memcpya.o(.text)
    __aeabi_dmul                             0x0800025b   Thumb Code   228  dmul.o(.text)
    __aeabi_ddiv                             0x0800033f   Thumb Code   222  ddiv.o(.text)
    __aeabi_i2d                              0x0800041d   Thumb Code    34  dflti.o(.text)
    __aeabi_ui2d                             0x0800043f   Thumb Code    26  dfltui.o(.text)
    __aeabi_f2d                              0x08000459   Thumb Code    38  f2d.o(.text)
    __aeabi_d2f                              0x0800047f   Thumb Code    56  d2f.o(.text)
    __aeabi_uidiv                            0x080004b7   Thumb Code     0  uidiv.o(.text)
    __aeabi_uidivmod                         0x080004b7   Thumb Code    44  uidiv.o(.text)
    __aeabi_llsl                             0x080004e3   Thumb Code    30  llshl.o(.text)
    _ll_shift_l                              0x080004e3   Thumb Code     0  llshl.o(.text)
    __aeabi_llsr                             0x08000501   Thumb Code    32  llushr.o(.text)
    _ll_ushift_r                             0x08000501   Thumb Code     0  llushr.o(.text)
    __I$use$fp                               0x08000521   Thumb Code     0  iusefp.o(.text)
    _float_round                             0x08000521   Thumb Code    18  fepilogue.o(.text)
    _float_epilogue                          0x08000533   Thumb Code    92  fepilogue.o(.text)
    _double_round                            0x0800058f   Thumb Code    30  depilogue.o(.text)
    _double_epilogue                         0x080005ad   Thumb Code   156  depilogue.o(.text)
    __aeabi_dadd                             0x08000649   Thumb Code   322  dadd.o(.text)
    __aeabi_dsub                             0x0800078b   Thumb Code     6  dadd.o(.text)
    __aeabi_drsub                            0x08000791   Thumb Code     6  dadd.o(.text)
    __aeabi_d2ulz                            0x08000797   Thumb Code    48  dfixul.o(.text)
    __aeabi_cdrcmple                         0x080007c9   Thumb Code    48  cdrcmple.o(.text)
    __scatterload                            0x080007f9   Thumb Code    28  init.o(.text)
    __scatterload_rt2                        0x080007f9   Thumb Code     0  init.o(.text)
    __aeabi_lasr                             0x0800081d   Thumb Code    36  llsshr.o(.text)
    _ll_sshift_r                             0x0800081d   Thumb Code     0  llsshr.o(.text)
    _dsqrt                                   0x08000841   Thumb Code   162  dsqrt.o(.text)
    AccelerometerInit                        0x080008e5   Thumb Code   202  accelerometer.o(i.AccelerometerInit)
    ApplyLevel                               0x080009f5   Thumb Code    84  displaydata.o(i.ApplyLevel)
    DMA1_Stream4_IRQHandler                  0x08000a89   Thumb Code    26  uart.o(i.DMA1_Stream4_IRQHandler)
    DMA1_Stream5_IRQHandler                  0x08000aa9   Thumb Code    30  uart.o(i.DMA1_Stream5_IRQHandler)
    DMA1_Stream6_IRQHandler                  0x08000acd   Thumb Code    38  uart.o(i.DMA1_Stream6_IRQHandler)
    EXTI1_IRQHandler                         0x08000afd   Thumb Code    40  system_config.o(i.EXTI1_IRQHandler)
    FormatString                             0x08000b2d   Thumb Code    10  displaydata.o(i.FormatString)
    GetAccelerometerValues                   0x08000b37   Thumb Code    70  accelerometer.o(i.GetAccelerometerValues)
    GetAccelerometerValuesInMS2              0x08000b7d   Thumb Code   194  angles_estimation.o(i.GetAccelerometerValuesInMS2)
    GetAxisValue                             0x08000c55   Thumb Code    50  gyro.o(i.GetAxisValue)
    GetGyroY                                 0x08000c8d   Thumb Code    16  gyro.o(i.GetGyroY)
    GetRollTurnRateGyro                      0x08000c9d   Thumb Code    22  angles_estimation.o(i.GetRollTurnRateGyro)
    GetThetaAcc                              0x08000cb5   Thumb Code    76  angles_estimation.o(i.GetThetaAcc)
    GyroInit                                 0x08000d19   Thumb Code   122  gyro.o(i.GyroInit)
    I2CDisableAcknowledge                    0x08000da9   Thumb Code    12  accelerometer.o(i.I2CDisableAcknowledge)
    I2CEnableAcknowledge                     0x08000db9   Thumb Code    12  accelerometer.o(i.I2CEnableAcknowledge)
    I2CGetData                               0x08000dc9   Thumb Code    18  accelerometer.o(i.I2CGetData)
    I2CSendRegister                          0x08000de1   Thumb Code    22  accelerometer.o(i.I2CSendRegister)
    I2CSendSlaveAddress                      0x08000dfd   Thumb Code    30  accelerometer.o(i.I2CSendSlaveAddress)
    I2CStartRestart                          0x08000e21   Thumb Code    12  accelerometer.o(i.I2CStartRestart)
    I2CStop                                  0x08000e31   Thumb Code    12  accelerometer.o(i.I2CStop)
    I2CWaitIfBusy                            0x08000e41   Thumb Code    10  accelerometer.o(i.I2CWaitIfBusy)
    I2CWriteByte                             0x08000e51   Thumb Code    14  accelerometer.o(i.I2CWriteByte)
    LED_GPIO_Config                          0x08000e65   Thumb Code    46  led.o(i.LED_GPIO_Config)
    Led_Trigger                              0x08000e9d   Thumb Code    24  led.o(i.Led_Trigger)
    MotorPWM_ESC_calibration                 0x08000eb9   Thumb Code    36  motor_pwm.o(i.MotorPWM_ESC_calibration)
    MotorPWM_PIN_Init                        0x08000ee1   Thumb Code    64  motor_pwm.o(i.MotorPWM_PIN_Init)
    MotorPWM_PWM_Init                        0x08000f29   Thumb Code    56  motor_pwm.o(i.MotorPWM_PWM_Init)
    MotorPWM_Set                             0x08000f65   Thumb Code    34  motor_pwm.o(i.MotorPWM_Set)
    MotorPWM_TIMER_Init                      0x08000f8d   Thumb Code    58  motor_pwm.o(i.MotorPWM_TIMER_Init)
    Power_On                                 0x08000fd1   Thumb Code    14  led.o(i.Power_On)
    PrintConsole                             0x08000fe5   Thumb Code    54  displaydata.o(i.PrintConsole)
    ReadFromAccelerometer                    0x0800101b   Thumb Code    54  accelerometer.o(i.ReadFromAccelerometer)
    ReadFromGyro                             0x08001051   Thumb Code    62  gyro.o(i.ReadFromGyro)
    SendString                               0x08001099   Thumb Code    90  uart.o(i.SendString)
    SysClockConfig                           0x08001105   Thumb Code   110  system_config.o(i.SysClockConfig)
    Sys_PowerMode_Config                     0x08001185   Thumb Code   100  system_config.o(i.Sys_PowerMode_Config)
    SystemInit                               0x080011fd   Thumb Code    12  system_stm32f4xx.o(i.SystemInit)
    TIM3_IRQHandler                          0x0800120d   Thumb Code    60  angles_estimation.o(i.TIM3_IRQHandler)
    TIM5Config                               0x08001261   Thumb Code    48  delay.o(i.TIM5Config)
    Testing_Toggle_4Led                      0x08001299   Thumb Code    70  led.o(i.Testing_Toggle_4Led)
    TiltCompensatedThetaEstimation2          0x080012e1   Thumb Code   146  angles_estimation.o(i.TiltCompensatedThetaEstimation2)
    Timer3InterruptInit                      0x0800137d   Thumb Code   286  angles_estimation.o(i.Timer3InterruptInit)
    USART1_IRQHandler                        0x080014f1   Thumb Code    24  uart.o(i.USART1_IRQHandler)
    USART2_IRQHandler                        0x08001511   Thumb Code    28  uart.o(i.USART2_IRQHandler)
    Uart2DmaInit                             0x08001535   Thumb Code    90  uart.o(i.Uart2DmaInit)
    Uart2GpioInit                            0x080015a9   Thumb Code    38  uart.o(i.Uart2GpioInit)
    Uart2Init                                0x080015d9   Thumb Code    64  uart.o(i.Uart2Init)
    WaitForSPI1RXReady                       0x08001625   Thumb Code    12  gyro.o(i.WaitForSPI1RXReady)
    WaitForSPI1TXReady                       0x08001635   Thumb Code    12  gyro.o(i.WaitForSPI1TXReady)
    WriteToAccelerometer                     0x08001645   Thumb Code    40  accelerometer.o(i.WriteToAccelerometer)
    WriteToGyro                              0x0800166d   Thumb Code    52  gyro.o(i.WriteToGyro)
    __0snprintf                              0x080016a9   Thumb Code    48  printfa.o(i.__0snprintf)
    __1snprintf                              0x080016a9   Thumb Code     0  printfa.o(i.__0snprintf)
    __2snprintf                              0x080016a9   Thumb Code     0  printfa.o(i.__0snprintf)
    __c89snprintf                            0x080016a9   Thumb Code     0  printfa.o(i.__0snprintf)
    snprintf                                 0x080016a9   Thumb Code     0  printfa.o(i.__0snprintf)
    __0vsnprintf                             0x080016dd   Thumb Code    46  printfa.o(i.__0vsnprintf)
    __1vsnprintf                             0x080016dd   Thumb Code     0  printfa.o(i.__0vsnprintf)
    __2vsnprintf                             0x080016dd   Thumb Code     0  printfa.o(i.__0vsnprintf)
    __c89vsnprintf                           0x080016dd   Thumb Code     0  printfa.o(i.__0vsnprintf)
    vsnprintf                                0x080016dd   Thumb Code     0  printfa.o(i.__0vsnprintf)
    __ARM_fpclassify                         0x08001711   Thumb Code    48  fpclassify.o(i.__ARM_fpclassify)
    __hardfp_asin                            0x08001741   Thumb Code   770  asin.o(i.__hardfp_asin)
    __kernel_poly                            0x08001aa1   Thumb Code   248  poly.o(i.__kernel_poly)
    __mathlib_dbl_infnan                     0x08001b99   Thumb Code    20  dunder.o(i.__mathlib_dbl_infnan)
    __mathlib_dbl_invalid                    0x08001bb1   Thumb Code    24  dunder.o(i.__mathlib_dbl_invalid)
    __mathlib_dbl_underflow                  0x08001bd1   Thumb Code    24  dunder.o(i.__mathlib_dbl_underflow)
    __scatterload_copy                       0x08001bf1   Thumb Code    14  handlers.o(i.__scatterload_copy)
    __scatterload_null                       0x08001bff   Thumb Code     2  handlers.o(i.__scatterload_null)
    __scatterload_zeroinit                   0x08001c01   Thumb Code    14  handlers.o(i.__scatterload_zeroinit)
    __set_errno                              0x08001c11   Thumb Code     6  errno.o(i.__set_errno)
    convertPPRE                              0x080024bd   Thumb Code    42  system_config.o(i.convertPPRE)
    delay_ms                                 0x080024e7   Thumb Code    28  delay.o(i.delay_ms)
    delay_us                                 0x08002505   Thumb Code    14  delay.o(i.delay_us)
    fabs                                     0x08002519   Thumb Code    24  fabs.o(i.fabs)
    getSystemClockSpeed                      0x08002531   Thumb Code   300  system_config.o(i.getSystemClockSpeed)
    main                                     0x08002755   Thumb Code   106  main.o(i.main)
    o_MotorPWM_Initialization_o              0x080027d5   Thumb Code    40  motor_pwm.o(i.o_MotorPWM_Initialization_o)
    saturate                                 0x080027fd   Thumb Code    48  motor_pwm.o(i.saturate)
    sqrt                                     0x0800282d   Thumb Code   110  sqrt.o(i.sqrt)
    Region$$Table$$Base                      0x080028f0   Number         0  anon$$obj.o(Region$$Table)
    Region$$Table$$Limit                     0x08002910   Number         0  anon$$obj.o(Region$$Table)
    power_on                                 0x20000000   Data           4  system_config.o(.data)
    count                                    0x20000004   Data           4  system_config.o(.data)
    T                                        0x20000008   Data           4  angles_estimation.o(.data)
    pre_theta                                0x2000000c   Data           4  angles_estimation.o(.data)
    pre_pre_theta                            0x20000010   Data           4  angles_estimation.o(.data)
    theta                                    0x20000014   Data           4  angles_estimation.o(.data)
    theta_acc                                0x20000018   Data           4  angles_estimation.o(.data)
    pre_theta_acc                            0x2000001c   Data           4  angles_estimation.o(.data)
    pre_pre_theta_acc                        0x20000020   Data           4  angles_estimation.o(.data)
    gyro_y_dot                               0x20000024   Data           4  angles_estimation.o(.data)
    pre_gyro_y_dot                           0x20000028   Data           4  angles_estimation.o(.data)
    pre_pre_gyro_y_dot                       0x2000002c   Data           4  angles_estimation.o(.data)
    uart1Busy                                0x20000030   Data           4  uart.o(.data)
    uart2Busy                                0x20000034   Data           4  uart.o(.data)
    dmaBuffer1                               0x2000003c   Data        2000  uart.o(.bss)
    dmaBuffer2                               0x2000080c   Data        2000  uart.o(.bss)
    __initial_sp                             0x200013e0   Data           0  startup_stm32f411xe.o(STACK)



==============================================================================

Memory Map of the image

  Image Entry point : 0x08000199

  Load Region LR_IROM1 (Base: 0x08000000, Size: 0x0000294c, Max: 0x00080000, ABSOLUTE)

    Execution Region ER_IROM1 (Exec base: 0x08000000, Load base: 0x08000000, Size: 0x00002910, Max: 0x00080000, ABSOLUTE)

    Exec Addr    Load Addr    Size         Type   Attr      Idx    E Section Name        Object

    0x08000000   0x08000000   0x00000198   Data   RO         1749    RESET               startup_stm32f411xe.o
    0x08000198   0x08000198   0x00000000   Code   RO         1820  * .ARM.Collect$$$$00000000  mc_w.l(entry.o)
    0x08000198   0x08000198   0x00000004   Code   RO         2138    .ARM.Collect$$$$00000001  mc_w.l(entry2.o)
    0x0800019c   0x0800019c   0x00000004   Code   RO         2141    .ARM.Collect$$$$00000004  mc_w.l(entry5.o)
    0x080001a0   0x080001a0   0x00000000   Code   RO         2143    .ARM.Collect$$$$00000008  mc_w.l(entry7b.o)
    0x080001a0   0x080001a0   0x00000000   Code   RO         2145    .ARM.Collect$$$$0000000A  mc_w.l(entry8b.o)
    0x080001a0   0x080001a0   0x00000008   Code   RO         2146    .ARM.Collect$$$$0000000B  mc_w.l(entry9a.o)
    0x080001a8   0x080001a8   0x00000004   Code   RO         2153    .ARM.Collect$$$$0000000E  mc_w.l(entry12b.o)
    0x080001ac   0x080001ac   0x00000000   Code   RO         2148    .ARM.Collect$$$$0000000F  mc_w.l(entry10a.o)
    0x080001ac   0x080001ac   0x00000000   Code   RO         2150    .ARM.Collect$$$$00000011  mc_w.l(entry11a.o)
    0x080001ac   0x080001ac   0x00000004   Code   RO         2139    .ARM.Collect$$$$00002712  mc_w.l(entry2.o)
    0x080001b0   0x080001b0   0x00000024   Code   RO         1750    .text               startup_stm32f411xe.o
    0x080001d4   0x080001d4   0x00000062   Code   RO         1823    .text               mc_w.l(uldiv.o)
    0x08000236   0x08000236   0x00000024   Code   RO         1825    .text               mc_w.l(memcpya.o)
    0x0800025a   0x0800025a   0x000000e4   Code   RO         2090    .text               mf_w.l(dmul.o)
    0x0800033e   0x0800033e   0x000000de   Code   RO         2092    .text               mf_w.l(ddiv.o)
    0x0800041c   0x0800041c   0x00000022   Code   RO         2094    .text               mf_w.l(dflti.o)
    0x0800043e   0x0800043e   0x0000001a   Code   RO         2096    .text               mf_w.l(dfltui.o)
    0x08000458   0x08000458   0x00000026   Code   RO         2098    .text               mf_w.l(f2d.o)
    0x0800047e   0x0800047e   0x00000038   Code   RO         2100    .text               mf_w.l(d2f.o)
    0x080004b6   0x080004b6   0x0000002c   Code   RO         2157    .text               mc_w.l(uidiv.o)
    0x080004e2   0x080004e2   0x0000001e   Code   RO         2159    .text               mc_w.l(llshl.o)
    0x08000500   0x08000500   0x00000020   Code   RO         2161    .text               mc_w.l(llushr.o)
    0x08000520   0x08000520   0x00000000   Code   RO         2170    .text               mc_w.l(iusefp.o)
    0x08000520   0x08000520   0x0000006e   Code   RO         2171    .text               mf_w.l(fepilogue.o)
    0x0800058e   0x0800058e   0x000000ba   Code   RO         2173    .text               mf_w.l(depilogue.o)
    0x08000648   0x08000648   0x0000014e   Code   RO         2175    .text               mf_w.l(dadd.o)
    0x08000796   0x08000796   0x00000030   Code   RO         2179    .text               mf_w.l(dfixul.o)
    0x080007c6   0x080007c6   0x00000002   PAD
    0x080007c8   0x080007c8   0x00000030   Code   RO         2181    .text               mf_w.l(cdrcmple.o)
    0x080007f8   0x080007f8   0x00000024   Code   RO         2183    .text               mc_w.l(init.o)
    0x0800081c   0x0800081c   0x00000024   Code   RO         2186    .text               mc_w.l(llsshr.o)
    0x08000840   0x08000840   0x000000a2   Code   RO         2189    .text               mf_w.l(dsqrt.o)
    0x080008e2   0x080008e2   0x00000002   PAD
    0x080008e4   0x080008e4   0x00000110   Code   RO          267    i.AccelerometerInit  accelerometer.o
    0x080009f4   0x080009f4   0x00000094   Code   RO          710    i.ApplyLevel        displaydata.o
    0x08000a88   0x08000a88   0x00000020   Code   RO          787    i.DMA1_Stream4_IRQHandler  uart.o
    0x08000aa8   0x08000aa8   0x00000024   Code   RO          788    i.DMA1_Stream5_IRQHandler  uart.o
    0x08000acc   0x08000acc   0x00000030   Code   RO          789    i.DMA1_Stream6_IRQHandler  uart.o
    0x08000afc   0x08000afc   0x00000030   Code   RO          203    i.EXTI1_IRQHandler  system_config.o
    0x08000b2c   0x08000b2c   0x0000000a   Code   RO          715    i.FormatString      displaydata.o
    0x08000b36   0x08000b36   0x00000046   Code   RO          268    i.GetAccelerometerValues  accelerometer.o
    0x08000b7c   0x08000b7c   0x000000d8   Code   RO          420    i.GetAccelerometerValuesInMS2  angles_estimation.o
    0x08000c54   0x08000c54   0x00000038   Code   RO          363    i.GetAxisValue      gyro.o
    0x08000c8c   0x08000c8c   0x00000010   Code   RO          365    i.GetGyroY          gyro.o
    0x08000c9c   0x08000c9c   0x00000016   Code   RO          422    i.GetRollTurnRateGyro  angles_estimation.o
    0x08000cb2   0x08000cb2   0x00000002   PAD
    0x08000cb4   0x08000cb4   0x00000064   Code   RO          423    i.GetThetaAcc       angles_estimation.o
    0x08000d18   0x08000d18   0x00000090   Code   RO          366    i.GyroInit          gyro.o
    0x08000da8   0x08000da8   0x00000010   Code   RO          269    i.I2CDisableAcknowledge  accelerometer.o
    0x08000db8   0x08000db8   0x00000010   Code   RO          270    i.I2CEnableAcknowledge  accelerometer.o
    0x08000dc8   0x08000dc8   0x00000018   Code   RO          271    i.I2CGetData        accelerometer.o
    0x08000de0   0x08000de0   0x0000001c   Code   RO          272    i.I2CSendRegister   accelerometer.o
    0x08000dfc   0x08000dfc   0x00000024   Code   RO          273    i.I2CSendSlaveAddress  accelerometer.o
    0x08000e20   0x08000e20   0x00000010   Code   RO          274    i.I2CStartRestart   accelerometer.o
    0x08000e30   0x08000e30   0x00000010   Code   RO          275    i.I2CStop           accelerometer.o
    0x08000e40   0x08000e40   0x00000010   Code   RO          276    i.I2CWaitIfBusy     accelerometer.o
    0x08000e50   0x08000e50   0x00000014   Code   RO          277    i.I2CWriteByte      accelerometer.o
    0x08000e64   0x08000e64   0x00000038   Code   RO          147    i.LED_GPIO_Config   led.o
    0x08000e9c   0x08000e9c   0x0000001c   Code   RO          148    i.Led_Trigger       led.o
    0x08000eb8   0x08000eb8   0x00000028   Code   RO          587    i.MotorPWM_ESC_calibration  motor_pwm.o
    0x08000ee0   0x08000ee0   0x00000048   Code   RO          588    i.MotorPWM_PIN_Init  motor_pwm.o
    0x08000f28   0x08000f28   0x0000003c   Code   RO          589    i.MotorPWM_PWM_Init  motor_pwm.o
    0x08000f64   0x08000f64   0x00000028   Code   RO          590    i.MotorPWM_Set      motor_pwm.o
    0x08000f8c   0x08000f8c   0x00000044   Code   RO          591    i.MotorPWM_TIMER_Init  motor_pwm.o
    0x08000fd0   0x08000fd0   0x00000014   Code   RO          150    i.Power_On          led.o
    0x08000fe4   0x08000fe4   0x00000036   Code   RO          716    i.PrintConsole      displaydata.o
    0x0800101a   0x0800101a   0x00000036   Code   RO          278    i.ReadFromAccelerometer  accelerometer.o
    0x08001050   0x08001050   0x00000048   Code   RO          367    i.ReadFromGyro      gyro.o
    0x08001098   0x08001098   0x0000006c   Code   RO          791    i.SendString        uart.o
    0x08001104   0x08001104   0x00000080   Code   RO          204    i.SysClockConfig    system_config.o
    0x08001184   0x08001184   0x00000078   Code   RO          205    i.Sys_PowerMode_Config  system_config.o
    0x080011fc   0x080011fc   0x00000010   Code   RO         1758    i.SystemInit        system_stm32f4xx.o
    0x0800120c   0x0800120c   0x00000054   Code   RO          425    i.TIM3_IRQHandler   angles_estimation.o
    0x08001260   0x08001260   0x00000038   Code   RO          103    i.TIM5Config        delay.o
    0x08001298   0x08001298   0x00000046   Code   RO          151    i.Testing_Toggle_4Led  led.o
    0x080012de   0x080012de   0x00000002   PAD
    0x080012e0   0x080012e0   0x0000009c   Code   RO          427    i.TiltCompensatedThetaEstimation2  angles_estimation.o
    0x0800137c   0x0800137c   0x00000174   Code   RO          431    i.Timer3InterruptInit  angles_estimation.o
    0x080014f0   0x080014f0   0x00000020   Code   RO          792    i.USART1_IRQHandler  uart.o
    0x08001510   0x08001510   0x00000024   Code   RO          793    i.USART2_IRQHandler  uart.o
    0x08001534   0x08001534   0x00000074   Code   RO          797    i.Uart2DmaInit      uart.o
    0x080015a8   0x080015a8   0x00000030   Code   RO          798    i.Uart2GpioInit     uart.o
    0x080015d8   0x080015d8   0x0000004c   Code   RO          799    i.Uart2Init         uart.o
    0x08001624   0x08001624   0x00000010   Code   RO          368    i.WaitForSPI1RXReady  gyro.o
    0x08001634   0x08001634   0x00000010   Code   RO          369    i.WaitForSPI1TXReady  gyro.o
    0x08001644   0x08001644   0x00000028   Code   RO          279    i.WriteToAccelerometer  accelerometer.o
    0x0800166c   0x0800166c   0x0000003c   Code   RO          370    i.WriteToGyro       gyro.o
    0x080016a8   0x080016a8   0x00000034   Code   RO         2063    i.__0snprintf       mc_w.l(printfa.o)
    0x080016dc   0x080016dc   0x00000034   Code   RO         2067    i.__0vsnprintf      mc_w.l(printfa.o)
    0x08001710   0x08001710   0x00000030   Code   RO         2122    i.__ARM_fpclassify  m_wm.l(fpclassify.o)
    0x08001740   0x08001740   0x00000360   Code   RO         1792    i.__hardfp_asin     m_wm.l(asin.o)
    0x08001aa0   0x08001aa0   0x000000f8   Code   RO         2124    i.__kernel_poly     m_wm.l(poly.o)
    0x08001b98   0x08001b98   0x00000014   Code   RO         2103    i.__mathlib_dbl_infnan  m_wm.l(dunder.o)
    0x08001bac   0x08001bac   0x00000004   PAD
    0x08001bb0   0x08001bb0   0x00000020   Code   RO         2105    i.__mathlib_dbl_invalid  m_wm.l(dunder.o)
    0x08001bd0   0x08001bd0   0x00000020   Code   RO         2108    i.__mathlib_dbl_underflow  m_wm.l(dunder.o)
    0x08001bf0   0x08001bf0   0x0000000e   Code   RO         2195    i.__scatterload_copy  mc_w.l(handlers.o)
    0x08001bfe   0x08001bfe   0x00000002   Code   RO         2196    i.__scatterload_null  mc_w.l(handlers.o)
    0x08001c00   0x08001c00   0x0000000e   Code   RO         2197    i.__scatterload_zeroinit  mc_w.l(handlers.o)
    0x08001c0e   0x08001c0e   0x00000002   PAD
    0x08001c10   0x08001c10   0x0000000c   Code   RO         2165    i.__set_errno       mc_w.l(errno.o)
    0x08001c1c   0x08001c1c   0x00000184   Code   RO         2069    i._fp_digits        mc_w.l(printfa.o)
    0x08001da0   0x08001da0   0x000006b4   Code   RO         2070    i._printf_core      mc_w.l(printfa.o)
    0x08002454   0x08002454   0x00000024   Code   RO         2071    i._printf_post_padding  mc_w.l(printfa.o)
    0x08002478   0x08002478   0x0000002e   Code   RO         2072    i._printf_pre_padding  mc_w.l(printfa.o)
    0x080024a6   0x080024a6   0x00000016   Code   RO         2073    i._snputc           mc_w.l(printfa.o)
    0x080024bc   0x080024bc   0x0000002a   Code   RO          206    i.convertPPRE       system_config.o
    0x080024e6   0x080024e6   0x0000001c   Code   RO          104    i.delay_ms          delay.o
    0x08002502   0x08002502   0x00000002   PAD
    0x08002504   0x08002504   0x00000014   Code   RO          105    i.delay_us          delay.o
    0x08002518   0x08002518   0x00000018   Code   RO         2118    i.fabs              m_wm.l(fabs.o)
    0x08002530   0x08002530   0x00000224   Code   RO          207    i.getSystemClockSpeed  system_config.o
    0x08002754   0x08002754   0x00000080   Code   RO            4    i.main              main.o
    0x080027d4   0x080027d4   0x00000028   Code   RO          592    i.o_MotorPWM_Initialization_o  motor_pwm.o
    0x080027fc   0x080027fc   0x00000030   Code   RO          593    i.saturate          motor_pwm.o
    0x0800282c   0x0800282c   0x0000006e   Code   RO         2128    i.sqrt              m_wm.l(sqrt.o)
    0x0800289a   0x0800289a   0x00000006   PAD
    0x080028a0   0x080028a0   0x00000050   Data   RO         1795    .constdata          m_wm.l(asin.o)
    0x080028f0   0x080028f0   0x00000020   Data   RO         2193    Region$$Table       anon$$obj.o


    Execution Region RW_IRAM1 (Exec base: 0x20000000, Load base: 0x08002910, Size: 0x000013e0, Max: 0x00020000, ABSOLUTE)

    Exec Addr    Load Addr    Size         Type   Attr      Idx    E Section Name        Object

    0x20000000   0x08002910   0x00000008   Data   RW          208    .data               system_config.o
    0x20000008   0x08002918   0x00000028   Data   RW          432    .data               angles_estimation.o
    0x20000030   0x08002940   0x00000008   Data   RW          801    .data               uart.o
    0x20000038   0x08002948   0x00000004   Data   RW         2166    .data               mc_w.l(errno.o)
    0x2000003c        -       0x00000fa0   Zero   RW          800    .bss                uart.o
    0x20000fdc   0x0800294c   0x00000004   PAD
    0x20000fe0        -       0x00000400   Zero   RW         1747    STACK               startup_stm32f411xe.o


==============================================================================

Image component sizes


      Code (inc. data)   RO Data    RW Data    ZI Data      Debug   Object Name

       624        116          0          0          0       8159   accelerometer.o
       950        166          0         40          0      35668   angles_estimation.o
       104         14          0          0          0       1843   delay.o
       212         70          0          0          0       4419   displaydata.o
       380         54          0          0          0       4460   gyro.o
       174         20          0          0          0       2953   led.o
       128         22          0          0          0     312667   main.o
       368         32          0          0          0       4245   motor_pwm.o
        36          8        408          0       1024        928   startup_stm32f411xe.o
       886        302          0          8          0      36219   system_config.o
        16          4          0          0          0        565   system_stm32f4xx.o
       532        104          0          8       4000       6522   uart.o

    ----------------------------------------------------------------------
      4416        912        440         56       5028     418648   Object Totals
         0          0         32          0          0          0   (incl. Generated)
         6          0          0          0          4          0   (incl. Padding)

    ----------------------------------------------------------------------

      Code (inc. data)   RO Data    RW Data    ZI Data      Debug   Library Member Name

       864         94         80          0          0        280   asin.o
        84         16          0          0          0        372   dunder.o
        24          0          0          0          0        124   fabs.o
        48          0          0          0          0        124   fpclassify.o
       248          0          0          0          0        152   poly.o
       110          0          0          0          0        148   sqrt.o
         0          0          0          0          0          0   entry.o
         0          0          0          0          0          0   entry10a.o
         0          0          0          0          0          0   entry11a.o
         4          0          0          0          0          0   entry12b.o
         8          4          0          0          0          0   entry2.o
         4          0          0          0          0          0   entry5.o
         0          0          0          0          0          0   entry7b.o
         0          0          0          0          0          0   entry8b.o
         8          4          0          0          0          0   entry9a.o
        12          6          0          4          0         68   errno.o
        30          0          0          0          0          0   handlers.o
        36          8          0          0          0         68   init.o
         0          0          0          0          0          0   iusefp.o
        30          0          0          0          0         68   llshl.o
        36          0          0          0          0         68   llsshr.o
        32          0          0          0          0         68   llushr.o
        36          0          0          0          0         68   memcpya.o
      2312         90          0          0          0        616   printfa.o
        44          0          0          0          0         80   uidiv.o
        98          0          0          0          0         92   uldiv.o
        48          0          0          0          0         68   cdrcmple.o
        56          0          0          0          0         88   d2f.o
       334          0          0          0          0        148   dadd.o
       222          0          0          0          0        100   ddiv.o
       186          0          0          0          0        176   depilogue.o
        48          0          0          0          0         68   dfixul.o
        34          0          0          0          0         76   dflti.o
        26          0          0          0          0         76   dfltui.o
       228          0          0          0          0         96   dmul.o
       162          0          0          0          0        100   dsqrt.o
        38          0          0          0          0         68   f2d.o
       110          0          0          0          0        168   fepilogue.o

    ----------------------------------------------------------------------
      5576        222         80          4          0       3628   Library Totals
        16          0          0          0          0          0   (incl. Padding)

    ----------------------------------------------------------------------

      Code (inc. data)   RO Data    RW Data    ZI Data      Debug   Library Name

      1378        110         80          0          0       1200   m_wm.l
      2690        112          0          4          0       1196   mc_w.l
      1492          0          0          0          0       1232   mf_w.l

    ----------------------------------------------------------------------
      5576        222         80          4          0       3628   Library Totals

    ----------------------------------------------------------------------

==============================================================================


      Code (inc. data)   RO Data    RW Data    ZI Data      Debug   

      9992       1134        520         60       5028     415032   Grand Totals
      9992       1134        520         60       5028     415032   ELF Image Totals
      9992       1134        520         60          0          0   ROM Totals

==============================================================================

    Total RO  Size (Code + RO Data)                10512 (  10.27kB)
    Total RW  Size (RW Data + ZI Data)              5088 (   4.97kB)
    Total ROM Size (Code + RO Data + RW Data)      10572 (  10.32kB)

==============================================================================

