Component: ARM Compiler 5.06 update 7 (build 960) Tool: armlink [4d3601]

==============================================================================

Section Cross References

    main.o(i.InitializeAccel) refers to uart.o(i.SendString) for SendString
    main.o(i.InitializeAccel) refers to accelerometer.o(i.AccelerometerInit) for AccelerometerInit
    main.o(i.InitializeGyro) refers to uart.o(i.SendString) for SendString
    main.o(i.InitializeGyro) refers to gyro.o(i.GyroInit) for GyroInit
    main.o(i.main) refers to system_config.o(i.SysClockConfig) for SysClockConfig
    main.o(i.main) refers to uart.o(i.Uart2Init) for Uart2Init
    main.o(i.main) refers to delay.o(i.TIM5Config) for TIM5Config
    main.o(i.main) refers to led.o(i.GPIO_Config) for GPIO_Config
    main.o(i.main) refers to system_config.o(i.Sys_PowerMode_Config) for Sys_PowerMode_Config
    main.o(i.main) refers to led.o(i.Testing_Toggle_4Led) for Testing_Toggle_4Led
    main.o(i.main) refers to motor_pwm.o(i.MotorPWM_Timer3Setup) for MotorPWM_Timer3Setup
    main.o(i.main) refers to motor_pwm.o(i.MotorPWM_BPort_PinSetup) for MotorPWM_BPort_PinSetup
    main.o(i.main) refers to motor_pwm.o(i.MotorPWM_TIM3_Start) for MotorPWM_TIM3_Start
    main.o(i.main) refers to main.o(i.InitializeGyro) for InitializeGyro
    main.o(i.main) refers to main.o(i.InitializeAccel) for InitializeAccel
    main.o(i.main) refers to i2c-lcd.o(i.lcd_init) for lcd_init
    main.o(i.main) refers to displaydata.o(i.PrintConsole) for PrintConsole
    main.o(i.main) refers to i2c-lcd.o(i.lcd_clear) for lcd_clear
    main.o(i.main) refers to i2c-lcd.o(i.lcd_put_cur) for lcd_put_cur
    main.o(i.main) refers to i2c-lcd.o(i.lcd_send_string) for lcd_send_string
    main.o(i.main) refers to delay.o(i.delay_ms) for delay_ms
    main.o(i.main) refers to system_config.o(i.getSystemClockSpeed) for getSystemClockSpeed
    main.o(i.main) refers to led.o(i.Power_On) for Power_On
    main.o(i.main) refers to displaydata.o(i.DisplayAxisValues) for DisplayAxisValues
    main.o(i.main) refers to f2d.o(x$fpl$f2d) for __aeabi_f2d
    main.o(i.main) refers to daddsub_clz.o(x$fpl$dadd) for __aeabi_dadd
    main.o(i.main) refers to d2f.o(x$fpl$d2f) for __aeabi_d2f
    main.o(i.main) refers to led.o(i.Power_Off) for Power_Off
    main.o(i.main) refers to system_config.o(.data) for count
    delay.o(i.delay_ms) refers to delay.o(i.delay_us) for delay_us
    displaydata.o(i.ApplyLevel) refers to _printf_percent.o(.ARM.Collect$$_printf_percent$$00000000) for _printf_percent
    displaydata.o(i.ApplyLevel) refers to _printf_s.o(.ARM.Collect$$_printf_percent$$00000014) for _printf_s
    displaydata.o(i.ApplyLevel) refers to _printf_str.o(.text) for _printf_str
    displaydata.o(i.ApplyLevel) refers to __2snprintf.o(.text) for __2snprintf
    displaydata.o(i.DisplayAxisValue) refers to uart.o(i.SendString) for SendString
    displaydata.o(i.DisplayAxisValue) refers to displaydata.o(i.DisplayFloatValue) for DisplayFloatValue
    displaydata.o(i.DisplayAxisValues) refers to _printf_percent.o(.ARM.Collect$$_printf_percent$$00000000) for _printf_percent
    displaydata.o(i.DisplayAxisValues) refers to _printf_f.o(.ARM.Collect$$_printf_percent$$00000003) for _printf_f
    displaydata.o(i.DisplayAxisValues) refers to printf1.o(x$fpl$printf1) for _printf_fp_dec
    displaydata.o(i.DisplayAxisValues) refers to angles_estimation.o(i.GetAccelerometerValuesInMS2) for GetAccelerometerValuesInMS2
    displaydata.o(i.DisplayAxisValues) refers to angles_estimation.o(i.GetThetaAcc) for GetThetaAcc
    displaydata.o(i.DisplayAxisValues) refers to angles_estimation.o(i.GetPhiAcc) for GetPhiAcc
    displaydata.o(i.DisplayAxisValues) refers to gyro.o(i.GetGyroValues) for GetGyroValues
    displaydata.o(i.DisplayAxisValues) refers to displaydata.o(i.PrintConsole) for PrintConsole
    displaydata.o(i.DisplayAxisValues) refers to uart.o(i.SendString) for SendString
    displaydata.o(i.DisplayAxisValues) refers to f2d.o(x$fpl$f2d) for __aeabi_f2d
    displaydata.o(i.DisplayAxisValues) refers to i2c-lcd.o(i.lcd_clear) for lcd_clear
    displaydata.o(i.DisplayAxisValues) refers to i2c-lcd.o(i.lcd_put_cur) for lcd_put_cur
    displaydata.o(i.DisplayAxisValues) refers to i2c-lcd.o(i.lcd_send_string) for lcd_send_string
    displaydata.o(i.DisplayAxisValues) refers to __2snprintf.o(.text) for __2snprintf
    displaydata.o(i.DisplayAxisValues) refers to delay.o(i.delay_ms) for delay_ms
    displaydata.o(i.DisplayFloatValue) refers to _printf_percent.o(.ARM.Collect$$_printf_percent$$00000000) for _printf_percent
    displaydata.o(i.DisplayFloatValue) refers to _printf_f.o(.ARM.Collect$$_printf_percent$$00000003) for _printf_f
    displaydata.o(i.DisplayFloatValue) refers to printf1.o(x$fpl$printf1) for _printf_fp_dec
    displaydata.o(i.DisplayFloatValue) refers to f2d.o(x$fpl$f2d) for __aeabi_f2d
    displaydata.o(i.DisplayFloatValue) refers to __2snprintf.o(.text) for __2snprintf
[...]
    CL$$btod_e2e                             0x080018aa   Section      220  btod.o(CL$$btod_e2e)
    CL$$btod_ediv                            0x08001986   Section       42  btod.o(CL$$btod_ediv)
    CL$$btod_emul                            0x080019b0   Section       42  btod.o(CL$$btod_emul)
    CL$$btod_mult_common                     0x080019da   Section      580  btod.o(CL$$btod_mult_common)
    i.AccelerometerInit                      0x08001c20   Section        0  accelerometer.o(i.AccelerometerInit)
    i.ApplyLevel                             0x08001d5c   Section        0  displaydata.o(i.ApplyLevel)
    i.DMA1_Stream4_IRQHandler                0x08001e10   Section        0  uart.o(i.DMA1_Stream4_IRQHandler)
    i.DMA1_Stream5_IRQHandler                0x08001e38   Section        0  uart.o(i.DMA1_Stream5_IRQHandler)
    i.DMA1_Stream6_IRQHandler                0x08001e64   Section        0  uart.o(i.DMA1_Stream6_IRQHandler)
    i.DisplayAxisValues                      0x08001ea0   Section        0  displaydata.o(i.DisplayAxisValues)
    i.EXTI1_IRQHandler                       0x080020bc   Section        0  system_config.o(i.EXTI1_IRQHandler)
    i.FormatString                           0x080020fc   Section        0  displaydata.o(i.FormatString)
    i.GPIO_Config                            0x08002114   Section        0  led.o(i.GPIO_Config)
    i.GetAccelerometerValues                 0x08002154   Section        0  accelerometer.o(i.GetAccelerometerValues)
    i.GetAccelerometerValuesInMS2            0x080021a0   Section        0  angles_estimation.o(i.GetAccelerometerValuesInMS2)
    i.GetAxisValue                           0x080022e4   Section        0  gyro.o(i.GetAxisValue)
    i.GetGyroValues                          0x08002324   Section        0  gyro.o(i.GetGyroValues)
    i.GetPhiAcc                              0x0800234c   Section        0  angles_estimation.o(i.GetPhiAcc)
    i.GetThetaAcc                            0x080023cc   Section        0  angles_estimation.o(i.GetThetaAcc)
    i.GyroInit                               0x08002454   Section        0  gyro.o(i.GyroInit)
    i.I2CDisableAcknowledge                  0x08002500   Section        0  accelerometer.o(i.I2CDisableAcknowledge)
    i.I2CEnableAcknowledge                   0x08002514   Section        0  accelerometer.o(i.I2CEnableAcknowledge)
    i.I2CGetData                             0x08002528   Section        0  accelerometer.o(i.I2CGetData)
    i.I2CSendRegister                        0x08002544   Section        0  accelerometer.o(i.I2CSendRegister)
    i.I2CSendSlaveAddress                    0x0800256c   Section        0  accelerometer.o(i.I2CSendSlaveAddress)
    i.I2CStartRestart                        0x080025a0   Section        0  accelerometer.o(i.I2CStartRestart)
    i.I2CStop                                0x080025b4   Section        0  accelerometer.o(i.I2CStop)
    i.I2CWaitIfBusy                          0x080025c8   Section        0  accelerometer.o(i.I2CWaitIfBusy)
    i.I2CWriteByte                           0x080025dc   Section        0  accelerometer.o(i.I2CWriteByte)
    i.InitializeAccel                        0x080025f8   Section        0  main.o(i.InitializeAccel)
    i.InitializeGyro                         0x08002628   Section        0  main.o(i.InitializeGyro)
    i.LCD_Write                              0x08002654   Section        0  i2c-lcd.o(i.LCD_Write)
    i.Led_Trigger                            0x0800268c   Section        0  led.o(i.Led_Trigger)
    i.MotorPWM_BPort_PinSetup                0x080026ac   Section        0  motor_pwm.o(i.MotorPWM_BPort_PinSetup)
    i.MotorPWM_TIM3_Start                    0x08002714   Section        0  motor_pwm.o(i.MotorPWM_TIM3_Start)
    i.MotorPWM_Timer3Setup                   0x080027d4   Section        0  motor_pwm.o(i.MotorPWM_Timer3Setup)
    i.Power_Off                              0x0800281c   Section        0  led.o(i.Power_Off)
    i.Power_On                               0x08002830   Section        0  led.o(i.Power_On)
    i.PrintConsole                           0x08002844   Section        0  displaydata.o(i.PrintConsole)
    i.ReadFromAccelerometer                  0x08002882   Section        0  accelerometer.o(i.ReadFromAccelerometer)
    i.ReadFromGyro                           0x080028b8   Section        0  gyro.o(i.ReadFromGyro)
    i.SendString                             0x0800290c   Section        0  uart.o(i.SendString)
    i.SysClockConfig                         0x08002998   Section        0  system_config.o(i.SysClockConfig)
    i.Sys_PowerMode_Config                   0x08002a4c   Section        0  system_config.o(i.Sys_PowerMode_Config)
    i.SystemInit                             0x08002b14   Section        0  system_stm32f4xx.o(i.SystemInit)
    i.TIM5Config                             0x08002b28   Section        0  delay.o(i.TIM5Config)
    i.Testing_Toggle_4Led                    0x08002b6c   Section        0  led.o(i.Testing_Toggle_4Led)
    i.USART1_IRQHandler                      0x08002bb0   Section        0  uart.o(i.USART1_IRQHandler)
    i.USART2_IRQHandler                      0x08002bd8   Section        0  uart.o(i.USART2_IRQHandler)
    i.Uart2DmaInit                           0x08002c04   Section        0  uart.o(i.Uart2DmaInit)
    i.Uart2GpioInit                          0x08002cbc   Section        0  uart.o(i.Uart2GpioInit)
    i.Uart2Init                              0x08002cf4   Section        0  uart.o(i.Uart2Init)
    i.WaitForSPI1RXReady                     0x08002d50   Section        0  gyro.o(i.WaitForSPI1RXReady)
    i.WaitForSPI1TXReady                     0x08002d70   Section        0  gyro.o(i.WaitForSPI1TXReady)
    i.WriteToAccelerometer                   0x08002d90   Section        0  accelerometer.o(i.WriteToAccelerometer)
    i.WriteToGyro                            0x08002db8   Section        0  gyro.o(i.WriteToGyro)
    i.__ARM_fpclassify                       0x08002e00   Section        0  fpclassify.o(i.__ARM_fpclassify)
    i.__hardfp_asin                          0x08002e30   Section        0  asin.o(i.__hardfp_asin)
    i.__hardfp_atan                          0x08003190   Section        0  atan.o(i.__hardfp_atan)
    i.__kernel_poly                          0x08003468   Section        0  poly.o(i.__kernel_poly)
    i.__mathlib_dbl_infnan                   0x08003560   Section        0  dunder.o(i.__mathlib_dbl_infnan)
    i.__mathlib_dbl_invalid                  0x08003578   Section        0  dunder.o(i.__mathlib_dbl_invalid)
    i.__mathlib_dbl_underflow                0x08003598   Section        0  dunder.o(i.__mathlib_dbl_underflow)
    i._is_digit                              0x080035b8   Section        0  __printf_wp.o(i._is_digit)
    i.delay_ms                               0x080035c6   Section        0  delay.o(i.delay_ms)
    i.delay_us                               0x080035e0   Section        0  delay.o(i.delay_us)
    i.fabs                                   0x080035f8   Section        0  fabs.o(i.fabs)
    i.getSystemClockSpeed                    0x08003610   Section        0  system_config.o(i.getSystemClockSpeed)
    i.lcd_clear                              0x08003864   Section        0  i2c-lcd.o(i.lcd_clear)
    i.lcd_init                               0x0800387e   Section        0  i2c-lcd.o(i.lcd_init)
    i.lcd_put_cur                            0x080038f4   Section        0  i2c-lcd.o(i.lcd_put_cur)
    i.lcd_send_cmd                           0x08003918   Section        0  i2c-lcd.o(i.lcd_send_cmd)
    i.lcd_send_data                          0x08003952   Section        0  i2c-lcd.o(i.lcd_send_data)
    i.lcd_send_string                        0x0800398c   Section        0  i2c-lcd.o(i.lcd_send_string)
    i.main                                   0x080039a4   Section        0  main.o(i.main)
    i.sqrt                                   0x08003ad8   Section        0  sqrt.o(i.sqrt)
    locale$$code                             0x08003b48   Section       44  lc_numeric_c.o(locale$$code)
    locale$$code                             0x08003b74   Section       44  lc_ctype_c.o(locale$$code)
    x$fpl$basic                              0x08003ba0   Section       24  basic.o(x$fpl$basic)
    $v0                                      0x08003ba0   Number         0  basic.o(x$fpl$basic)
    x$fpl$d2f                                0x08003bb8   Section       98  d2f.o(x$fpl$d2f)
    $v0                                      0x08003bb8   Number         0  d2f.o(x$fpl$d2f)
    x$fpl$dadd                               0x08003c1c   Section      336  daddsub_clz.o(x$fpl$dadd)
    $v0                                      0x08003c1c   Number         0  daddsub_clz.o(x$fpl$dadd)
    _dadd1                                   0x08003c2d   Thumb Code     0  daddsub_clz.o(x$fpl$dadd)
    x$fpl$dcmpinf                            0x08003d6c   Section       24  dcmpi.o(x$fpl$dcmpinf)
    $v0                                      0x08003d6c   Number         0  dcmpi.o(x$fpl$dcmpinf)
    x$fpl$ddiv                               0x08003d84   Section      688  ddiv.o(x$fpl$ddiv)
    $v0                                      0x08003d84   Number         0  ddiv.o(x$fpl$ddiv)
    ddiv_entry                               0x08003d8b   Thumb Code     0  ddiv.o(x$fpl$ddiv)
    x$fpl$dfixu                              0x08004034   Section       90  dfixu.o(x$fpl$dfixu)
    $v0                                      0x08004034   Number         0  dfixu.o(x$fpl$dfixu)
    x$fpl$dflt                               0x0800408e   Section       46  dflt_clz.o(x$fpl$dflt)
    $v0                                      0x0800408e   Number         0  dflt_clz.o(x$fpl$dflt)
    x$fpl$dfltu                              0x080040bc   Section       38  dflt_clz.o(x$fpl$dfltu)
    $v0                                      0x080040bc   Number         0  dflt_clz.o(x$fpl$dfltu)
    x$fpl$dleqf                              0x080040e4   Section      120  dleqf.o(x$fpl$dleqf)
    $v0                                      0x080040e4   Number         0  dleqf.o(x$fpl$dleqf)
    x$fpl$dmul                               0x0800415c   Section      340  dmul.o(x$fpl$dmul)
    $v0                                      0x0800415c   Number         0  dmul.o(x$fpl$dmul)
    x$fpl$dnaninf                            0x080042b0   Section      156  dnaninf.o(x$fpl$dnaninf)
    $v0                                      0x080042b0   Number         0  dnaninf.o(x$fpl$dnaninf)
    x$fpl$dretinf                            0x0800434c   Section       12  dretinf.o(x$fpl$dretinf)
    $v0                                      0x0800434c   Number         0  dretinf.o(x$fpl$dretinf)
    x$fpl$drleqf                             0x08004358   Section      108  drleqf.o(x$fpl$drleqf)
    $v0                                      0x08004358   Number         0  drleqf.o(x$fpl$drleqf)
    x$fpl$drsb                               0x080043c4   Section       22  daddsub_clz.o(x$fpl$drsb)
    $v0                                      0x080043c4   Number         0  daddsub_clz.o(x$fpl$drsb)
    x$fpl$dsqrt                              0x080043dc   Section      408  dsqrt_umaal.o(x$fpl$dsqrt)
    $v0                                      0x080043dc   Number         0  dsqrt_umaal.o(x$fpl$dsqrt)
    x$fpl$dsub                               0x08004574   Section      468  daddsub_clz.o(x$fpl$dsub)
    $v0                                      0x08004574   Number         0  daddsub_clz.o(x$fpl$dsub)
    _dsub1                                   0x08004585   Thumb Code     0  daddsub_clz.o(x$fpl$dsub)
    x$fpl$f2d                                0x08004748   Section       86  f2d.o(x$fpl$f2d)
    $v0                                      0x08004748   Number         0  f2d.o(x$fpl$f2d)
    x$fpl$fnaninf                            0x0800479e   Section      140  fnaninf.o(x$fpl$fnaninf)
    $v0                                      0x0800479e   Number         0  fnaninf.o(x$fpl$fnaninf)
    x$fpl$fpinit                             0x0800482a   Section       10  fpinit.o(x$fpl$fpinit)
    $v0                                      0x0800482a   Number         0  fpinit.o(x$fpl$fpinit)
    x$fpl$fretinf                            0x08004834   Section       10  fretinf.o(x$fpl$fretinf)
    $v0                                      0x08004834   Number         0  fretinf.o(x$fpl$fretinf)
    x$fpl$printf1                            0x0800483e   Section        4  printf1.o(x$fpl$printf1)
    $v0                                      0x0800483e   Number         0  printf1.o(x$fpl$printf1)
    x$fpl$printf2                            0x08004842   Section        4  printf2.o(x$fpl$printf2)
    $v0                                      0x08004842   Number         0  printf2.o(x$fpl$printf2)
    .constdata                               0x08004846   Section       17  __printf_flags_ss_wp.o(.constdata)
    x$fpl$usenofp                            0x08004846   Section        0  usenofp.o(x$fpl$usenofp)
    maptable                                 0x08004846   Data          17  __printf_flags_ss_wp.o(.constdata)
    .constdata                               0x08004858   Section       80  asin.o(.constdata)
    pS                                       0x08004858   Data          48  asin.o(.constdata)
    qS                                       0x08004888   Data          32  asin.o(.constdata)
    .constdata                               0x080048a8   Section      152  atan.o(.constdata)
    atanhi                                   0x080048a8   Data          32  atan.o(.constdata)
    atanlo                                   0x080048c8   Data          32  atan.o(.constdata)
    aTodd                                    0x080048e8   Data          40  atan.o(.constdata)
    aTeven                                   0x08004910   Data          48  atan.o(.constdata)
    .constdata                               0x08004940   Section        8  _printf_wctomb.o(.constdata)
    initial_mbstate                          0x08004940   Data           8  _printf_wctomb.o(.constdata)
    .constdata                               0x08004948   Section       40  _printf_hex_int_ll_ptr.o(.constdata)
    uc_hextab                                0x08004948   Data          20  _printf_hex_int_ll_ptr.o(.constdata)
    lc_hextab                                0x0800495c   Data          20  _printf_hex_int_ll_ptr.o(.constdata)
    .constdata                               0x08004970   Section       38  _printf_fp_hex.o(.constdata)
    lc_hextab                                0x08004970   Data          19  _printf_fp_hex.o(.constdata)
    uc_hextab                                0x08004983   Data          19  _printf_fp_hex.o(.constdata)
    .constdata                               0x08004998   Section      148  bigflt0.o(.constdata)
    tenpwrs_x                                0x08004998   Data          60  bigflt0.o(.constdata)
    tenpwrs_i                                0x080049d4   Data          64  bigflt0.o(.constdata)
    locale$$data                             0x08004a4c   Section       28  lc_numeric_c.o(locale$$data)
    __lcnum_c_name                           0x08004a50   Data           2  lc_numeric_c.o(locale$$data)
    __lcnum_c_start                          0x08004a58   Data           0  lc_numeric_c.o(locale$$data)
    __lcnum_c_point                          0x08004a64   Data           0  lc_numeric_c.o(locale$$data)
    __lcnum_c_thousands                      0x08004a66   Data           0  lc_numeric_c.o(locale$$data)
    __lcnum_c_grouping                       0x08004a67   Data           0  lc_numeric_c.o(locale$$data)
    locale$$data                             0x08004a68   Section      272  lc_ctype_c.o(locale$$data)
    __lcnum_c_end                            0x08004a68   Data           0  lc_numeric_c.o(locale$$data)
    __lcctype_c_name                         0x08004a6c   Data           2  lc_ctype_c.o(locale$$data)
    __lcctype_c_start                        0x08004a74   Data           0  lc_ctype_c.o(locale$$data)
    __lcctype_c_end                          0x08004b78   Data           0  lc_ctype_c.o(locale$$data)
    .data                                    0x20000000   Section        8  uart.o(.data)
    .data                                    0x20000008   Section        8  system_config.o(.data)
    .bss                                     0x20000010   Section     4000  uart.o(.bss)
    .bss                                     0x20000fb0   Section       96  libspace.o(.bss)
    HEAP                                     0x20001010   Section      512  startup_stm32f411xe.o(HEAP)
    Heap_Mem                                 0x20001010   Data         512  startup_stm32f411xe.o(HEAP)
    STACK                                    0x20001210   Section     1024  startup_stm32f411xe.o(STACK)
    Stack_Mem                                0x20001210   Data        1024  startup_stm32f411xe.o(STACK)
    __initial_sp                             0x20001610   Data           0  startup_stm32f411xe.o(STACK)

    Global Symbols

    Symbol Name                              Value     Ov Type        Size  Object(Section)

    BuildAttributes$$THM_ISAv4$E$P$D$K$B$S$7EM$VFPi3$EXTD16$VFPS$VFMA$PE$A:L22UL41UL21$X:L11$S22US41US21$IEEE1$IW$USESV6$~STKCKD$USESV7$~SHL$OTIME$ROPI$IEEEX$EBA8$UX$STANDARDLIB$REQ8$PRES8$EABIv2 0x00000000   Number         0  anon$$obj.o ABSOLUTE
    __ARM_use_no_argv                        0x00000000   Number         0  main.o ABSOLUTE
    _printf_flags                            0x00000000   Number         0  printf_stubs.o ABSOLUTE
    _printf_return_value                     0x00000000   Number         0  printf_stubs.o ABSOLUTE
    _printf_sizespec                         0x00000000   Number         0  printf_stubs.o ABSOLUTE
    _printf_widthprec                        0x00000000   Number         0  printf_stubs.o ABSOLUTE
    __ARM_exceptions_init                     - Undefined Weak Reference
    __alloca_initialize                       - Undefined Weak Reference
    __arm_fini_                               - Undefined Weak Reference
    __arm_preinit_                            - Undefined Weak Reference
    __cpp_initialize__aeabi_                  - Undefined Weak Reference
    __cxa_finalize                            - Undefined Weak Reference
    __sigvec_lookup                           - Undefined Weak Reference
    _atexit_init                              - Undefined Weak Reference
    _call_atexit_fns                          - Undefined Weak Reference
    _clock_init                               - Undefined Weak Reference
    _fp_trap_init                             - Undefined Weak Reference
    _fp_trap_shutdown                         - Undefined Weak Reference
    _get_lc_collate                           - Undefined Weak Reference
    _get_lc_monetary                          - Undefined Weak Reference
    _get_lc_time                              - Undefined Weak Reference
    _getenv_init                              - Undefined Weak Reference
    _handle_redirection                       - Undefined Weak Reference
    _init_alloc                               - Undefined Weak Reference
    _init_user_alloc                          - Undefined Weak Reference
    _initio                                   - Undefined Weak Reference
    _printf_mbtowc                            - Undefined Weak Reference
    _printf_wc                                - Undefined Weak Reference
    _rand_init                                - Undefined Weak Reference
    _signal_finish                            - Undefined Weak Reference
    _signal_init                              - Undefined Weak Reference
    _terminate_alloc                          - Undefined Weak Reference
    _terminate_user_alloc                     - Undefined Weak Reference
    _terminateio                              - Undefined Weak Reference
    __Vectors_Size                           0x00000198   Number         0  startup_stm32f411xe.o ABSOLUTE
    __Vectors                                0x08000000   Data           4  startup_stm32f411xe.o(RESET)
    __Vectors_End                            0x08000198   Data           0  startup_stm32f411xe.o(RESET)
    __main                                   0x08000199   Thumb Code     8  __main.o(!!!main)
    __scatterload                            0x080001a1   Thumb Code     0  __scatter.o(!!!scatter)
    __scatterload_rt2                        0x080001a1   Thumb Code    44  __scatter.o(!!!scatter)
    __scatterload_rt2_thumb_only             0x080001a1   Thumb Code     0  __scatter.o(!!!scatter)
    __scatterload_null                       0x080001af   Thumb Code     0  __scatter.o(!!!scatter)
    __scatterload_copy                       0x080001d5   Thumb Code    26  __scatter_copy.o(!!handler_copy)
    __scatterload_zeroinit                   0x080001f1   Thumb Code    28  __scatter_zi.o(!!handler_zi)
    _printf_n                                0x0800020d   Thumb Code     0  _printf_n.o(.ARM.Collect$$_printf_percent$$00000001)
    _printf_percent                          0x0800020d   Thumb Code     0  _printf_percent.o(.ARM.Collect$$_printf_percent$$00000000)
    _printf_p                                0x08000213   Thumb Code     0  _printf_p.o(.ARM.Collect$$_printf_percent$$00000002)
    _printf_f                                0x08000219   Thumb Code     0  _printf_f.o(.ARM.Collect$$_printf_percent$$00000003)
    _printf_e                                0x0800021f   Thumb Code     0  _printf_e.o(.ARM.Collect$$_printf_percent$$00000004)
    _printf_g                                0x08000225   Thumb Code     0  _printf_g.o(.ARM.Collect$$_printf_percent$$00000005)
    _printf_a                                0x0800022b   Thumb Code     0  _printf_a.o(.ARM.Collect$$_printf_percent$$00000006)
    _printf_ll                               0x08000231   Thumb Code     0  _printf_ll.o(.ARM.Collect$$_printf_percent$$00000007)
    _printf_i                                0x0800023b   Thumb Code     0  _printf_i.o(.ARM.Collect$$_printf_percent$$00000008)
    _printf_d                                0x08000241   Thumb Code     0  _printf_d.o(.ARM.Collect$$_printf_percent$$00000009)
    _printf_u                                0x08000247   Thumb Code     0  _printf_u.o(.ARM.Collect$$_printf_percent$$0000000A)
    _printf_o                                0x0800024d   Thumb Code     0  _printf_o.o(.ARM.Collect$$_printf_percent$$0000000B)
    _printf_x                                0x08000253   Thumb Code     0  _printf_x.o(.ARM.Collect$$_printf_percent$$0000000C)
    _printf_lli                              0x08000259   Thumb Code     0  _printf_lli.o(.ARM.Collect$$_printf_percent$$0000000D)
    _printf_lld                              0x0800025f   Thumb Code     0  _printf_lld.o(.ARM.Collect$$_printf_percent$$0000000E)
    _printf_llu                              0x08000265   Thumb Code     0  _printf_llu.o(.ARM.Collect$$_printf_percent$$0000000F)
    _printf_llo                              0x0800026b   Thumb Code     0  _printf_llo.o(.ARM.Collect$$_printf_percent$$00000010)
    _printf_llx                              0x08000271   Thumb Code     0  _printf_llx.o(.ARM.Collect$$_printf_percent$$00000011)
    _printf_l                                0x08000277   Thumb Code     0  _printf_l.o(.ARM.Collect$$_printf_percent$$00000012)
    _printf_c                                0x08000281   Thumb Code     0  _printf_c.o(.ARM.Collect$$_printf_percent$$00000013)
    _printf_s                                0x08000287   Thumb Code     0  _printf_s.o(.ARM.Collect$$_printf_percent$$00000014)
    _printf_lc                               0x0800028d   Thumb Code     0  _printf_lc.o(.ARM.Collect$$_printf_percent$$00000015)
    _printf_ls                               0x08000293   Thumb Code     0  _printf_ls.o(.ARM.Collect$$_printf_percent$$00000016)
    _printf_percent_end                      0x08000299   Thumb Code     0  _printf_percent_end.o(.ARM.Collect$$_printf_percent$$00000017)
    __rt_lib_init                            0x0800029d   Thumb Code     0  libinit.o(.ARM.Collect$$libinit$$00000000)
    __rt_lib_init_fp_1                       0x0800029f   Thumb Code     0  libinit2.o(.ARM.Collect$$libinit$$00000001)
    __rt_lib_init_heap_1                     0x080002a3   Thumb Code     0  libinit2.o(.ARM.Collect$$libinit$$0000000A)
    __rt_lib_init_lc_common                  0x080002a3   Thumb Code     0  libinit2.o(.ARM.Collect$$libinit$$0000000F)
    __rt_lib_init_preinit_1                  0x080002a3   Thumb Code     0  libinit2.o(.ARM.Collect$$libinit$$00000004)
    __rt_lib_init_rand_1                     0x080002a3   Thumb Code     0  libinit2.o(.ARM.Collect$$libinit$$0000000E)
    __rt_lib_init_user_alloc_1               0x080002a3   Thumb Code     0  libinit2.o(.ARM.Collect$$libinit$$0000000C)
    __rt_lib_init_lc_collate_1               0x080002a9   Thumb Code     0  libinit2.o(.ARM.Collect$$libinit$$00000011)
    __rt_lib_init_lc_ctype_2                 0x080002a9   Thumb Code     0  libinit2.o(.ARM.Collect$$libinit$$00000012)
    __rt_lib_init_lc_ctype_1                 0x080002b5   Thumb Code     0  libinit2.o(.ARM.Collect$$libinit$$00000013)
    __rt_lib_init_lc_monetary_1              0x080002b5   Thumb Code     0  libinit2.o(.ARM.Collect$$libinit$$00000015)
    __rt_lib_init_lc_numeric_2               0x080002b5   Thumb Code     0  libinit2.o(.ARM.Collect$$libinit$$00000016)
    __rt_lib_init_alloca_1                   0x080002bf   Thumb Code     0  libinit2.o(.ARM.Collect$$libinit$$0000002E)
    __rt_lib_init_argv_1                     0x080002bf   Thumb Code     0  libinit2.o(.ARM.Collect$$libinit$$0000002C)
    __rt_lib_init_atexit_1                   0x080002bf   Thumb Code     0  libinit2.o(.ARM.Collect$$libinit$$0000001B)
    __rt_lib_init_clock_1                    0x080002bf   Thumb Code     0  libinit2.o(.ARM.Collect$$libinit$$00000021)
    __rt_lib_init_cpp_1                      0x080002bf   Thumb Code     0  libinit2.o(.ARM.Collect$$libinit$$00000032)
    __rt_lib_init_exceptions_1               0x080002bf   Thumb Code     0  libinit2.o(.ARM.Collect$$libinit$$00000030)
    __rt_lib_init_fp_trap_1                  0x080002bf   Thumb Code     0  libinit2.o(.ARM.Collect$$libinit$$0000001F)
    __rt_lib_init_getenv_1                   0x080002bf   Thumb Code     0  libinit2.o(.ARM.Collect$$libinit$$00000023)
    __rt_lib_init_lc_numeric_1               0x080002bf   Thumb Code     0  libinit2.o(.ARM.Collect$$libinit$$00000017)
    __rt_lib_init_lc_time_1                  0x080002bf   Thumb Code     0  libinit2.o(.ARM.Collect$$libinit$$00000019)
    __rt_lib_init_return                     0x080002bf   Thumb Code     0  libinit2.o(.ARM.Collect$$libinit$$00000033)
    __rt_lib_init_signal_1                   0x080002bf   Thumb Code     0  libinit2.o(.ARM.Collect$$libinit$$0000001D)
    __rt_lib_init_stdio_1                    0x080002bf   Thumb Code     0  libinit2.o(.ARM.Collect$$libinit$$00000025)
    __rt_lib_shutdown                        0x080002c1   Thumb Code     0  libshutdown.o(.ARM.Collect$$libshutdown$$00000000)
    __rt_lib_shutdown_cpp_1                  0x080002c3   Thumb Code     0  libshutdown2.o(.ARM.Collect$$libshutdown$$00000004)
    __rt_lib_shutdown_fini_1                 0x080002c3   Thumb Code     0  libshutdown2.o(.ARM.Collect$$libshutdown$$00000002)
    __rt_lib_shutdown_fp_trap_1              0x080002c3   Thumb Code     0  libshutdown2.o(.ARM.Collect$$libshutdown$$00000009)
    __rt_lib_shutdown_heap_1                 0x080002c3   Thumb Code     0  libshutdown2.o(.ARM.Collect$$libshutdown$$00000011)
    __rt_lib_shutdown_return                 0x080002c3   Thumb Code     0  libshutdown2.o(.ARM.Collect$$libshutdown$$00000012)
    __rt_lib_shutdown_signal_1               0x080002c3   Thumb Code     0  libshutdown2.o(.ARM.Collect$$libshutdown$$0000000C)
    __rt_lib_shutdown_stdio_1                0x080002c3   Thumb Code     0  libshutdown2.o(.ARM.Collect$$libshutdown$$00000006)
    __rt_lib_shutdown_user_alloc_1           0x080002c3   Thumb Code     0  libshutdown2.o(.ARM.Collect$$libshutdown$$0000000E)
    __rt_entry                               0x080002c5   Thumb Code     0  __rtentry.o(.ARM.Collect$$rtentry$$00000000)
    __rt_entry_presh_1                       0x080002c5   Thumb Code     0  __rtentry2.o(.ARM.Collect$$rtentry$$00000002)
    __rt_entry_sh                            0x080002c5   Thumb Code     0  __rtentry4.o(.ARM.Collect$$rtentry$$00000004)
    __rt_entry_li                            0x080002cb   Thumb Code     0  __rtentry2.o(.ARM.Collect$$rtentry$$0000000A)
    __rt_entry_postsh_1                      0x080002cb   Thumb Code     0  __rtentry2.o(.ARM.Collect$$rtentry$$00000009)
    __rt_entry_main                          0x080002cf   Thumb Code     0  __rtentry2.o(.ARM.Collect$$rtentry$$0000000D)
    __rt_entry_postli_1                      0x080002cf   Thumb Code     0  __rtentry2.o(.ARM.Collect$$rtentry$$0000000C)
    __rt_exit                                0x080002d7   Thumb Code     0  rtexit.o(.ARM.Collect$$rtexit$$00000000)
    __rt_exit_ls                             0x080002d9   Thumb Code     0  rtexit2.o(.ARM.Collect$$rtexit$$00000003)
    __rt_exit_prels_1                        0x080002d9   Thumb Code     0  rtexit2.o(.ARM.Collect$$rtexit$$00000002)
    __rt_exit_exit                           0x080002dd   Thumb Code     0  rtexit2.o(.ARM.Collect$$rtexit$$00000004)
    Reset_Handler                            0x080002e5   Thumb Code     8  startup_stm32f411xe.o(.text)
    NMI_Handler                              0x080002ed   Thumb Code     2  startup_stm32f411xe.o(.text)
    HardFault_Handler                        0x080002ef   Thumb Code     2  startup_stm32f411xe.o(.text)
    MemManage_Handler                        0x080002f1   Thumb Code     2  startup_stm32f411xe.o(.text)
    BusFault_Handler                         0x080002f3   Thumb Code     2  startup_stm32f411xe.o(.text)
    UsageFault_Handler                       0x080002f5   Thumb Code     2  startup_stm32f411xe.o(.text)
    SVC_Handler                              0x080002f7   Thumb Code     2  startup_stm32f411xe.o(.text)
    DebugMon_Handler                         0x080002f9   Thumb Code     2  startup_stm32f411xe.o(.text)
    PendSV_Handler                           0x080002fb   Thumb Code     2  startup_stm32f411xe.o(.text)
    SysTick_Handler                          0x080002fd   Thumb Code     2  startup_stm32f411xe.o(.text)
    ADC_IRQHandler                           0x080002ff   Thumb Code     0  startup_stm32f411xe.o(.text)
    DMA1_Stream0_IRQHandler                  0x080002ff   Thumb Code     0  startup_stm32f411xe.o(.text)
    DMA1_Stream1_IRQHandler                  0x080002ff   Thumb Code     0  startup_stm32f411xe.o(.text)
    DMA1_Stream2_IRQHandler                  0x080002ff   Thumb Code     0  startup_stm32f411xe.o(.text)
    DMA1_Stream3_IRQHandler                  0x080002ff   Thumb Code     0  startup_stm32f411xe.o(.text)
    DMA1_Stream7_IRQHandler                  0x080002ff   Thumb Code     0  startup_stm32f411xe.o(.text)
    DMA2_Stream0_IRQHandler                  0x080002ff   Thumb Code     0  startup_stm32f411xe.o(.text)
    DMA2_Stream1_IRQHandler                  0x080002ff   Thumb Code     0  startup_stm32f411xe.o(.text)
    DMA2_Stream2_IRQHandler                  0x080002ff   Thumb Code     0  startup_stm32f411xe.o(.text)
    DMA2_Stream3_IRQHandler                  0x080002ff   Thumb Code     0  startup_stm32f411xe.o(.text)
    DMA2_Stream4_IRQHandler                  0x080002ff   Thumb Code     0  startup_stm32f411xe.o(.text)
    DMA2_Stream5_IRQHandler                  0x080002ff   Thumb Code     0  startup_stm32f411xe.o(.text)
    DMA2_Stream6_IRQHandler                  0x080002ff   Thumb Code     0  startup_stm32f411xe.o(.text)
    DMA2_Stream7_IRQHandler                  0x080002ff   Thumb Code     0  startup_stm32f411xe.o(.text)
    EXTI0_IRQHandler                         0x080002ff   Thumb Code     0  startup_stm32f411xe.o(.text)
    EXTI15_10_IRQHandler                     0x080002ff   Thumb Code     0  startup_stm32f411xe.o(.text)
    EXTI2_IRQHandler                         0x080002ff   Thumb Code     0  startup_stm32f411xe.o(.text)
    EXTI3_IRQHandler                         0x080002ff   Thumb Code     0  startup_stm32f411xe.o(.text)
    EXTI4_IRQHandler                         0x080002ff   Thumb Code     0  startup_stm32f411xe.o(.text)
    EXTI9_5_IRQHandler                       0x080002ff   Thumb Code     0  startup_stm32f411xe.o(.text)
    FLASH_IRQHandler                         0x080002ff   Thumb Code     0  startup_stm32f411xe.o(.text)
    FPU_IRQHandler                           0x080002ff   Thumb Code     0  startup_stm32f411xe.o(.text)
    I2C1_ER_IRQHandler                       0x080002ff   Thumb Code     0  startup_stm32f411xe.o(.text)
    I2C1_EV_IRQHandler                       0x080002ff   Thumb Code     0  startup_stm32f411xe.o(.text)
    I2C2_ER_IRQHandler                       0x080002ff   Thumb Code     0  startup_stm32f411xe.o(.text)
    I2C2_EV_IRQHandler                       0x080002ff   Thumb Code     0  startup_stm32f411xe.o(.text)
    I2C3_ER_IRQHandler                       0x080002ff   Thumb Code     0  startup_stm32f411xe.o(.text)
    I2C3_EV_IRQHandler                       0x080002ff   Thumb Code     0  startup_stm32f411xe.o(.text)
    OTG_FS_IRQHandler                        0x080002ff   Thumb Code     0  startup_stm32f411xe.o(.text)
    OTG_FS_WKUP_IRQHandler                   0x080002ff   Thumb Code     0  startup_stm32f411xe.o(.text)
    PVD_IRQHandler                           0x080002ff   Thumb Code     0  startup_stm32f411xe.o(.text)
    RCC_IRQHandler                           0x080002ff   Thumb Code     0  startup_stm32f411xe.o(.text)
    RTC_Alarm_IRQHandler                     0x080002ff   Thumb Code     0  startup_stm32f411xe.o(.text)
    RTC_WKUP_IRQHandler                      0x080002ff   Thumb Code     0  startup_stm32f411xe.o(.text)
    SDIO_IRQHandler                          0x080002ff   Thumb Code     0  startup_stm32f411xe.o(.text)
    SPI1_IRQHandler                          0x080002ff   Thumb Code     0  startup_stm32f411xe.o(.text)
    SPI2_IRQHandler                          0x080002ff   Thumb Code     0  startup_stm32f411xe.o(.text)
    SPI3_IRQHandler                          0x080002ff   Thumb Code     0  startup_stm32f411xe.o(.text)
    SPI4_IRQHandler                          0x080002ff   Thumb Code     0  startup_stm32f411xe.o(.text)
    SPI5_IRQHandler                          0x080002ff   Thumb Code     0  startup_stm32f411xe.o(.text)
    TAMP_STAMP_IRQHandler                    0x080002ff   Thumb Code     0  startup_stm32f411xe.o(.text)
    TIM1_BRK_TIM9_IRQHandler                 0x080002ff   Thumb Code     0  startup_stm32f411xe.o(.text)
    TIM1_CC_IRQHandler                       0x080002ff   Thumb Code     0  startup_stm32f411xe.o(.text)
    TIM1_TRG_COM_TIM11_IRQHandler            0x080002ff   Thumb Code     0  startup_stm32f411xe.o(.text)
    TIM1_UP_TIM10_IRQHandler                 0x080002ff   Thumb Code     0  startup_stm32f411xe.o(.text)
    TIM2_IRQHandler                          0x080002ff   Thumb Code     0  startup_stm32f411xe.o(.text)
    TIM3_IRQHandler                          0x080002ff   Thumb Code     0  startup_stm32f411xe.o(.text)
    TIM4_IRQHandler                          0x080002ff   Thumb Code     0  startup_stm32f411xe.o(.text)
    TIM5_IRQHandler                          0x080002ff   Thumb Code     0  startup_stm32f411xe.o(.text)
    USART6_IRQHandler                        0x080002ff   Thumb Code     0  startup_stm32f411xe.o(.text)
    WWDG_IRQHandler                          0x080002ff   Thumb Code     0  startup_stm32f411xe.o(.text)
    __user_initial_stackheap                 0x08000301   Thumb Code     0  startup_stm32f411xe.o(.text)
    vsnprintf                                0x08000325   Thumb Code    48  vsnprintf.o(.text)
    __2snprintf                              0x08000359   Thumb Code    50  __2snprintf.o(.text)
    _printf_str                              0x08000391   Thumb Code    82  _printf_str.o(.text)
    __printf                                 0x080003e5   Thumb Code   388  __printf_flags_ss_wp.o(.text)
    __use_two_region_memory                  0x0800056d   Thumb Code     2  heapauxi.o(.text)
    __rt_heap_escrow$2region                 0x0800056f   Thumb Code     2  heapauxi.o(.text)
    __rt_heap_expand$2region                 0x08000571   Thumb Code     2  heapauxi.o(.text)
    __read_errno                             0x08000573   Thumb Code    10  _rserrno.o(.text)
    __set_errno                              0x0800057d   Thumb Code    12  _rserrno.o(.text)
    _printf_pre_padding                      0x08000589   Thumb Code    44  _printf_pad.o(.text)
    _printf_post_padding                     0x080005b5   Thumb Code    34  _printf_pad.o(.text)
    _printf_truncate_signed                  0x080005d7   Thumb Code    18  _printf_truncate.o(.text)
    _printf_truncate_unsigned                0x080005e9   Thumb Code    18  _printf_truncate.o(.text)
    _printf_int_dec                          0x080005fd   Thumb Code   104  _printf_dec.o(.text)
    _printf_charcount                        0x08000675   Thumb Code    40  _printf_charcount.o(.text)
    __lib_sel_fp_printf                      0x0800069d   Thumb Code     2  _printf_fp_dec.o(.text)
    _printf_fp_dec_real                      0x0800084f   Thumb Code   620  _printf_fp_dec.o(.text)
    _printf_char_common                      0x08000ac7   Thumb Code    32  _printf_char_common.o(.text)
    _sputc                                   0x08000aed   Thumb Code    10  _sputc.o(.text)
    _snputc                                  0x08000af7   Thumb Code    16  _snputc.o(.text)
    _printf_cs_common                        0x08000b07   Thumb Code    20  _printf_char.o(.text)
    _printf_char                             0x08000b1b   Thumb Code    16  _printf_char.o(.text)
    _printf_string                           0x08000b2b   Thumb Code     8  _printf_char.o(.text)
    _printf_wctomb                           0x08000b35   Thumb Code   182  _printf_wctomb.o(.text)
    _printf_longlong_dec                     0x08000bf1   Thumb Code   108  _printf_longlong_dec.o(.text)
    _printf_longlong_oct                     0x08000c6d   Thumb Code    66  _printf_oct_int_ll.o(.text)
    _printf_int_oct                          0x08000caf   Thumb Code    24  _printf_oct_int_ll.o(.text)
    _printf_ll_oct                           0x08000cc7   Thumb Code    12  _printf_oct_int_ll.o(.text)
    _printf_longlong_hex                     0x08000cdd   Thumb Code    86  _printf_hex_int_ll_ptr.o(.text)
    _printf_int_hex                          0x08000d33   Thumb Code    28  _printf_hex_int_ll_ptr.o(.text)
    _printf_ll_hex                           0x08000d4f   Thumb Code    12  _printf_hex_int_ll_ptr.o(.text)
    _printf_hex_ptr                          0x08000d5b   Thumb Code    18  _printf_hex_int_ll_ptr.o(.text)
    __rt_locale                              0x08000d71   Thumb Code     8  rt_locale_intlibspace.o(.text)
    __aeabi_errno_addr                       0x08000d79   Thumb Code     8  rt_errno_addr_intlibspace.o(.text)
    __errno$intlibspace                      0x08000d79   Thumb Code     0  rt_errno_addr_intlibspace.o(.text)
    __rt_errno_addr$intlibspace              0x08000d79   Thumb Code     0  rt_errno_addr_intlibspace.o(.text)
    _ll_udiv10                               0x08000d81   Thumb Code   138  lludiv10.o(.text)
    _printf_int_common                       0x08000e0b   Thumb Code   178  _printf_intcommon.o(.text)
    _printf_fp_hex_real                      0x08000ebd   Thumb Code   756  _printf_fp_hex.o(.text)
    _printf_fp_infnan                        0x080011b9   Thumb Code   112  _printf_fp_infnan.o(.text)
    _printf_lcs_common                       0x08001239   Thumb Code    20  _printf_wchar.o(.text)
    _printf_wchar                            0x0800124d   Thumb Code    16  _printf_wchar.o(.text)
    _printf_wstring                          0x0800125d   Thumb Code     8  _printf_wchar.o(.text)
    _btod_etento                             0x08001265   Thumb Code   224  bigflt0.o(.text)
    _wcrtomb                                 0x08001349   Thumb Code    64  _wcrtomb.o(.text)
    __user_libspace                          0x08001389   Thumb Code     8  libspace.o(.text)
    __user_perproc_libspace                  0x08001389   Thumb Code     0  libspace.o(.text)
    __user_perthread_libspace                0x08001389   Thumb Code     0  libspace.o(.text)
    __user_setup_stackheap                   0x08001391   Thumb Code    74  sys_stackheap_outer.o(.text)
    __rt_ctype_table                         0x080013dd   Thumb Code    16  rt_ctype_table.o(.text)
    exit                                     0x080013ed   Thumb Code    18  exit.o(.text)
    strcmp                                   0x08001401   Thumb Code   128  strcmpv7m.o(.text)
    _sys_exit                                0x08001481   Thumb Code     8  sys_exit.o(.text)
    __I$use$semihosting                      0x0800148d   Thumb Code     0  use_no_semi.o(.text)
    __use_no_semihosting_swi                 0x0800148d   Thumb Code     2  use_no_semi.o(.text)
    __semihosting_library_function           0x0800148f   Thumb Code     0  indicate_semi.o(.text)
    _btod_d2e                                0x0800148f   Thumb Code    62  btod.o(CL$$btod_d2e)
    _d2e_denorm_low                          0x080014cd   Thumb Code    70  btod.o(CL$$btod_d2e_denorm_low)
    _d2e_norm_op1                            0x08001513   Thumb Code    96  btod.o(CL$$btod_d2e_norm_op1)
    __btod_div_common                        0x08001573   Thumb Code   696  btod.o(CL$$btod_div_common)
    _e2e                                     0x080018ab   Thumb Code   220  btod.o(CL$$btod_e2e)
    _btod_ediv                               0x08001987   Thumb Code    42  btod.o(CL$$btod_ediv)
    _btod_emul                               0x080019b1   Thumb Code    42  btod.o(CL$$btod_emul)
    __btod_mult_common                       0x080019db   Thumb Code   580  btod.o(CL$$btod_mult_common)
    AccelerometerInit                        0x08001c21   Thumb Code   248  accelerometer.o(i.AccelerometerInit)
    ApplyLevel                               0x08001d5d   Thumb Code   116  displaydata.o(i.ApplyLevel)
    DMA1_Stream4_IRQHandler                  0x08001e11   Thumb Code    34  uart.o(i.DMA1_Stream4_IRQHandler)
    DMA1_Stream5_IRQHandler                  0x08001e39   Thumb Code    38  uart.o(i.DMA1_Stream5_IRQHandler)
    DMA1_Stream6_IRQHandler                  0x08001e65   Thumb Code    50  uart.o(i.DMA1_Stream6_IRQHandler)
    DisplayAxisValues                        0x08001ea1   Thumb Code   406  displaydata.o(i.DisplayAxisValues)
    EXTI1_IRQHandler                         0x080020bd   Thumb Code    52  system_config.o(i.EXTI1_IRQHandler)
    FormatString                             0x080020fd   Thumb Code    22  displaydata.o(i.FormatString)
    GPIO_Config                              0x08002115   Thumb Code    56  led.o(i.GPIO_Config)
    GetAccelerometerValues                   0x08002155   Thumb Code    76  accelerometer.o(i.GetAccelerometerValues)
    GetAccelerometerValuesInMS2              0x080021a1   Thumb Code   302  angles_estimation.o(i.GetAccelerometerValuesInMS2)
    GetAxisValue                             0x080022e5   Thumb Code    58  gyro.o(i.GetAxisValue)
    GetGyroValues                            0x08002325   Thumb Code    40  gyro.o(i.GetGyroValues)
    GetPhiAcc                                0x0800234d   Thumb Code   110  angles_estimation.o(i.GetPhiAcc)
    GetThetaAcc                              0x080023cd   Thumb Code   112  angles_estimation.o(i.GetThetaAcc)
    GyroInit                                 0x08002455   Thumb Code   150  gyro.o(i.GyroInit)
    I2CDisableAcknowledge                    0x08002501   Thumb Code    14  accelerometer.o(i.I2CDisableAcknowledge)
    I2CEnableAcknowledge                     0x08002515   Thumb Code    14  accelerometer.o(i.I2CEnableAcknowledge)
    I2CGetData                               0x08002529   Thumb Code    24  accelerometer.o(i.I2CGetData)
    I2CSendRegister                          0x08002545   Thumb Code    36  accelerometer.o(i.I2CSendRegister)
    I2CSendSlaveAddress                      0x0800256d   Thumb Code    46  accelerometer.o(i.I2CSendSlaveAddress)
    I2CStartRestart                          0x080025a1   Thumb Code    14  accelerometer.o(i.I2CStartRestart)
    I2CStop                                  0x080025b5   Thumb Code    14  accelerometer.o(i.I2CStop)
    I2CWaitIfBusy                            0x080025c9   Thumb Code    16  accelerometer.o(i.I2CWaitIfBusy)
    I2CWriteByte                             0x080025dd   Thumb Code    22  accelerometer.o(i.I2CWriteByte)
    InitializeAccel                          0x080025f9   Thumb Code    14  main.o(i.InitializeAccel)
    InitializeGyro                           0x08002629   Thumb Code    14  main.o(i.InitializeGyro)
    LCD_Write                                0x08002655   Thumb Code    54  i2c-lcd.o(i.LCD_Write)
    Led_Trigger                              0x0800268d   Thumb Code    28  led.o(i.Led_Trigger)
    MotorPWM_BPort_PinSetup                  0x080026ad   Thumb Code    96  motor_pwm.o(i.MotorPWM_BPort_PinSetup)
    MotorPWM_TIM3_Start                      0x08002715   Thumb Code   168  motor_pwm.o(i.MotorPWM_TIM3_Start)
    MotorPWM_Timer3Setup                     0x080027d5   Thumb Code    64  motor_pwm.o(i.MotorPWM_Timer3Setup)
    Power_Off                                0x0800281d   Thumb Code    14  led.o(i.Power_Off)
    Power_On                                 0x08002831   Thumb Code    14  led.o(i.Power_On)
    PrintConsole                             0x08002845   Thumb Code    62  displaydata.o(i.PrintConsole)
    ReadFromAccelerometer                    0x08002883   Thumb Code    52  accelerometer.o(i.ReadFromAccelerometer)
    ReadFromGyro                             0x080028b9   Thumb Code    76  gyro.o(i.ReadFromGyro)
    SendString                               0x0800290d   Thumb Code   124  uart.o(i.SendString)
    SysClockConfig                           0x08002999   Thumb Code   162  system_config.o(i.SysClockConfig)
    Sys_PowerMode_Config                     0x08002a4d   Thumb Code   176  system_config.o(i.Sys_PowerMode_Config)
    SystemInit                               0x08002b15   Thumb Code    14  system_stm32f4xx.o(i.SystemInit)
    TIM5Config                               0x08002b29   Thumb Code    60  delay.o(i.TIM5Config)
    Testing_Toggle_4Led                      0x08002b6d   Thumb Code    68  led.o(i.Testing_Toggle_4Led)
    USART1_IRQHandler                        0x08002bb1   Thumb Code    30  uart.o(i.USART1_IRQHandler)
    USART2_IRQHandler                        0x08002bd9   Thumb Code    34  uart.o(i.USART2_IRQHandler)
    Uart2DmaInit                             0x08002c05   Thumb Code   160  uart.o(i.Uart2DmaInit)
    Uart2GpioInit                            0x08002cbd   Thumb Code    46  uart.o(i.Uart2GpioInit)
    Uart2Init                                0x08002cf5   Thumb Code    80  uart.o(i.Uart2Init)
    WaitForSPI1RXReady                       0x08002d51   Thumb Code    28  gyro.o(i.WaitForSPI1RXReady)
    WaitForSPI1TXReady                       0x08002d71   Thumb Code    28  gyro.o(i.WaitForSPI1TXReady)
    WriteToAccelerometer                     0x08002d91   Thumb Code    38  accelerometer.o(i.WriteToAccelerometer)
    WriteToGyro                              0x08002db9   Thumb Code    62  gyro.o(i.WriteToGyro)
    __ARM_fpclassify                         0x08002e01   Thumb Code    48  fpclassify.o(i.__ARM_fpclassify)
    __hardfp_asin                            0x08002e31   Thumb Code   770  asin.o(i.__hardfp_asin)
    __hardfp_atan                            0x08003191   Thumb Code   622  atan.o(i.__hardfp_atan)
    __kernel_poly                            0x08003469   Thumb Code   248  poly.o(i.__kernel_poly)
    __mathlib_dbl_infnan                     0x08003561   Thumb Code    20  dunder.o(i.__mathlib_dbl_infnan)
    __mathlib_dbl_invalid                    0x08003579   Thumb Code    24  dunder.o(i.__mathlib_dbl_invalid)
    __mathlib_dbl_underflow                  0x08003599   Thumb Code    24  dunder.o(i.__mathlib_dbl_underflow)
    _is_digit                                0x080035b9   Thumb Code    14  __printf_wp.o(i._is_digit)
    delay_ms                                 0x080035c7   Thumb Code    26  delay.o(i.delay_ms)
    delay_us                                 0x080035e1   Thumb Code    18  delay.o(i.delay_us)
    fabs                                     0x080035f9   Thumb Code    24  fabs.o(i.fabs)
    getSystemClockSpeed                      0x08003611   Thumb Code   338  system_config.o(i.getSystemClockSpeed)
    lcd_clear                                0x08003865   Thumb Code    26  i2c-lcd.o(i.lcd_clear)
    lcd_init                                 0x0800387f   Thumb Code   118  i2c-lcd.o(i.lcd_init)
    lcd_put_cur                              0x080038f5   Thumb Code    36  i2c-lcd.o(i.lcd_put_cur)
    lcd_send_cmd                             0x08003919   Thumb Code    58  i2c-lcd.o(i.lcd_send_cmd)
    lcd_send_data                            0x08003953   Thumb Code    58  i2c-lcd.o(i.lcd_send_data)
    lcd_send_string                          0x0800398d   Thumb Code    22  i2c-lcd.o(i.lcd_send_string)
    main                                     0x080039a5   Thumb Code   252  main.o(i.main)
    sqrt                                     0x08003ad9   Thumb Code   110  sqrt.o(i.sqrt)
    _get_lc_numeric                          0x08003b49   Thumb Code    44  lc_numeric_c.o(locale$$code)
    _get_lc_ctype                            0x08003b75   Thumb Code    44  lc_ctype_c.o(locale$$code)
    __aeabi_dneg                             0x08003ba1   Thumb Code     0  basic.o(x$fpl$basic)
    _dneg                                    0x08003ba1   Thumb Code     6  basic.o(x$fpl$basic)
    __aeabi_fneg                             0x08003ba7   Thumb Code     0  basic.o(x$fpl$basic)
    _fneg                                    0x08003ba7   Thumb Code     6  basic.o(x$fpl$basic)
    _dabs                                    0x08003bad   Thumb Code     6  basic.o(x$fpl$basic)
    _fabs                                    0x08003bb3   Thumb Code     6  basic.o(x$fpl$basic)
    __aeabi_d2f                              0x08003bb9   Thumb Code     0  d2f.o(x$fpl$d2f)
    _d2f                                     0x08003bb9   Thumb Code    98  d2f.o(x$fpl$d2f)
    __aeabi_dadd                             0x08003c1d   Thumb Code     0  daddsub_clz.o(x$fpl$dadd)
    _dadd                                    0x08003c1d   Thumb Code   332  daddsub_clz.o(x$fpl$dadd)
    __fpl_dcmp_Inf                           0x08003d6d   Thumb Code    24  dcmpi.o(x$fpl$dcmpinf)
    __aeabi_ddiv                             0x08003d85   Thumb Code     0  ddiv.o(x$fpl$ddiv)
    _ddiv                                    0x08003d85   Thumb Code   552  ddiv.o(x$fpl$ddiv)
    __aeabi_d2uiz                            0x08004035   Thumb Code     0  dfixu.o(x$fpl$dfixu)
    _dfixu                                   0x08004035   Thumb Code    90  dfixu.o(x$fpl$dfixu)
    __aeabi_i2d                              0x0800408f   Thumb Code     0  dflt_clz.o(x$fpl$dflt)
    _dflt                                    0x0800408f   Thumb Code    46  dflt_clz.o(x$fpl$dflt)
    __aeabi_ui2d                             0x080040bd   Thumb Code     0  dflt_clz.o(x$fpl$dfltu)
    _dfltu                                   0x080040bd   Thumb Code    38  dflt_clz.o(x$fpl$dfltu)
    __aeabi_cdcmple                          0x080040e5   Thumb Code     0  dleqf.o(x$fpl$dleqf)
    _dcmple                                  0x080040e5   Thumb Code   120  dleqf.o(x$fpl$dleqf)
    __fpl_dcmple_InfNaN                      0x08004147   Thumb Code     0  dleqf.o(x$fpl$dleqf)
    __aeabi_dmul                             0x0800415d   Thumb Code     0  dmul.o(x$fpl$dmul)
    _dmul                                    0x0800415d   Thumb Code   332  dmul.o(x$fpl$dmul)
    __fpl_dnaninf                            0x080042b1   Thumb Code   156  dnaninf.o(x$fpl$dnaninf)
    __fpl_dretinf                            0x0800434d   Thumb Code    12  dretinf.o(x$fpl$dretinf)
    __aeabi_cdrcmple                         0x08004359   Thumb Code     0  drleqf.o(x$fpl$drleqf)
    _drcmple                                 0x08004359   Thumb Code   108  drleqf.o(x$fpl$drleqf)
    __aeabi_drsub                            0x080043c5   Thumb Code     0  daddsub_clz.o(x$fpl$drsb)
    _drsb                                    0x080043c5   Thumb Code    22  daddsub_clz.o(x$fpl$drsb)
    _dsqrt                                   0x080043dd   Thumb Code   404  dsqrt_umaal.o(x$fpl$dsqrt)
    __aeabi_dsub                             0x08004575   Thumb Code     0  daddsub_clz.o(x$fpl$dsub)
    _dsub                                    0x08004575   Thumb Code   464  daddsub_clz.o(x$fpl$dsub)
    __aeabi_f2d                              0x08004749   Thumb Code     0  f2d.o(x$fpl$f2d)
    _f2d                                     0x08004749   Thumb Code    86  f2d.o(x$fpl$f2d)
    __fpl_fnaninf                            0x0800479f   Thumb Code   140  fnaninf.o(x$fpl$fnaninf)
    _fp_init                                 0x0800482b   Thumb Code    10  fpinit.o(x$fpl$fpinit)
    __fplib_config_fpu_vfp                   0x08004833   Thumb Code     0  fpinit.o(x$fpl$fpinit)
    __fplib_config_pureend_doubles           0x08004833   Thumb Code     0  fpinit.o(x$fpl$fpinit)
    __fpl_fretinf                            0x08004835   Thumb Code    10  fretinf.o(x$fpl$fretinf)
    _printf_fp_dec                           0x0800483f   Thumb Code     4  printf1.o(x$fpl$printf1)
    _printf_fp_hex                           0x08004843   Thumb Code     4  printf2.o(x$fpl$printf2)
    __I$use$fp                               0x08004846   Number         0  usenofp.o(x$fpl$usenofp)
    Region$$Table$$Base                      0x08004a2c   Number         0  anon$$obj.o(Region$$Table)
    Region$$Table$$Limit                     0x08004a4c   Number         0  anon$$obj.o(Region$$Table)
    __ctype                                  0x08004a75   Data           0  lc_ctype_c.o(locale$$data)
    uart1Busy                                0x20000000   Data           4  uart.o(.data)
    uart2Busy                                0x20000004   Data           4  uart.o(.data)
    power_on                                 0x20000008   Data           4  system_config.o(.data)
    count                                    0x2000000c   Data           4  system_config.o(.data)
    dmaBuffer1                               0x20000010   Data        2000  uart.o(.bss)
    dmaBuffer2                               0x200007e0   Data        2000  uart.o(.bss)
    __libspace_start                         0x20000fb0   Data          96  libspace.o(.bss)
    __temporary_stack_top$libspace           0x20001010   Data           0  libspace.o(.bss)



==============================================================================

Memory Map of the image

  Image Entry point : 0x08000199

  Load Region LR_IROM1 (Base: 0x08000000, Size: 0x00004b88, Max: 0x00080000, ABSOLUTE)

    Execution Region ER_IROM1 (Exec base: 0x08000000, Load base: 0x08000000, Size: 0x00004b78, Max: 0x00080000, ABSOLUTE)

    Exec Addr    Load Addr    Size         Type   Attr      Idx    E Section Name        Object

    0x08000000   0x08000000   0x00000198   Data   RO         1626    RESET               startup_stm32f411xe.o
    0x08000198   0x08000198   0x00000008   Code   RO         1707  * !!!main             c_w.l(__main.o)
    0x080001a0   0x080001a0   0x00000034   Code   RO         2128    !!!scatter          c_w.l(__scatter.o)
    0x080001d4   0x080001d4   0x0000001a   Code   RO         2130    !!handler_copy      c_w.l(__scatter_copy.o)
    0x080001ee   0x080001ee   0x00000002   PAD
    0x080001f0   0x080001f0   0x0000001c   Code   RO         2132    !!handler_zi        c_w.l(__scatter_zi.o)
    0x0800020c   0x0800020c   0x00000000   Code   RO         1704    .ARM.Collect$$_printf_percent$$00000000  c_w.l(_printf_percent.o)
    0x0800020c   0x0800020c   0x00000006   Code   RO         1825    .ARM.Collect$$_printf_percent$$00000001  c_w.l(_printf_n.o)
    0x08000212   0x08000212   0x00000006   Code   RO         1827    .ARM.Collect$$_printf_percent$$00000002  c_w.l(_printf_p.o)
    0x08000218   0x08000218   0x00000006   Code   RO         1703    .ARM.Collect$$_printf_percent$$00000003  c_w.l(_printf_f.o)
    0x0800021e   0x0800021e   0x00000006   Code   RO         1832    .ARM.Collect$$_printf_percent$$00000004  c_w.l(_printf_e.o)
    0x08000224   0x08000224   0x00000006   Code   RO         1833    .ARM.Collect$$_printf_percent$$00000005  c_w.l(_printf_g.o)
    0x0800022a   0x0800022a   0x00000006   Code   RO         1834    .ARM.Collect$$_printf_percent$$00000006  c_w.l(_printf_a.o)
    0x08000230   0x08000230   0x0000000a   Code   RO         1839    .ARM.Collect$$_printf_percent$$00000007  c_w.l(_printf_ll.o)
    0x0800023a   0x0800023a   0x00000006   Code   RO         1829    .ARM.Collect$$_printf_percent$$00000008  c_w.l(_printf_i.o)
    0x08000240   0x08000240   0x00000006   Code   RO         1830    .ARM.Collect$$_printf_percent$$00000009  c_w.l(_printf_d.o)
    0x08000246   0x08000246   0x00000006   Code   RO         1831    .ARM.Collect$$_printf_percent$$0000000A  c_w.l(_printf_u.o)
    0x0800024c   0x0800024c   0x00000006   Code   RO         1828    .ARM.Collect$$_printf_percent$$0000000B  c_w.l(_printf_o.o)
    0x08000252   0x08000252   0x00000006   Code   RO         1826    .ARM.Collect$$_printf_percent$$0000000C  c_w.l(_printf_x.o)
    0x08000258   0x08000258   0x00000006   Code   RO         1836    .ARM.Collect$$_printf_percent$$0000000D  c_w.l(_printf_lli.o)
    0x0800025e   0x0800025e   0x00000006   Code   RO         1837    .ARM.Collect$$_printf_percent$$0000000E  c_w.l(_printf_lld.o)
    0x08000264   0x08000264   0x00000006   Code   RO         1838    .ARM.Collect$$_printf_percent$$0000000F  c_w.l(_printf_llu.o)
    0x0800026a   0x0800026a   0x00000006   Code   RO         1843    .ARM.Collect$$_printf_percent$$00000010  c_w.l(_printf_llo.o)
    0x08000270   0x08000270   0x00000006   Code   RO         1844    .ARM.Collect$$_printf_percent$$00000011  c_w.l(_printf_llx.o)
    0x08000276   0x08000276   0x0000000a   Code   RO         1840    .ARM.Collect$$_printf_percent$$00000012  c_w.l(_printf_l.o)
    0x08000280   0x08000280   0x00000006   Code   RO         1824    .ARM.Collect$$_printf_percent$$00000013  c_w.l(_printf_c.o)
    0x08000286   0x08000286   0x00000006   Code   RO         1702    .ARM.Collect$$_printf_percent$$00000014  c_w.l(_printf_s.o)
    0x0800028c   0x0800028c   0x00000006   Code   RO         1841    .ARM.Collect$$_printf_percent$$00000015  c_w.l(_printf_lc.o)
    0x08000292   0x08000292   0x00000006   Code   RO         1842    .ARM.Collect$$_printf_percent$$00000016  c_w.l(_printf_ls.o)
    0x08000298   0x08000298   0x00000004   Code   RO         1835    .ARM.Collect$$_printf_percent$$00000017  c_w.l(_printf_percent_end.o)
    0x0800029c   0x0800029c   0x00000002   Code   RO         1996    .ARM.Collect$$libinit$$00000000  c_w.l(libinit.o)
    0x0800029e   0x0800029e   0x00000004   Code   RO         1997    .ARM.Collect$$libinit$$00000001  c_w.l(libinit2.o)
    0x080002a2   0x080002a2   0x00000000   Code   RO         2000    .ARM.Collect$$libinit$$00000004  c_w.l(libinit2.o)
    0x080002a2   0x080002a2   0x00000000   Code   RO         2003    .ARM.Collect$$libinit$$0000000A  c_w.l(libinit2.o)
    0x080002a2   0x080002a2   0x00000000   Code   RO         2005    .ARM.Collect$$libinit$$0000000C  c_w.l(libinit2.o)
    0x080002a2   0x080002a2   0x00000000   Code   RO         2007    .ARM.Collect$$libinit$$0000000E  c_w.l(libinit2.o)
    0x080002a2   0x080002a2   0x00000006   Code   RO         2008    .ARM.Collect$$libinit$$0000000F  c_w.l(libinit2.o)
    0x080002a8   0x080002a8   0x00000000   Code   RO         2010    .ARM.Collect$$libinit$$00000011  c_w.l(libinit2.o)
    0x080002a8   0x080002a8   0x0000000c   Code   RO         2011    .ARM.Collect$$libinit$$00000012  c_w.l(libinit2.o)
    0x080002b4   0x080002b4   0x00000000   Code   RO         2012    .ARM.Collect$$libinit$$00000013  c_w.l(libinit2.o)
    0x080002b4   0x080002b4   0x00000000   Code   RO         2014    .ARM.Collect$$libinit$$00000015  c_w.l(libinit2.o)
    0x080002b4   0x080002b4   0x0000000a   Code   RO         2015    .ARM.Collect$$libinit$$00000016  c_w.l(libinit2.o)
    0x080002be   0x080002be   0x00000000   Code   RO         2016    .ARM.Collect$$libinit$$00000017  c_w.l(libinit2.o)
    0x080002be   0x080002be   0x00000000   Code   RO         2018    .ARM.Collect$$libinit$$00000019  c_w.l(libinit2.o)
    0x080002be   0x080002be   0x00000000   Code   RO         2020    .ARM.Collect$$libinit$$0000001B  c_w.l(libinit2.o)
    0x080002be   0x080002be   0x00000000   Code   RO         2022    .ARM.Collect$$libinit$$0000001D  c_w.l(libinit2.o)
    0x080002be   0x080002be   0x00000000   Code   RO         2024    .ARM.Collect$$libinit$$0000001F  c_w.l(libinit2.o)
    0x080002be   0x080002be   0x00000000   Code   RO         2026    .ARM.Collect$$libinit$$00000021  c_w.l(libinit2.o)
    0x080002be   0x080002be   0x00000000   Code   RO         2028    .ARM.Collect$$libinit$$00000023  c_w.l(libinit2.o)
    0x080002be   0x080002be   0x00000000   Code   RO         2030    .ARM.Collect$$libinit$$00000025  c_w.l(libinit2.o)
    0x080002be   0x080002be   0x00000000   Code   RO         2034    .ARM.Collect$$libinit$$0000002C  c_w.l(libinit2.o)
    0x080002be   0x080002be   0x00000000   Code   RO         2036    .ARM.Collect$$libinit$$0000002E  c_w.l(libinit2.o)
    0x080002be   0x080002be   0x00000000   Code   RO         2038    .ARM.Collect$$libinit$$00000030  c_w.l(libinit2.o)
    0x080002be   0x080002be   0x00000000   Code   RO         2040    .ARM.Collect$$libinit$$00000032  c_w.l(libinit2.o)
    0x080002be   0x080002be   0x00000002   Code   RO         2041    .ARM.Collect$$libinit$$00000033  c_w.l(libinit2.o)
    0x080002c0   0x080002c0   0x00000002   Code   RO         2091    .ARM.Collect$$libshutdown$$00000000  c_w.l(libshutdown.o)
    0x080002c2   0x080002c2   0x00000000   Code   RO         2109    .ARM.Collect$$libshutdown$$00000002  c_w.l(libshutdown2.o)
    0x080002c2   0x080002c2   0x00000000   Code   RO         2111    .ARM.Collect$$libshutdown$$00000004  c_w.l(libshutdown2.o)
    0x080002c2   0x080002c2   0x00000000   Code   RO         2113    .ARM.Collect$$libshutdown$$00000006  c_w.l(libshutdown2.o)
    0x080002c2   0x080002c2   0x00000000   Code   RO         2116    .ARM.Collect$$libshutdown$$00000009  c_w.l(libshutdown2.o)
    0x080002c2   0x080002c2   0x00000000   Code   RO         2119    .ARM.Collect$$libshutdown$$0000000C  c_w.l(libshutdown2.o)
    0x080002c2   0x080002c2   0x00000000   Code   RO         2121    .ARM.Collect$$libshutdown$$0000000E  c_w.l(libshutdown2.o)
    0x080002c2   0x080002c2   0x00000000   Code   RO         2124    .ARM.Collect$$libshutdown$$00000011  c_w.l(libshutdown2.o)
    0x080002c2   0x080002c2   0x00000002   Code   RO         2125    .ARM.Collect$$libshutdown$$00000012  c_w.l(libshutdown2.o)
    0x080002c4   0x080002c4   0x00000000   Code   RO         1767    .ARM.Collect$$rtentry$$00000000  c_w.l(__rtentry.o)
    0x080002c4   0x080002c4   0x00000000   Code   RO         1901    .ARM.Collect$$rtentry$$00000002  c_w.l(__rtentry2.o)
    0x080002c4   0x080002c4   0x00000006   Code   RO         1913    .ARM.Collect$$rtentry$$00000004  c_w.l(__rtentry4.o)
    0x080002ca   0x080002ca   0x00000000   Code   RO         1903    .ARM.Collect$$rtentry$$00000009  c_w.l(__rtentry2.o)
    0x080002ca   0x080002ca   0x00000004   Code   RO         1904    .ARM.Collect$$rtentry$$0000000A  c_w.l(__rtentry2.o)
    0x080002ce   0x080002ce   0x00000000   Code   RO         1906    .ARM.Collect$$rtentry$$0000000C  c_w.l(__rtentry2.o)
    0x080002ce   0x080002ce   0x00000008   Code   RO         1907    .ARM.Collect$$rtentry$$0000000D  c_w.l(__rtentry2.o)
    0x080002d6   0x080002d6   0x00000002   Code   RO         2042    .ARM.Collect$$rtexit$$00000000  c_w.l(rtexit.o)
    0x080002d8   0x080002d8   0x00000000   Code   RO         2060    .ARM.Collect$$rtexit$$00000002  c_w.l(rtexit2.o)
    0x080002d8   0x080002d8   0x00000004   Code   RO         2061    .ARM.Collect$$rtexit$$00000003  c_w.l(rtexit2.o)
    0x080002dc   0x080002dc   0x00000006   Code   RO         2062    .ARM.Collect$$rtexit$$00000004  c_w.l(rtexit2.o)
    0x080002e2   0x080002e2   0x00000002   PAD
    0x080002e4   0x080002e4   0x00000040   Code   RO         1627    .text               startup_stm32f411xe.o
    0x08000324   0x08000324   0x00000034   Code   RO         1672    .text               c_w.l(vsnprintf.o)
    0x08000358   0x08000358   0x00000038   Code   RO         1674    .text               c_w.l(__2snprintf.o)
    0x08000390   0x08000390   0x00000052   Code   RO         1680    .text               c_w.l(_printf_str.o)
    0x080003e2   0x080003e2   0x00000002   PAD
    0x080003e4   0x080003e4   0x00000188   Code   RO         1699    .text               c_w.l(__printf_flags_ss_wp.o)
    0x0800056c   0x0800056c   0x00000006   Code   RO         1705    .text               c_w.l(heapauxi.o)
    0x08000572   0x08000572   0x00000016   Code   RO         1772    .text               c_w.l(_rserrno.o)
    0x08000588   0x08000588   0x0000004e   Code   RO         1774    .text               c_w.l(_printf_pad.o)
    0x080005d6   0x080005d6   0x00000024   Code   RO         1776    .text               c_w.l(_printf_truncate.o)
    0x080005fa   0x080005fa   0x00000002   PAD
    0x080005fc   0x080005fc   0x00000078   Code   RO         1778    .text               c_w.l(_printf_dec.o)
    0x08000674   0x08000674   0x00000028   Code   RO         1780    .text               c_w.l(_printf_charcount.o)
    0x0800069c   0x0800069c   0x0000041e   Code   RO         1782    .text               c_w.l(_printf_fp_dec.o)
    0x08000aba   0x08000aba   0x00000002   PAD
    0x08000abc   0x08000abc   0x00000030   Code   RO         1784    .text               c_w.l(_printf_char_common.o)
    0x08000aec   0x08000aec   0x0000000a   Code   RO         1786    .text               c_w.l(_sputc.o)
    0x08000af6   0x08000af6   0x00000010   Code   RO         1788    .text               c_w.l(_snputc.o)
    0x08000b06   0x08000b06   0x0000002c   Code   RO         1790    .text               c_w.l(_printf_char.o)
    0x08000b32   0x08000b32   0x00000002   PAD
    0x08000b34   0x08000b34   0x000000bc   Code   RO         1792    .text               c_w.l(_printf_wctomb.o)
    0x08000bf0   0x08000bf0   0x0000007c   Code   RO         1795    .text               c_w.l(_printf_longlong_dec.o)
    0x08000c6c   0x08000c6c   0x00000070   Code   RO         1801    .text               c_w.l(_printf_oct_int_ll.o)
    0x08000cdc   0x08000cdc   0x00000094   Code   RO         1821    .text               c_w.l(_printf_hex_int_ll_ptr.o)
    0x08000d70   0x08000d70   0x00000008   Code   RO         1920    .text               c_w.l(rt_locale_intlibspace.o)
    0x08000d78   0x08000d78   0x00000008   Code   RO         1925    .text               c_w.l(rt_errno_addr_intlibspace.o)
    0x08000d80   0x08000d80   0x0000008a   Code   RO         1927    .text               c_w.l(lludiv10.o)
    0x08000e0a   0x08000e0a   0x000000b2   Code   RO         1929    .text               c_w.l(_printf_intcommon.o)
    0x08000ebc   0x08000ebc   0x000002fc   Code   RO         1931    .text               c_w.l(_printf_fp_hex.o)
    0x080011b8   0x080011b8   0x00000080   Code   RO         1934    .text               c_w.l(_printf_fp_infnan.o)
    0x08001238   0x08001238   0x0000002c   Code   RO         1938    .text               c_w.l(_printf_wchar.o)
    0x08001264   0x08001264   0x000000e4   Code   RO         1940    .text               c_w.l(bigflt0.o)
    0x08001348   0x08001348   0x00000040   Code   RO         1965    .text               c_w.l(_wcrtomb.o)
    0x08001388   0x08001388   0x00000008   Code   RO         1976    .text               c_w.l(libspace.o)
    0x08001390   0x08001390   0x0000004a   Code   RO         1979    .text               c_w.l(sys_stackheap_outer.o)
    0x080013da   0x080013da   0x00000002   PAD
    0x080013dc   0x080013dc   0x00000010   Code   RO         1981    .text               c_w.l(rt_ctype_table.o)
    0x080013ec   0x080013ec   0x00000012   Code   RO         1983    .text               c_w.l(exit.o)
    0x080013fe   0x080013fe   0x00000002   PAD
    0x08001400   0x08001400   0x00000080   Code   RO         1989    .text               c_w.l(strcmpv7m.o)
    0x08001480   0x08001480   0x0000000c   Code   RO         2057    .text               c_w.l(sys_exit.o)
    0x0800148c   0x0800148c   0x00000002   Code   RO         2078    .text               c_w.l(use_no_semi.o)
    0x0800148e   0x0800148e   0x00000000   Code   RO         2080    .text               c_w.l(indicate_semi.o)
    0x0800148e   0x0800148e   0x0000003e   Code   RO         1943    CL$$btod_d2e        c_w.l(btod.o)
    0x080014cc   0x080014cc   0x00000046   Code   RO         1945    CL$$btod_d2e_denorm_low  c_w.l(btod.o)
    0x08001512   0x08001512   0x00000060   Code   RO         1944    CL$$btod_d2e_norm_op1  c_w.l(btod.o)
    0x08001572   0x08001572   0x00000338   Code   RO         1953    CL$$btod_div_common  c_w.l(btod.o)
    0x080018aa   0x080018aa   0x000000dc   Code   RO         1950    CL$$btod_e2e        c_w.l(btod.o)
    0x08001986   0x08001986   0x0000002a   Code   RO         1947    CL$$btod_ediv       c_w.l(btod.o)
    0x080019b0   0x080019b0   0x0000002a   Code   RO         1946    CL$$btod_emul       c_w.l(btod.o)
    0x080019da   0x080019da   0x00000244   Code   RO         1952    CL$$btod_mult_common  c_w.l(btod.o)
    0x08001c1e   0x08001c1e   0x00000002   PAD
    0x08001c20   0x08001c20   0x0000013c   Code   RO          444    i.AccelerometerInit  accelerometer.o
    0x08001d5c   0x08001d5c   0x000000b4   Code   RO          154    i.ApplyLevel        displaydata.o
    0x08001e10   0x08001e10   0x00000028   Code   RO          237    i.DMA1_Stream4_IRQHandler  uart.o
    0x08001e38   0x08001e38   0x0000002c   Code   RO          238    i.DMA1_Stream5_IRQHandler  uart.o
    0x08001e64   0x08001e64   0x0000003c   Code   RO          239    i.DMA1_Stream6_IRQHandler  uart.o
    0x08001ea0   0x08001ea0   0x0000021c   Code   RO          156    i.DisplayAxisValues  displaydata.o
    0x080020bc   0x080020bc   0x00000040   Code   RO          392    i.EXTI1_IRQHandler  system_config.o
    0x080020fc   0x080020fc   0x00000016   Code   RO          159    i.FormatString      displaydata.o
    0x08002112   0x08002112   0x00000002   PAD
    0x08002114   0x08002114   0x00000040   Code   RO          336    i.GPIO_Config       led.o
    0x08002154   0x08002154   0x0000004c   Code   RO          445    i.GetAccelerometerValues  accelerometer.o
    0x080021a0   0x080021a0   0x00000144   Code   RO          591    i.GetAccelerometerValuesInMS2  angles_estimation.o
    0x080022e4   0x080022e4   0x00000040   Code   RO          540    i.GetAxisValue      gyro.o
    0x08002324   0x08002324   0x00000028   Code   RO          541    i.GetGyroValues     gyro.o
    0x0800234c   0x0800234c   0x00000080   Code   RO          592    i.GetPhiAcc         angles_estimation.o
    0x080023cc   0x080023cc   0x00000088   Code   RO          593    i.GetThetaAcc       angles_estimation.o
    0x08002454   0x08002454   0x000000ac   Code   RO          542    i.GyroInit          gyro.o
    0x08002500   0x08002500   0x00000014   Code   RO          446    i.I2CDisableAcknowledge  accelerometer.o
    0x08002514   0x08002514   0x00000014   Code   RO          447    i.I2CEnableAcknowledge  accelerometer.o
    0x08002528   0x08002528   0x0000001c   Code   RO          448    i.I2CGetData        accelerometer.o
    0x08002544   0x08002544   0x00000028   Code   RO          449    i.I2CSendRegister   accelerometer.o
    0x0800256c   0x0800256c   0x00000034   Code   RO          450    i.I2CSendSlaveAddress  accelerometer.o
    0x080025a0   0x080025a0   0x00000014   Code   RO          451    i.I2CStartRestart   accelerometer.o
    0x080025b4   0x080025b4   0x00000014   Code   RO          452    i.I2CStop           accelerometer.o
    0x080025c8   0x080025c8   0x00000014   Code   RO          453    i.I2CWaitIfBusy     accelerometer.o
    0x080025dc   0x080025dc   0x0000001c   Code   RO          454    i.I2CWriteByte      accelerometer.o
    0x080025f8   0x080025f8   0x00000030   Code   RO            4    i.InitializeAccel   main.o
    0x08002628   0x08002628   0x0000002c   Code   RO            5    i.InitializeGyro    main.o
    0x08002654   0x08002654   0x00000036   Code   RO          640    i.LCD_Write         i2c-lcd.o
    0x0800268a   0x0800268a   0x00000002   PAD
    0x0800268c   0x0800268c   0x00000020   Code   RO          337    i.Led_Trigger       led.o
    0x080026ac   0x080026ac   0x00000068   Code   RO          706    i.MotorPWM_BPort_PinSetup  motor_pwm.o
    0x08002714   0x08002714   0x000000c0   Code   RO          709    i.MotorPWM_TIM3_Start  motor_pwm.o
    0x080027d4   0x080027d4   0x00000048   Code   RO          711    i.MotorPWM_Timer3Setup  motor_pwm.o
    0x0800281c   0x0800281c   0x00000014   Code   RO          338    i.Power_Off         led.o
    0x08002830   0x08002830   0x00000014   Code   RO          339    i.Power_On          led.o
    0x08002844   0x08002844   0x0000003e   Code   RO          160    i.PrintConsole      displaydata.o
    0x08002882   0x08002882   0x00000034   Code   RO          455    i.ReadFromAccelerometer  accelerometer.o
    0x080028b6   0x080028b6   0x00000002   PAD
    0x080028b8   0x080028b8   0x00000054   Code   RO          543    i.ReadFromGyro      gyro.o
    0x0800290c   0x0800290c   0x0000008c   Code   RO          241    i.SendString        uart.o
    0x08002998   0x08002998   0x000000b4   Code   RO          393    i.SysClockConfig    system_config.o
    0x08002a4c   0x08002a4c   0x000000c8   Code   RO          394    i.Sys_PowerMode_Config  system_config.o
    0x08002b14   0x08002b14   0x00000014   Code   RO         1635    i.SystemInit        system_stm32f4xx.o
    0x08002b28   0x08002b28   0x00000044   Code   RO          111    i.TIM5Config        delay.o
    0x08002b6c   0x08002b6c   0x00000044   Code   RO          340    i.Testing_Toggle_4Led  led.o
    0x08002bb0   0x08002bb0   0x00000028   Code   RO          242    i.USART1_IRQHandler  uart.o
    0x08002bd8   0x08002bd8   0x0000002c   Code   RO          243    i.USART2_IRQHandler  uart.o
    0x08002c04   0x08002c04   0x000000b8   Code   RO          247    i.Uart2DmaInit      uart.o
    0x08002cbc   0x08002cbc   0x00000038   Code   RO          248    i.Uart2GpioInit     uart.o
    0x08002cf4   0x08002cf4   0x0000005c   Code   RO          249    i.Uart2Init         uart.o
    0x08002d50   0x08002d50   0x00000020   Code   RO          544    i.WaitForSPI1RXReady  gyro.o
    0x08002d70   0x08002d70   0x00000020   Code   RO          545    i.WaitForSPI1TXReady  gyro.o
    0x08002d90   0x08002d90   0x00000026   Code   RO          456    i.WriteToAccelerometer  accelerometer.o
    0x08002db6   0x08002db6   0x00000002   PAD
    0x08002db8   0x08002db8   0x00000048   Code   RO          546    i.WriteToGyro       gyro.o
    0x08002e00   0x08002e00   0x00000030   Code   RO         1884    i.__ARM_fpclassify  m_wm.l(fpclassify.o)
    0x08002e30   0x08002e30   0x00000360   Code   RO         1739    i.__hardfp_asin     m_wm.l(asin.o)
    0x08003190   0x08003190   0x000002d8   Code   RO         1753    i.__hardfp_atan     m_wm.l(atan.o)
    0x08003468   0x08003468   0x000000f8   Code   RO         1886    i.__kernel_poly     m_wm.l(poly.o)
    0x08003560   0x08003560   0x00000014   Code   RO         1865    i.__mathlib_dbl_infnan  m_wm.l(dunder.o)
    0x08003574   0x08003574   0x00000004   PAD
    0x08003578   0x08003578   0x00000020   Code   RO         1867    i.__mathlib_dbl_invalid  m_wm.l(dunder.o)
    0x08003598   0x08003598   0x00000020   Code   RO         1870    i.__mathlib_dbl_underflow  m_wm.l(dunder.o)
    0x080035b8   0x080035b8   0x0000000e   Code   RO         1692    i._is_digit         c_w.l(__printf_wp.o)
    0x080035c6   0x080035c6   0x0000001a   Code   RO          112    i.delay_ms          delay.o
    0x080035e0   0x080035e0   0x00000018   Code   RO          113    i.delay_us          delay.o
    0x080035f8   0x080035f8   0x00000018   Code   RO         1880    i.fabs              m_wm.l(fabs.o)
    0x08003610   0x08003610   0x00000254   Code   RO          395    i.getSystemClockSpeed  system_config.o
    0x08003864   0x08003864   0x0000001a   Code   RO          641    i.lcd_clear         i2c-lcd.o
    0x0800387e   0x0800387e   0x00000076   Code   RO          642    i.lcd_init          i2c-lcd.o
    0x080038f4   0x080038f4   0x00000024   Code   RO          643    i.lcd_put_cur       i2c-lcd.o
    0x08003918   0x08003918   0x0000003a   Code   RO          644    i.lcd_send_cmd      i2c-lcd.o
    0x08003952   0x08003952   0x0000003a   Code   RO          645    i.lcd_send_data     i2c-lcd.o
    0x0800398c   0x0800398c   0x00000016   Code   RO          646    i.lcd_send_string   i2c-lcd.o
    0x080039a2   0x080039a2   0x00000002   PAD
    0x080039a4   0x080039a4   0x00000134   Code   RO            6    i.main              main.o
    0x08003ad8   0x08003ad8   0x0000006e   Code   RO         1890    i.sqrt              m_wm.l(sqrt.o)
    0x08003b46   0x08003b46   0x00000002   PAD
    0x08003b48   0x08003b48   0x0000002c   Code   RO         1968    locale$$code        c_w.l(lc_numeric_c.o)
    0x08003b74   0x08003b74   0x0000002c   Code   RO         2047    locale$$code        c_w.l(lc_ctype_c.o)
    0x08003ba0   0x08003ba0   0x00000018   Code   RO         1845    x$fpl$basic         fz_wm.l(basic.o)
    0x08003bb8   0x08003bb8   0x00000062   Code   RO         1709    x$fpl$d2f           fz_wm.l(d2f.o)
    0x08003c1a   0x08003c1a   0x00000002   PAD
    0x08003c1c   0x08003c1c   0x00000150   Code   RO         1711    x$fpl$dadd          fz_wm.l(daddsub_clz.o)
    0x08003d6c   0x08003d6c   0x00000018   Code   RO         1970    x$fpl$dcmpinf       fz_wm.l(dcmpi.o)
    0x08003d84   0x08003d84   0x000002b0   Code   RO         1718    x$fpl$ddiv          fz_wm.l(ddiv.o)
    0x08004034   0x08004034   0x0000005a   Code   RO         1721    x$fpl$dfixu         fz_wm.l(dfixu.o)
    0x0800408e   0x0800408e   0x0000002e   Code   RO         1726    x$fpl$dflt          fz_wm.l(dflt_clz.o)
    0x080040bc   0x080040bc   0x00000026   Code   RO         1725    x$fpl$dfltu         fz_wm.l(dflt_clz.o)
    0x080040e2   0x080040e2   0x00000002   PAD
    0x080040e4   0x080040e4   0x00000078   Code   RO         1847    x$fpl$dleqf         fz_wm.l(dleqf.o)
    0x0800415c   0x0800415c   0x00000154   Code   RO         1731    x$fpl$dmul          fz_wm.l(dmul.o)
    0x080042b0   0x080042b0   0x0000009c   Code   RO         1849    x$fpl$dnaninf       fz_wm.l(dnaninf.o)
    0x0800434c   0x0800434c   0x0000000c   Code   RO         1851    x$fpl$dretinf       fz_wm.l(dretinf.o)
    0x08004358   0x08004358   0x0000006c   Code   RO         1733    x$fpl$drleqf        fz_wm.l(drleqf.o)
    0x080043c4   0x080043c4   0x00000016   Code   RO         1712    x$fpl$drsb          fz_wm.l(daddsub_clz.o)
    0x080043da   0x080043da   0x00000002   PAD
    0x080043dc   0x080043dc   0x00000198   Code   RO         1972    x$fpl$dsqrt         fz_wm.l(dsqrt_umaal.o)
    0x08004574   0x08004574   0x000001d4   Code   RO         1713    x$fpl$dsub          fz_wm.l(daddsub_clz.o)
    0x08004748   0x08004748   0x00000056   Code   RO         1735    x$fpl$f2d           fz_wm.l(f2d.o)
    0x0800479e   0x0800479e   0x0000008c   Code   RO         1853    x$fpl$fnaninf       fz_wm.l(fnaninf.o)
    0x0800482a   0x0800482a   0x0000000a   Code   RO         2055    x$fpl$fpinit        fz_wm.l(fpinit.o)
    0x08004834   0x08004834   0x0000000a   Code   RO         1855    x$fpl$fretinf       fz_wm.l(fretinf.o)
    0x0800483e   0x0800483e   0x00000004   Code   RO         1737    x$fpl$printf1       fz_wm.l(printf1.o)
    0x08004842   0x08004842   0x00000004   Code   RO         1857    x$fpl$printf2       fz_wm.l(printf2.o)
    0x08004846   0x08004846   0x00000000   Code   RO         1863    x$fpl$usenofp       fz_wm.l(usenofp.o)
    0x08004846   0x08004846   0x00000011   Data   RO         1700    .constdata          c_w.l(__printf_flags_ss_wp.o)
    0x08004857   0x08004857   0x00000001   PAD
    0x08004858   0x08004858   0x00000050   Data   RO         1742    .constdata          m_wm.l(asin.o)
    0x080048a8   0x080048a8   0x00000098   Data   RO         1756    .constdata          m_wm.l(atan.o)
    0x08004940   0x08004940   0x00000008   Data   RO         1793    .constdata          c_w.l(_printf_wctomb.o)
    0x08004948   0x08004948   0x00000028   Data   RO         1822    .constdata          c_w.l(_printf_hex_int_ll_ptr.o)
    0x08004970   0x08004970   0x00000026   Data   RO         1932    .constdata          c_w.l(_printf_fp_hex.o)
    0x08004996   0x08004996   0x00000002   PAD
    0x08004998   0x08004998   0x00000094   Data   RO         1941    .constdata          c_w.l(bigflt0.o)
    0x08004a2c   0x08004a2c   0x00000020   Data   RO         2126    Region$$Table       anon$$obj.o
    0x08004a4c   0x08004a4c   0x0000001c   Data   RO         1967    locale$$data        c_w.l(lc_numeric_c.o)
    0x08004a68   0x08004a68   0x00000110   Data   RO         2046    locale$$data        c_w.l(lc_ctype_c.o)


    Execution Region RW_IRAM1 (Exec base: 0x20000000, Load base: 0x08004b78, Size: 0x00001610, Max: 0x00020000, ABSOLUTE)

    Exec Addr    Load Addr    Size         Type   Attr      Idx    E Section Name        Object

    0x20000000   0x08004b78   0x00000008   Data   RW          251    .data               uart.o
    0x20000008   0x08004b80   0x00000008   Data   RW          396    .data               system_config.o
    0x20000010        -       0x00000fa0   Zero   RW          250    .bss                uart.o
    0x20000fb0        -       0x00000060   Zero   RW         1977    .bss                c_w.l(libspace.o)
    0x20001010        -       0x00000200   Zero   RW         1625    HEAP                startup_stm32f411xe.o
    0x20001210        -       0x00000400   Zero   RW         1624    STACK               startup_stm32f411xe.o


==============================================================================

Image component sizes


      Code (inc. data)   RO Data    RW Data    ZI Data      Debug   Object Name

       730        116          0          0          0       8111   accelerometer.o
       588         64          0          0          0       2400   angles_estimation.o
       118         14          0          0          0       1827   delay.o
       804        204          0          0          0       5823   displaydata.o
       496         54          0          0          0       4533   gyro.o
       372          0          0          0          0       5466   i2c-lcd.o
       204         24          0          0          0       3477   led.o
       400        120          0          0          0     313826   main.o
       368         40          0          0          0       1815   motor_pwm.o
        64         26        408          0       1536        936   startup_stm32f411xe.o
      1040        312          0          8          0      34293   system_config.o
        20          6          0          0          0        565   system_stm32f4xx.o
       700        104          0          8       4000       6470   uart.o

    ----------------------------------------------------------------------
      5914       1084        440         16       5536     389542   Object Totals
         0          0         32          0          0          0   (incl. Generated)
        10          0          0          0          0          0   (incl. Padding)

    ----------------------------------------------------------------------

      Code (inc. data)   RO Data    RW Data    ZI Data      Debug   Library Member Name

        56          6          0          0          0         88   __2snprintf.o
         8          0          0          0          0         68   __main.o
       392          4         17          0          0         92   __printf_flags_ss_wp.o
        14          0          0          0          0         68   __printf_wp.o
         0          0          0          0          0          0   __rtentry.o
        12          0          0          0          0          0   __rtentry2.o
         6          0          0          0          0          0   __rtentry4.o
        52          8          0          0          0          0   __scatter.o
        26          0          0          0          0          0   __scatter_copy.o
        28          0          0          0          0          0   __scatter_zi.o
         6          0          0          0          0          0   _printf_a.o
         6          0          0          0          0          0   _printf_c.o
        44          0          0          0          0        108   _printf_char.o
        48          6          0          0          0         96   _printf_char_common.o
        40          0          0          0          0         68   _printf_charcount.o
         6          0          0          0          0          0   _printf_d.o
       120         16          0          0          0         92   _printf_dec.o
         6          0          0          0          0          0   _printf_e.o
         6          0          0          0          0          0   _printf_f.o
      1054          0          0          0          0        216   _printf_fp_dec.o
       764          8         38          0          0        100   _printf_fp_hex.o
       128         16          0          0          0         84   _printf_fp_infnan.o
         6          0          0          0          0          0   _printf_g.o
       148          4         40          0          0        160   _printf_hex_int_ll_ptr.o
         6          0          0          0          0          0   _printf_i.o
       178          0          0          0          0         88   _printf_intcommon.o
        10          0          0          0          0          0   _printf_l.o
         6          0          0          0          0          0   _printf_lc.o
        10          0          0          0          0          0   _printf_ll.o
         6          0          0          0          0          0   _printf_lld.o
         6          0          0          0          0          0   _printf_lli.o
         6          0          0          0          0          0   _printf_llo.o
         6          0          0          0          0          0   _printf_llu.o
         6          0          0          0          0          0   _printf_llx.o
       124         16          0          0          0         92   _printf_longlong_dec.o
         6          0          0          0          0          0   _printf_ls.o
         6          0          0          0          0          0   _printf_n.o
         6          0          0          0          0          0   _printf_o.o
       112         10          0          0          0        124   _printf_oct_int_ll.o
         6          0          0          0          0          0   _printf_p.o
        78          0          0          0          0        108   _printf_pad.o
         0          0          0          0          0          0   _printf_percent.o
         4          0          0          0          0          0   _printf_percent_end.o
         6          0          0          0          0          0   _printf_s.o
        82          0          0          0          0         80   _printf_str.o
        36          0          0          0          0         84   _printf_truncate.o
         6          0          0          0          0          0   _printf_u.o
        44          0          0          0          0        108   _printf_wchar.o
       188          6          8          0          0         92   _printf_wctomb.o
         6          0          0          0          0          0   _printf_x.o
        22          0          0          0          0        100   _rserrno.o
        16          0          0          0          0         68   _snputc.o
        10          0          0          0          0         68   _sputc.o
        64          0          0          0          0         92   _wcrtomb.o
       228          4        148          0          0         96   bigflt0.o
      1936        128          0          0          0        672   btod.o
        18          0          0          0          0         80   exit.o
         6          0          0          0          0        152   heapauxi.o
         0          0          0          0          0          0   indicate_semi.o
        44         10        272          0          0         76   lc_ctype_c.o
        44         10         28          0          0         76   lc_numeric_c.o
         2          0          0          0          0          0   libinit.o
        34          0          0          0          0          0   libinit2.o
         2          0          0          0          0          0   libshutdown.o
         2          0          0          0          0          0   libshutdown2.o
         8          4          0          0         96         68   libspace.o
       138          0          0          0          0         80   lludiv10.o
        16          4          0          0          0         76   rt_ctype_table.o
         8          4          0          0          0         68   rt_errno_addr_intlibspace.o
         8          4          0          0          0         68   rt_locale_intlibspace.o
         2          0          0          0          0          0   rtexit.o
        10          0          0          0          0          0   rtexit2.o
       128          0          0          0          0         68   strcmpv7m.o
        12          4          0          0          0         68   sys_exit.o
        74          0          0          0          0         80   sys_stackheap_outer.o
         2          0          0          0          0         68   use_no_semi.o
        52          4          0          0          0         80   vsnprintf.o
        24          0          0          0          0        164   basic.o
        98          4          0          0          0        140   d2f.o
       826         16          0          0          0        492   daddsub_clz.o
        24          0          0          0          0        116   dcmpi.o
       688        140          0          0          0        256   ddiv.o
        90          4          0          0          0        140   dfixu.o
        84          0          0          0          0        232   dflt_clz.o
       120          4          0          0          0        140   dleqf.o
       340         12          0          0          0        152   dmul.o
       156          4          0          0          0        140   dnaninf.o
        12          0          0          0          0        116   dretinf.o
       108          0          0          0          0        128   drleqf.o
       408         56          0          0          0        168   dsqrt_umaal.o
        86          4          0          0          0        132   f2d.o
       140          4          0          0          0        132   fnaninf.o
        10          0          0          0          0        116   fpinit.o
        10          0          0          0          0        116   fretinf.o
         4          0          0          0          0        116   printf1.o
         4          0          0          0          0        116   printf2.o
         0          0          0          0          0          0   usenofp.o
       864         94         80          0          0        280   asin.o
       728        106        152          0          0        228   atan.o
        84         16          0          0          0        372   dunder.o
        24          0          0          0          0        124   fabs.o
        48          0          0          0          0        124   fpclassify.o
       248          0          0          0          0        152   poly.o
       110          0          0          0          0        148   sqrt.o

    ----------------------------------------------------------------------
     12180        740        786          0         96       8760   Library Totals
        30          0          3          0          0          0   (incl. Padding)

    ----------------------------------------------------------------------

      Code (inc. data)   RO Data    RW Data    ZI Data      Debug   Library Name

      6812        276        551          0         96       4220   c_w.l
      3232        248          0          0          0       3112   fz_wm.l
      2106        216        232          0          0       1428   m_wm.l

    ----------------------------------------------------------------------
     12180        740        786          0         96       8760   Library Totals

    ----------------------------------------------------------------------

==============================================================================


      Code (inc. data)   RO Data    RW Data    ZI Data      Debug   

     18094       1824       1226         16       5632     387414   Grand Totals
     18094       1824       1226         16       5632     387414   ELF Image Totals
     18094       1824       1226         16          0          0   ROM Totals

==============================================================================

    Total RO  Size (Code + RO Data)                19320 (  18.87kB)
    Total RW  Size (RW Data + ZI Data)              5648 (   5.52kB)
    Total ROM Size (Code + RO Data + RW Data)      19336 (  18.88kB)

==============================================================================

