<html>
<body>
<pre>
<h1>µVision Build Log</h1>
<h2>Tool Versions:</h2>
IDE-Version: µVision V5.39.0.0
Copyright (C) 2023 ARM Ltd and ARM Germany GmbH. All rights reserved.
License Information: a b, abc, LIC=8VRJ7-ESLWV-UHX8H-W0VTQ-WBZK3-GTEMT
 
Tool Versions:
Toolchain:       MDK-ARM Plus  Version: 5.39.0.0
Toolchain Path:  C:\Keil_v5\ARM\ARMCLANG\Bin
C Compiler:      ArmClang.exe V6.21
Assembler:       Armasm.exe V6.21
Linker/Locator:  ArmLink.exe V6.21
Library Manager: ArmAr.exe V6.21
Hex Converter:   FromElf.exe V6.21
CPU DLL:         SARMCM3.DLL V5.39.0.0
Dialog DLL:      DCM.DLL V1.17.5.0
Target DLL:      STLink\ST-LINKIII-KEIL_SWO.dll V3.2.0.0
Dialog DLL:      TCM.DLL V1.56.4.0
 
<h2>Project:</h2>
C:\Users\Hugo\Documents\GitHub\PropellerArm\uvision_project_HDMHD\Propeller_Arm_Keil_test_registers_project_src - v2\PropellerArmROB4.uvprojx
Project File Date:  05/05/2024

<h2>Output:</h2>
*** Using Compiler 'V6.21', folder: 'C:\Keil_v5\ARM\ARMCLANG\Bin'
Rebuild target 'Target 1'
compiling Potentiometer.c...
compiling Delay.c...
compiling Angles_Estimation.c...
compiling System_Config.c...
compiling Led.c...
compiling StringUtilities.c...
assembling startup_stm32f411xe.s...
compiling I2C.c...
compiling Gyro.c...
compiling main.c...
compiling DisplayData.c...
compiling motor_pwm.c...
compiling UART.c...
compiling Accelerometer.c...
compiling i2c-lcd.c...
compiling system_stm32f4xx.c...
linking...
Program Size: Code=17670 RO-data=1426 RW-data=8 ZI-data=5680  
".\Objects\PropellerArmROB4.axf" - 0 Error(s), 0 Warning(s).

<h2>Software Packages used:</h2>

Package Vendor: ARM
                https://www.keil.com/pack/ARM.CMSIS.6.0.0.pack
                ARM::CMSIS@6.0.0
                CMSIS (Common Microcontroller Software Interface Standard)
   * Component: CORE Version: 6.0.0

Package Vendor: Keil
                https://www.keil.com/pack/Keil.STM32F4xx_DFP.2.17.1.pack
                Keil::STM32F4xx_DFP@2.17.1
                STMicroelectronics STM32F4 Series Device Support, Drivers and Examples
   * Component: Startup Version: 2.6.3

<h2>Collection of Component include folders:</h2>
  ./RTE/_Target_1
  C:/Users/Hugo/AppData/Local/Arm/Packs/ARM/CMSIS/6.0.0/CMSIS/Core/Include
  C:/Users/Hugo/AppData/Local/Arm/Packs/Keil/STM32F4xx_DFP/2.17.1/Drivers/CMSIS/Device/ST/STM32F4xx/Include

<h2>Collection of Component Files used:</h2>

   * Component: ARM::CMSIS:CORE@6.0.0

   * Component: Keil::Device:Startup@2.6.3
      Include file:  Drivers/CMSIS/Device/ST/STM32F4xx/Include/stm32f4xx.h
      Source file:   MDK/Device/Source/ARM/STM32F411xx_OPT.s
      Source file:   MDK/Device/Source/ARM/STM32F4xx_OTP.s
      Source file:   Drivers/CMSIS/Device/ST/STM32F4xx/Source/Templates/arm/startup_stm32f411xe.s
      Source file:   Drivers/CMSIS/Device/ST/STM32F4xx/Source/Templates/system_stm32f4xx.c
Build Time Elapsed:  00:00:01
</pre>
</body>
</html>
