Component: Arm Compiler for Embedded 6.21 Tool: armlink [5ec1fa00]

==============================================================================

Section Cross References

    main.o(.text.main) refers to system_config.o(.text.SysClockConfig) for SysClockConfig
    main.o(.text.main) refers to uart.o(.text.Uart2Init) for Uart2Init
    main.o(.text.main) refers to delay.o(.text.TIM5Config) for TIM5Config
    main.o(.text.main) refers to led.o(.text.GPIO_Config) for GPIO_Config
    main.o(.text.main) refers to system_config.o(.text.Sys_PowerMode_Config) for Sys_PowerMode_Config
    main.o(.text.main) refers to led.o(.text.Testing_Toggle_4Led) for Testing_Toggle_4Led
    main.o(.text.main) refers to motor_pwm.o(.text.MotorPWM_Timer3Setup) for MotorPWM_Timer3Setup
    main.o(.text.main) refers to motor_pwm.o(.text.MotorPWM_BPort_PinSetup) for MotorPWM_BPort_PinSetup
    main.o(.text.main) refers to motor_pwm.o(.text.MotorPWM_TIM3_Start) for MotorPWM_TIM3_Start
    main.o(.text.main) refers to main.o(.rodata.str1.1) for .L.str.3
    main.o(.text.main) refers to uart.o(.text.SendString) for SendString
    main.o(.text.main) refers to gyro.o(.text.GyroInit) for GyroInit
    main.o(.text.main) refers to accelerometer.o(.text.AccelerometerInit) for AccelerometerInit
    main.o(.text.main) refers to i2c-lcd.o(.text.lcd_init) for lcd_init
    main.o(.text.main) refers to displaydata.o(.text.PrintConsole) for PrintConsole
    main.o(.text.main) refers to i2c-lcd.o(.text.lcd_clear) for lcd_clear
    main.o(.text.main) refers to i2c-lcd.o(.text.lcd_put_cur) for lcd_put_cur
    main.o(.text.main) refers to i2c-lcd.o(.text.lcd_send_string) for lcd_send_string
    main.o(.text.main) refers to delay.o(.text.delay_ms) for delay_ms
    main.o(.text.main) refers to system_config.o(.text.getSystemClockSpeed) for getSystemClockSpeed
    main.o(.text.main) refers to system_config.o(.bss.count) for count
    main.o(.text.main) refers to system_config.o(.bss.power_on) for power_on
    main.o(.text.main) refers to led.o(.text.Power_Off) for Power_Off
    main.o(.text.main) refers to led.o(.text.Power_On) for Power_On
    main.o(.text.main) refers to displaydata.o(.text.DisplayAxisValues) for DisplayAxisValues
    main.o(.text.main) refers to f2d.o(.text) for __aeabi_f2d
    main.o(.text.main) refers to dadd.o(.text) for __aeabi_dadd
    main.o(.text.main) refers to d2f.o(.text) for __aeabi_d2f
    main.o(.ARM.exidx.text.main) refers to main.o(.text.main) for [Anonymous Symbol]
    main.o(.text.InitializeGyro) refers to main.o(.rodata.str1.1) for .L.str.3
    main.o(.text.InitializeGyro) refers to uart.o(.text.SendString) for SendString
    main.o(.text.InitializeGyro) refers to gyro.o(.text.GyroInit) for GyroInit
    main.o(.ARM.exidx.text.InitializeGyro) refers to main.o(.text.InitializeGyro) for [Anonymous Symbol]
    main.o(.text.InitializeAccel) refers to main.o(.rodata.str1.1) for .L.str.4
    main.o(.text.InitializeAccel) refers to uart.o(.text.SendString) for SendString
    main.o(.text.InitializeAccel) refers to accelerometer.o(.text.AccelerometerInit) for AccelerometerInit
    main.o(.ARM.exidx.text.InitializeAccel) refers to main.o(.text.InitializeAccel) for [Anonymous Symbol]
    delay.o(.ARM.exidx.text.TIM5Config) refers to delay.o(.text.TIM5Config) for [Anonymous Symbol]
    delay.o(.ARM.exidx.text.delay_us) refers to delay.o(.text.delay_us) for [Anonymous Symbol]
    delay.o(.ARM.exidx.text.delay_ms) refers to delay.o(.text.delay_ms) for [Anonymous Symbol]
    displaydata.o(.text.FormatString) refers to printfa.o(i.__0vsnprintf) for vsnprintf
    displaydata.o(.ARM.exidx.text.FormatString) refers to displaydata.o(.text.FormatString) for [Anonymous Symbol]
    displaydata.o(.text.ApplyLevel) refers to printfa.o(i.__0snprintf) for __2snprintf
    displaydata.o(.text.ApplyLevel) refers to displaydata.o(.rodata.str1.1) for [Anonymous Symbol]
    displaydata.o(.ARM.exidx.text.ApplyLevel) refers to displaydata.o(.text.ApplyLevel) for [Anonymous Symbol]
    displaydata.o(.text.PrintConsole) refers to printfa.o(i.__0vsnprintf) for vsnprintf
    displaydata.o(.text.PrintConsole) refers to displaydata.o(.text.ApplyLevel) for ApplyLevel
    displaydata.o(.text.PrintConsole) refers to uart.o(.text.SendString) for SendString
    displaydata.o(.ARM.exidx.text.PrintConsole) refers to displaydata.o(.text.PrintConsole) for [Anonymous Symbol]
    displaydata.o(.text.DisplayFloatValue) refers to f2d.o(.text) for __aeabi_f2d
    displaydata.o(.text.DisplayFloatValue) refers to displaydata.o(.rodata.str1.1) for .L.str.6
    displaydata.o(.text.DisplayFloatValue) refers to printfa.o(i.__0snprintf) for __2snprintf
    displaydata.o(.text.DisplayFloatValue) refers to uart.o(.text.SendString) for SendString
    displaydata.o(.ARM.exidx.text.DisplayFloatValue) refers to displaydata.o(.text.DisplayFloatValue) for [Anonymous Symbol]
[...]
    dunder.o(i.__mathlib_dbl_divzero) refers to ddiv.o(.text) for __aeabi_ddiv
    dunder.o(i.__mathlib_dbl_infnan) refers to dadd.o(.text) for __aeabi_dadd
    dunder.o(i.__mathlib_dbl_infnan2) refers to dadd.o(.text) for __aeabi_dadd
    dunder.o(i.__mathlib_dbl_invalid) refers to ddiv.o(.text) for __aeabi_ddiv
    dunder.o(i.__mathlib_dbl_overflow) refers to dmul.o(.text) for __aeabi_dmul
    dunder.o(i.__mathlib_dbl_posinfnan) refers to dmul.o(.text) for __aeabi_dmul
    dunder.o(i.__mathlib_dbl_underflow) refers to dmul.o(.text) for __aeabi_dmul
    fabs.o(i.__hardfp_fabs) refers (Special) to iusefp.o(.text) for __I$use$fp
    fabs.o(i.__softfp_fabs) refers (Special) to iusefp.o(.text) for __I$use$fp
    fabs.o(i.fabs) refers (Special) to iusefp.o(.text) for __I$use$fp
    fpclassify.o(i.__ARM_fpclassify) refers (Special) to iusefp.o(.text) for __I$use$fp
    poly.o(i.__kernel_poly) refers (Special) to iusefp.o(.text) for __I$use$fp
    poly.o(i.__kernel_poly) refers to dmul.o(.text) for __aeabi_dmul
    poly.o(i.__kernel_poly) refers to dadd.o(.text) for __aeabi_dadd
    sqrt.o(i.__hardfp_sqrt) refers (Special) to iusefp.o(.text) for __I$use$fp
    sqrt.o(i.__hardfp_sqrt) refers to dsqrt.o(.text) for _dsqrt
    sqrt.o(i.__hardfp_sqrt) refers to errno.o(i.__set_errno) for __set_errno
    sqrt.o(i.__softfp_sqrt) refers (Special) to iusefp.o(.text) for __I$use$fp
    sqrt.o(i.__softfp_sqrt) refers to dsqrt.o(.text) for _dsqrt
    sqrt.o(i.__softfp_sqrt) refers to errno.o(i.__set_errno) for __set_errno
    sqrt.o(i.sqrt) refers (Special) to iusefp.o(.text) for __I$use$fp
    sqrt.o(i.sqrt) refers to dsqrt.o(.text) for _dsqrt
    sqrt.o(i.sqrt) refers to errno.o(i.__set_errno) for __set_errno
    entry2.o(.ARM.Collect$$$$00000001) refers to entry2.o(.ARM.Collect$$$$00002712) for __lit__00000000
    entry2.o(.ARM.Collect$$$$00002712) refers to startup_stm32f411xe.o(STACK) for __initial_sp
    entry2.o(__vectab_stack_and_reset_area) refers to startup_stm32f411xe.o(STACK) for __initial_sp
    entry2.o(__vectab_stack_and_reset_area) refers to entry.o(.ARM.Collect$$$$00000000) for __main
    entry5.o(.ARM.Collect$$$$00000004) refers to init.o(.text) for __scatterload
    entry9a.o(.ARM.Collect$$$$0000000B) refers to main.o(.text.main) for main
    entry9b.o(.ARM.Collect$$$$0000000C) refers to main.o(.text.main) for main
    fputc.o(i.fputc) refers (Special) to iusesemip.o(.text) for __I$use$semihosting$fputc
    fputc.o(i.fputc) refers (Special) to semi.o(.text) for __semihosting_library_function
    fputc_h.o(i._fputc$hlt) refers (Special) to iusesemip.o(.text) for __I$use$semihosting$fputc
    fputc_h.o(i._fputc$hlt) refers (Special) to semi.o(.text) for __semihosting_library_function
    errno.o(i.__aeabi_errno_addr) refers to errno.o(.data) for .data
    errno.o(i.__read_errno) refers to errno.o(.data) for .data
    errno.o(i.__set_errno) refers to errno.o(.data) for .data
    fepilogue.o(.text) refers (Special) to iusefp.o(.text) for __I$use$fp
    depilogue.o(.text) refers (Special) to iusefp.o(.text) for __I$use$fp
    depilogue.o(.text) refers to llshl.o(.text) for __aeabi_llsl
    depilogue.o(.text) refers to llushr.o(.text) for __aeabi_llsr
    dneg.o(.text) refers (Special) to iusefp.o(.text) for __I$use$fp
    dfixul.o(.text) refers (Special) to iusefp.o(.text) for __I$use$fp
    dfixul.o(.text) refers to llushr.o(.text) for __aeabi_llsr
    dfixul.o(.text) refers to llshl.o(.text) for __aeabi_llsl
    cdrcmple.o(.text) refers (Special) to iusefp.o(.text) for __I$use$fp
    init.o(.text) refers to entry5.o(.ARM.Collect$$$$00000004) for __main_after_scatterload
    dsqrt.o(.text) refers (Special) to iusefp.o(.text) for __I$use$fp
    dsqrt.o(.text) refers to llushr.o(.text) for __aeabi_llsr
    dsqrt.o(.text) refers to depilogue.o(.text) for _double_round


==============================================================================

Removing Unused input sections from the image.

    Removing main.o(.text), (0 bytes).
    Removing main.o(.ARM.exidx.text.main), (8 bytes).
    Removing main.o(.text.InitializeGyro), (22 bytes).
    Removing main.o(.ARM.exidx.text.InitializeGyro), (8 bytes).
    Removing main.o(.text.InitializeAccel), (22 bytes).
    Removing main.o(.ARM.exidx.text.InitializeAccel), (8 bytes).
    Removing main.o(.ARM.use_no_argv), (4 bytes).
    Removing delay.o(.text), (0 bytes).
    Removing delay.o(.ARM.exidx.text.TIM5Config), (8 bytes).
    Removing delay.o(.ARM.exidx.text.delay_us), (8 bytes).
    Removing delay.o(.ARM.exidx.text.delay_ms), (8 bytes).
    Removing displaydata.o(.text), (0 bytes).
    Removing displaydata.o(.text.FormatString), (4 bytes).
    Removing displaydata.o(.ARM.exidx.text.FormatString), (8 bytes).
    Removing displaydata.o(.ARM.exidx.text.ApplyLevel), (8 bytes).
    Removing displaydata.o(.ARM.exidx.text.PrintConsole), (8 bytes).
    Removing displaydata.o(.text.DisplayFloatValue), (88 bytes).
    Removing displaydata.o(.ARM.exidx.text.DisplayFloatValue), (8 bytes).
    Removing displaydata.o(.text.DisplayIntegerValue), (68 bytes).
    Removing displaydata.o(.ARM.exidx.text.DisplayIntegerValue), (8 bytes).
    Removing displaydata.o(.text.DisplayAxisValue), (180 bytes).
    Removing displaydata.o(.ARM.exidx.text.DisplayAxisValue), (8 bytes).
    Removing displaydata.o(.ARM.exidx.text.DisplayAxisValues), (8 bytes).
    Removing stringutilities.o(.text), (0 bytes).
    Removing stringutilities.o(.text.IntegerToString), (114 bytes).
    Removing stringutilities.o(.ARM.exidx.text.IntegerToString), (8 bytes).
    Removing stringutilities.o(.rodata.str1.1), (72 bytes).
    Removing uart.o(.text), (0 bytes).
    Removing uart.o(.ARM.exidx.text.DMA1_Stream5_IRQHandler), (8 bytes).
    Removing uart.o(.ARM.exidx.text.DMA1_Stream6_IRQHandler), (8 bytes).
    Removing uart.o(.ARM.exidx.text.USART2_IRQHandler), (8 bytes).
    Removing uart.o(.text.Uart2GpioInit), (48 bytes).
    Removing uart.o(.ARM.exidx.text.Uart2GpioInit), (8 bytes).
    Removing uart.o(.text.Uart2DmaInit), (124 bytes).
    Removing uart.o(.ARM.exidx.text.Uart2DmaInit), (8 bytes).
    Removing uart.o(.ARM.exidx.text.Uart2Init), (8 bytes).
    Removing uart.o(.ARM.exidx.text.SendString), (8 bytes).
    Removing uart.o(.ARM.exidx.text.DMA1_Stream4_IRQHandler), (8 bytes).
    Removing uart.o(.ARM.exidx.text.USART1_IRQHandler), (8 bytes).
    Removing uart.o(.text.Uart1GpioInit), (48 bytes).
    Removing uart.o(.ARM.exidx.text.Uart1GpioInit), (8 bytes).
    Removing uart.o(.text.Uart1DmaInit), (94 bytes).
    Removing uart.o(.ARM.exidx.text.Uart1DmaInit), (8 bytes).
    Removing uart.o(.text.Uart1Init), (178 bytes).
    Removing uart.o(.ARM.exidx.text.Uart1Init), (8 bytes).
    Removing uart.o(.text.QTSendFloat), (104 bytes).
    Removing uart.o(.ARM.exidx.text.QTSendFloat), (8 bytes).
    Removing uart.o(.bss.dmaBuffer1), (2000 bytes).
    Removing led.o(.text), (0 bytes).
    Removing led.o(.ARM.exidx.text.GPIO_Config), (8 bytes).
    Removing led.o(.text.Led_Trigger), (28 bytes).
    Removing led.o(.ARM.exidx.text.Led_Trigger), (8 bytes).
    Removing led.o(.ARM.exidx.text.Testing_Toggle_4Led), (8 bytes).
    Removing led.o(.text.Blinking_4Led), (78 bytes).
    Removing led.o(.ARM.exidx.text.Blinking_4Led), (8 bytes).
    Removing led.o(.ARM.exidx.text.Power_On), (8 bytes).
    Removing led.o(.ARM.exidx.text.Power_Off), (8 bytes).
    Removing system_config.o(.text), (0 bytes).
    Removing system_config.o(.ARM.exidx.text.SysClockConfig), (8 bytes).
    Removing system_config.o(.ARM.exidx.text.Sys_PowerMode_Config), (8 bytes).
    Removing system_config.o(.ARM.exidx.text.EXTI1_IRQHandler), (8 bytes).
    Removing system_config.o(.ARM.exidx.text.getSystemClockSpeed), (8 bytes).
    Removing accelerometer.o(.text), (0 bytes).
    Removing accelerometer.o(.ARM.exidx.text.I2CStartRestart), (8 bytes).
    Removing accelerometer.o(.ARM.exidx.text.I2CStop), (8 bytes).
    Removing accelerometer.o(.ARM.exidx.text.I2CEnableAcknowledge), (8 bytes).
    Removing accelerometer.o(.text.I2CDisableAcknowledge), (18 bytes).
    Removing accelerometer.o(.ARM.exidx.text.I2CDisableAcknowledge), (8 bytes).
    Removing accelerometer.o(.ARM.exidx.text.I2CSendSlaveAddress), (8 bytes).
    Removing accelerometer.o(.text.I2CSendRegister), (28 bytes).
    Removing accelerometer.o(.ARM.exidx.text.I2CSendRegister), (8 bytes).
    Removing accelerometer.o(.ARM.exidx.text.I2CWaitIfBusy), (8 bytes).
    Removing accelerometer.o(.ARM.exidx.text.I2CWriteByte), (8 bytes).
    Removing accelerometer.o(.text.I2CGetData), (20 bytes).
    Removing accelerometer.o(.ARM.exidx.text.I2CGetData), (8 bytes).
    Removing accelerometer.o(.ARM.exidx.text.ReadFromAccelerometer), (8 bytes).
    Removing accelerometer.o(.text.WriteToAccelerometer), (96 bytes).
    Removing accelerometer.o(.ARM.exidx.text.WriteToAccelerometer), (8 bytes).
    Removing accelerometer.o(.ARM.exidx.text.AccelerometerInit), (8 bytes).
    Removing accelerometer.o(.ARM.exidx.text.GetAccelerometerValues), (8 bytes).
    Removing gyro.o(.text), (0 bytes).
    Removing gyro.o(.text.WaitForSPI1RXReady), (18 bytes).
    Removing gyro.o(.ARM.exidx.text.WaitForSPI1RXReady), (8 bytes).
    Removing gyro.o(.text.WaitForSPI1TXReady), (18 bytes).
    Removing gyro.o(.ARM.exidx.text.WaitForSPI1TXReady), (8 bytes).
    Removing gyro.o(.text.ReadFromGyro), (98 bytes).
    Removing gyro.o(.ARM.exidx.text.ReadFromGyro), (8 bytes).
    Removing gyro.o(.text.WriteToGyro), (88 bytes).
    Removing gyro.o(.ARM.exidx.text.WriteToGyro), (8 bytes).
    Removing gyro.o(.ARM.exidx.text.GyroInit), (8 bytes).
    Removing gyro.o(.ARM.exidx.text.GetAxisValue), (8 bytes).
    Removing gyro.o(.ARM.exidx.text.GetGyroValues), (8 bytes).
    Removing angles_estimation.o(.text), (0 bytes).
    Removing angles_estimation.o(.text.TiltCompensateThetaEstimation), (2 bytes).
    Removing angles_estimation.o(.ARM.exidx.text.TiltCompensateThetaEstimation), (8 bytes).
    Removing angles_estimation.o(.ARM.exidx.text.GetThetaAcc), (8 bytes).
    Removing angles_estimation.o(.ARM.exidx.text.GetPhiAcc), (8 bytes).
    Removing angles_estimation.o(.ARM.exidx.text.GetAccelerometerValuesInMS2), (8 bytes).
    Removing angles_estimation.o(.bss.bruit), (8 bytes).
    Removing angles_estimation.o(.bss.teta), (8 bytes).
    Removing angles_estimation.o(.bss.biais), (8 bytes).
    Removing angles_estimation.o(.data.TS), (8 bytes).
    Removing angles_estimation.o(.rodata.Kteta), (8 bytes).
    Removing angles_estimation.o(.rodata.Ki), (8 bytes).
    Removing i2c-lcd.o(.text), (0 bytes).
    Removing i2c-lcd.o(.text.LCD_Write), (52 bytes).
    Removing i2c-lcd.o(.ARM.exidx.text.LCD_Write), (8 bytes).
    Removing i2c-lcd.o(.ARM.exidx.text.lcd_send_cmd), (8 bytes).
    Removing i2c-lcd.o(.ARM.exidx.text.lcd_send_data), (8 bytes).
    Removing i2c-lcd.o(.ARM.exidx.text.lcd_clear), (8 bytes).
    Removing i2c-lcd.o(.ARM.exidx.text.lcd_put_cur), (8 bytes).
    Removing i2c-lcd.o(.ARM.exidx.text.lcd_init), (8 bytes).
    Removing i2c-lcd.o(.ARM.exidx.text.lcd_send_string), (8 bytes).
    Removing motor_pwm.o(.text), (0 bytes).
    Removing motor_pwm.o(.text.MotorPWM_EPort_PinSetup), (90 bytes).
    Removing motor_pwm.o(.ARM.exidx.text.MotorPWM_EPort_PinSetup), (8 bytes).
    Removing motor_pwm.o(.ARM.exidx.text.MotorPWM_BPort_PinSetup), (8 bytes).
    Removing motor_pwm.o(.text.MotorPWM_Timer1Setup), (52 bytes).
    Removing motor_pwm.o(.ARM.exidx.text.MotorPWM_Timer1Setup), (8 bytes).
    Removing motor_pwm.o(.ARM.exidx.text.MotorPWM_Timer3Setup), (8 bytes).
    Removing motor_pwm.o(.text.MotorPWM_TIM1_Start), (88 bytes).
    Removing motor_pwm.o(.ARM.exidx.text.MotorPWM_TIM1_Start), (8 bytes).
    Removing motor_pwm.o(.ARM.exidx.text.MotorPWM_TIM3_Start), (8 bytes).
    Removing i2c.o(.text), (0 bytes).
    Removing i2c.o(.text.I2C_Config), (130 bytes).
    Removing i2c.o(.ARM.exidx.text.I2C_Config), (8 bytes).
    Removing i2c.o(.text.I2C_Start), (32 bytes).
    Removing i2c.o(.ARM.exidx.text.I2C_Start), (8 bytes).
    Removing i2c.o(.text.I2C_Write), (28 bytes).
    Removing i2c.o(.ARM.exidx.text.I2C_Write), (8 bytes).
    Removing i2c.o(.text.I2C_Address), (24 bytes).
    Removing i2c.o(.ARM.exidx.text.I2C_Address), (8 bytes).
    Removing i2c.o(.text.I2C_Stop), (18 bytes).
    Removing i2c.o(.ARM.exidx.text.I2C_Stop), (8 bytes).
    Removing i2c.o(.text.I2C_WriteMulti), (44 bytes).
    Removing i2c.o(.ARM.exidx.text.I2C_WriteMulti), (8 bytes).
    Removing i2c.o(.text.I2C_Read), (162 bytes).
    Removing i2c.o(.ARM.exidx.text.I2C_Read), (8 bytes).
    Removing stm32f4xx_hal.o(.text), (0 bytes).
    Removing stm32f4xx_hal.o(.text.HAL_Init), (46 bytes).
    Removing stm32f4xx_hal.o(.ARM.exidx.text.HAL_Init), (8 bytes).
    Removing stm32f4xx_hal.o(.text.HAL_InitTick), (80 bytes).
    Removing stm32f4xx_hal.o(.ARM.exidx.text.HAL_InitTick), (8 bytes).
    Removing stm32f4xx_hal.o(.text.HAL_MspInit), (2 bytes).
    Removing stm32f4xx_hal.o(.ARM.exidx.text.HAL_MspInit), (8 bytes).
    Removing stm32f4xx_hal.o(.text.HAL_DeInit), (44 bytes).
    Removing stm32f4xx_hal.o(.ARM.exidx.text.HAL_DeInit), (8 bytes).
    Removing stm32f4xx_hal.o(.text.HAL_MspDeInit), (2 bytes).
    Removing stm32f4xx_hal.o(.ARM.exidx.text.HAL_MspDeInit), (8 bytes).
    Removing stm32f4xx_hal.o(.text.HAL_IncTick), (26 bytes).
    Removing stm32f4xx_hal.o(.ARM.exidx.text.HAL_IncTick), (8 bytes).
    Removing stm32f4xx_hal.o(.text.HAL_GetTick), (12 bytes).
    Removing stm32f4xx_hal.o(.ARM.exidx.text.HAL_GetTick), (8 bytes).
    Removing stm32f4xx_hal.o(.text.HAL_GetTickPrio), (12 bytes).
    Removing stm32f4xx_hal.o(.ARM.exidx.text.HAL_GetTickPrio), (8 bytes).
    Removing stm32f4xx_hal.o(.text.HAL_SetTickFreq), (46 bytes).
    Removing stm32f4xx_hal.o(.ARM.exidx.text.HAL_SetTickFreq), (8 bytes).
    Removing stm32f4xx_hal.o(.text.HAL_GetTickFreq), (12 bytes).
    Removing stm32f4xx_hal.o(.ARM.exidx.text.HAL_GetTickFreq), (8 bytes).
    Removing stm32f4xx_hal.o(.text.HAL_Delay), (40 bytes).
    Removing stm32f4xx_hal.o(.ARM.exidx.text.HAL_Delay), (8 bytes).
    Removing stm32f4xx_hal.o(.text.HAL_SuspendTick), (18 bytes).
    Removing stm32f4xx_hal.o(.ARM.exidx.text.HAL_SuspendTick), (8 bytes).
    Removing stm32f4xx_hal.o(.text.HAL_ResumeTick), (18 bytes).
    Removing stm32f4xx_hal.o(.ARM.exidx.text.HAL_ResumeTick), (8 bytes).
    Removing stm32f4xx_hal.o(.text.HAL_GetHalVersion), (10 bytes).
    Removing stm32f4xx_hal.o(.ARM.exidx.text.HAL_GetHalVersion), (8 bytes).
    Removing stm32f4xx_hal.o(.text.HAL_GetREVID), (14 bytes).
    Removing stm32f4xx_hal.o(.ARM.exidx.text.HAL_GetREVID), (8 bytes).
    Removing stm32f4xx_hal.o(.text.HAL_GetDEVID), (16 bytes).
    Removing stm32f4xx_hal.o(.ARM.exidx.text.HAL_GetDEVID), (8 bytes).
    Removing stm32f4xx_hal.o(.text.HAL_DBGMCU_EnableDBGSleepMode), (18 bytes).
    Removing stm32f4xx_hal.o(.ARM.exidx.text.HAL_DBGMCU_EnableDBGSleepMode), (8 bytes).
    Removing stm32f4xx_hal.o(.text.HAL_DBGMCU_DisableDBGSleepMode), (18 bytes).
    Removing stm32f4xx_hal.o(.ARM.exidx.text.HAL_DBGMCU_DisableDBGSleepMode), (8 bytes).
    Removing stm32f4xx_hal.o(.text.HAL_DBGMCU_EnableDBGStopMode), (18 bytes).
    Removing stm32f4xx_hal.o(.ARM.exidx.text.HAL_DBGMCU_EnableDBGStopMode), (8 bytes).
    Removing stm32f4xx_hal.o(.text.HAL_DBGMCU_DisableDBGStopMode), (18 bytes).
    Removing stm32f4xx_hal.o(.ARM.exidx.text.HAL_DBGMCU_DisableDBGStopMode), (8 bytes).
    Removing stm32f4xx_hal.o(.text.HAL_DBGMCU_EnableDBGStandbyMode), (18 bytes).
    Removing stm32f4xx_hal.o(.ARM.exidx.text.HAL_DBGMCU_EnableDBGStandbyMode), (8 bytes).
    Removing stm32f4xx_hal.o(.text.HAL_DBGMCU_DisableDBGStandbyMode), (18 bytes).
    Removing stm32f4xx_hal.o(.ARM.exidx.text.HAL_DBGMCU_DisableDBGStandbyMode), (8 bytes).
    Removing stm32f4xx_hal.o(.text.HAL_EnableCompensationCell), (14 bytes).
    Removing stm32f4xx_hal.o(.ARM.exidx.text.HAL_EnableCompensationCell), (8 bytes).
    Removing stm32f4xx_hal.o(.text.HAL_DisableCompensationCell), (14 bytes).
    Removing stm32f4xx_hal.o(.ARM.exidx.text.HAL_DisableCompensationCell), (8 bytes).
    Removing stm32f4xx_hal.o(.text.HAL_GetUIDw0), (12 bytes).
    Removing stm32f4xx_hal.o(.ARM.exidx.text.HAL_GetUIDw0), (8 bytes).
    Removing stm32f4xx_hal.o(.text.HAL_GetUIDw1), (12 bytes).
    Removing stm32f4xx_hal.o(.ARM.exidx.text.HAL_GetUIDw1), (8 bytes).
    Removing stm32f4xx_hal.o(.text.HAL_GetUIDw2), (12 bytes).
    Removing stm32f4xx_hal.o(.ARM.exidx.text.HAL_GetUIDw2), (8 bytes).
    Removing stm32f4xx_hal.o(.data.uwTickPrio), (4 bytes).
    Removing stm32f4xx_hal.o(.data.uwTickFreq), (1 bytes).
    Removing stm32f4xx_hal.o(.bss.uwTick), (4 bytes).
    Removing stm32f4xx_hal_cortex.o(.text), (0 bytes).
    Removing stm32f4xx_hal_cortex.o(.text.HAL_NVIC_SetPriorityGrouping), (32 bytes).
    Removing stm32f4xx_hal_cortex.o(.ARM.exidx.text.HAL_NVIC_SetPriorityGrouping), (8 bytes).
    Removing stm32f4xx_hal_cortex.o(.text.HAL_NVIC_SetPriority), (86 bytes).
    Removing stm32f4xx_hal_cortex.o(.ARM.exidx.text.HAL_NVIC_SetPriority), (8 bytes).
    Removing stm32f4xx_hal_cortex.o(.text.HAL_NVIC_EnableIRQ), (32 bytes).
    Removing stm32f4xx_hal_cortex.o(.ARM.exidx.text.HAL_NVIC_EnableIRQ), (8 bytes).
    Removing stm32f4xx_hal_cortex.o(.text.HAL_NVIC_DisableIRQ), (40 bytes).
    Removing stm32f4xx_hal_cortex.o(.ARM.exidx.text.HAL_NVIC_DisableIRQ), (8 bytes).
    Removing stm32f4xx_hal_cortex.o(.text.HAL_NVIC_SystemReset), (4 bytes).
    Removing stm32f4xx_hal_cortex.o(.ARM.exidx.text.HAL_NVIC_SystemReset), (8 bytes).
    Removing stm32f4xx_hal_cortex.o(.text.__NVIC_SystemReset), (36 bytes).
    Removing stm32f4xx_hal_cortex.o(.ARM.exidx.text.__NVIC_SystemReset), (8 bytes).
    Removing stm32f4xx_hal_cortex.o(.text.HAL_SYSTICK_Config), (44 bytes).
    Removing stm32f4xx_hal_cortex.o(.ARM.exidx.text.HAL_SYSTICK_Config), (8 bytes).
    Removing stm32f4xx_hal_cortex.o(.text.HAL_MPU_Disable), (26 bytes).
    Removing stm32f4xx_hal_cortex.o(.ARM.exidx.text.HAL_MPU_Disable), (8 bytes).
    Removing stm32f4xx_hal_cortex.o(.text.HAL_MPU_Enable), (32 bytes).
    Removing stm32f4xx_hal_cortex.o(.ARM.exidx.text.HAL_MPU_Enable), (8 bytes).
    Removing stm32f4xx_hal_cortex.o(.text.HAL_MPU_ConfigRegion), (94 bytes).
    Removing stm32f4xx_hal_cortex.o(.ARM.exidx.text.HAL_MPU_ConfigRegion), (8 bytes).
    Removing stm32f4xx_hal_cortex.o(.text.HAL_NVIC_GetPriorityGrouping), (16 bytes).
    Removing stm32f4xx_hal_cortex.o(.ARM.exidx.text.HAL_NVIC_GetPriorityGrouping), (8 bytes).
    Removing stm32f4xx_hal_cortex.o(.text.HAL_NVIC_GetPriority), (90 bytes).
    Removing stm32f4xx_hal_cortex.o(.ARM.exidx.text.HAL_NVIC_GetPriority), (8 bytes).
    Removing stm32f4xx_hal_cortex.o(.text.HAL_NVIC_SetPendingIRQ), (32 bytes).
    Removing stm32f4xx_hal_cortex.o(.ARM.exidx.text.HAL_NVIC_SetPendingIRQ), (8 bytes).
    Removing stm32f4xx_hal_cortex.o(.text.HAL_NVIC_GetPendingIRQ), (36 bytes).
    Removing stm32f4xx_hal_cortex.o(.ARM.exidx.text.HAL_NVIC_GetPendingIRQ), (8 bytes).
    Removing stm32f4xx_hal_cortex.o(.text.HAL_NVIC_ClearPendingIRQ), (32 bytes).
    Removing stm32f4xx_hal_cortex.o(.ARM.exidx.text.HAL_NVIC_ClearPendingIRQ), (8 bytes).
    Removing stm32f4xx_hal_cortex.o(.text.HAL_NVIC_GetActive), (36 bytes).
    Removing stm32f4xx_hal_cortex.o(.ARM.exidx.text.HAL_NVIC_GetActive), (8 bytes).
    Removing stm32f4xx_hal_cortex.o(.text.HAL_SYSTICK_CLKSourceConfig), (24 bytes).
    Removing stm32f4xx_hal_cortex.o(.ARM.exidx.text.HAL_SYSTICK_CLKSourceConfig), (8 bytes).
    Removing stm32f4xx_hal_cortex.o(.text.HAL_SYSTICK_IRQHandler), (4 bytes).
    Removing stm32f4xx_hal_cortex.o(.ARM.exidx.text.HAL_SYSTICK_IRQHandler), (8 bytes).
    Removing stm32f4xx_hal_cortex.o(.text.HAL_SYSTICK_Callback), (2 bytes).
    Removing stm32f4xx_hal_cortex.o(.ARM.exidx.text.HAL_SYSTICK_Callback), (8 bytes).
    Removing stm32f4xx_hal_gpio.o(.text), (0 bytes).
    Removing stm32f4xx_hal_gpio.o(.text.HAL_GPIO_Init), (408 bytes).
    Removing stm32f4xx_hal_gpio.o(.ARM.exidx.text.HAL_GPIO_Init), (8 bytes).
    Removing stm32f4xx_hal_gpio.o(.text.HAL_GPIO_DeInit), (258 bytes).
    Removing stm32f4xx_hal_gpio.o(.ARM.exidx.text.HAL_GPIO_DeInit), (8 bytes).
    Removing stm32f4xx_hal_gpio.o(.text.HAL_GPIO_ReadPin), (10 bytes).
    Removing stm32f4xx_hal_gpio.o(.ARM.exidx.text.HAL_GPIO_ReadPin), (8 bytes).
    Removing stm32f4xx_hal_gpio.o(.text.HAL_GPIO_WritePin), (10 bytes).
    Removing stm32f4xx_hal_gpio.o(.ARM.exidx.text.HAL_GPIO_WritePin), (8 bytes).
    Removing stm32f4xx_hal_gpio.o(.text.HAL_GPIO_TogglePin), (16 bytes).
    Removing stm32f4xx_hal_gpio.o(.ARM.exidx.text.HAL_GPIO_TogglePin), (8 bytes).
    Removing stm32f4xx_hal_gpio.o(.text.HAL_GPIO_LockPin), (44 bytes).
    Removing stm32f4xx_hal_gpio.o(.ARM.exidx.text.HAL_GPIO_LockPin), (8 bytes).
    Removing stm32f4xx_hal_gpio.o(.text.HAL_GPIO_EXTI_IRQHandler), (22 bytes).
    Removing stm32f4xx_hal_gpio.o(.ARM.exidx.text.HAL_GPIO_EXTI_IRQHandler), (8 bytes).
    Removing stm32f4xx_hal_gpio.o(.text.HAL_GPIO_EXTI_Callback), (2 bytes).
    Removing stm32f4xx_hal_gpio.o(.ARM.exidx.text.HAL_GPIO_EXTI_Callback), (8 bytes).
    Removing stm32f4xx_hal_pwr.o(.text), (0 bytes).
    Removing stm32f4xx_hal_pwr.o(.text.HAL_PWR_DeInit), (26 bytes).
    Removing stm32f4xx_hal_pwr.o(.ARM.exidx.text.HAL_PWR_DeInit), (8 bytes).
    Removing stm32f4xx_hal_pwr.o(.text.HAL_PWR_EnableBkUpAccess), (30 bytes).
    Removing stm32f4xx_hal_pwr.o(.ARM.exidx.text.HAL_PWR_EnableBkUpAccess), (8 bytes).
    Removing stm32f4xx_hal_pwr.o(.text.HAL_PWR_DisableBkUpAccess), (30 bytes).
    Removing stm32f4xx_hal_pwr.o(.ARM.exidx.text.HAL_PWR_DisableBkUpAccess), (8 bytes).
    Removing stm32f4xx_hal_pwr.o(.text.HAL_PWR_ConfigPVD), (128 bytes).
    Removing stm32f4xx_hal_pwr.o(.ARM.exidx.text.HAL_PWR_ConfigPVD), (8 bytes).
    Removing stm32f4xx_hal_pwr.o(.text.HAL_PWR_EnablePVD), (12 bytes).
    Removing stm32f4xx_hal_pwr.o(.ARM.exidx.text.HAL_PWR_EnablePVD), (8 bytes).
    Removing stm32f4xx_hal_pwr.o(.text.HAL_PWR_DisablePVD), (12 bytes).
    Removing stm32f4xx_hal_pwr.o(.ARM.exidx.text.HAL_PWR_DisablePVD), (8 bytes).
    Removing stm32f4xx_hal_pwr.o(.text.HAL_PWR_EnableWakeUpPin), (16 bytes).
    Removing stm32f4xx_hal_pwr.o(.ARM.exidx.text.HAL_PWR_EnableWakeUpPin), (8 bytes).
    Removing stm32f4xx_hal_pwr.o(.text.HAL_PWR_DisableWakeUpPin), (18 bytes).
    Removing stm32f4xx_hal_pwr.o(.ARM.exidx.text.HAL_PWR_DisableWakeUpPin), (8 bytes).
    Removing stm32f4xx_hal_pwr.o(.text.HAL_PWR_EnterSLEEPMode), (30 bytes).
    Removing stm32f4xx_hal_pwr.o(.ARM.exidx.text.HAL_PWR_EnterSLEEPMode), (8 bytes).
    Removing stm32f4xx_hal_pwr.o(.text.HAL_PWR_EnterSTOPMode), (60 bytes).
    Removing stm32f4xx_hal_pwr.o(.ARM.exidx.text.HAL_PWR_EnterSTOPMode), (8 bytes).
    Removing stm32f4xx_hal_pwr.o(.text.HAL_PWR_EnterSTANDBYMode), (36 bytes).
    Removing stm32f4xx_hal_pwr.o(.ARM.exidx.text.HAL_PWR_EnterSTANDBYMode), (8 bytes).
    Removing stm32f4xx_hal_pwr.o(.text.HAL_PWR_PVD_IRQHandler), (30 bytes).
    Removing stm32f4xx_hal_pwr.o(.ARM.exidx.text.HAL_PWR_PVD_IRQHandler), (8 bytes).
    Removing stm32f4xx_hal_pwr.o(.text.HAL_PWR_PVDCallback), (2 bytes).
    Removing stm32f4xx_hal_pwr.o(.ARM.exidx.text.HAL_PWR_PVDCallback), (8 bytes).
    Removing stm32f4xx_hal_pwr.o(.text.HAL_PWR_EnableSleepOnExit), (18 bytes).
    Removing stm32f4xx_hal_pwr.o(.ARM.exidx.text.HAL_PWR_EnableSleepOnExit), (8 bytes).
    Removing stm32f4xx_hal_pwr.o(.text.HAL_PWR_DisableSleepOnExit), (18 bytes).
    Removing stm32f4xx_hal_pwr.o(.ARM.exidx.text.HAL_PWR_DisableSleepOnExit), (8 bytes).
    Removing stm32f4xx_hal_pwr.o(.text.HAL_PWR_EnableSEVOnPend), (18 bytes).
    Removing stm32f4xx_hal_pwr.o(.ARM.exidx.text.HAL_PWR_EnableSEVOnPend), (8 bytes).
    Removing stm32f4xx_hal_pwr.o(.text.HAL_PWR_DisableSEVOnPend), (18 bytes).
    Removing stm32f4xx_hal_pwr.o(.ARM.exidx.text.HAL_PWR_DisableSEVOnPend), (8 bytes).
    Removing stm32f4xx_hal_pwr_ex.o(.text), (0 bytes).
    Removing stm32f4xx_hal_pwr_ex.o(.text.HAL_PWREx_EnableBkUpReg), (54 bytes).
    Removing stm32f4xx_hal_pwr_ex.o(.ARM.exidx.text.HAL_PWREx_EnableBkUpReg), (8 bytes).
    Removing stm32f4xx_hal_pwr_ex.o(.text.HAL_PWREx_DisableBkUpReg), (54 bytes).
    Removing stm32f4xx_hal_pwr_ex.o(.ARM.exidx.text.HAL_PWREx_DisableBkUpReg), (8 bytes).
    Removing stm32f4xx_hal_pwr_ex.o(.text.HAL_PWREx_EnableFlashPowerDown), (12 bytes).
    Removing stm32f4xx_hal_pwr_ex.o(.ARM.exidx.text.HAL_PWREx_EnableFlashPowerDown), (8 bytes).
    Removing stm32f4xx_hal_pwr_ex.o(.text.HAL_PWREx_DisableFlashPowerDown), (12 bytes).
    Removing stm32f4xx_hal_pwr_ex.o(.ARM.exidx.text.HAL_PWREx_DisableFlashPowerDown), (8 bytes).
    Removing stm32f4xx_hal_pwr_ex.o(.text.HAL_PWREx_GetVoltageRange), (16 bytes).
    Removing stm32f4xx_hal_pwr_ex.o(.ARM.exidx.text.HAL_PWREx_GetVoltageRange), (8 bytes).
    Removing stm32f4xx_hal_pwr_ex.o(.text.HAL_PWREx_ControlVoltageScaling), (194 bytes).
    Removing stm32f4xx_hal_pwr_ex.o(.ARM.exidx.text.HAL_PWREx_ControlVoltageScaling), (8 bytes).
    Removing stm32f4xx_hal_pwr_ex.o(.text.HAL_PWREx_EnableMainRegulatorLowVoltage), (12 bytes).
    Removing stm32f4xx_hal_pwr_ex.o(.ARM.exidx.text.HAL_PWREx_EnableMainRegulatorLowVoltage), (8 bytes).
    Removing stm32f4xx_hal_pwr_ex.o(.text.HAL_PWREx_DisableMainRegulatorLowVoltage), (12 bytes).
    Removing stm32f4xx_hal_pwr_ex.o(.ARM.exidx.text.HAL_PWREx_DisableMainRegulatorLowVoltage), (8 bytes).
    Removing stm32f4xx_hal_pwr_ex.o(.text.HAL_PWREx_EnableLowRegulatorLowVoltage), (12 bytes).
    Removing stm32f4xx_hal_pwr_ex.o(.ARM.exidx.text.HAL_PWREx_EnableLowRegulatorLowVoltage), (8 bytes).
    Removing stm32f4xx_hal_pwr_ex.o(.text.HAL_PWREx_DisableLowRegulatorLowVoltage), (12 bytes).
    Removing stm32f4xx_hal_pwr_ex.o(.ARM.exidx.text.HAL_PWREx_DisableLowRegulatorLowVoltage), (8 bytes).
    Removing stm32f4xx_hal_rcc.o(.text), (0 bytes).
    Removing stm32f4xx_hal_rcc.o(.text.HAL_RCC_DeInit), (4 bytes).
    Removing stm32f4xx_hal_rcc.o(.ARM.exidx.text.HAL_RCC_DeInit), (8 bytes).
    Removing stm32f4xx_hal_rcc.o(.text.HAL_RCC_OscConfig), (852 bytes).
    Removing stm32f4xx_hal_rcc.o(.ARM.exidx.text.HAL_RCC_OscConfig), (8 bytes).
    Removing stm32f4xx_hal_rcc.o(.text.HAL_RCC_ClockConfig), (352 bytes).
    Removing stm32f4xx_hal_rcc.o(.ARM.exidx.text.HAL_RCC_ClockConfig), (8 bytes).
    Removing stm32f4xx_hal_rcc.o(.text.HAL_RCC_GetSysClockFreq), (106 bytes).
    Removing stm32f4xx_hal_rcc.o(.ARM.exidx.text.HAL_RCC_GetSysClockFreq), (8 bytes).
    Removing stm32f4xx_hal_rcc.o(.text.HAL_RCC_MCOConfig), (160 bytes).
    Removing stm32f4xx_hal_rcc.o(.ARM.exidx.text.HAL_RCC_MCOConfig), (8 bytes).
    Removing stm32f4xx_hal_rcc.o(.text.HAL_RCC_EnableCSS), (12 bytes).
    Removing stm32f4xx_hal_rcc.o(.ARM.exidx.text.HAL_RCC_EnableCSS), (8 bytes).
    Removing stm32f4xx_hal_rcc.o(.text.HAL_RCC_DisableCSS), (12 bytes).
    Removing stm32f4xx_hal_rcc.o(.ARM.exidx.text.HAL_RCC_DisableCSS), (8 bytes).
    Removing stm32f4xx_hal_rcc.o(.text.HAL_RCC_GetHCLKFreq), (12 bytes).
    Removing stm32f4xx_hal_rcc.o(.ARM.exidx.text.HAL_RCC_GetHCLKFreq), (8 bytes).
    Removing stm32f4xx_hal_rcc.o(.text.HAL_RCC_GetPCLK1Freq), (38 bytes).
    Removing stm32f4xx_hal_rcc.o(.ARM.exidx.text.HAL_RCC_GetPCLK1Freq), (8 bytes).
    Removing stm32f4xx_hal_rcc.o(.text.HAL_RCC_GetPCLK2Freq), (38 bytes).
    Removing stm32f4xx_hal_rcc.o(.ARM.exidx.text.HAL_RCC_GetPCLK2Freq), (8 bytes).
    Removing stm32f4xx_hal_rcc.o(.text.HAL_RCC_GetOscConfig), (150 bytes).
    Removing stm32f4xx_hal_rcc.o(.ARM.exidx.text.HAL_RCC_GetOscConfig), (8 bytes).
    Removing stm32f4xx_hal_rcc.o(.text.HAL_RCC_GetClockConfig), (62 bytes).
    Removing stm32f4xx_hal_rcc.o(.ARM.exidx.text.HAL_RCC_GetClockConfig), (8 bytes).
    Removing stm32f4xx_hal_rcc.o(.text.HAL_RCC_NMI_IRQHandler), (28 bytes).
    Removing stm32f4xx_hal_rcc.o(.ARM.exidx.text.HAL_RCC_NMI_IRQHandler), (8 bytes).
    Removing stm32f4xx_hal_rcc.o(.text.HAL_RCC_CSSCallback), (2 bytes).
    Removing stm32f4xx_hal_rcc.o(.ARM.exidx.text.HAL_RCC_CSSCallback), (8 bytes).
    Removing stm32f4xx_hal_rcc_ex.o(.text), (0 bytes).
    Removing stm32f4xx_hal_rcc_ex.o(.text.HAL_RCCEx_PeriphCLKConfig), (342 bytes).
    Removing stm32f4xx_hal_rcc_ex.o(.ARM.exidx.text.HAL_RCCEx_PeriphCLKConfig), (8 bytes).
    Removing stm32f4xx_hal_rcc_ex.o(.text.HAL_RCCEx_GetPeriphCLKConfig), (66 bytes).
    Removing stm32f4xx_hal_rcc_ex.o(.ARM.exidx.text.HAL_RCCEx_GetPeriphCLKConfig), (8 bytes).
    Removing stm32f4xx_hal_rcc_ex.o(.text.HAL_RCCEx_GetPeriphCLKFreq), (78 bytes).
    Removing stm32f4xx_hal_rcc_ex.o(.ARM.exidx.text.HAL_RCCEx_GetPeriphCLKFreq), (8 bytes).
    Removing stm32f4xx_hal_rcc_ex.o(.text.HAL_RCCEx_SelectLSEMode), (24 bytes).
    Removing stm32f4xx_hal_rcc_ex.o(.ARM.exidx.text.HAL_RCCEx_SelectLSEMode), (8 bytes).
    Removing stm32f4xx_hal_rcc_ex.o(.text.HAL_RCCEx_EnablePLLI2S), (104 bytes).
    Removing stm32f4xx_hal_rcc_ex.o(.ARM.exidx.text.HAL_RCCEx_EnablePLLI2S), (8 bytes).
    Removing stm32f4xx_hal_rcc_ex.o(.text.HAL_RCCEx_DisablePLLI2S), (52 bytes).
    Removing stm32f4xx_hal_rcc_ex.o(.ARM.exidx.text.HAL_RCCEx_DisablePLLI2S), (8 bytes).
    Removing stm32f4xx_hal_rcc_ex.o(.text.HAL_RCC_DeInit), (286 bytes).
    Removing stm32f4xx_hal_rcc_ex.o(.ARM.exidx.text.HAL_RCC_DeInit), (8 bytes).
    Removing startup_stm32f411xe.o(HEAP), (512 bytes).
    Removing system_stm32f4xx.o(.text), (0 bytes).
    Removing system_stm32f4xx.o(.ARM.exidx.text.SystemInit), (8 bytes).
    Removing system_stm32f4xx.o(.text.SystemCoreClockUpdate), (134 bytes).
    Removing system_stm32f4xx.o(.ARM.exidx.text.SystemCoreClockUpdate), (8 bytes).
    Removing system_stm32f4xx.o(.data.SystemCoreClock), (4 bytes).
    Removing system_stm32f4xx.o(.rodata.AHBPrescTable), (16 bytes).
    Removing system_stm32f4xx.o(.rodata.APBPrescTable), (8 bytes).
    Removing dneg.o(.text), (6 bytes).

361 unused section(s) (total 12309 bytes) removed from the image.

==============================================================================

Image Symbol Table

    Local Symbols

    Symbol Name                              Value     Ov Type        Size  Object(Section)

    ../clib/division.s                       0x00000000   Number         0  aeabi_sdiv.o ABSOLUTE
    ../clib/microlib/division.c              0x00000000   Number         0  uldiv.o ABSOLUTE
    ../clib/microlib/division.c              0x00000000   Number         0  uidiv.o ABSOLUTE
    ../clib/microlib/errno.c                 0x00000000   Number         0  errno.o ABSOLUTE
    ../clib/microlib/init/entry.s            0x00000000   Number         0  entry.o ABSOLUTE
    ../clib/microlib/init/entry.s            0x00000000   Number         0  entry2.o ABSOLUTE
    ../clib/microlib/init/entry.s            0x00000000   Number         0  entry5.o ABSOLUTE
    ../clib/microlib/init/entry.s            0x00000000   Number         0  entry7a.o ABSOLUTE
    ../clib/microlib/init/entry.s            0x00000000   Number         0  entry7b.o ABSOLUTE
    ../clib/microlib/init/entry.s            0x00000000   Number         0  entry8a.o ABSOLUTE
    ../clib/microlib/init/entry.s            0x00000000   Number         0  entry8b.o ABSOLUTE
    ../clib/microlib/init/entry.s            0x00000000   Number         0  entry9a.o ABSOLUTE
    ../clib/microlib/init/entry.s            0x00000000   Number         0  entry9b.o ABSOLUTE
    ../clib/microlib/init/entry.s            0x00000000   Number         0  entry10a.o ABSOLUTE
    ../clib/microlib/init/entry.s            0x00000000   Number         0  entry10b.o ABSOLUTE
    ../clib/microlib/init/entry.s            0x00000000   Number         0  entry11a.o ABSOLUTE
    ../clib/microlib/init/entry.s            0x00000000   Number         0  entry11b.o ABSOLUTE
    ../clib/microlib/longlong.c              0x00000000   Number         0  llshl.o ABSOLUTE
    ../clib/microlib/longlong.c              0x00000000   Number         0  llushr.o ABSOLUTE
    ../clib/microlib/longlong.c              0x00000000   Number         0  llsshr.o ABSOLUTE
    ../clib/microlib/printf/printf.c         0x00000000   Number         0  printfb.o ABSOLUTE
    ../clib/microlib/printf/printf.c         0x00000000   Number         0  printf0.o ABSOLUTE
    ../clib/microlib/printf/printf.c         0x00000000   Number         0  printf1.o ABSOLUTE
    ../clib/microlib/printf/printf.c         0x00000000   Number         0  printf2.o ABSOLUTE
    ../clib/microlib/printf/printf.c         0x00000000   Number         0  printf3.o ABSOLUTE
    ../clib/microlib/printf/printf.c         0x00000000   Number         0  printf4.o ABSOLUTE
    ../clib/microlib/printf/printf.c         0x00000000   Number         0  printf5.o ABSOLUTE
    ../clib/microlib/printf/printf.c         0x00000000   Number         0  printf6.o ABSOLUTE
    ../clib/microlib/printf/printf.c         0x00000000   Number         0  printf7.o ABSOLUTE
    ../clib/microlib/printf/printf.c         0x00000000   Number         0  printf8.o ABSOLUTE
    ../clib/microlib/printf/printf.c         0x00000000   Number         0  printfa.o ABSOLUTE
    ../clib/microlib/printf/stubs.s          0x00000000   Number         0  printfstubs.o ABSOLUTE
    ../clib/microlib/stdio/fputc.c           0x00000000   Number         0  fputc.o ABSOLUTE
    ../clib/microlib/stdio/fputc.c           0x00000000   Number         0  fputc_h.o ABSOLUTE
    ../clib/microlib/stdio/semi.s            0x00000000   Number         0  semi.o ABSOLUTE
    ../clib/microlib/stdio/streams.c         0x00000000   Number         0  stdout.o ABSOLUTE
    ../clib/microlib/stubs.s                 0x00000000   Number         0  iusefp.o ABSOLUTE
    ../clib/microlib/stubs.s                 0x00000000   Number         0  iusesemip.o ABSOLUTE
    ../fplib/microlib/d2f.c                  0x00000000   Number         0  d2f.o ABSOLUTE
    ../fplib/microlib/f2d.c                  0x00000000   Number         0  f2d.o ABSOLUTE
    ../fplib/microlib/fpadd.c                0x00000000   Number         0  dadd.o ABSOLUTE
    ../fplib/microlib/fpdiv.c                0x00000000   Number         0  ddiv.o ABSOLUTE
    ../fplib/microlib/fpepilogue.c           0x00000000   Number         0  fepilogue.o ABSOLUTE
    ../fplib/microlib/fpepilogue.c           0x00000000   Number         0  depilogue.o ABSOLUTE
    ../fplib/microlib/fpfix.c                0x00000000   Number         0  dfixi.o ABSOLUTE
    ../fplib/microlib/fpfix.c                0x00000000   Number         0  dfixul.o ABSOLUTE
    ../fplib/microlib/fpflt.c                0x00000000   Number         0  dflti.o ABSOLUTE
    ../fplib/microlib/fpflt.c                0x00000000   Number         0  dfltui.o ABSOLUTE
    ../fplib/microlib/fpmul.c                0x00000000   Number         0  dmul.o ABSOLUTE
    ../fplib/microlib/fpneg.c                0x00000000   Number         0  dneg.o ABSOLUTE
    ../fplib/microlib/fpsqrt.c               0x00000000   Number         0  dsqrt.o ABSOLUTE
    ../mathlib/asin.c                        0x00000000   Number         0  asin.o ABSOLUTE
    ../mathlib/atan.c                        0x00000000   Number         0  atan.o ABSOLUTE
    ../mathlib/dunder.c                      0x00000000   Number         0  dunder.o ABSOLUTE
    ../mathlib/fabs.c                        0x00000000   Number         0  fabs.o ABSOLUTE
    ../mathlib/fpclassify.c                  0x00000000   Number         0  fpclassify.o ABSOLUTE
    ../mathlib/poly.c                        0x00000000   Number         0  poly.o ABSOLUTE
    ../mathlib/sqrt.c                        0x00000000   Number         0  sqrt.o ABSOLUTE
    Accelerometer.c                          0x00000000   Number         0  accelerometer.o ABSOLUTE
    Angles_Estimation.c                      0x00000000   Number         0  angles_estimation.o ABSOLUTE
    Delay.c                                  0x00000000   Number         0  delay.o ABSOLUTE
    DisplayData.c                            0x00000000   Number         0  displaydata.o ABSOLUTE
    Gyro.c                                   0x00000000   Number         0  gyro.o ABSOLUTE
    I2C.c                                    0x00000000   Number         0  i2c.o ABSOLUTE
    Led.c                                    0x00000000   Number         0  led.o ABSOLUTE
    RTE/Device/STM32F411VETx/startup_stm32f411xe.s 0x00000000   Number         0  startup_stm32f411xe.o ABSOLUTE
    StringUtilities.c                        0x00000000   Number         0  stringutilities.o ABSOLUTE
    System_Config.c                          0x00000000   Number         0  system_config.o ABSOLUTE
    UART.c                                   0x00000000   Number         0  uart.o ABSOLUTE
    cdrcmple.s                               0x00000000   Number         0  cdrcmple.o ABSOLUTE
    dc.s                                     0x00000000   Number         0  dc.o ABSOLUTE
    handlers.s                               0x00000000   Number         0  handlers.o ABSOLUTE
    i2c-lcd.c                                0x00000000   Number         0  i2c-lcd.o ABSOLUTE
    init.s                                   0x00000000   Number         0  init.o ABSOLUTE
    main.c                                   0x00000000   Number         0  main.o ABSOLUTE
    motor_pwm.c                              0x00000000   Number         0  motor_pwm.o ABSOLUTE
    stm32f4xx_hal.c                          0x00000000   Number         0  stm32f4xx_hal.o ABSOLUTE
    stm32f4xx_hal_cortex.c                   0x00000000   Number         0  stm32f4xx_hal_cortex.o ABSOLUTE
    stm32f4xx_hal_gpio.c                     0x00000000   Number         0  stm32f4xx_hal_gpio.o ABSOLUTE
    stm32f4xx_hal_pwr.c                      0x00000000   Number         0  stm32f4xx_hal_pwr.o ABSOLUTE
    stm32f4xx_hal_pwr_ex.c                   0x00000000   Number         0  stm32f4xx_hal_pwr_ex.o ABSOLUTE
    stm32f4xx_hal_rcc.c                      0x00000000   Number         0  stm32f4xx_hal_rcc.o ABSOLUTE
    stm32f4xx_hal_rcc_ex.c                   0x00000000   Number         0  stm32f4xx_hal_rcc_ex.o ABSOLUTE
    system_stm32f4xx.c                       0x00000000   Number         0  system_stm32f4xx.o ABSOLUTE
    RESET                                    0x08000000   Section      408  startup_stm32f411xe.o(RESET)
    .ARM.Collect$$$$00000000                 0x08000198   Section        0  entry.o(.ARM.Collect$$$$00000000)
    .ARM.Collect$$$$00000001                 0x08000198   Section        4  entry2.o(.ARM.Collect$$$$00000001)
    .ARM.Collect$$$$00000004                 0x0800019c   Section        4  entry5.o(.ARM.Collect$$$$00000004)
    .ARM.Collect$$$$00000008                 0x080001a0   Section        0  entry7b.o(.ARM.Collect$$$$00000008)
    .ARM.Collect$$$$0000000A                 0x080001a0   Section        0  entry8b.o(.ARM.Collect$$$$0000000A)
    .ARM.Collect$$$$0000000B                 0x080001a0   Section        8  entry9a.o(.ARM.Collect$$$$0000000B)
    __lit__00000000                          0x080001a8   Data           4  entry2.o(.ARM.Collect$$$$00002712)
    .ARM.Collect$$$$0000000D                 0x080001a8   Section        0  entry10a.o(.ARM.Collect$$$$0000000D)
    .ARM.Collect$$$$0000000F                 0x080001a8   Section        0  entry11a.o(.ARM.Collect$$$$0000000F)
    .ARM.Collect$$$$00002712                 0x080001a8   Section        4  entry2.o(.ARM.Collect$$$$00002712)
    $v0                                      0x080001ac   Number         0  startup_stm32f411xe.o(.text)
    .text                                    0x080001ac   Section       36  startup_stm32f411xe.o(.text)
    .text                                    0x080001d0   Section        0  uldiv.o(.text)
    .text                                    0x08000232   Section        0  dadd.o(.text)
    .text                                    0x08000380   Section        0  dmul.o(.text)
    .text                                    0x08000464   Section        0  ddiv.o(.text)
    .text                                    0x08000542   Section        0  dflti.o(.text)
    .text                                    0x08000564   Section        0  dfltui.o(.text)
    .text                                    0x0800057e   Section        0  dfixi.o(.text)
    .text                                    0x080005bc   Section        0  f2d.o(.text)
    .text                                    0x080005e2   Section        0  d2f.o(.text)
    .text                                    0x0800061a   Section        0  uidiv.o(.text)
    .text                                    0x08000646   Section        0  llshl.o(.text)
    .text                                    0x08000664   Section        0  llushr.o(.text)
    .text                                    0x08000684   Section        0  llsshr.o(.text)
    .text                                    0x080006a8   Section        0  iusefp.o(.text)
    .text                                    0x080006a8   Section        0  fepilogue.o(.text)
    .text                                    0x08000716   Section        0  depilogue.o(.text)
    .text                                    0x080007d0   Section        0  dfixul.o(.text)
    .text                                    0x08000800   Section       48  cdrcmple.o(.text)
    .text                                    0x08000830   Section       48  init.o(.text)
    .text                                    0x08000860   Section        0  dsqrt.o(.text)
    [Anonymous Symbol]                       0x08000904   Section        0  accelerometer.o(.text.AccelerometerInit)
    [Anonymous Symbol]                       0x08000a3c   Section        0  displaydata.o(.text.ApplyLevel)
    [Anonymous Symbol]                       0x08000a78   Section        0  uart.o(.text.DMA1_Stream4_IRQHandler)
    [Anonymous Symbol]                       0x08000a9c   Section        0  uart.o(.text.DMA1_Stream5_IRQHandler)
    [Anonymous Symbol]                       0x08000ac4   Section        0  uart.o(.text.DMA1_Stream6_IRQHandler)
    [Anonymous Symbol]                       0x08000af8   Section        0  displaydata.o(.text.DisplayAxisValues)
    [Anonymous Symbol]                       0x08000d04   Section        0  system_config.o(.text.EXTI1_IRQHandler)
    [Anonymous Symbol]                       0x08000d40   Section        0  led.o(.text.GPIO_Config)
    [Anonymous Symbol]                       0x08000d7c   Section        0  accelerometer.o(.text.GetAccelerometerValues)
    [Anonymous Symbol]                       0x08000dc8   Section        0  angles_estimation.o(.text.GetAccelerometerValuesInMS2)
    [Anonymous Symbol]                       0x08000ebc   Section        0  gyro.o(.text.GetAxisValue)
    [Anonymous Symbol]                       0x08000f9c   Section        0  gyro.o(.text.GetGyroValues)
    [Anonymous Symbol]                       0x08000fc8   Section        0  angles_estimation.o(.text.GetPhiAcc)
    [Anonymous Symbol]                       0x08001020   Section        0  angles_estimation.o(.text.GetThetaAcc)
    [Anonymous Symbol]                       0x08001080   Section        0  gyro.o(.text.GyroInit)
    [Anonymous Symbol]                       0x0800119c   Section        0  accelerometer.o(.text.I2CEnableAcknowledge)
    [Anonymous Symbol]                       0x080011b0   Section        0  accelerometer.o(.text.I2CSendSlaveAddress)
    [Anonymous Symbol]                       0x080011d0   Section        0  accelerometer.o(.text.I2CStartRestart)
    [Anonymous Symbol]                       0x080011e4   Section        0  accelerometer.o(.text.I2CStop)
    [Anonymous Symbol]                       0x080011f8   Section        0  accelerometer.o(.text.I2CWaitIfBusy)
    [Anonymous Symbol]                       0x08001208   Section        0  accelerometer.o(.text.I2CWriteByte)
    [Anonymous Symbol]                       0x0800121c   Section        0  motor_pwm.o(.text.MotorPWM_BPort_PinSetup)
    [Anonymous Symbol]                       0x08001278   Section        0  motor_pwm.o(.text.MotorPWM_TIM3_Start)
    [Anonymous Symbol]                       0x080012d0   Section        0  motor_pwm.o(.text.MotorPWM_Timer3Setup)
    [Anonymous Symbol]                       0x08001308   Section        0  led.o(.text.Power_Off)
    [Anonymous Symbol]                       0x08001320   Section        0  led.o(.text.Power_On)
    [Anonymous Symbol]                       0x08001338   Section        0  displaydata.o(.text.PrintConsole)
    [Anonymous Symbol]                       0x0800137c   Section        0  accelerometer.o(.text.ReadFromAccelerometer)
    [Anonymous Symbol]                       0x08001400   Section        0  uart.o(.text.SendString)
    [Anonymous Symbol]                       0x08001468   Section        0  system_config.o(.text.SysClockConfig)
    [Anonymous Symbol]                       0x080014f0   Section        0  system_config.o(.text.Sys_PowerMode_Config)
    [Anonymous Symbol]                       0x08001570   Section        0  system_stm32f4xx.o(.text.SystemInit)
    [Anonymous Symbol]                       0x08001584   Section        0  delay.o(.text.TIM5Config)
    [Anonymous Symbol]                       0x080015b8   Section        0  led.o(.text.Testing_Toggle_4Led)
    [Anonymous Symbol]                       0x08001638   Section        0  uart.o(.text.USART1_IRQHandler)
    [Anonymous Symbol]                       0x08001660   Section        0  uart.o(.text.USART2_IRQHandler)
    [Anonymous Symbol]                       0x08001688   Section        0  uart.o(.text.Uart2Init)
    [Anonymous Symbol]                       0x0800175c   Section        0  delay.o(.text.delay_ms)
    [Anonymous Symbol]                       0x08001784   Section        0  delay.o(.text.delay_us)
    [Anonymous Symbol]                       0x08001798   Section        0  system_config.o(.text.getSystemClockSpeed)
    [Anonymous Symbol]                       0x08001948   Section        0  i2c-lcd.o(.text.lcd_clear)
    [Anonymous Symbol]                       0x080019bc   Section        0  i2c-lcd.o(.text.lcd_init)
    [Anonymous Symbol]                       0x08001b98   Section        0  i2c-lcd.o(.text.lcd_put_cur)
    [Anonymous Symbol]                       0x08001bb4   Section        0  i2c-lcd.o(.text.lcd_send_cmd)
    [Anonymous Symbol]                       0x08001c08   Section        0  i2c-lcd.o(.text.lcd_send_data)
    [Anonymous Symbol]                       0x08001c5c   Section        0  i2c-lcd.o(.text.lcd_send_string)
    [Anonymous Symbol]                       0x08001c80   Section        0  main.o(.text.main)
    i.__0snprintf                            0x08001dc0   Section        0  printfa.o(i.__0snprintf)
    i.__0vsnprintf                           0x08001df4   Section        0  printfa.o(i.__0vsnprintf)
    i.__ARM_fpclassify                       0x08001e28   Section        0  fpclassify.o(i.__ARM_fpclassify)
    i.__hardfp_asin                          0x08001e58   Section        0  asin.o(i.__hardfp_asin)
    i.__hardfp_atan                          0x080021b8   Section        0  atan.o(i.__hardfp_atan)
    i.__kernel_poly                          0x08002490   Section        0  poly.o(i.__kernel_poly)
    i.__mathlib_dbl_infnan                   0x08002588   Section        0  dunder.o(i.__mathlib_dbl_infnan)
    i.__mathlib_dbl_invalid                  0x080025a0   Section        0  dunder.o(i.__mathlib_dbl_invalid)
    i.__mathlib_dbl_underflow                0x080025c0   Section        0  dunder.o(i.__mathlib_dbl_underflow)
    i.__scatterload_copy                     0x080025e0   Section       14  handlers.o(i.__scatterload_copy)
    i.__scatterload_null                     0x080025ee   Section        2  handlers.o(i.__scatterload_null)
    i.__scatterload_zeroinit                 0x080025f0   Section       14  handlers.o(i.__scatterload_zeroinit)
    i.__set_errno                            0x08002600   Section        0  errno.o(i.__set_errno)
    _fp_digits                               0x0800260d   Thumb Code   366  printfa.o(i._fp_digits)
    i._fp_digits                             0x0800260c   Section        0  printfa.o(i._fp_digits)
    _printf_core                             0x08002791   Thumb Code  1744  printfa.o(i._printf_core)
    i._printf_core                           0x08002790   Section        0  printfa.o(i._printf_core)
    _printf_post_padding                     0x08002e6d   Thumb Code    36  printfa.o(i._printf_post_padding)
    i._printf_post_padding                   0x08002e6c   Section        0  printfa.o(i._printf_post_padding)
    _printf_pre_padding                      0x08002e91   Thumb Code    46  printfa.o(i._printf_pre_padding)
    i._printf_pre_padding                    0x08002e90   Section        0  printfa.o(i._printf_pre_padding)
    _snputc                                  0x08002ebf   Thumb Code    22  printfa.o(i._snputc)
    i._snputc                                0x08002ebe   Section        0  printfa.o(i._snputc)
    i.fabs                                   0x08002ed4   Section        0  fabs.o(i.fabs)
    i.sqrt                                   0x08002eec   Section        0  sqrt.o(i.sqrt)
    pS                                       0x08002f60   Data          48  asin.o(.constdata)
    .constdata                               0x08002f60   Section       80  asin.o(.constdata)
    qS                                       0x08002f90   Data          32  asin.o(.constdata)
    atanhi                                   0x08002fb0   Data          32  atan.o(.constdata)
    .constdata                               0x08002fb0   Section      152  atan.o(.constdata)
    atanlo                                   0x08002fd0   Data          32  atan.o(.constdata)
    aTodd                                    0x08002ff0   Data          40  atan.o(.constdata)
    aTeven                                   0x08003018   Data          48  atan.o(.constdata)
    .L.str.3                                 0x08003048   Data          25  main.o(.rodata.str1.1)
    [Anonymous Symbol]                       0x08003048   Section        0  main.o(.rodata.str1.1)
    .L.str.4                                 0x08003061   Data          29  main.o(.rodata.str1.1)
    .L.str.15                                0x0800307b   Data           3  main.o(.rodata.str1.1)
    [Anonymous Symbol]                       0x0800307e   Section        0  displaydata.o(.rodata.str1.1)
    .L.str.6                                 0x080030a7   Data           4  displaydata.o(.rodata.str1.1)
    .L.str                                   0x080030b0   Data          45  system_config.o(.rodata.str1.1)
    [Anonymous Symbol]                       0x080030b0   Section        0  system_config.o(.rodata.str1.1)
    .L.str.7                                 0x080030b1   Data           2  displaydata.o(.rodata.str1.1)
    .L.str.2                                 0x080030dd   Data          25  system_config.o(.rodata.str1.1)
    .L.str.1                                 0x080030f6   Data          24  system_config.o(.rodata.str1.1)
    .L.str.10                                0x0800310c   Data           2  system_config.o(.rodata.str1.1)
    _errno                                   0x20000000   Data           4  errno.o(.data)
    .data                                    0x20000000   Section        4  errno.o(.data)
    STACK                                    0x200007e8   Section     1024  startup_stm32f411xe.o(STACK)

    Global Symbols

    Symbol Name                              Value     Ov Type        Size  Object(Section)

    BuildAttributes$$THM_ISAv4$E$P$D$K$B$S$7EM$VFPi3$EXTD16$VFPS$VFMA$PE$A:L22UL41UL21$X:L11$S22US41US21$IEEE1$IW$~IW$USESV6$~STKCKD$USESV7$~SHL$OTIME$ROPI$IEEEX$EBA8$MICROLIB$REQ8$PRES8$EABIv2 0x00000000   Number         0  anon$$obj.o ABSOLUTE
    _printf_a                                0x00000000   Number         0  printfstubs.o ABSOLUTE
    _printf_c                                0x00000000   Number         0  printfstubs.o ABSOLUTE
    _printf_charcount                        0x00000000   Number         0  printfstubs.o ABSOLUTE
    _printf_d                                0x00000000   Number         0  printfstubs.o ABSOLUTE
    _printf_e                                0x00000000   Number         0  printfstubs.o ABSOLUTE
    _printf_f                                0x00000000   Number         0  printfstubs.o ABSOLUTE
    _printf_flags                            0x00000000   Number         0  printfstubs.o ABSOLUTE
    _printf_fp_dec                           0x00000000   Number         0  printfstubs.o ABSOLUTE
    _printf_fp_hex                           0x00000000   Number         0  printfstubs.o ABSOLUTE
    _printf_g                                0x00000000   Number         0  printfstubs.o ABSOLUTE
    _printf_i                                0x00000000   Number         0  printfstubs.o ABSOLUTE
    _printf_int_dec                          0x00000000   Number         0  printfstubs.o ABSOLUTE
    _printf_l                                0x00000000   Number         0  printfstubs.o ABSOLUTE
    _printf_lc                               0x00000000   Number         0  printfstubs.o ABSOLUTE
    _printf_ll                               0x00000000   Number         0  printfstubs.o ABSOLUTE
    _printf_lld                              0x00000000   Number         0  printfstubs.o ABSOLUTE
    _printf_lli                              0x00000000   Number         0  printfstubs.o ABSOLUTE
    _printf_llo                              0x00000000   Number         0  printfstubs.o ABSOLUTE
    _printf_llu                              0x00000000   Number         0  printfstubs.o ABSOLUTE
    _printf_llx                              0x00000000   Number         0  printfstubs.o ABSOLUTE
    _printf_longlong_dec                     0x00000000   Number         0  printfstubs.o ABSOLUTE
    _printf_longlong_hex                     0x00000000   Number         0  printfstubs.o ABSOLUTE
    _printf_longlong_oct                     0x00000000   Number         0  printfstubs.o ABSOLUTE
    _printf_ls                               0x00000000   Number         0  printfstubs.o ABSOLUTE
    _printf_mbtowc                           0x00000000   Number         0  printfstubs.o ABSOLUTE
    _printf_n                                0x00000000   Number         0  printfstubs.o ABSOLUTE
    _printf_o                                0x00000000   Number         0  printfstubs.o ABSOLUTE
    _printf_p                                0x00000000   Number         0  printfstubs.o ABSOLUTE
    _printf_percent                          0x00000000   Number         0  printfstubs.o ABSOLUTE
    _printf_pre_padding                      0x00000000   Number         0  printfstubs.o ABSOLUTE
    _printf_return_value                     0x00000000   Number         0  printfstubs.o ABSOLUTE
    _printf_s                                0x00000000   Number         0  printfstubs.o ABSOLUTE
    _printf_sizespec                         0x00000000   Number         0  printfstubs.o ABSOLUTE
    _printf_str                              0x00000000   Number         0  printfstubs.o ABSOLUTE
    _printf_truncate_signed                  0x00000000   Number         0  printfstubs.o ABSOLUTE
    _printf_truncate_unsigned                0x00000000   Number         0  printfstubs.o ABSOLUTE
    _printf_u                                0x00000000   Number         0  printfstubs.o ABSOLUTE
    _printf_wc                               0x00000000   Number         0  printfstubs.o ABSOLUTE
    _printf_wctomb                           0x00000000   Number         0  printfstubs.o ABSOLUTE
    _printf_widthprec                        0x00000000   Number         0  printfstubs.o ABSOLUTE
    _printf_x                                0x00000000   Number         0  printfstubs.o ABSOLUTE
    __cpp_initialize__aeabi_                  - Undefined Weak Reference
    __cxa_finalize                            - Undefined Weak Reference
    __decompress                              - Undefined Weak Reference
    _clock_init                               - Undefined Weak Reference
    _microlib_exit                            - Undefined Weak Reference
    __Vectors_Size                           0x00000198   Number         0  startup_stm32f411xe.o ABSOLUTE
    __Vectors                                0x08000000   Data           4  startup_stm32f411xe.o(RESET)
    __Vectors_End                            0x08000198   Data           0  startup_stm32f411xe.o(RESET)
    __main                                   0x08000199   Thumb Code     0  entry.o(.ARM.Collect$$$$00000000)
    _main_stk                                0x08000199   Thumb Code     0  entry2.o(.ARM.Collect$$$$00000001)
    _main_scatterload                        0x0800019d   Thumb Code     0  entry5.o(.ARM.Collect$$$$00000004)
    __main_after_scatterload                 0x080001a1   Thumb Code     0  entry5.o(.ARM.Collect$$$$00000004)
    _main_clock                              0x080001a1   Thumb Code     0  entry7b.o(.ARM.Collect$$$$00000008)
    _main_cpp_init                           0x080001a1   Thumb Code     0  entry8b.o(.ARM.Collect$$$$0000000A)
    _main_init                               0x080001a1   Thumb Code     0  entry9a.o(.ARM.Collect$$$$0000000B)
    __rt_final_cpp                           0x080001a9   Thumb Code     0  entry10a.o(.ARM.Collect$$$$0000000D)
    __rt_final_exit                          0x080001a9   Thumb Code     0  entry11a.o(.ARM.Collect$$$$0000000F)
    Reset_Handler                            0x080001ad   Thumb Code     8  startup_stm32f411xe.o(.text)
    NMI_Handler                              0x080001b5   Thumb Code     2  startup_stm32f411xe.o(.text)
    HardFault_Handler                        0x080001b7   Thumb Code     2  startup_stm32f411xe.o(.text)
    MemManage_Handler                        0x080001b9   Thumb Code     2  startup_stm32f411xe.o(.text)
    BusFault_Handler                         0x080001bb   Thumb Code     2  startup_stm32f411xe.o(.text)
    UsageFault_Handler                       0x080001bd   Thumb Code     2  startup_stm32f411xe.o(.text)
    SVC_Handler                              0x080001bf   Thumb Code     2  startup_stm32f411xe.o(.text)
    DebugMon_Handler                         0x080001c1   Thumb Code     2  startup_stm32f411xe.o(.text)
    PendSV_Handler                           0x080001c3   Thumb Code     2  startup_stm32f411xe.o(.text)
    SysTick_Handler                          0x080001c5   Thumb Code     2  startup_stm32f411xe.o(.text)
    ADC_IRQHandler                           0x080001c7   Thumb Code     0  startup_stm32f411xe.o(.text)
    DMA1_Stream0_IRQHandler                  0x080001c7   Thumb Code     0  startup_stm32f411xe.o(.text)
    DMA1_Stream1_IRQHandler                  0x080001c7   Thumb Code     0  startup_stm32f411xe.o(.text)
    DMA1_Stream2_IRQHandler                  0x080001c7   Thumb Code     0  startup_stm32f411xe.o(.text)
    DMA1_Stream3_IRQHandler                  0x080001c7   Thumb Code     0  startup_stm32f411xe.o(.text)
    DMA1_Stream7_IRQHandler                  0x080001c7   Thumb Code     0  startup_stm32f411xe.o(.text)
    DMA2_Stream0_IRQHandler                  0x080001c7   Thumb Code     0  startup_stm32f411xe.o(.text)
    DMA2_Stream1_IRQHandler                  0x080001c7   Thumb Code     0  startup_stm32f411xe.o(.text)
    DMA2_Stream2_IRQHandler                  0x080001c7   Thumb Code     0  startup_stm32f411xe.o(.text)
    DMA2_Stream3_IRQHandler                  0x080001c7   Thumb Code     0  startup_stm32f411xe.o(.text)
    DMA2_Stream4_IRQHandler                  0x080001c7   Thumb Code     0  startup_stm32f411xe.o(.text)
    DMA2_Stream5_IRQHandler                  0x080001c7   Thumb Code     0  startup_stm32f411xe.o(.text)
    DMA2_Stream6_IRQHandler                  0x080001c7   Thumb Code     0  startup_stm32f411xe.o(.text)
    DMA2_Stream7_IRQHandler                  0x080001c7   Thumb Code     0  startup_stm32f411xe.o(.text)
    EXTI0_IRQHandler                         0x080001c7   Thumb Code     0  startup_stm32f411xe.o(.text)
    EXTI15_10_IRQHandler                     0x080001c7   Thumb Code     0  startup_stm32f411xe.o(.text)
    EXTI2_IRQHandler                         0x080001c7   Thumb Code     0  startup_stm32f411xe.o(.text)
    EXTI3_IRQHandler                         0x080001c7   Thumb Code     0  startup_stm32f411xe.o(.text)
    EXTI4_IRQHandler                         0x080001c7   Thumb Code     0  startup_stm32f411xe.o(.text)
    EXTI9_5_IRQHandler                       0x080001c7   Thumb Code     0  startup_stm32f411xe.o(.text)
    FLASH_IRQHandler                         0x080001c7   Thumb Code     0  startup_stm32f411xe.o(.text)
    FPU_IRQHandler                           0x080001c7   Thumb Code     0  startup_stm32f411xe.o(.text)
    I2C1_ER_IRQHandler                       0x080001c7   Thumb Code     0  startup_stm32f411xe.o(.text)
    I2C1_EV_IRQHandler                       0x080001c7   Thumb Code     0  startup_stm32f411xe.o(.text)
    I2C2_ER_IRQHandler                       0x080001c7   Thumb Code     0  startup_stm32f411xe.o(.text)
    I2C2_EV_IRQHandler                       0x080001c7   Thumb Code     0  startup_stm32f411xe.o(.text)
    I2C3_ER_IRQHandler                       0x080001c7   Thumb Code     0  startup_stm32f411xe.o(.text)
    I2C3_EV_IRQHandler                       0x080001c7   Thumb Code     0  startup_stm32f411xe.o(.text)
    OTG_FS_IRQHandler                        0x080001c7   Thumb Code     0  startup_stm32f411xe.o(.text)
    OTG_FS_WKUP_IRQHandler                   0x080001c7   Thumb Code     0  startup_stm32f411xe.o(.text)
    PVD_IRQHandler                           0x080001c7   Thumb Code     0  startup_stm32f411xe.o(.text)
    RCC_IRQHandler                           0x080001c7   Thumb Code     0  startup_stm32f411xe.o(.text)
    RTC_Alarm_IRQHandler                     0x080001c7   Thumb Code     0  startup_stm32f411xe.o(.text)
    RTC_WKUP_IRQHandler                      0x080001c7   Thumb Code     0  startup_stm32f411xe.o(.text)
    SDIO_IRQHandler                          0x080001c7   Thumb Code     0  startup_stm32f411xe.o(.text)
    SPI1_IRQHandler                          0x080001c7   Thumb Code     0  startup_stm32f411xe.o(.text)
    SPI2_IRQHandler                          0x080001c7   Thumb Code     0  startup_stm32f411xe.o(.text)
    SPI3_IRQHandler                          0x080001c7   Thumb Code     0  startup_stm32f411xe.o(.text)
    SPI4_IRQHandler                          0x080001c7   Thumb Code     0  startup_stm32f411xe.o(.text)
    SPI5_IRQHandler                          0x080001c7   Thumb Code     0  startup_stm32f411xe.o(.text)
    TAMP_STAMP_IRQHandler                    0x080001c7   Thumb Code     0  startup_stm32f411xe.o(.text)
    TIM1_BRK_TIM9_IRQHandler                 0x080001c7   Thumb Code     0  startup_stm32f411xe.o(.text)
    TIM1_CC_IRQHandler                       0x080001c7   Thumb Code     0  startup_stm32f411xe.o(.text)
    TIM1_TRG_COM_TIM11_IRQHandler            0x080001c7   Thumb Code     0  startup_stm32f411xe.o(.text)
    TIM1_UP_TIM10_IRQHandler                 0x080001c7   Thumb Code     0  startup_stm32f411xe.o(.text)
    TIM2_IRQHandler                          0x080001c7   Thumb Code     0  startup_stm32f411xe.o(.text)
    TIM3_IRQHandler                          0x080001c7   Thumb Code     0  startup_stm32f411xe.o(.text)
    TIM4_IRQHandler                          0x080001c7   Thumb Code     0  startup_stm32f411xe.o(.text)
    TIM5_IRQHandler                          0x080001c7   Thumb Code     0  startup_stm32f411xe.o(.text)
    USART6_IRQHandler                        0x080001c7   Thumb Code     0  startup_stm32f411xe.o(.text)
    WWDG_IRQHandler                          0x080001c7   Thumb Code     0  startup_stm32f411xe.o(.text)
    __aeabi_uldivmod                         0x080001d1   Thumb Code    98  uldiv.o(.text)
    __aeabi_dadd                             0x08000233   Thumb Code   322  dadd.o(.text)
    __aeabi_dsub                             0x08000375   Thumb Code     6  dadd.o(.text)
    __aeabi_drsub                            0x0800037b   Thumb Code     6  dadd.o(.text)
    __aeabi_dmul                             0x08000381   Thumb Code   228  dmul.o(.text)
    __aeabi_ddiv                             0x08000465   Thumb Code   222  ddiv.o(.text)
    __aeabi_i2d                              0x08000543   Thumb Code    34  dflti.o(.text)
    __aeabi_ui2d                             0x08000565   Thumb Code    26  dfltui.o(.text)
    __aeabi_d2iz                             0x0800057f   Thumb Code    62  dfixi.o(.text)
    __aeabi_f2d                              0x080005bd   Thumb Code    38  f2d.o(.text)
    __aeabi_d2f                              0x080005e3   Thumb Code    56  d2f.o(.text)
    __aeabi_uidiv                            0x0800061b   Thumb Code     0  uidiv.o(.text)
    __aeabi_uidivmod                         0x0800061b   Thumb Code    44  uidiv.o(.text)
    __aeabi_llsl                             0x08000647   Thumb Code    30  llshl.o(.text)
    _ll_shift_l                              0x08000647   Thumb Code     0  llshl.o(.text)
    __aeabi_llsr                             0x08000665   Thumb Code    32  llushr.o(.text)
    _ll_ushift_r                             0x08000665   Thumb Code     0  llushr.o(.text)
    __aeabi_lasr                             0x08000685   Thumb Code    36  llsshr.o(.text)
    _ll_sshift_r                             0x08000685   Thumb Code     0  llsshr.o(.text)
    __I$use$fp                               0x080006a9   Thumb Code     0  iusefp.o(.text)
    _float_round                             0x080006a9   Thumb Code    18  fepilogue.o(.text)
    _float_epilogue                          0x080006bb   Thumb Code    92  fepilogue.o(.text)
    _double_round                            0x08000717   Thumb Code    30  depilogue.o(.text)
    _double_epilogue                         0x08000735   Thumb Code   156  depilogue.o(.text)
    __aeabi_d2ulz                            0x080007d1   Thumb Code    48  dfixul.o(.text)
    __aeabi_cdrcmple                         0x08000801   Thumb Code    48  cdrcmple.o(.text)
    __scatterload                            0x08000831   Thumb Code    38  init.o(.text)
    __scatterload_rt2                        0x08000831   Thumb Code     0  init.o(.text)
    _dsqrt                                   0x08000861   Thumb Code   162  dsqrt.o(.text)
    AccelerometerInit                        0x08000905   Thumb Code   256  accelerometer.o(.text.AccelerometerInit)
    ApplyLevel                               0x08000a3d   Thumb Code    36  displaydata.o(.text.ApplyLevel)
    DMA1_Stream4_IRQHandler                  0x08000a79   Thumb Code    36  uart.o(.text.DMA1_Stream4_IRQHandler)
    DMA1_Stream5_IRQHandler                  0x08000a9d   Thumb Code    40  uart.o(.text.DMA1_Stream5_IRQHandler)
    DMA1_Stream6_IRQHandler                  0x08000ac5   Thumb Code    52  uart.o(.text.DMA1_Stream6_IRQHandler)
    DisplayAxisValues                        0x08000af9   Thumb Code   404  displaydata.o(.text.DisplayAxisValues)
    EXTI1_IRQHandler                         0x08000d05   Thumb Code    60  system_config.o(.text.EXTI1_IRQHandler)
    GPIO_Config                              0x08000d41   Thumb Code    58  led.o(.text.GPIO_Config)
    GetAccelerometerValues                   0x08000d7d   Thumb Code    74  accelerometer.o(.text.GetAccelerometerValues)
    GetAccelerometerValuesInMS2              0x08000dc9   Thumb Code   224  angles_estimation.o(.text.GetAccelerometerValuesInMS2)
    GetAxisValue                             0x08000ebd   Thumb Code   220  gyro.o(.text.GetAxisValue)
    GetGyroValues                            0x08000f9d   Thumb Code    40  gyro.o(.text.GetGyroValues)
    GetPhiAcc                                0x08000fc9   Thumb Code    72  angles_estimation.o(.text.GetPhiAcc)
    GetThetaAcc                              0x08001021   Thumb Code    72  angles_estimation.o(.text.GetThetaAcc)
    GyroInit                                 0x08001081   Thumb Code   282  gyro.o(.text.GyroInit)
    I2CEnableAcknowledge                     0x0800119d   Thumb Code    18  accelerometer.o(.text.I2CEnableAcknowledge)
    I2CSendSlaveAddress                      0x080011b1   Thumb Code    32  accelerometer.o(.text.I2CSendSlaveAddress)
    I2CStartRestart                          0x080011d1   Thumb Code    18  accelerometer.o(.text.I2CStartRestart)
    I2CStop                                  0x080011e5   Thumb Code    18  accelerometer.o(.text.I2CStop)
    I2CWaitIfBusy                            0x080011f9   Thumb Code    16  accelerometer.o(.text.I2CWaitIfBusy)
    I2CWriteByte                             0x08001209   Thumb Code    20  accelerometer.o(.text.I2CWriteByte)
    MotorPWM_BPort_PinSetup                  0x0800121d   Thumb Code    90  motor_pwm.o(.text.MotorPWM_BPort_PinSetup)
    MotorPWM_TIM3_Start                      0x08001279   Thumb Code    80  motor_pwm.o(.text.MotorPWM_TIM3_Start)
    MotorPWM_Timer3Setup                     0x080012d1   Thumb Code    54  motor_pwm.o(.text.MotorPWM_Timer3Setup)
    Power_Off                                0x08001309   Thumb Code    22  led.o(.text.Power_Off)
    Power_On                                 0x08001321   Thumb Code    22  led.o(.text.Power_On)
    PrintConsole                             0x08001339   Thumb Code    68  displaydata.o(.text.PrintConsole)
    ReadFromAccelerometer                    0x0800137d   Thumb Code   132  accelerometer.o(.text.ReadFromAccelerometer)
    SendString                               0x08001401   Thumb Code   104  uart.o(.text.SendString)
    SysClockConfig                           0x08001469   Thumb Code   136  system_config.o(.text.SysClockConfig)
    Sys_PowerMode_Config                     0x080014f1   Thumb Code   128  system_config.o(.text.Sys_PowerMode_Config)
    SystemInit                               0x08001571   Thumb Code    18  system_stm32f4xx.o(.text.SystemInit)
    TIM5Config                               0x08001585   Thumb Code    52  delay.o(.text.TIM5Config)
    Testing_Toggle_4Led                      0x080015b9   Thumb Code   126  led.o(.text.Testing_Toggle_4Led)
    USART1_IRQHandler                        0x08001639   Thumb Code    40  uart.o(.text.USART1_IRQHandler)
    USART2_IRQHandler                        0x08001661   Thumb Code    40  uart.o(.text.USART2_IRQHandler)
    Uart2Init                                0x08001689   Thumb Code   210  uart.o(.text.Uart2Init)
    delay_ms                                 0x0800175d   Thumb Code    40  delay.o(.text.delay_ms)
    delay_us                                 0x08001785   Thumb Code    20  delay.o(.text.delay_us)
    getSystemClockSpeed                      0x08001799   Thumb Code   284  system_config.o(.text.getSystemClockSpeed)
    lcd_clear                                0x08001949   Thumb Code   114  i2c-lcd.o(.text.lcd_clear)
    lcd_init                                 0x080019bd   Thumb Code   474  i2c-lcd.o(.text.lcd_init)
    lcd_put_cur                              0x08001b99   Thumb Code    26  i2c-lcd.o(.text.lcd_put_cur)
    lcd_send_cmd                             0x08001bb5   Thumb Code    82  i2c-lcd.o(.text.lcd_send_cmd)
    lcd_send_data                            0x08001c09   Thumb Code    82  i2c-lcd.o(.text.lcd_send_data)
    lcd_send_string                          0x08001c5d   Thumb Code    32  i2c-lcd.o(.text.lcd_send_string)
    main                                     0x08001c81   Thumb Code   272  main.o(.text.main)
    __0snprintf                              0x08001dc1   Thumb Code    48  printfa.o(i.__0snprintf)
    __1snprintf                              0x08001dc1   Thumb Code     0  printfa.o(i.__0snprintf)
    __2snprintf                              0x08001dc1   Thumb Code     0  printfa.o(i.__0snprintf)
    __c89snprintf                            0x08001dc1   Thumb Code     0  printfa.o(i.__0snprintf)
    snprintf                                 0x08001dc1   Thumb Code     0  printfa.o(i.__0snprintf)
    __0vsnprintf                             0x08001df5   Thumb Code    46  printfa.o(i.__0vsnprintf)
    __1vsnprintf                             0x08001df5   Thumb Code     0  printfa.o(i.__0vsnprintf)
    __2vsnprintf                             0x08001df5   Thumb Code     0  printfa.o(i.__0vsnprintf)
    __c89vsnprintf                           0x08001df5   Thumb Code     0  printfa.o(i.__0vsnprintf)
    vsnprintf                                0x08001df5   Thumb Code     0  printfa.o(i.__0vsnprintf)
    __ARM_fpclassify                         0x08001e29   Thumb Code    48  fpclassify.o(i.__ARM_fpclassify)
    __hardfp_asin                            0x08001e59   Thumb Code   770  asin.o(i.__hardfp_asin)
    __hardfp_atan                            0x080021b9   Thumb Code   622  atan.o(i.__hardfp_atan)
    __kernel_poly                            0x08002491   Thumb Code   248  poly.o(i.__kernel_poly)
    __mathlib_dbl_infnan                     0x08002589   Thumb Code    20  dunder.o(i.__mathlib_dbl_infnan)
    __mathlib_dbl_invalid                    0x080025a1   Thumb Code    24  dunder.o(i.__mathlib_dbl_invalid)
    __mathlib_dbl_underflow                  0x080025c1   Thumb Code    24  dunder.o(i.__mathlib_dbl_underflow)
    __scatterload_copy                       0x080025e1   Thumb Code    14  handlers.o(i.__scatterload_copy)
    __scatterload_null                       0x080025ef   Thumb Code     2  handlers.o(i.__scatterload_null)
    __scatterload_zeroinit                   0x080025f1   Thumb Code    14  handlers.o(i.__scatterload_zeroinit)
    __set_errno                              0x08002601   Thumb Code     6  errno.o(i.__set_errno)
    fabs                                     0x08002ed5   Thumb Code    24  fabs.o(i.fabs)
    sqrt                                     0x08002eed   Thumb Code   110  sqrt.o(i.sqrt)
    Region$$Table$$Base                      0x08003110   Number         0  anon$$obj.o(Region$$Table)
    Region$$Table$$Limit                     0x08003130   Number         0  anon$$obj.o(Region$$Table)
    count                                    0x20000008   Data           4  system_config.o(.bss.count)
    dmaBuffer2                               0x2000000c   Data        2000  uart.o(.bss.dmaBuffer2)
    power_on                                 0x200007dc   Data           4  system_config.o(.bss.power_on)
    uart1Busy                                0x200007e0   Data           4  uart.o(.bss.uart1Busy)
    uart2Busy                                0x200007e4   Data           4  uart.o(.bss.uart2Busy)
    __initial_sp                             0x20000be8   Data           0  startup_stm32f411xe.o(STACK)



==============================================================================

Memory Map of the image

  Image Entry point : 0x08000199

  Load Region LR_IROM1 (Base: 0x08000000, Size: 0x00003138, Max: 0x00080000, ABSOLUTE)

    Execution Region ER_IROM1 (Exec base: 0x08000000, Load base: 0x08000000, Size: 0x00003130, Max: 0x00080000, ABSOLUTE)

    Exec Addr    Load Addr    Size         Type   Attr      Idx    E Section Name        Object

    0x08000000   0x08000000   0x00000198   Data   RO          548    RESET               startup_stm32f411xe.o
    0x08000198   0x08000198   0x00000000   Code   RO          584  * .ARM.Collect$$$$00000000  mc_w.l(entry.o)
    0x08000198   0x08000198   0x00000004   Code   RO          896    .ARM.Collect$$$$00000001  mc_w.l(entry2.o)
    0x0800019c   0x0800019c   0x00000004   Code   RO          899    .ARM.Collect$$$$00000004  mc_w.l(entry5.o)
    0x080001a0   0x080001a0   0x00000000   Code   RO          901    .ARM.Collect$$$$00000008  mc_w.l(entry7b.o)
    0x080001a0   0x080001a0   0x00000000   Code   RO          903    .ARM.Collect$$$$0000000A  mc_w.l(entry8b.o)
    0x080001a0   0x080001a0   0x00000008   Code   RO          904    .ARM.Collect$$$$0000000B  mc_w.l(entry9a.o)
    0x080001a8   0x080001a8   0x00000000   Code   RO          906    .ARM.Collect$$$$0000000D  mc_w.l(entry10a.o)
    0x080001a8   0x080001a8   0x00000000   Code   RO          908    .ARM.Collect$$$$0000000F  mc_w.l(entry11a.o)
    0x080001a8   0x080001a8   0x00000004   Code   RO          897    .ARM.Collect$$$$00002712  mc_w.l(entry2.o)
    0x080001ac   0x080001ac   0x00000024   Code   RO          549    .text               startup_stm32f411xe.o
    0x080001d0   0x080001d0   0x00000062   Code   RO          587    .text               mc_w.l(uldiv.o)
    0x08000232   0x08000232   0x0000014e   Code   RO          850    .text               mf_w.l(dadd.o)
    0x08000380   0x08000380   0x000000e4   Code   RO          852    .text               mf_w.l(dmul.o)
    0x08000464   0x08000464   0x000000de   Code   RO          854    .text               mf_w.l(ddiv.o)
    0x08000542   0x08000542   0x00000022   Code   RO          856    .text               mf_w.l(dflti.o)
    0x08000564   0x08000564   0x0000001a   Code   RO          858    .text               mf_w.l(dfltui.o)
    0x0800057e   0x0800057e   0x0000003e   Code   RO          860    .text               mf_w.l(dfixi.o)
    0x080005bc   0x080005bc   0x00000026   Code   RO          862    .text               mf_w.l(f2d.o)
    0x080005e2   0x080005e2   0x00000038   Code   RO          864    .text               mf_w.l(d2f.o)
    0x0800061a   0x0800061a   0x0000002c   Code   RO          924    .text               mc_w.l(uidiv.o)
    0x08000646   0x08000646   0x0000001e   Code   RO          926    .text               mc_w.l(llshl.o)
    0x08000664   0x08000664   0x00000020   Code   RO          928    .text               mc_w.l(llushr.o)
    0x08000684   0x08000684   0x00000024   Code   RO          930    .text               mc_w.l(llsshr.o)
    0x080006a8   0x080006a8   0x00000000   Code   RO          939    .text               mc_w.l(iusefp.o)
    0x080006a8   0x080006a8   0x0000006e   Code   RO          940    .text               mf_w.l(fepilogue.o)
    0x08000716   0x08000716   0x000000ba   Code   RO          942    .text               mf_w.l(depilogue.o)
    0x080007d0   0x080007d0   0x00000030   Code   RO          946    .text               mf_w.l(dfixul.o)
    0x08000800   0x08000800   0x00000030   Code   RO          948    .text               mf_w.l(cdrcmple.o)
    0x08000830   0x08000830   0x00000030   Code   RO          950    .text               mc_w.l(init.o)
    0x08000860   0x08000860   0x000000a2   Code   RO          954    .text               mf_w.l(dsqrt.o)
    0x08000902   0x08000902   0x00000002   PAD
    0x08000904   0x08000904   0x00000138   Code   RO          164    .text.AccelerometerInit  accelerometer.o
    0x08000a3c   0x08000a3c   0x0000003c   Code   RO           34    .text.ApplyLevel    displaydata.o
    0x08000a78   0x08000a78   0x00000024   Code   RO           79    .text.DMA1_Stream4_IRQHandler  uart.o
    0x08000a9c   0x08000a9c   0x00000028   Code   RO           65    .text.DMA1_Stream5_IRQHandler  uart.o
    0x08000ac4   0x08000ac4   0x00000034   Code   RO           67    .text.DMA1_Stream6_IRQHandler  uart.o
    0x08000af8   0x08000af8   0x0000020c   Code   RO           44    .text.DisplayAxisValues  displaydata.o
    0x08000d04   0x08000d04   0x0000003c   Code   RO          127    .text.EXTI1_IRQHandler  system_config.o
    0x08000d40   0x08000d40   0x0000003a   Code   RO          103    .text.GPIO_Config   led.o
    0x08000d7a   0x08000d7a   0x00000002   PAD
    0x08000d7c   0x08000d7c   0x0000004a   Code   RO          166    .text.GetAccelerometerValues  accelerometer.o
    0x08000dc6   0x08000dc6   0x00000002   PAD
    0x08000dc8   0x08000dc8   0x000000f4   Code   RO          204    .text.GetAccelerometerValuesInMS2  angles_estimation.o
    0x08000ebc   0x08000ebc   0x000000e0   Code   RO          186    .text.GetAxisValue  gyro.o
    0x08000f9c   0x08000f9c   0x00000028   Code   RO          188    .text.GetGyroValues  gyro.o
    0x08000fc4   0x08000fc4   0x00000004   PAD
    0x08000fc8   0x08000fc8   0x00000058   Code   RO          202    .text.GetPhiAcc     angles_estimation.o
    0x08001020   0x08001020   0x00000060   Code   RO          200    .text.GetThetaAcc   angles_estimation.o
    0x08001080   0x08001080   0x0000011a   Code   RO          184    .text.GyroInit      gyro.o
    0x0800119a   0x0800119a   0x00000002   PAD
    0x0800119c   0x0800119c   0x00000012   Code   RO          146    .text.I2CEnableAcknowledge  accelerometer.o
    0x080011ae   0x080011ae   0x00000002   PAD
    0x080011b0   0x080011b0   0x00000020   Code   RO          150    .text.I2CSendSlaveAddress  accelerometer.o
    0x080011d0   0x080011d0   0x00000012   Code   RO          142    .text.I2CStartRestart  accelerometer.o
    0x080011e2   0x080011e2   0x00000002   PAD
    0x080011e4   0x080011e4   0x00000012   Code   RO          144    .text.I2CStop       accelerometer.o
    0x080011f6   0x080011f6   0x00000002   PAD
    0x080011f8   0x080011f8   0x00000010   Code   RO          154    .text.I2CWaitIfBusy  accelerometer.o
    0x08001208   0x08001208   0x00000014   Code   RO          156    .text.I2CWriteByte  accelerometer.o
    0x0800121c   0x0800121c   0x0000005a   Code   RO          244    .text.MotorPWM_BPort_PinSetup  motor_pwm.o
    0x08001276   0x08001276   0x00000002   PAD
    0x08001278   0x08001278   0x00000058   Code   RO          252    .text.MotorPWM_TIM3_Start  motor_pwm.o
    0x080012d0   0x080012d0   0x00000036   Code   RO          248    .text.MotorPWM_Timer3Setup  motor_pwm.o
    0x08001306   0x08001306   0x00000002   PAD
    0x08001308   0x08001308   0x00000016   Code   RO          113    .text.Power_Off     led.o
    0x0800131e   0x0800131e   0x00000002   PAD
    0x08001320   0x08001320   0x00000016   Code   RO          111    .text.Power_On      led.o
    0x08001336   0x08001336   0x00000002   PAD
    0x08001338   0x08001338   0x00000044   Code   RO           36    .text.PrintConsole  displaydata.o
    0x0800137c   0x0800137c   0x00000084   Code   RO          160    .text.ReadFromAccelerometer  accelerometer.o
    0x08001400   0x08001400   0x00000068   Code   RO           77    .text.SendString    uart.o
    0x08001468   0x08001468   0x00000088   Code   RO          123    .text.SysClockConfig  system_config.o
    0x080014f0   0x080014f0   0x00000080   Code   RO          125    .text.Sys_PowerMode_Config  system_config.o
    0x08001570   0x08001570   0x00000012   Code   RO          556    .text.SystemInit    system_stm32f4xx.o
    0x08001582   0x08001582   0x00000002   PAD
    0x08001584   0x08001584   0x00000034   Code   RO           18    .text.TIM5Config    delay.o
    0x080015b8   0x080015b8   0x0000007e   Code   RO          107    .text.Testing_Toggle_4Led  led.o
    0x08001636   0x08001636   0x00000002   PAD
    0x08001638   0x08001638   0x00000028   Code   RO           81    .text.USART1_IRQHandler  uart.o
    0x08001660   0x08001660   0x00000028   Code   RO           69    .text.USART2_IRQHandler  uart.o
    0x08001688   0x08001688   0x000000d2   Code   RO           75    .text.Uart2Init     uart.o
    0x0800175a   0x0800175a   0x00000002   PAD
    0x0800175c   0x0800175c   0x00000028   Code   RO           22    .text.delay_ms      delay.o
    0x08001784   0x08001784   0x00000014   Code   RO           20    .text.delay_us      delay.o
    0x08001798   0x08001798   0x000001b0   Code   RO          129    .text.getSystemClockSpeed  system_config.o
    0x08001948   0x08001948   0x00000072   Code   RO          226    .text.lcd_clear     i2c-lcd.o
    0x080019ba   0x080019ba   0x00000002   PAD
    0x080019bc   0x080019bc   0x000001da   Code   RO          230    .text.lcd_init      i2c-lcd.o
    0x08001b96   0x08001b96   0x00000002   PAD
    0x08001b98   0x08001b98   0x0000001a   Code   RO          228    .text.lcd_put_cur   i2c-lcd.o
    0x08001bb2   0x08001bb2   0x00000002   PAD
    0x08001bb4   0x08001bb4   0x00000052   Code   RO          222    .text.lcd_send_cmd  i2c-lcd.o
    0x08001c06   0x08001c06   0x00000002   PAD
    0x08001c08   0x08001c08   0x00000052   Code   RO          224    .text.lcd_send_data  i2c-lcd.o
    0x08001c5a   0x08001c5a   0x00000002   PAD
    0x08001c5c   0x08001c5c   0x00000020   Code   RO          232    .text.lcd_send_string  i2c-lcd.o
    0x08001c7c   0x08001c7c   0x00000004   PAD
    0x08001c80   0x08001c80   0x00000140   Code   RO            2    .text.main          main.o
    0x08001dc0   0x08001dc0   0x00000034   Code   RO          823    i.__0snprintf       mc_w.l(printfa.o)
    0x08001df4   0x08001df4   0x00000034   Code   RO          827    i.__0vsnprintf      mc_w.l(printfa.o)
    0x08001e28   0x08001e28   0x00000030   Code   RO          886    i.__ARM_fpclassify  m_wm.l(fpclassify.o)
    0x08001e58   0x08001e58   0x00000360   Code   RO          570    i.__hardfp_asin     m_wm.l(asin.o)
    0x080021b8   0x080021b8   0x000002d8   Code   RO          577    i.__hardfp_atan     m_wm.l(atan.o)
    0x08002490   0x08002490   0x000000f8   Code   RO          888    i.__kernel_poly     m_wm.l(poly.o)
    0x08002588   0x08002588   0x00000014   Code   RO          867    i.__mathlib_dbl_infnan  m_wm.l(dunder.o)
    0x0800259c   0x0800259c   0x00000004   PAD
    0x080025a0   0x080025a0   0x00000020   Code   RO          869    i.__mathlib_dbl_invalid  m_wm.l(dunder.o)
    0x080025c0   0x080025c0   0x00000020   Code   RO          872    i.__mathlib_dbl_underflow  m_wm.l(dunder.o)
    0x080025e0   0x080025e0   0x0000000e   Code   RO          958    i.__scatterload_copy  mc_w.l(handlers.o)
    0x080025ee   0x080025ee   0x00000002   Code   RO          959    i.__scatterload_null  mc_w.l(handlers.o)
    0x080025f0   0x080025f0   0x0000000e   Code   RO          960    i.__scatterload_zeroinit  mc_w.l(handlers.o)
    0x080025fe   0x080025fe   0x00000002   PAD
    0x08002600   0x08002600   0x0000000c   Code   RO          934    i.__set_errno       mc_w.l(errno.o)
    0x0800260c   0x0800260c   0x00000184   Code   RO          829    i._fp_digits        mc_w.l(printfa.o)
    0x08002790   0x08002790   0x000006dc   Code   RO          830    i._printf_core      mc_w.l(printfa.o)
    0x08002e6c   0x08002e6c   0x00000024   Code   RO          831    i._printf_post_padding  mc_w.l(printfa.o)
    0x08002e90   0x08002e90   0x0000002e   Code   RO          832    i._printf_pre_padding  mc_w.l(printfa.o)
    0x08002ebe   0x08002ebe   0x00000016   Code   RO          833    i._snputc           mc_w.l(printfa.o)
    0x08002ed4   0x08002ed4   0x00000018   Code   RO          882    i.fabs              m_wm.l(fabs.o)
    0x08002eec   0x08002eec   0x0000006e   Code   RO          892    i.sqrt              m_wm.l(sqrt.o)
    0x08002f5a   0x08002f5a   0x00000006   PAD
    0x08002f60   0x08002f60   0x00000050   Data   RO          573    .constdata          m_wm.l(asin.o)
    0x08002fb0   0x08002fb0   0x00000098   Data   RO          580    .constdata          m_wm.l(atan.o)
    0x08003048   0x08003048   0x00000036   Data   RO            8    .rodata.str1.1      main.o
    0x0800307e   0x0800307e   0x00000032   Data   RO           46    .rodata.str1.1      displaydata.o
    0x080030b0   0x080030b0   0x0000005e   Data   RO          133    .rodata.str1.1      system_config.o
    0x0800310e   0x0800310e   0x00000002   PAD
    0x08003110   0x08003110   0x00000020   Data   RO          957    Region$$Table       anon$$obj.o


    Execution Region RW_IRAM1 (Exec base: 0x20000000, Load base: 0x08003130, Size: 0x00000be8, Max: 0x00020000, ABSOLUTE)

    Exec Addr    Load Addr    Size         Type   Attr      Idx    E Section Name        Object

    0x20000000   0x08003130   0x00000004   Data   RW          935    .data               mc_w.l(errno.o)
    0x20000004   0x08003134   0x00000004   PAD
    0x20000008        -       0x00000004   Zero   RW          132    .bss.count          system_config.o
    0x2000000c        -       0x000007d0   Zero   RW           93    .bss.dmaBuffer2     uart.o
    0x200007dc        -       0x00000004   Zero   RW          131    .bss.power_on       system_config.o
    0x200007e0        -       0x00000004   Zero   RW           91    .bss.uart1Busy      uart.o
    0x200007e4        -       0x00000004   Zero   RW           92    .bss.uart2Busy      uart.o
    0x200007e8        -       0x00000400   Zero   RW          546    STACK               startup_stm32f411xe.o


==============================================================================

Image component sizes


      Code (inc. data)   RO Data    RW Data    ZI Data      Debug   Object Name

       640         56          0          0          0       4217   accelerometer.o
       428         60          0          0          0       1696   angles_estimation.o
       112          0          0          0          0       2517   delay.o
       652        144         50          0          0       4390   displaydata.o
       546          4          0          0          0       3077   gyro.o
       810          0          0          0          0       5238   i2c-lcd.o
       228          0          0          0          0       3187   led.o
       320         48         54          0          0       1418   main.o
       232          8          0          0          0       3016   motor_pwm.o
        36          8        408          0       1024        964   startup_stm32f411xe.o
       756        148         94          0          8       7155   system_config.o
        18          0          0          0          0       2907   system_stm32f4xx.o
       522          0          0          0       2008       2666   uart.o

    ----------------------------------------------------------------------
      5344        476        640          0       3040      42448   Object Totals
         0          0         32          0          0          0   (incl. Generated)
        44          0          2          0          0          0   (incl. Padding)

    ----------------------------------------------------------------------

      Code (inc. data)   RO Data    RW Data    ZI Data      Debug   Library Member Name

       864         94         80          0          0        280   asin.o
       728        106        152          0          0        228   atan.o
        84         16          0          0          0        372   dunder.o
        24          0          0          0          0        124   fabs.o
        48          0          0          0          0        124   fpclassify.o
       248          0          0          0          0        152   poly.o
       110          0          0          0          0        148   sqrt.o
         0          0          0          0          0          0   entry.o
         0          0          0          0          0          0   entry10a.o
         0          0          0          0          0          0   entry11a.o
         8          4          0          0          0          0   entry2.o
         4          0          0          0          0          0   entry5.o
         0          0          0          0          0          0   entry7b.o
         0          0          0          0          0          0   entry8b.o
         8          4          0          0          0          0   entry9a.o
        12          6          0          4          0         68   errno.o
        30          0          0          0          0          0   handlers.o
        48         10          0          0          0         68   init.o
         0          0          0          0          0          0   iusefp.o
        30          0          0          0          0         68   llshl.o
        36          0          0          0          0         68   llsshr.o
        32          0          0          0          0         68   llushr.o
      2352         90          0          0          0        604   printfa.o
        44          0          0          0          0         80   uidiv.o
        98          0          0          0          0         92   uldiv.o
        48          0          0          0          0         68   cdrcmple.o
        56          0          0          0          0         88   d2f.o
       334          0          0          0          0        148   dadd.o
       222          0          0          0          0        100   ddiv.o
       186          0          0          0          0        176   depilogue.o
        62          0          0          0          0         80   dfixi.o
        48          0          0          0          0         68   dfixul.o
        34          0          0          0          0         76   dflti.o
        26          0          0          0          0         76   dfltui.o
       228          0          0          0          0         96   dmul.o
       162          0          0          0          0        100   dsqrt.o
        38          0          0          0          0         68   f2d.o
       110          0          0          0          0        168   fepilogue.o

    ----------------------------------------------------------------------
      6376        330        232          4          4       3856   Library Totals
        14          0          0          0          4          0   (incl. Padding)

    ----------------------------------------------------------------------

      Code (inc. data)   RO Data    RW Data    ZI Data      Debug   Library Name

      2106        216        232          0          0       1428   m_wm.l
      2702        114          0          4          0       1116   mc_w.l
      1554          0          0          0          0       1312   mf_w.l

    ----------------------------------------------------------------------
      6376        330        232          4          4       3856   Library Totals

    ----------------------------------------------------------------------

==============================================================================


      Code (inc. data)   RO Data    RW Data    ZI Data      Debug   

     11720        806        872          4       3044      44240   Grand Totals
     11720        806        872          4       3044      44240   ELF Image Totals
     11720        806        872          4          0          0   ROM Totals

==============================================================================

    Total RO  Size (Code + RO Data)                12592 (  12.30kB)
    Total RW  Size (RW Data + ZI Data)              3048 (   2.98kB)
    Total ROM Size (Code + RO Data + RW Data)      12596 (  12.30kB)

==============================================================================

